2026/07/22 16:16:20 - __main__ - INFO - 85 - main - Namespace(batch_size=512, decay_step=100, description='Diffu_norm_score', device='cuda', diffusion_steps=32, dropout=0.1, emb_dropout=0.3, epochs=100, eval_interval=5, gamma=0.1, hidden_act='gelu', hidden_size=128, lambda_uncertainty=0.001, log_file='log/', loss_lambda=1, lr=0.001, max_len=8, metric_ks=[5, 10, 20], momentum=None, noise_schedule='trunc_lin', num_blocks=4, num_gpu=1, optimizer='Adam', p=0.3, patience=2, popular_ratio=0.2, random_seed=1997, rescale_timesteps=True, s_dataset='movie', schedule_sampler_name='lossaware', t_dataset='video', w=1.0, weight_decay=0)
2026/07/22 16:16:28 - __main__ - INFO - 218 - trainer - Epoch: 0
2026/07/22 16:16:32 - __main__ - INFO - 218 - trainer - Epoch: 1
2026/07/22 16:16:36 - __main__ - INFO - 218 - trainer - Epoch: 2
2026/07/22 16:16:40 - __main__ - INFO - 218 - trainer - Epoch: 3
2026/07/22 16:16:44 - __main__ - INFO - 218 - trainer - Epoch: 4
2026/07/22 16:16:48 - __main__ - INFO - 218 - trainer - Epoch: 5
2026/07/22 16:16:48 - __main__ - INFO - 223 - trainer - start predicting: 2026-07-22 16:16:48.281904
2026/07/22 16:16:59 - __main__ - INFO - 260 - trainer - {'Best_HR@5': 40.1758, 'Best_NDCG@5': 30.8723, 'Best_HR@10': 51.1133, 'Best_NDCG@10': 34.403, 'Best_HR@20': 64.0234, 'Best_NDCG@20': 37.6423}
2026/07/22 16:16:59 - __main__ - INFO - 261 - trainer - {'Best_epoch_HR@5': 5, 'Best_epoch_NDCG@5': 5, 'Best_epoch_HR@10': 5, 'Best_epoch_NDCG@10': 5, 'Best_epoch_HR@20': 5, 'Best_epoch_NDCG@20': 5}
2026/07/22 16:17:04 - __main__ - INFO - 218 - trainer - Epoch: 6
2026/07/22 16:17:08 - __main__ - INFO - 218 - trainer - Epoch: 7
2026/07/22 16:17:11 - __main__ - INFO - 218 - trainer - Epoch: 8
2026/07/22 16:17:15 - __main__ - INFO - 218 - trainer - Epoch: 9
2026/07/22 16:17:19 - __main__ - INFO - 218 - trainer - Epoch: 10
2026/07/22 16:17:19 - __main__ - INFO - 223 - trainer - start predicting: 2026-07-22 16:17:19.661533
2026/07/22 16:17:30 - __main__ - INFO - 260 - trainer - {'Best_HR@5': 48.1934, 'Best_NDCG@5': 36.8794, 'Best_HR@10': 58.9258, 'Best_NDCG@10': 40.3526, 'Best_HR@20': 69.6777, 'Best_NDCG@20': 43.0709}
2026/07/22 16:17:30 - __main__ - INFO - 261 - trainer - {'Best_epoch_HR@5': 10, 'Best_epoch_NDCG@5': 10, 'Best_epoch_HR@10': 10, 'Best_epoch_NDCG@10': 10, 'Best_epoch_HR@20': 10, 'Best_epoch_NDCG@20': 10}
2026/07/22 16:17:35 - __main__ - INFO - 218 - trainer - Epoch: 11
2026/07/22 16:17:39 - __main__ - INFO - 218 - trainer - Epoch: 12
2026/07/22 16:17:42 - __main__ - INFO - 218 - trainer - Epoch: 13
2026/07/22 16:17:46 - __main__ - INFO - 218 - trainer - Epoch: 14
2026/07/22 16:17:50 - __main__ - INFO - 218 - trainer - Epoch: 15
2026/07/22 16:17:50 - __main__ - INFO - 223 - trainer - start predicting: 2026-07-22 16:17:50.753251
2026/07/22 16:18:02 - __main__ - INFO - 260 - trainer - {'Best_HR@5': 49.2383, 'Best_NDCG@5': 37.3975, 'Best_HR@10': 60.293, 'Best_NDCG@10': 40.979, 'Best_HR@20': 70.4785, 'Best_NDCG@20': 43.563}
2026/07/22 16:18:02 - __main__ - INFO - 261 - trainer - {'Best_epoch_HR@5': 15, 'Best_epoch_NDCG@5': 15, 'Best_epoch_HR@10': 15, 'Best_epoch_NDCG@10': 15, 'Best_epoch_HR@20': 15, 'Best_epoch_NDCG@20': 15}
2026/07/22 16:18:06 - __main__ - INFO - 218 - trainer - Epoch: 16
2026/07/22 16:18:10 - __main__ - INFO - 218 - trainer - Epoch: 17
2026/07/22 16:18:14 - __main__ - INFO - 218 - trainer - Epoch: 18
2026/07/22 16:18:18 - __main__ - INFO - 218 - trainer - Epoch: 19
2026/07/22 16:18:22 - __main__ - INFO - 218 - trainer - Epoch: 20
2026/07/22 16:18:22 - __main__ - INFO - 223 - trainer - start predicting: 2026-07-22 16:18:22.170408
2026/07/22 16:18:37 - __main__ - INFO - 218 - trainer - Epoch: 21
2026/07/22 16:18:41 - __main__ - INFO - 218 - trainer - Epoch: 22
2026/07/22 16:18:44 - __main__ - INFO - 218 - trainer - Epoch: 23
2026/07/22 16:18:48 - __main__ - INFO - 218 - trainer - Epoch: 24
2026/07/22 16:18:52 - __main__ - INFO - 218 - trainer - Epoch: 25
2026/07/22 16:18:52 - __main__ - INFO - 223 - trainer - start predicting: 2026-07-22 16:18:52.838482
2026/07/22 16:19:04 - __main__ - INFO - 270 - trainer - {'Best_HR@5': 49.2383, 'Best_NDCG@5': 37.3975, 'Best_HR@10': 60.293, 'Best_NDCG@10': 40.979, 'Best_HR@20': 70.4785, 'Best_NDCG@20': 43.563}
2026/07/22 16:19:04 - __main__ - INFO - 271 - trainer - {'Best_epoch_HR@5': 15, 'Best_epoch_NDCG@5': 15, 'Best_epoch_HR@10': 15, 'Best_epoch_NDCG@10': 15, 'Best_epoch_HR@20': 15, 'Best_epoch_NDCG@20': 15}
2026/07/22 16:19:11 - __main__ - INFO - 539 - trainer - Test Overall------------------------------------------------------
2026/07/22 16:19:11 - __main__ - INFO - 543 - trainer - {'HR@5': 49.7601, 'NDCG@5': 38.0527, 'HR@10': 60.4395, 'NDCG@10': 41.516, 'HR@20': 70.332, 'NDCG@20': 44.0201}
2026/07/22 16:19:11 - __main__ - INFO - 622 - trainer - Best Eval---------------------------------------------------------
2026/07/22 16:19:11 - __main__ - INFO - 625 - trainer - {'Best_HR@5': 49.2383, 'Best_NDCG@5': 37.3975, 'Best_HR@10': 60.293, 'Best_NDCG@10': 40.979, 'Best_HR@20': 70.4785, 'Best_NDCG@20': 43.563}
2026/07/22 16:19:11 - __main__ - INFO - 626 - trainer - {'Best_epoch_HR@5': 15, 'Best_epoch_NDCG@5': 15, 'Best_epoch_HR@10': 15, 'Best_epoch_NDCG@10': 15, 'Best_epoch_HR@20': 15, 'Best_epoch_NDCG@20': 15}
2026/07/22 16:19:11 - __main__ - INFO - 218 - trainer - Epoch: 0
2026/07/22 16:19:12 - __main__ - INFO - 218 - trainer - Epoch: 1
2026/07/22 16:19:12 - __main__ - INFO - 223 - trainer - start predicting: 2026-07-22 16:19:12.239877
2026/07/22 16:19:13 - __main__ - INFO - 260 - trainer - {'Best_HR@5': 7.2754, 'Best_NDCG@5': 4.176, 'Best_HR@10': 15.0391, 'Best_NDCG@10': 6.6638, 'Best_HR@20': 30.3223, 'Best_NDCG@20': 10.4901}
2026/07/22 16:19:13 - __main__ - INFO - 261 - trainer - {'Best_epoch_HR@5': 1, 'Best_epoch_NDCG@5': 1, 'Best_epoch_HR@10': 1, 'Best_epoch_NDCG@10': 1, 'Best_epoch_HR@20': 1, 'Best_epoch_NDCG@20': 1}
2026/07/22 16:19:14 - __main__ - INFO - 218 - trainer - Epoch: 2
2026/07/22 16:19:14 - __main__ - INFO - 223 - trainer - start predicting: 2026-07-22 16:19:14.350267
2026/07/22 16:19:15 - __main__ - INFO - 260 - trainer - {'Best_HR@5': 13.2324, 'Best_NDCG@5': 8.2956, 'Best_HR@10': 22.6074, 'Best_NDCG@10': 11.2981, 'Best_HR@20': 38.5742, 'Best_NDCG@20': 15.2853}
2026/07/22 16:19:15 - __main__ - INFO - 261 - trainer - {'Best_epoch_HR@5': 2, 'Best_epoch_NDCG@5': 2, 'Best_epoch_HR@10': 2, 'Best_epoch_NDCG@10': 2, 'Best_epoch_HR@20': 2, 'Best_epoch_NDCG@20': 2}
2026/07/22 16:19:16 - __main__ - INFO - 218 - trainer - Epoch: 3
2026/07/22 16:19:16 - __main__ - INFO - 223 - trainer - start predicting: 2026-07-22 16:19:16.456436
2026/07/22 16:19:18 - __main__ - INFO - 260 - trainer - {'Best_HR@5': 19.5312, 'Best_NDCG@5': 12.5822, 'Best_HR@10': 30.8105, 'Best_NDCG@10': 16.2076, 'Best_HR@20': 46.582, 'Best_NDCG@20': 20.1757}
2026/07/22 16:19:18 - __main__ - INFO - 261 - trainer - {'Best_epoch_HR@5': 3, 'Best_epoch_NDCG@5': 3, 'Best_epoch_HR@10': 3, 'Best_epoch_NDCG@10': 3, 'Best_epoch_HR@20': 3, 'Best_epoch_NDCG@20': 3}
2026/07/22 16:19:18 - __main__ - INFO - 218 - trainer - Epoch: 4
2026/07/22 16:19:18 - __main__ - INFO - 223 - trainer - start predicting: 2026-07-22 16:19:18.589278
2026/07/22 16:19:20 - __main__ - INFO - 260 - trainer - {'Best_HR@5': 25.1953, 'Best_NDCG@5': 17.0094, 'Best_HR@10': 35.7422, 'Best_NDCG@10': 20.3914, 'Best_HR@20': 50.5859, 'Best_NDCG@20': 24.1347}
2026/07/22 16:19:20 - __main__ - INFO - 261 - trainer - {'Best_epoch_HR@5': 4, 'Best_epoch_NDCG@5': 4, 'Best_epoch_HR@10': 4, 'Best_epoch_NDCG@10': 4, 'Best_epoch_HR@20': 4, 'Best_epoch_NDCG@20': 4}
2026/07/22 16:19:20 - __main__ - INFO - 218 - trainer - Epoch: 5
2026/07/22 16:19:20 - __main__ - INFO - 223 - trainer - start predicting: 2026-07-22 16:19:20.725927
2026/07/22 16:19:22 - __main__ - INFO - 260 - trainer - {'Best_HR@5': 28.0273, 'Best_NDCG@5': 19.5612, 'Best_HR@10': 38.5742, 'Best_NDCG@10': 22.9493, 'Best_HR@20': 53.8086, 'Best_NDCG@20': 26.7636}
2026/07/22 16:19:22 - __main__ - INFO - 261 - trainer - {'Best_epoch_HR@5': 5, 'Best_epoch_NDCG@5': 5, 'Best_epoch_HR@10': 5, 'Best_epoch_NDCG@10': 5, 'Best_epoch_HR@20': 5, 'Best_epoch_NDCG@20': 5}
2026/07/22 16:19:22 - __main__ - INFO - 218 - trainer - Epoch: 6
2026/07/22 16:19:22 - __main__ - INFO - 223 - trainer - start predicting: 2026-07-22 16:19:22.862740
2026/07/22 16:19:24 - __main__ - INFO - 260 - trainer - {'Best_HR@5': 31.1523, 'Best_NDCG@5': 21.9714, 'Best_HR@10': 40.6738, 'Best_NDCG@10': 25.0272, 'Best_HR@20': 55.7617, 'Best_NDCG@20': 28.8197}
2026/07/22 16:19:24 - __main__ - INFO - 261 - trainer - {'Best_epoch_HR@5': 6, 'Best_epoch_NDCG@5': 6, 'Best_epoch_HR@10': 6, 'Best_epoch_NDCG@10': 6, 'Best_epoch_HR@20': 6, 'Best_epoch_NDCG@20': 6}
2026/07/22 16:19:25 - __main__ - INFO - 218 - trainer - Epoch: 7
2026/07/22 16:19:25 - __main__ - INFO - 223 - trainer - start predicting: 2026-07-22 16:19:25.042769
2026/07/22 16:19:26 - __main__ - INFO - 260 - trainer - {'Best_HR@5': 32.8125, 'Best_NDCG@5': 23.8209, 'Best_HR@10': 42.1875, 'Best_NDCG@10': 26.8218, 'Best_HR@20': 57.1777, 'Best_NDCG@20': 30.5856}
2026/07/22 16:19:26 - __main__ - INFO - 261 - trainer - {'Best_epoch_HR@5': 7, 'Best_epoch_NDCG@5': 7, 'Best_epoch_HR@10': 7, 'Best_epoch_NDCG@10': 7, 'Best_epoch_HR@20': 7, 'Best_epoch_NDCG@20': 7}
2026/07/22 16:19:27 - __main__ - INFO - 218 - trainer - Epoch: 8
2026/07/22 16:19:27 - __main__ - INFO - 223 - trainer - start predicting: 2026-07-22 16:19:27.163112
2026/07/22 16:19:28 - __main__ - INFO - 260 - trainer - {'Best_HR@5': 33.3984, 'Best_NDCG@5': 25.2609, 'Best_HR@10': 43.8965, 'Best_NDCG@10': 28.6417, 'Best_HR@20': 57.5684, 'Best_NDCG@20': 32.0997}
2026/07/22 16:19:28 - __main__ - INFO - 261 - trainer - {'Best_epoch_HR@5': 8, 'Best_epoch_NDCG@5': 8, 'Best_epoch_HR@10': 8, 'Best_epoch_NDCG@10': 8, 'Best_epoch_HR@20': 8, 'Best_epoch_NDCG@20': 8}
2026/07/22 16:19:29 - __main__ - INFO - 218 - trainer - Epoch: 9
2026/07/22 16:19:29 - __main__ - INFO - 223 - trainer - start predicting: 2026-07-22 16:19:29.301680
2026/07/22 16:19:30 - __main__ - INFO - 260 - trainer - {'Best_HR@5': 34.6191, 'Best_NDCG@5': 26.0073, 'Best_HR@10': 44.8242, 'Best_NDCG@10': 29.3276, 'Best_HR@20': 58.1055, 'Best_NDCG@20': 32.6853}
2026/07/22 16:19:30 - __main__ - INFO - 261 - trainer - {'Best_epoch_HR@5': 9, 'Best_epoch_NDCG@5': 9, 'Best_epoch_HR@10': 9, 'Best_epoch_NDCG@10': 9, 'Best_epoch_HR@20': 9, 'Best_epoch_NDCG@20': 9}
2026/07/22 16:19:31 - __main__ - INFO - 218 - trainer - Epoch: 10
2026/07/22 16:19:31 - __main__ - INFO - 223 - trainer - start predicting: 2026-07-22 16:19:31.397569
2026/07/22 16:19:33 - __main__ - INFO - 260 - trainer - {'Best_HR@5': 35.5469, 'Best_NDCG@5': 26.6057, 'Best_HR@10': 46.1914, 'Best_NDCG@10': 30.035, 'Best_HR@20': 58.8867, 'Best_NDCG@20': 33.2284}
2026/07/22 16:19:33 - __main__ - INFO - 261 - trainer - {'Best_epoch_HR@5': 10, 'Best_epoch_NDCG@5': 10, 'Best_epoch_HR@10': 10, 'Best_epoch_NDCG@10': 10, 'Best_epoch_HR@20': 10, 'Best_epoch_NDCG@20': 10}
2026/07/22 16:19:33 - __main__ - INFO - 218 - trainer - Epoch: 11
2026/07/22 16:19:33 - __main__ - INFO - 223 - trainer - start predicting: 2026-07-22 16:19:33.578655
2026/07/22 16:19:35 - __main__ - INFO - 260 - trainer - {'Best_HR@5': 36.377, 'Best_NDCG@5': 27.0589, 'Best_HR@10': 47.2656, 'Best_NDCG@10': 30.5711, 'Best_HR@20': 59.8633, 'Best_NDCG@20': 33.7329}
2026/07/22 16:19:35 - __main__ - INFO - 261 - trainer - {'Best_epoch_HR@5': 11, 'Best_epoch_NDCG@5': 11, 'Best_epoch_HR@10': 11, 'Best_epoch_NDCG@10': 11, 'Best_epoch_HR@20': 11, 'Best_epoch_NDCG@20': 11}
2026/07/22 16:19:35 - __main__ - INFO - 218 - trainer - Epoch: 12
2026/07/22 16:19:35 - __main__ - INFO - 223 - trainer - start predicting: 2026-07-22 16:19:35.885619
2026/07/22 16:19:37 - __main__ - INFO - 260 - trainer - {'Best_HR@5': 36.5723, 'Best_NDCG@5': 27.3223, 'Best_HR@10': 47.9004, 'Best_NDCG@10': 30.9779, 'Best_HR@20': 59.8633, 'Best_NDCG@20': 33.9912}
2026/07/22 16:19:37 - __main__ - INFO - 261 - trainer - {'Best_epoch_HR@5': 12, 'Best_epoch_NDCG@5': 12, 'Best_epoch_HR@10': 12, 'Best_epoch_NDCG@10': 12, 'Best_epoch_HR@20': 11, 'Best_epoch_NDCG@20': 12}
2026/07/22 16:19:38 - __main__ - INFO - 218 - trainer - Epoch: 13
2026/07/22 16:19:38 - __main__ - INFO - 223 - trainer - start predicting: 2026-07-22 16:19:38.015301
2026/07/22 16:19:39 - __main__ - INFO - 260 - trainer - {'Best_HR@5': 36.9141, 'Best_NDCG@5': 27.547, 'Best_HR@10': 47.9004, 'Best_NDCG@10': 31.0446, 'Best_HR@20': 59.8633, 'Best_NDCG@20': 34.0539}
2026/07/22 16:19:39 - __main__ - INFO - 261 - trainer - {'Best_epoch_HR@5': 13, 'Best_epoch_NDCG@5': 13, 'Best_epoch_HR@10': 12, 'Best_epoch_NDCG@10': 13, 'Best_epoch_HR@20': 11, 'Best_epoch_NDCG@20': 13}
2026/07/22 16:19:40 - __main__ - INFO - 218 - trainer - Epoch: 14
2026/07/22 16:19:40 - __main__ - INFO - 223 - trainer - start predicting: 2026-07-22 16:19:40.113782
2026/07/22 16:19:41 - __main__ - INFO - 260 - trainer - {'Best_HR@5': 37.793, 'Best_NDCG@5': 27.6484, 'Best_HR@10': 47.9004, 'Best_NDCG@10': 31.0446, 'Best_HR@20': 59.8633, 'Best_NDCG@20': 34.0539}
2026/07/22 16:19:41 - __main__ - INFO - 261 - trainer - {'Best_epoch_HR@5': 14, 'Best_epoch_NDCG@5': 14, 'Best_epoch_HR@10': 12, 'Best_epoch_NDCG@10': 13, 'Best_epoch_HR@20': 11, 'Best_epoch_NDCG@20': 13}
2026/07/22 16:19:42 - __main__ - INFO - 218 - trainer - Epoch: 15
2026/07/22 16:19:42 - __main__ - INFO - 223 - trainer - start predicting: 2026-07-22 16:19:42.198288
2026/07/22 16:19:43 - __main__ - INFO - 260 - trainer - {'Best_HR@5': 37.793, 'Best_NDCG@5': 28.1745, 'Best_HR@10': 47.9004, 'Best_NDCG@10': 31.4953, 'Best_HR@20': 60.6445, 'Best_NDCG@20': 34.6965}
2026/07/22 16:19:43 - __main__ - INFO - 261 - trainer - {'Best_epoch_HR@5': 14, 'Best_epoch_NDCG@5': 15, 'Best_epoch_HR@10': 12, 'Best_epoch_NDCG@10': 15, 'Best_epoch_HR@20': 15, 'Best_epoch_NDCG@20': 15}
2026/07/22 16:19:44 - __main__ - INFO - 218 - trainer - Epoch: 16
2026/07/22 16:19:44 - __main__ - INFO - 223 - trainer - start predicting: 2026-07-22 16:19:44.268837
2026/07/22 16:19:45 - __main__ - INFO - 260 - trainer - {'Best_HR@5': 37.9395, 'Best_NDCG@5': 28.1745, 'Best_HR@10': 48.0469, 'Best_NDCG@10': 31.4953, 'Best_HR@20': 60.6445, 'Best_NDCG@20': 34.6965}
2026/07/22 16:19:45 - __main__ - INFO - 261 - trainer - {'Best_epoch_HR@5': 16, 'Best_epoch_NDCG@5': 15, 'Best_epoch_HR@10': 16, 'Best_epoch_NDCG@10': 15, 'Best_epoch_HR@20': 15, 'Best_epoch_NDCG@20': 15}
2026/07/22 16:19:46 - __main__ - INFO - 218 - trainer - Epoch: 17
2026/07/22 16:19:46 - __main__ - INFO - 223 - trainer - start predicting: 2026-07-22 16:19:46.375322
2026/07/22 16:19:47 - __main__ - INFO - 260 - trainer - {'Best_HR@5': 37.9395, 'Best_NDCG@5': 28.2068, 'Best_HR@10': 48.0469, 'Best_NDCG@10': 31.555, 'Best_HR@20': 60.6445, 'Best_NDCG@20': 34.6965}
2026/07/22 16:19:47 - __main__ - INFO - 261 - trainer - {'Best_epoch_HR@5': 16, 'Best_epoch_NDCG@5': 17, 'Best_epoch_HR@10': 16, 'Best_epoch_NDCG@10': 17, 'Best_epoch_HR@20': 15, 'Best_epoch_NDCG@20': 15}
2026/07/22 16:19:48 - __main__ - INFO - 218 - trainer - Epoch: 18
2026/07/22 16:19:48 - __main__ - INFO - 223 - trainer - start predicting: 2026-07-22 16:19:48.480169
2026/07/22 16:19:50 - __main__ - INFO - 260 - trainer - {'Best_HR@5': 38.0371, 'Best_NDCG@5': 28.2068, 'Best_HR@10': 48.877, 'Best_NDCG@10': 31.6159, 'Best_HR@20': 60.6445, 'Best_NDCG@20': 34.6965}
2026/07/22 16:19:50 - __main__ - INFO - 261 - trainer - {'Best_epoch_HR@5': 18, 'Best_epoch_NDCG@5': 17, 'Best_epoch_HR@10': 18, 'Best_epoch_NDCG@10': 18, 'Best_epoch_HR@20': 15, 'Best_epoch_NDCG@20': 15}
2026/07/22 16:19:50 - __main__ - INFO - 218 - trainer - Epoch: 19
2026/07/22 16:19:50 - __main__ - INFO - 223 - trainer - start predicting: 2026-07-22 16:19:50.618106
2026/07/22 16:19:52 - __main__ - INFO - 260 - trainer - {'Best_HR@5': 38.2812, 'Best_NDCG@5': 28.2068, 'Best_HR@10': 48.877, 'Best_NDCG@10': 31.6159, 'Best_HR@20': 60.6445, 'Best_NDCG@20': 34.6965}
2026/07/22 16:19:52 - __main__ - INFO - 261 - trainer - {'Best_epoch_HR@5': 19, 'Best_epoch_NDCG@5': 17, 'Best_epoch_HR@10': 18, 'Best_epoch_NDCG@10': 18, 'Best_epoch_HR@20': 15, 'Best_epoch_NDCG@20': 15}
2026/07/22 16:19:52 - __main__ - INFO - 218 - trainer - Epoch: 20
2026/07/22 16:19:52 - __main__ - INFO - 223 - trainer - start predicting: 2026-07-22 16:19:52.808179
2026/07/22 16:19:54 - __main__ - INFO - 218 - trainer - Epoch: 21
2026/07/22 16:19:54 - __main__ - INFO - 223 - trainer - start predicting: 2026-07-22 16:19:54.983951
2026/07/22 16:19:57 - __main__ - INFO - 218 - trainer - Epoch: 22
2026/07/22 16:19:57 - __main__ - INFO - 223 - trainer - start predicting: 2026-07-22 16:19:57.095151
2026/07/22 16:19:59 - __main__ - INFO - 218 - trainer - Epoch: 23
2026/07/22 16:19:59 - __main__ - INFO - 223 - trainer - start predicting: 2026-07-22 16:19:59.196685
2026/07/22 16:20:01 - __main__ - INFO - 218 - trainer - Epoch: 24
2026/07/22 16:20:01 - __main__ - INFO - 223 - trainer - start predicting: 2026-07-22 16:20:01.347640
2026/07/22 16:20:02 - __main__ - INFO - 270 - trainer - {'Best_HR@5': 38.2812, 'Best_NDCG@5': 28.2068, 'Best_HR@10': 48.877, 'Best_NDCG@10': 31.6159, 'Best_HR@20': 60.6445, 'Best_NDCG@20': 34.6965}
2026/07/22 16:20:02 - __main__ - INFO - 271 - trainer - {'Best_epoch_HR@5': 19, 'Best_epoch_NDCG@5': 17, 'Best_epoch_HR@10': 18, 'Best_epoch_NDCG@10': 18, 'Best_epoch_HR@20': 15, 'Best_epoch_NDCG@20': 15}
2026/07/22 16:20:02 - __main__ - INFO - 328 - trainer - Popularity Definition------------------------------------------------
2026/07/22 16:20:02 - __main__ - INFO - 332 - trainer - {'popular_ratio': 0.2, 'observed_train_items': 21856, 'popular_items': 4372, 'unpopular_or_unseen_items': 17484}
2026/07/22 16:20:04 - __main__ - INFO - 539 - trainer - Test Overall------------------------------------------------------
2026/07/22 16:20:04 - __main__ - INFO - 543 - trainer - {'HR@5': 39.0078, 'NDCG@5': 28.5276, 'HR@10': 50.1946, 'NDCG@10': 32.163, 'HR@20': 61.5272, 'NDCG@20': 35.0298}
2026/07/22 16:20:04 - __main__ - INFO - 598 - trainer - Test Group Size---------------------------------------------------
2026/07/22 16:20:04 - __main__ - INFO - 602 - trainer - {'Overall_test_samples': 2056, 'Popular_test_samples': 1372, 'Unpopular_test_samples': 684}
2026/07/22 16:20:04 - __main__ - INFO - 604 - trainer - Test Popular Ground Truth------------------------------------------
2026/07/22 16:20:04 - __main__ - INFO - 608 - trainer - {'HR@5': 56.6327, 'NDCG@5': 41.8468, 'HR@10': 71.0641, 'NDCG@10': 46.5497, 'HR@20': 83.3819, 'NDCG@20': 49.6792}
2026/07/22 16:20:04 - __main__ - INFO - 610 - trainer - Test Unpopular Ground Truth----------------------------------------
2026/07/22 16:20:04 - __main__ - INFO - 614 - trainer - {'HR@5': 3.655, 'NDCG@5': 1.8114, 'HR@10': 8.3333, 'NDCG@10': 3.3053, 'HR@20': 17.6901, 'NDCG@20': 5.6452}
2026/07/22 16:20:04 - __main__ - INFO - 616 - trainer - Recommendation Popularity------------------------------------------
2026/07/22 16:20:04 - __main__ - INFO - 620 - trainer - {'PopularRatio@5': 88.5895, 'PopularRatio@10': 75.8171, 'PopularRatio@20': 57.427}
2026/07/22 16:20:04 - __main__ - INFO - 622 - trainer - Best Eval---------------------------------------------------------
2026/07/22 16:20:04 - __main__ - INFO - 625 - trainer - {'Best_HR@5': 38.2812, 'Best_NDCG@5': 28.2068, 'Best_HR@10': 48.877, 'Best_NDCG@10': 31.6159, 'Best_HR@20': 60.6445, 'Best_NDCG@20': 34.6965}
2026/07/22 16:20:04 - __main__ - INFO - 626 - trainer - {'Best_epoch_HR@5': 19, 'Best_epoch_NDCG@5': 17, 'Best_epoch_HR@10': 18, 'Best_epoch_NDCG@10': 18, 'Best_epoch_HR@20': 15, 'Best_epoch_NDCG@20': 15}
2026/07/22 16:20:04 - __main__ - INFO - 171 - main - Target model saved at: ./saved_model/movie_video/target_model.pth
