2026/07/23 14:42:20 - __main__ - INFO - 87 - main - Namespace(batch_size=512, decay_step=100, description='Diffu_norm_score', device='cuda', diffusion_steps=32, dropout=0.1, emb_dropout=0.3, epochs=100, eval_interval=5, gamma=0.1, hidden_act='gelu', hidden_size=128, lambda_uncertainty=0.001, log_file='log/', loss_lambda=1, lr=0.001, max_len=8, metric_ks=[5, 10, 20], momentum=None, noise_schedule='trunc_lin', num_blocks=4, num_gpu=1, optimizer='Adam', p=0.3, patience=2, popular_ratio=0.2, random_seed=1997, rescale_timesteps=True, s_dataset='movie', schedule_sampler_name='lossaware', t_dataset='video', tail_batch_ratio=0.5, use_tail_sampling=True, w=1.0, weight_decay=0)
2026/07/23 14:42:28 - __main__ - INFO - 560 - trainer - Epoch: 0
2026/07/23 14:42:32 - __main__ - INFO - 560 - trainer - Epoch: 1
2026/07/23 14:42:36 - __main__ - INFO - 560 - trainer - Epoch: 2
2026/07/23 14:42:40 - __main__ - INFO - 560 - trainer - Epoch: 3
2026/07/23 14:42:44 - __main__ - INFO - 560 - trainer - Epoch: 4
2026/07/23 14:42:48 - __main__ - INFO - 560 - trainer - Epoch: 5
2026/07/23 14:42:48 - __main__ - INFO - 565 - trainer - start predicting: 2026-07-23 14:42:48.003525
2026/07/23 14:42:59 - __main__ - INFO - 602 - trainer - {'Best_HR@5': 40.1758, 'Best_NDCG@5': 30.8723, 'Best_HR@10': 51.1133, 'Best_NDCG@10': 34.403, 'Best_HR@20': 64.0234, 'Best_NDCG@20': 37.6423}
2026/07/23 14:42:59 - __main__ - INFO - 603 - trainer - {'Best_epoch_HR@5': 5, 'Best_epoch_NDCG@5': 5, 'Best_epoch_HR@10': 5, 'Best_epoch_NDCG@10': 5, 'Best_epoch_HR@20': 5, 'Best_epoch_NDCG@20': 5}
2026/07/23 14:43:03 - __main__ - INFO - 560 - trainer - Epoch: 6
2026/07/23 14:43:07 - __main__ - INFO - 560 - trainer - Epoch: 7
2026/07/23 14:43:11 - __main__ - INFO - 560 - trainer - Epoch: 8
2026/07/23 14:43:15 - __main__ - INFO - 560 - trainer - Epoch: 9
2026/07/23 14:43:19 - __main__ - INFO - 560 - trainer - Epoch: 10
2026/07/23 14:43:19 - __main__ - INFO - 565 - trainer - start predicting: 2026-07-23 14:43:19.122951
2026/07/23 14:43:30 - __main__ - INFO - 602 - trainer - {'Best_HR@5': 48.1934, 'Best_NDCG@5': 36.8794, 'Best_HR@10': 58.9258, 'Best_NDCG@10': 40.3526, 'Best_HR@20': 69.6777, 'Best_NDCG@20': 43.0709}
2026/07/23 14:43:30 - __main__ - INFO - 603 - trainer - {'Best_epoch_HR@5': 10, 'Best_epoch_NDCG@5': 10, 'Best_epoch_HR@10': 10, 'Best_epoch_NDCG@10': 10, 'Best_epoch_HR@20': 10, 'Best_epoch_NDCG@20': 10}
2026/07/23 14:43:34 - __main__ - INFO - 560 - trainer - Epoch: 11
2026/07/23 14:43:38 - __main__ - INFO - 560 - trainer - Epoch: 12
2026/07/23 14:43:42 - __main__ - INFO - 560 - trainer - Epoch: 13
2026/07/23 14:43:46 - __main__ - INFO - 560 - trainer - Epoch: 14
2026/07/23 14:43:50 - __main__ - INFO - 560 - trainer - Epoch: 15
2026/07/23 14:43:50 - __main__ - INFO - 565 - trainer - start predicting: 2026-07-23 14:43:50.406818
2026/07/23 14:44:01 - __main__ - INFO - 602 - trainer - {'Best_HR@5': 49.2383, 'Best_NDCG@5': 37.3975, 'Best_HR@10': 60.293, 'Best_NDCG@10': 40.979, 'Best_HR@20': 70.4785, 'Best_NDCG@20': 43.563}
2026/07/23 14:44:01 - __main__ - INFO - 603 - trainer - {'Best_epoch_HR@5': 15, 'Best_epoch_NDCG@5': 15, 'Best_epoch_HR@10': 15, 'Best_epoch_NDCG@10': 15, 'Best_epoch_HR@20': 15, 'Best_epoch_NDCG@20': 15}
2026/07/23 14:44:06 - __main__ - INFO - 560 - trainer - Epoch: 16
2026/07/23 14:44:09 - __main__ - INFO - 560 - trainer - Epoch: 17
2026/07/23 14:44:14 - __main__ - INFO - 560 - trainer - Epoch: 18
2026/07/23 14:44:17 - __main__ - INFO - 560 - trainer - Epoch: 19
2026/07/23 14:44:21 - __main__ - INFO - 560 - trainer - Epoch: 20
2026/07/23 14:44:21 - __main__ - INFO - 565 - trainer - start predicting: 2026-07-23 14:44:21.913020
2026/07/23 14:44:37 - __main__ - INFO - 560 - trainer - Epoch: 21
2026/07/23 14:44:40 - __main__ - INFO - 560 - trainer - Epoch: 22
2026/07/23 14:44:44 - __main__ - INFO - 560 - trainer - Epoch: 23
2026/07/23 14:44:48 - __main__ - INFO - 560 - trainer - Epoch: 24
2026/07/23 14:44:52 - __main__ - INFO - 560 - trainer - Epoch: 25
2026/07/23 14:44:52 - __main__ - INFO - 565 - trainer - start predicting: 2026-07-23 14:44:52.500607
2026/07/23 14:45:04 - __main__ - INFO - 612 - trainer - {'Best_HR@5': 49.2383, 'Best_NDCG@5': 37.3975, 'Best_HR@10': 60.293, 'Best_NDCG@10': 40.979, 'Best_HR@20': 70.4785, 'Best_NDCG@20': 43.563}
2026/07/23 14:45:04 - __main__ - INFO - 613 - trainer - {'Best_epoch_HR@5': 15, 'Best_epoch_NDCG@5': 15, 'Best_epoch_HR@10': 15, 'Best_epoch_NDCG@10': 15, 'Best_epoch_HR@20': 15, 'Best_epoch_NDCG@20': 15}
2026/07/23 14:45:10 - __main__ - INFO - 957 - trainer - Test Overall------------------------------------------------------
2026/07/23 14:45:10 - __main__ - INFO - 961 - trainer - {'HR@5': 49.7601, 'NDCG@5': 38.0527, 'HR@10': 60.4395, 'NDCG@10': 41.516, 'HR@20': 70.332, 'NDCG@20': 44.0201}
2026/07/23 14:45:10 - __main__ - INFO - 1077 - trainer - Best Eval---------------------------------------------------------
2026/07/23 14:45:10 - __main__ - INFO - 1080 - trainer - {'Best_HR@5': 49.2383, 'Best_NDCG@5': 37.3975, 'Best_HR@10': 60.293, 'Best_NDCG@10': 40.979, 'Best_HR@20': 70.4785, 'Best_NDCG@20': 43.563}
2026/07/23 14:45:10 - __main__ - INFO - 1081 - trainer - {'Best_epoch_HR@5': 15, 'Best_epoch_NDCG@5': 15, 'Best_epoch_HR@10': 15, 'Best_epoch_NDCG@10': 15, 'Best_epoch_HR@20': 15, 'Best_epoch_NDCG@20': 15}
2026/07/23 14:45:11 - __main__ - INFO - 428 - trainer - Training Target Distribution-----------------------------------------
2026/07/23 14:45:11 - __main__ - INFO - 432 - trainer - {'training_samples': 16438, 'popular_items': 4372, 'unpopular_seen_items': 17484, 'popular_target_samples': 11526, 'unpopular_seen_target_samples': 4912, 'original_popular_target_ratio': 0.7012, 'original_unpopular_seen_target_ratio': 0.2988, 'use_tail_sampling': True, 'requested_tail_batch_ratio': 0.5}
2026/07/23 14:45:11 - __main__ - INFO - 497 - trainer - Controlled Batch Sampling-----------------------------------------
2026/07/23 14:45:11 - __main__ - INFO - 501 - trainer - {'original_tail_target_ratio': 0.2988, 'new_tail_batch_ratio': 0.5, 'original_popular_target_ratio': 0.7012, 'new_popular_batch_ratio': 0.5}
2026/07/23 14:45:11 - __main__ - INFO - 560 - trainer - Epoch: 0
2026/07/23 14:45:12 - __main__ - INFO - 560 - trainer - Epoch: 1
2026/07/23 14:45:12 - __main__ - INFO - 565 - trainer - start predicting: 2026-07-23 14:45:12.198729
2026/07/23 14:45:13 - __main__ - INFO - 602 - trainer - {'Best_HR@5': 6.5918, 'Best_NDCG@5': 3.5049, 'Best_HR@10': 14.0137, 'Best_NDCG@10': 5.8906, 'Best_HR@20': 26.416, 'Best_NDCG@20': 9.0128}
2026/07/23 14:45:13 - __main__ - INFO - 603 - trainer - {'Best_epoch_HR@5': 1, 'Best_epoch_NDCG@5': 1, 'Best_epoch_HR@10': 1, 'Best_epoch_NDCG@10': 1, 'Best_epoch_HR@20': 1, 'Best_epoch_NDCG@20': 1}
2026/07/23 14:45:14 - __main__ - INFO - 560 - trainer - Epoch: 2
2026/07/23 14:45:14 - __main__ - INFO - 565 - trainer - start predicting: 2026-07-23 14:45:14.357879
2026/07/23 14:45:15 - __main__ - INFO - 602 - trainer - {'Best_HR@5': 9.7168, 'Best_NDCG@5': 5.6916, 'Best_HR@10': 18.6035, 'Best_NDCG@10': 8.537, 'Best_HR@20': 34.8633, 'Best_NDCG@20': 12.6119}
2026/07/23 14:45:15 - __main__ - INFO - 603 - trainer - {'Best_epoch_HR@5': 2, 'Best_epoch_NDCG@5': 2, 'Best_epoch_HR@10': 2, 'Best_epoch_NDCG@10': 2, 'Best_epoch_HR@20': 2, 'Best_epoch_NDCG@20': 2}
2026/07/23 14:45:16 - __main__ - INFO - 560 - trainer - Epoch: 3
2026/07/23 14:45:16 - __main__ - INFO - 565 - trainer - start predicting: 2026-07-23 14:45:16.514148
2026/07/23 14:45:18 - __main__ - INFO - 602 - trainer - {'Best_HR@5': 14.3066, 'Best_NDCG@5': 8.9257, 'Best_HR@10': 25.0488, 'Best_NDCG@10': 12.3674, 'Best_HR@20': 41.8457, 'Best_NDCG@20': 16.5777}
2026/07/23 14:45:18 - __main__ - INFO - 603 - trainer - {'Best_epoch_HR@5': 3, 'Best_epoch_NDCG@5': 3, 'Best_epoch_HR@10': 3, 'Best_epoch_NDCG@10': 3, 'Best_epoch_HR@20': 3, 'Best_epoch_NDCG@20': 3}
2026/07/23 14:45:18 - __main__ - INFO - 560 - trainer - Epoch: 4
2026/07/23 14:45:18 - __main__ - INFO - 565 - trainer - start predicting: 2026-07-23 14:45:18.678252
2026/07/23 14:45:20 - __main__ - INFO - 602 - trainer - {'Best_HR@5': 17.2363, 'Best_NDCG@5': 11.1681, 'Best_HR@10': 29.9316, 'Best_NDCG@10': 15.2028, 'Best_HR@20': 47.2168, 'Best_NDCG@20': 19.5546}
2026/07/23 14:45:20 - __main__ - INFO - 603 - trainer - {'Best_epoch_HR@5': 4, 'Best_epoch_NDCG@5': 4, 'Best_epoch_HR@10': 4, 'Best_epoch_NDCG@10': 4, 'Best_epoch_HR@20': 4, 'Best_epoch_NDCG@20': 4}
2026/07/23 14:45:20 - __main__ - INFO - 560 - trainer - Epoch: 5
2026/07/23 14:45:20 - __main__ - INFO - 565 - trainer - start predicting: 2026-07-23 14:45:20.822080
2026/07/23 14:45:22 - __main__ - INFO - 602 - trainer - {'Best_HR@5': 20.9961, 'Best_NDCG@5': 14.0529, 'Best_HR@10': 33.4473, 'Best_NDCG@10': 18.047, 'Best_HR@20': 49.8047, 'Best_NDCG@20': 22.1518}
2026/07/23 14:45:22 - __main__ - INFO - 603 - trainer - {'Best_epoch_HR@5': 5, 'Best_epoch_NDCG@5': 5, 'Best_epoch_HR@10': 5, 'Best_epoch_NDCG@10': 5, 'Best_epoch_HR@20': 5, 'Best_epoch_NDCG@20': 5}
2026/07/23 14:45:22 - __main__ - INFO - 560 - trainer - Epoch: 6
2026/07/23 14:45:22 - __main__ - INFO - 565 - trainer - start predicting: 2026-07-23 14:45:22.979967
2026/07/23 14:45:24 - __main__ - INFO - 602 - trainer - {'Best_HR@5': 22.998, 'Best_NDCG@5': 15.7568, 'Best_HR@10': 35.1562, 'Best_NDCG@10': 19.6641, 'Best_HR@20': 51.8555, 'Best_NDCG@20': 23.8614}
2026/07/23 14:45:24 - __main__ - INFO - 603 - trainer - {'Best_epoch_HR@5': 6, 'Best_epoch_NDCG@5': 6, 'Best_epoch_HR@10': 6, 'Best_epoch_NDCG@10': 6, 'Best_epoch_HR@20': 6, 'Best_epoch_NDCG@20': 6}
2026/07/23 14:45:25 - __main__ - INFO - 560 - trainer - Epoch: 7
2026/07/23 14:45:25 - __main__ - INFO - 565 - trainer - start predicting: 2026-07-23 14:45:25.146961
2026/07/23 14:45:26 - __main__ - INFO - 602 - trainer - {'Best_HR@5': 26.5137, 'Best_NDCG@5': 18.4856, 'Best_HR@10': 36.4258, 'Best_NDCG@10': 21.6495, 'Best_HR@20': 52.832, 'Best_NDCG@20': 25.7657}
2026/07/23 14:45:26 - __main__ - INFO - 603 - trainer - {'Best_epoch_HR@5': 7, 'Best_epoch_NDCG@5': 7, 'Best_epoch_HR@10': 7, 'Best_epoch_NDCG@10': 7, 'Best_epoch_HR@20': 7, 'Best_epoch_NDCG@20': 7}
2026/07/23 14:45:27 - __main__ - INFO - 560 - trainer - Epoch: 8
2026/07/23 14:45:27 - __main__ - INFO - 565 - trainer - start predicting: 2026-07-23 14:45:27.292613
2026/07/23 14:45:28 - __main__ - INFO - 602 - trainer - {'Best_HR@5': 28.0762, 'Best_NDCG@5': 20.2882, 'Best_HR@10': 37.6465, 'Best_NDCG@10': 23.3445, 'Best_HR@20': 54.2969, 'Best_NDCG@20': 27.5063}
2026/07/23 14:45:28 - __main__ - INFO - 603 - trainer - {'Best_epoch_HR@5': 8, 'Best_epoch_NDCG@5': 8, 'Best_epoch_HR@10': 8, 'Best_epoch_NDCG@10': 8, 'Best_epoch_HR@20': 8, 'Best_epoch_NDCG@20': 8}
2026/07/23 14:45:29 - __main__ - INFO - 560 - trainer - Epoch: 9
2026/07/23 14:45:29 - __main__ - INFO - 565 - trainer - start predicting: 2026-07-23 14:45:29.490967
2026/07/23 14:45:31 - __main__ - INFO - 602 - trainer - {'Best_HR@5': 28.418, 'Best_NDCG@5': 20.9672, 'Best_HR@10': 38.1836, 'Best_NDCG@10': 24.1017, 'Best_HR@20': 55.0781, 'Best_NDCG@20': 28.3191}
2026/07/23 14:45:31 - __main__ - INFO - 603 - trainer - {'Best_epoch_HR@5': 9, 'Best_epoch_NDCG@5': 9, 'Best_epoch_HR@10': 9, 'Best_epoch_NDCG@10': 9, 'Best_epoch_HR@20': 9, 'Best_epoch_NDCG@20': 9}
2026/07/23 14:45:31 - __main__ - INFO - 560 - trainer - Epoch: 10
2026/07/23 14:45:31 - __main__ - INFO - 565 - trainer - start predicting: 2026-07-23 14:45:31.629185
2026/07/23 14:45:33 - __main__ - INFO - 602 - trainer - {'Best_HR@5': 30.0781, 'Best_NDCG@5': 22.1639, 'Best_HR@10': 40.0391, 'Best_NDCG@10': 25.3617, 'Best_HR@20': 55.6641, 'Best_NDCG@20': 29.2567}
2026/07/23 14:45:33 - __main__ - INFO - 603 - trainer - {'Best_epoch_HR@5': 10, 'Best_epoch_NDCG@5': 10, 'Best_epoch_HR@10': 10, 'Best_epoch_NDCG@10': 10, 'Best_epoch_HR@20': 10, 'Best_epoch_NDCG@20': 10}
2026/07/23 14:45:33 - __main__ - INFO - 560 - trainer - Epoch: 11
2026/07/23 14:45:33 - __main__ - INFO - 565 - trainer - start predicting: 2026-07-23 14:45:33.723900
2026/07/23 14:45:35 - __main__ - INFO - 602 - trainer - {'Best_HR@5': 30.6152, 'Best_NDCG@5': 23.2058, 'Best_HR@10': 40.0391, 'Best_NDCG@10': 26.0489, 'Best_HR@20': 55.6641, 'Best_NDCG@20': 30.075}
2026/07/23 14:45:35 - __main__ - INFO - 603 - trainer - {'Best_epoch_HR@5': 11, 'Best_epoch_NDCG@5': 11, 'Best_epoch_HR@10': 10, 'Best_epoch_NDCG@10': 11, 'Best_epoch_HR@20': 10, 'Best_epoch_NDCG@20': 11}
2026/07/23 14:45:35 - __main__ - INFO - 560 - trainer - Epoch: 12
2026/07/23 14:45:35 - __main__ - INFO - 565 - trainer - start predicting: 2026-07-23 14:45:35.886592
2026/07/23 14:45:37 - __main__ - INFO - 602 - trainer - {'Best_HR@5': 31.9824, 'Best_NDCG@5': 24.3764, 'Best_HR@10': 41.2109, 'Best_NDCG@10': 27.3494, 'Best_HR@20': 55.7129, 'Best_NDCG@20': 30.9786}
2026/07/23 14:45:37 - __main__ - INFO - 603 - trainer - {'Best_epoch_HR@5': 12, 'Best_epoch_NDCG@5': 12, 'Best_epoch_HR@10': 12, 'Best_epoch_NDCG@10': 12, 'Best_epoch_HR@20': 12, 'Best_epoch_NDCG@20': 12}
2026/07/23 14:45:38 - __main__ - INFO - 560 - trainer - Epoch: 13
2026/07/23 14:45:38 - __main__ - INFO - 565 - trainer - start predicting: 2026-07-23 14:45:38.050371
2026/07/23 14:45:39 - __main__ - INFO - 602 - trainer - {'Best_HR@5': 32.9102, 'Best_NDCG@5': 24.984, 'Best_HR@10': 41.2109, 'Best_NDCG@10': 27.3494, 'Best_HR@20': 55.957, 'Best_NDCG@20': 31.2546}
2026/07/23 14:45:39 - __main__ - INFO - 603 - trainer - {'Best_epoch_HR@5': 13, 'Best_epoch_NDCG@5': 13, 'Best_epoch_HR@10': 12, 'Best_epoch_NDCG@10': 12, 'Best_epoch_HR@20': 13, 'Best_epoch_NDCG@20': 13}
2026/07/23 14:45:40 - __main__ - INFO - 560 - trainer - Epoch: 14
2026/07/23 14:45:40 - __main__ - INFO - 565 - trainer - start predicting: 2026-07-23 14:45:40.325162
2026/07/23 14:45:41 - __main__ - INFO - 602 - trainer - {'Best_HR@5': 32.9102, 'Best_NDCG@5': 24.9841, 'Best_HR@10': 41.2109, 'Best_NDCG@10': 27.6184, 'Best_HR@20': 55.957, 'Best_NDCG@20': 31.2775}
2026/07/23 14:45:41 - __main__ - INFO - 603 - trainer - {'Best_epoch_HR@5': 13, 'Best_epoch_NDCG@5': 14, 'Best_epoch_HR@10': 12, 'Best_epoch_NDCG@10': 14, 'Best_epoch_HR@20': 13, 'Best_epoch_NDCG@20': 14}
2026/07/23 14:45:42 - __main__ - INFO - 560 - trainer - Epoch: 15
2026/07/23 14:45:42 - __main__ - INFO - 565 - trainer - start predicting: 2026-07-23 14:45:42.463993
2026/07/23 14:45:44 - __main__ - INFO - 602 - trainer - {'Best_HR@5': 34.0332, 'Best_NDCG@5': 25.6873, 'Best_HR@10': 42.2363, 'Best_NDCG@10': 28.35, 'Best_HR@20': 55.957, 'Best_NDCG@20': 31.6402}
2026/07/23 14:45:44 - __main__ - INFO - 603 - trainer - {'Best_epoch_HR@5': 15, 'Best_epoch_NDCG@5': 15, 'Best_epoch_HR@10': 15, 'Best_epoch_NDCG@10': 15, 'Best_epoch_HR@20': 13, 'Best_epoch_NDCG@20': 15}
2026/07/23 14:45:44 - __main__ - INFO - 560 - trainer - Epoch: 16
2026/07/23 14:45:44 - __main__ - INFO - 565 - trainer - start predicting: 2026-07-23 14:45:44.635924
2026/07/23 14:45:46 - __main__ - INFO - 602 - trainer - {'Best_HR@5': 34.0332, 'Best_NDCG@5': 25.8382, 'Best_HR@10': 42.2363, 'Best_NDCG@10': 28.4329, 'Best_HR@20': 55.957, 'Best_NDCG@20': 31.8334}
2026/07/23 14:45:46 - __main__ - INFO - 603 - trainer - {'Best_epoch_HR@5': 15, 'Best_epoch_NDCG@5': 16, 'Best_epoch_HR@10': 15, 'Best_epoch_NDCG@10': 16, 'Best_epoch_HR@20': 13, 'Best_epoch_NDCG@20': 16}
2026/07/23 14:45:46 - __main__ - INFO - 560 - trainer - Epoch: 17
2026/07/23 14:45:46 - __main__ - INFO - 565 - trainer - start predicting: 2026-07-23 14:45:46.790551
2026/07/23 14:45:48 - __main__ - INFO - 602 - trainer - {'Best_HR@5': 34.0332, 'Best_NDCG@5': 25.8382, 'Best_HR@10': 42.8223, 'Best_NDCG@10': 28.5346, 'Best_HR@20': 55.957, 'Best_NDCG@20': 31.8334}
2026/07/23 14:45:48 - __main__ - INFO - 603 - trainer - {'Best_epoch_HR@5': 15, 'Best_epoch_NDCG@5': 16, 'Best_epoch_HR@10': 17, 'Best_epoch_NDCG@10': 17, 'Best_epoch_HR@20': 13, 'Best_epoch_NDCG@20': 16}
2026/07/23 14:45:48 - __main__ - INFO - 560 - trainer - Epoch: 18
2026/07/23 14:45:48 - __main__ - INFO - 565 - trainer - start predicting: 2026-07-23 14:45:48.941691
2026/07/23 14:45:50 - __main__ - INFO - 602 - trainer - {'Best_HR@5': 34.0332, 'Best_NDCG@5': 25.8382, 'Best_HR@10': 43.2129, 'Best_NDCG@10': 28.5737, 'Best_HR@20': 55.957, 'Best_NDCG@20': 31.8334}
2026/07/23 14:45:50 - __main__ - INFO - 603 - trainer - {'Best_epoch_HR@5': 15, 'Best_epoch_NDCG@5': 16, 'Best_epoch_HR@10': 18, 'Best_epoch_NDCG@10': 18, 'Best_epoch_HR@20': 13, 'Best_epoch_NDCG@20': 16}
2026/07/23 14:45:51 - __main__ - INFO - 560 - trainer - Epoch: 19
2026/07/23 14:45:51 - __main__ - INFO - 565 - trainer - start predicting: 2026-07-23 14:45:51.144612
2026/07/23 14:45:52 - __main__ - INFO - 602 - trainer - {'Best_HR@5': 34.0332, 'Best_NDCG@5': 25.8382, 'Best_HR@10': 43.2617, 'Best_NDCG@10': 28.6046, 'Best_HR@20': 55.957, 'Best_NDCG@20': 31.8334}
2026/07/23 14:45:52 - __main__ - INFO - 603 - trainer - {'Best_epoch_HR@5': 15, 'Best_epoch_NDCG@5': 16, 'Best_epoch_HR@10': 19, 'Best_epoch_NDCG@10': 19, 'Best_epoch_HR@20': 13, 'Best_epoch_NDCG@20': 16}
2026/07/23 14:45:53 - __main__ - INFO - 560 - trainer - Epoch: 20
2026/07/23 14:45:53 - __main__ - INFO - 565 - trainer - start predicting: 2026-07-23 14:45:53.285361
2026/07/23 14:45:55 - __main__ - INFO - 560 - trainer - Epoch: 21
2026/07/23 14:45:55 - __main__ - INFO - 565 - trainer - start predicting: 2026-07-23 14:45:55.417786
2026/07/23 14:45:57 - __main__ - INFO - 602 - trainer - {'Best_HR@5': 34.0332, 'Best_NDCG@5': 25.8382, 'Best_HR@10': 43.2617, 'Best_NDCG@10': 28.6245, 'Best_HR@20': 55.957, 'Best_NDCG@20': 31.8334}
2026/07/23 14:45:57 - __main__ - INFO - 603 - trainer - {'Best_epoch_HR@5': 15, 'Best_epoch_NDCG@5': 16, 'Best_epoch_HR@10': 19, 'Best_epoch_NDCG@10': 21, 'Best_epoch_HR@20': 13, 'Best_epoch_NDCG@20': 16}
2026/07/23 14:45:57 - __main__ - INFO - 560 - trainer - Epoch: 22
2026/07/23 14:45:57 - __main__ - INFO - 565 - trainer - start predicting: 2026-07-23 14:45:57.697682
2026/07/23 14:46:00 - __main__ - INFO - 560 - trainer - Epoch: 23
2026/07/23 14:46:00 - __main__ - INFO - 565 - trainer - start predicting: 2026-07-23 14:46:00.098223
2026/07/23 14:46:02 - __main__ - INFO - 560 - trainer - Epoch: 24
2026/07/23 14:46:02 - __main__ - INFO - 565 - trainer - start predicting: 2026-07-23 14:46:02.313076
2026/07/23 14:46:04 - __main__ - INFO - 560 - trainer - Epoch: 25
2026/07/23 14:46:04 - __main__ - INFO - 565 - trainer - start predicting: 2026-07-23 14:46:04.422384
2026/07/23 14:46:06 - __main__ - INFO - 560 - trainer - Epoch: 26
2026/07/23 14:46:06 - __main__ - INFO - 565 - trainer - start predicting: 2026-07-23 14:46:06.536551
2026/07/23 14:46:08 - __main__ - INFO - 612 - trainer - {'Best_HR@5': 34.0332, 'Best_NDCG@5': 25.8382, 'Best_HR@10': 43.2617, 'Best_NDCG@10': 28.6245, 'Best_HR@20': 55.957, 'Best_NDCG@20': 31.8334}
2026/07/23 14:46:08 - __main__ - INFO - 613 - trainer - {'Best_epoch_HR@5': 15, 'Best_epoch_NDCG@5': 16, 'Best_epoch_HR@10': 19, 'Best_epoch_NDCG@10': 21, 'Best_epoch_HR@20': 13, 'Best_epoch_NDCG@20': 16}
2026/07/23 14:46:08 - __main__ - INFO - 694 - trainer - Popularity Definition------------------------------------------------
2026/07/23 14:46:08 - __main__ - INFO - 698 - trainer - {'popular_ratio': 0.2, 'observed_train_items': 21856, 'popular_items': 4372, 'unpopular_seen_items': 17484, 'unseen_items_in_test': 'calculated from test ground truth'}
2026/07/23 14:46:09 - __main__ - INFO - 957 - trainer - Test Overall------------------------------------------------------
2026/07/23 14:46:09 - __main__ - INFO - 961 - trainer - {'HR@5': 35.1654, 'NDCG@5': 26.3694, 'HR@10': 44.8444, 'NDCG@10': 29.475, 'HR@20': 58.2685, 'NDCG@20': 32.8365}
2026/07/23 14:46:09 - __main__ - INFO - 1046 - trainer - Test Group Size---------------------------------------------------
2026/07/23 14:46:09 - __main__ - INFO - 1050 - trainer - {'Overall_test_samples': 2056, 'Popular_test_samples': 1372, 'Unpopular_seen_test_samples': 505, 'Unseen_test_samples': 179, 'Grouped_test_samples': 2056}
2026/07/23 14:46:09 - __main__ - INFO - 1052 - trainer - Test Popular Ground Truth------------------------------------------
2026/07/23 14:46:09 - __main__ - INFO - 1056 - trainer - {'HR@5': 49.1983, 'NDCG@5': 37.475, 'HR@10': 60.1312, 'NDCG@10': 40.9876, 'HR@20': 74.8542, 'NDCG@20': 44.6881}
2026/07/23 14:46:09 - __main__ - INFO - 1058 - trainer - Test Unpopular-Seen Ground Truth-----------------------------------
2026/07/23 14:46:09 - __main__ - INFO - 1062 - trainer - {'HR@5': 9.505, 'NDCG@5': 5.544, 'HR@10': 19.2079, 'NDCG@10': 8.6446, 'HR@20': 33.8614, 'NDCG@20': 12.2767}
2026/07/23 14:46:09 - __main__ - INFO - 1064 - trainer - Test Unseen Ground Truth-------------------------------------------
2026/07/23 14:46:09 - __main__ - INFO - 1068 - trainer - {'HR@5': 0.0, 'NDCG@5': 0.0, 'HR@10': 0.0, 'NDCG@10': 0.0, 'HR@20': 0.0, 'NDCG@20': 0.0}
2026/07/23 14:46:09 - __main__ - INFO - 1070 - trainer - Recommendation Popularity------------------------------------------
2026/07/23 14:46:09 - __main__ - INFO - 1074 - trainer - {'PopularRatio@5': 61.9358, 'PopularRatio@10': 49.893, 'PopularRatio@20': 43.0691}
2026/07/23 14:46:09 - __main__ - INFO - 1077 - trainer - Best Eval---------------------------------------------------------
2026/07/23 14:46:09 - __main__ - INFO - 1080 - trainer - {'Best_HR@5': 34.0332, 'Best_NDCG@5': 25.8382, 'Best_HR@10': 43.2617, 'Best_NDCG@10': 28.6245, 'Best_HR@20': 55.957, 'Best_NDCG@20': 31.8334}
2026/07/23 14:46:09 - __main__ - INFO - 1081 - trainer - {'Best_epoch_HR@5': 15, 'Best_epoch_NDCG@5': 16, 'Best_epoch_HR@10': 19, 'Best_epoch_NDCG@10': 21, 'Best_epoch_HR@20': 13, 'Best_epoch_NDCG@20': 16}
2026/07/23 14:46:10 - __main__ - INFO - 173 - main - Target model saved at: ./saved_model/movie_video/target_model.pth
