2026/08/26 11:21:00 - __main__ - INFO - 93 - main - Namespace(batch_size=512, decay_step=100, description='Diffu_norm_score', device='cuda', diffusion_steps=32, dropout=0.1, emb_dropout=0.3, epochs=100, eval_interval=5, gamma=0.1, group_alignment=1, group_alignment_mode='both', group_context_threshold=0.5, group_pop_weight=1.0, group_tail_weight=1.0, hidden_act='gelu', hidden_size=128, lambda_uncertainty=0.001, log_file='log/', loss_lambda=1, lr=0.001, max_len=8, metric_ks=[5, 10, 20], momentum=None, noise_schedule='trunc_lin', num_blocks=4, num_gpu=1, optimizer='Adam', p=0.3, patience=2, popular_ratio=0.2, random_seed=1997, rescale_timesteps=True, s_dataset='movie', schedule_sampler_name='lossaware', t_dataset='video', target_next_focus_bin='higher_repeat', target_next_reweight_alpha=0.4, target_next_rule_reweight=1, w=1.0, weight_decay=0)
2026/08/26 11:21:03 - __main__ - INFO - 779 - trainer - Group-aware Alignment Definition------------------------------------
2026/08/26 11:21:03 - __main__ - INFO - 783 - trainer - {'group_alignment': True, 'alignment_mode': 'both', 'context_threshold': 0.5, 'popular_weight': 1.0, 'tail_weight': 1.0, 'source_popular_items': 17856, 'target_popular_items': 4372}
2026/08/26 11:21:03 - __main__ - INFO - 915 - trainer - Group-aware Alignment Batch------------------------------------
2026/08/26 11:21:03 - __main__ - INFO - 920 - trainer - {'Epoch': 0, 'Source Popular-context': 407, 'Source Tail-context': 75, 'Target Popular-context': 379, 'Target Tail-context': 87}
2026/08/26 11:21:08 - __main__ - INFO - 931 - trainer - Epoch: 0
2026/08/26 11:21:08 - __main__ - INFO - 915 - trainer - Group-aware Alignment Batch------------------------------------
2026/08/26 11:21:08 - __main__ - INFO - 920 - trainer - {'Epoch': 1, 'Source Popular-context': 394, 'Source Tail-context': 77, 'Target Popular-context': 372, 'Target Tail-context': 83}
2026/08/26 11:21:13 - __main__ - INFO - 931 - trainer - Epoch: 1
2026/08/26 11:21:13 - __main__ - INFO - 915 - trainer - Group-aware Alignment Batch------------------------------------
2026/08/26 11:21:13 - __main__ - INFO - 920 - trainer - {'Epoch': 2, 'Source Popular-context': 393, 'Source Tail-context': 73, 'Target Popular-context': 387, 'Target Tail-context': 77}
2026/08/26 11:21:17 - __main__ - INFO - 931 - trainer - Epoch: 2
2026/08/26 11:21:17 - __main__ - INFO - 915 - trainer - Group-aware Alignment Batch------------------------------------
2026/08/26 11:21:17 - __main__ - INFO - 920 - trainer - {'Epoch': 3, 'Source Popular-context': 409, 'Source Tail-context': 56, 'Target Popular-context': 342, 'Target Tail-context': 98}
2026/08/26 11:21:22 - __main__ - INFO - 931 - trainer - Epoch: 3
2026/08/26 11:21:22 - __main__ - INFO - 915 - trainer - Group-aware Alignment Batch------------------------------------
2026/08/26 11:21:22 - __main__ - INFO - 920 - trainer - {'Epoch': 4, 'Source Popular-context': 418, 'Source Tail-context': 59, 'Target Popular-context': 370, 'Target Tail-context': 79}
2026/08/26 11:21:26 - __main__ - INFO - 931 - trainer - Epoch: 4
2026/08/26 11:21:26 - __main__ - INFO - 915 - trainer - Group-aware Alignment Batch------------------------------------
2026/08/26 11:21:26 - __main__ - INFO - 920 - trainer - {'Epoch': 5, 'Source Popular-context': 403, 'Source Tail-context': 59, 'Target Popular-context': 368, 'Target Tail-context': 85}
2026/08/26 11:21:31 - __main__ - INFO - 931 - trainer - Epoch: 5
2026/08/26 11:21:31 - __main__ - INFO - 936 - trainer - start predicting: 2026-08-26 11:21:31.437512
2026/08/26 11:21:42 - __main__ - INFO - 973 - trainer - {'Best_HR@5': 38.6621, 'Best_NDCG@5': 29.8305, 'Best_HR@10': 49.1016, 'Best_NDCG@10': 33.2054, 'Best_HR@20': 61.8359, 'Best_NDCG@20': 36.4132}
2026/08/26 11:21:42 - __main__ - INFO - 974 - trainer - {'Best_epoch_HR@5': 5, 'Best_epoch_NDCG@5': 5, 'Best_epoch_HR@10': 5, 'Best_epoch_NDCG@10': 5, 'Best_epoch_HR@20': 5, 'Best_epoch_NDCG@20': 5}
2026/08/26 11:21:43 - __main__ - INFO - 915 - trainer - Group-aware Alignment Batch------------------------------------
2026/08/26 11:21:43 - __main__ - INFO - 920 - trainer - {'Epoch': 6, 'Source Popular-context': 423, 'Source Tail-context': 54, 'Target Popular-context': 362, 'Target Tail-context': 95}
2026/08/26 11:21:47 - __main__ - INFO - 931 - trainer - Epoch: 6
2026/08/26 11:21:47 - __main__ - INFO - 915 - trainer - Group-aware Alignment Batch------------------------------------
2026/08/26 11:21:47 - __main__ - INFO - 920 - trainer - {'Epoch': 7, 'Source Popular-context': 421, 'Source Tail-context': 63, 'Target Popular-context': 375, 'Target Tail-context': 85}
2026/08/26 11:21:51 - __main__ - INFO - 931 - trainer - Epoch: 7
2026/08/26 11:21:51 - __main__ - INFO - 915 - trainer - Group-aware Alignment Batch------------------------------------
2026/08/26 11:21:51 - __main__ - INFO - 920 - trainer - {'Epoch': 8, 'Source Popular-context': 421, 'Source Tail-context': 59, 'Target Popular-context': 368, 'Target Tail-context': 94}
2026/08/26 11:21:56 - __main__ - INFO - 931 - trainer - Epoch: 8
2026/08/26 11:21:56 - __main__ - INFO - 915 - trainer - Group-aware Alignment Batch------------------------------------
2026/08/26 11:21:56 - __main__ - INFO - 920 - trainer - {'Epoch': 9, 'Source Popular-context': 402, 'Source Tail-context': 78, 'Target Popular-context': 378, 'Target Tail-context': 85}
2026/08/26 11:22:00 - __main__ - INFO - 931 - trainer - Epoch: 9
2026/08/26 11:22:00 - __main__ - INFO - 915 - trainer - Group-aware Alignment Batch------------------------------------
2026/08/26 11:22:00 - __main__ - INFO - 920 - trainer - {'Epoch': 10, 'Source Popular-context': 428, 'Source Tail-context': 46, 'Target Popular-context': 374, 'Target Tail-context': 78}
2026/08/26 11:22:05 - __main__ - INFO - 931 - trainer - Epoch: 10
2026/08/26 11:22:05 - __main__ - INFO - 936 - trainer - start predicting: 2026-08-26 11:22:05.081572
2026/08/26 11:22:16 - __main__ - INFO - 973 - trainer - {'Best_HR@5': 48.2227, 'Best_NDCG@5': 36.8793, 'Best_HR@10': 58.877, 'Best_NDCG@10': 40.3294, 'Best_HR@20': 69.4629, 'Best_NDCG@20': 43.0071}
2026/08/26 11:22:16 - __main__ - INFO - 974 - trainer - {'Best_epoch_HR@5': 10, 'Best_epoch_NDCG@5': 10, 'Best_epoch_HR@10': 10, 'Best_epoch_NDCG@10': 10, 'Best_epoch_HR@20': 10, 'Best_epoch_NDCG@20': 10}
2026/08/26 11:22:16 - __main__ - INFO - 915 - trainer - Group-aware Alignment Batch------------------------------------
2026/08/26 11:22:16 - __main__ - INFO - 920 - trainer - {'Epoch': 11, 'Source Popular-context': 413, 'Source Tail-context': 60, 'Target Popular-context': 381, 'Target Tail-context': 85}
2026/08/26 11:22:20 - __main__ - INFO - 931 - trainer - Epoch: 11
2026/08/26 11:22:20 - __main__ - INFO - 915 - trainer - Group-aware Alignment Batch------------------------------------
2026/08/26 11:22:20 - __main__ - INFO - 920 - trainer - {'Epoch': 12, 'Source Popular-context': 424, 'Source Tail-context': 60, 'Target Popular-context': 372, 'Target Tail-context': 80}
2026/08/26 11:22:25 - __main__ - INFO - 931 - trainer - Epoch: 12
2026/08/26 11:22:25 - __main__ - INFO - 915 - trainer - Group-aware Alignment Batch------------------------------------
2026/08/26 11:22:25 - __main__ - INFO - 920 - trainer - {'Epoch': 13, 'Source Popular-context': 411, 'Source Tail-context': 73, 'Target Popular-context': 382, 'Target Tail-context': 79}
2026/08/26 11:22:30 - __main__ - INFO - 931 - trainer - Epoch: 13
2026/08/26 11:22:30 - __main__ - INFO - 915 - trainer - Group-aware Alignment Batch------------------------------------
2026/08/26 11:22:30 - __main__ - INFO - 920 - trainer - {'Epoch': 14, 'Source Popular-context': 423, 'Source Tail-context': 65, 'Target Popular-context': 379, 'Target Tail-context': 94}
2026/08/26 11:22:34 - __main__ - INFO - 931 - trainer - Epoch: 14
2026/08/26 11:22:34 - __main__ - INFO - 915 - trainer - Group-aware Alignment Batch------------------------------------
2026/08/26 11:22:34 - __main__ - INFO - 920 - trainer - {'Epoch': 15, 'Source Popular-context': 422, 'Source Tail-context': 58, 'Target Popular-context': 373, 'Target Tail-context': 98}
2026/08/26 11:22:39 - __main__ - INFO - 931 - trainer - Epoch: 15
2026/08/26 11:22:39 - __main__ - INFO - 936 - trainer - start predicting: 2026-08-26 11:22:39.536007
2026/08/26 11:22:50 - __main__ - INFO - 973 - trainer - {'Best_HR@5': 49.1797, 'Best_NDCG@5': 37.4333, 'Best_HR@10': 60.3223, 'Best_NDCG@10': 41.0498, 'Best_HR@20': 70.4297, 'Best_NDCG@20': 43.6145}
2026/08/26 11:22:50 - __main__ - INFO - 974 - trainer - {'Best_epoch_HR@5': 15, 'Best_epoch_NDCG@5': 15, 'Best_epoch_HR@10': 15, 'Best_epoch_NDCG@10': 15, 'Best_epoch_HR@20': 15, 'Best_epoch_NDCG@20': 15}
2026/08/26 11:22:51 - __main__ - INFO - 915 - trainer - Group-aware Alignment Batch------------------------------------
2026/08/26 11:22:51 - __main__ - INFO - 920 - trainer - {'Epoch': 16, 'Source Popular-context': 403, 'Source Tail-context': 65, 'Target Popular-context': 374, 'Target Tail-context': 89}
2026/08/26 11:22:55 - __main__ - INFO - 931 - trainer - Epoch: 16
2026/08/26 11:22:55 - __main__ - INFO - 915 - trainer - Group-aware Alignment Batch------------------------------------
2026/08/26 11:22:55 - __main__ - INFO - 920 - trainer - {'Epoch': 17, 'Source Popular-context': 423, 'Source Tail-context': 52, 'Target Popular-context': 355, 'Target Tail-context': 109}
2026/08/26 11:23:00 - __main__ - INFO - 931 - trainer - Epoch: 17
2026/08/26 11:23:00 - __main__ - INFO - 915 - trainer - Group-aware Alignment Batch------------------------------------
2026/08/26 11:23:00 - __main__ - INFO - 920 - trainer - {'Epoch': 18, 'Source Popular-context': 413, 'Source Tail-context': 63, 'Target Popular-context': 386, 'Target Tail-context': 85}
2026/08/26 11:23:04 - __main__ - INFO - 931 - trainer - Epoch: 18
2026/08/26 11:23:04 - __main__ - INFO - 915 - trainer - Group-aware Alignment Batch------------------------------------
2026/08/26 11:23:04 - __main__ - INFO - 920 - trainer - {'Epoch': 19, 'Source Popular-context': 402, 'Source Tail-context': 63, 'Target Popular-context': 367, 'Target Tail-context': 94}
2026/08/26 11:23:08 - __main__ - INFO - 931 - trainer - Epoch: 19
2026/08/26 11:23:08 - __main__ - INFO - 915 - trainer - Group-aware Alignment Batch------------------------------------
2026/08/26 11:23:08 - __main__ - INFO - 920 - trainer - {'Epoch': 20, 'Source Popular-context': 409, 'Source Tail-context': 62, 'Target Popular-context': 373, 'Target Tail-context': 82}
2026/08/26 11:23:13 - __main__ - INFO - 931 - trainer - Epoch: 20
2026/08/26 11:23:13 - __main__ - INFO - 936 - trainer - start predicting: 2026-08-26 11:23:13.239128
2026/08/26 11:23:24 - __main__ - INFO - 915 - trainer - Group-aware Alignment Batch------------------------------------
2026/08/26 11:23:24 - __main__ - INFO - 920 - trainer - {'Epoch': 21, 'Source Popular-context': 404, 'Source Tail-context': 63, 'Target Popular-context': 372, 'Target Tail-context': 83}
2026/08/26 11:23:29 - __main__ - INFO - 931 - trainer - Epoch: 21
2026/08/26 11:23:29 - __main__ - INFO - 915 - trainer - Group-aware Alignment Batch------------------------------------
2026/08/26 11:23:29 - __main__ - INFO - 920 - trainer - {'Epoch': 22, 'Source Popular-context': 416, 'Source Tail-context': 59, 'Target Popular-context': 370, 'Target Tail-context': 78}
2026/08/26 11:23:33 - __main__ - INFO - 931 - trainer - Epoch: 22
2026/08/26 11:23:33 - __main__ - INFO - 915 - trainer - Group-aware Alignment Batch------------------------------------
2026/08/26 11:23:33 - __main__ - INFO - 920 - trainer - {'Epoch': 23, 'Source Popular-context': 404, 'Source Tail-context': 69, 'Target Popular-context': 385, 'Target Tail-context': 81}
2026/08/26 11:23:38 - __main__ - INFO - 931 - trainer - Epoch: 23
2026/08/26 11:23:38 - __main__ - INFO - 915 - trainer - Group-aware Alignment Batch------------------------------------
2026/08/26 11:23:38 - __main__ - INFO - 920 - trainer - {'Epoch': 24, 'Source Popular-context': 400, 'Source Tail-context': 74, 'Target Popular-context': 373, 'Target Tail-context': 90}
2026/08/26 11:23:42 - __main__ - INFO - 931 - trainer - Epoch: 24
2026/08/26 11:23:42 - __main__ - INFO - 915 - trainer - Group-aware Alignment Batch------------------------------------
2026/08/26 11:23:42 - __main__ - INFO - 920 - trainer - {'Epoch': 25, 'Source Popular-context': 415, 'Source Tail-context': 50, 'Target Popular-context': 382, 'Target Tail-context': 81}
2026/08/26 11:23:47 - __main__ - INFO - 931 - trainer - Epoch: 25
2026/08/26 11:23:47 - __main__ - INFO - 936 - trainer - start predicting: 2026-08-26 11:23:47.073923
2026/08/26 11:23:58 - __main__ - INFO - 983 - trainer - {'Best_HR@5': 49.1797, 'Best_NDCG@5': 37.4333, 'Best_HR@10': 60.3223, 'Best_NDCG@10': 41.0498, 'Best_HR@20': 70.4297, 'Best_NDCG@20': 43.6145}
2026/08/26 11:23:58 - __main__ - INFO - 984 - trainer - {'Best_epoch_HR@5': 15, 'Best_epoch_NDCG@5': 15, 'Best_epoch_HR@10': 15, 'Best_epoch_NDCG@10': 15, 'Best_epoch_HR@20': 15, 'Best_epoch_NDCG@20': 15}
2026/08/26 11:23:58 - __main__ - INFO - 1090 - trainer - Source Popularity Definition---------------------------------------------
2026/08/26 11:23:58 - __main__ - INFO - 1095 - trainer - {'domain': 'Source', 'popular_ratio': 0.2, 'observed_train_items': 89276, 'popular_items': 17856, 'unpopular_seen_items': 71420, 'unseen_items_in_test': 'calculated from test ground truth'}
2026/08/26 11:24:05 - __main__ - INFO - 1371 - trainer - %s Test Overall------------------------------------------------------
2026/08/26 11:24:05 - __main__ - INFO - 1375 - trainer - {'HR@5': 49.8753, 'NDCG@5': 38.1821, 'HR@10': 60.4107, 'NDCG@10': 41.608, 'HR@20': 70.1785, 'NDCG@20': 44.0883}
2026/08/26 11:24:05 - __main__ - INFO - 1466 - trainer - Source Test Group Size----------------------------------------------
2026/08/26 11:24:05 - __main__ - INFO - 1471 - trainer - {'domain': 'Source', 'Overall_test_samples': 10422, 'Popular_test_samples': 7854, 'Unpopular_seen_test_samples': 1824, 'Unseen_test_samples': 744, 'Grouped_test_samples': 10422}
2026/08/26 11:24:05 - __main__ - INFO - 1473 - trainer - Source Test Popular Ground Truth-------------------------------------
2026/08/26 11:24:05 - __main__ - INFO - 1478 - trainer - {'HR@5': 65.4826, 'NDCG@5': 50.336, 'HR@10': 78.2022, 'NDCG@10': 54.4832, 'HR@20': 87.9297, 'NDCG@20': 56.9665}
2026/08/26 11:24:05 - __main__ - INFO - 1480 - trainer - Source Test Unpopular-Seen Ground Truth------------------------------
2026/08/26 11:24:05 - __main__ - INFO - 1485 - trainer - {'HR@5': 3.0154, 'NDCG@5': 1.4225, 'HR@10': 8.443, 'NDCG@10': 3.1399, 'HR@20': 22.3684, 'NDCG@20': 6.6193}
2026/08/26 11:24:05 - __main__ - INFO - 1489 - trainer - Source Test Unseen Ground Truth--------------------------------------
2026/08/26 11:24:05 - __main__ - INFO - 1494 - trainer - {'HR@5': 0.0, 'NDCG@5': 0.0, 'HR@10': 0.0, 'NDCG@10': 0.0, 'HR@20': 0.0, 'NDCG@20': 0.0}
2026/08/26 11:24:05 - __main__ - INFO - 1496 - trainer - Source Recommendation Popularity-------------------------------------
2026/08/26 11:24:05 - __main__ - INFO - 1501 - trainer - {'PopularRatio@5': 93.5483, 'PopularRatio@10': 82.1061, 'PopularRatio@20': 61.7319}
2026/08/26 11:24:05 - __main__ - INFO - 1504 - trainer - Best Eval---------------------------------------------------------
2026/08/26 11:24:05 - __main__ - INFO - 1507 - trainer - {'Best_HR@5': 49.1797, 'Best_NDCG@5': 37.4333, 'Best_HR@10': 60.3223, 'Best_NDCG@10': 41.0498, 'Best_HR@20': 70.4297, 'Best_NDCG@20': 43.6145}
2026/08/26 11:24:05 - __main__ - INFO - 1508 - trainer - {'Best_epoch_HR@5': 15, 'Best_epoch_NDCG@5': 15, 'Best_epoch_HR@10': 15, 'Best_epoch_NDCG@10': 15, 'Best_epoch_HR@20': 15, 'Best_epoch_NDCG@20': 15}
2026/08/26 11:24:05 - __main__ - INFO - 697 - trainer - D1 Sample-wise Target Next Regulation
2026/08/26 11:24:05 - __main__ - INFO - 700 - trainer - {'Experiment': 'D', 'State Characteristic': 'Unpopular Next Supervision Exposure', 'Focus State': 'higher_repeat', 'Action': 'D1 Target Next Reweighting', 'Alpha': 0.4, 'Applied Weight': 1.4, 'Popular Next Samples': 11526, 'Unpopular Next Samples': 4912}
2026/08/26 11:24:05 - __main__ - INFO - 701 - trainer - Experiment D Frequency State Distribution---------------------------------------------
2026/08/26 11:24:05 - __main__ - INFO - 711 - trainer - {'State': 'singleton', 'Unique Items': 3592, 'Training Samples': 3592, 'Min Next Frequency': 1, 'Max Next Frequency': 1, 'Mean Next Frequency': 1.0}
2026/08/26 11:24:05 - __main__ - INFO - 711 - trainer - {'State': 'low_repeat', 'Unique Items': 466, 'Training Samples': 932, 'Min Next Frequency': 2, 'Max Next Frequency': 2, 'Mean Next Frequency': 2.0}
2026/08/26 11:24:05 - __main__ - INFO - 711 - trainer - {'State': 'higher_repeat', 'Unique Items': 119, 'Training Samples': 388, 'Min Next Frequency': 3, 'Max Next Frequency': 5, 'Mean Next Frequency': 3.2605}
2026/08/26 11:24:05 - __main__ - INFO - 719 - trainer - Unpopular Next Actual Frequency Distribution---------------------------------------------
2026/08/26 11:24:05 - __main__ - INFO - 725 - trainer - {'Next Frequency': 1, 'Unique Items': 3592, 'Training Samples': 3592}
2026/08/26 11:24:05 - __main__ - INFO - 725 - trainer - {'Next Frequency': 2, 'Unique Items': 466, 'Training Samples': 932}
2026/08/26 11:24:05 - __main__ - INFO - 725 - trainer - {'Next Frequency': 3, 'Unique Items': 94, 'Training Samples': 282}
2026/08/26 11:24:05 - __main__ - INFO - 725 - trainer - {'Next Frequency': 4, 'Unique Items': 19, 'Training Samples': 76}
2026/08/26 11:24:05 - __main__ - INFO - 725 - trainer - {'Next Frequency': 5, 'Unique Items': 6, 'Training Samples': 30}
2026/08/26 11:24:05 - __main__ - INFO - 931 - trainer - Epoch: 0
2026/08/26 11:24:06 - __main__ - INFO - 931 - trainer - Epoch: 1
2026/08/26 11:24:06 - __main__ - INFO - 936 - trainer - start predicting: 2026-08-26 11:24:06.438664
2026/08/26 11:24:07 - __main__ - INFO - 973 - trainer - {'Best_HR@5': 7.7148, 'Best_NDCG@5': 4.2372, 'Best_HR@10': 14.5508, 'Best_NDCG@10': 6.4186, 'Best_HR@20': 30.1758, 'Best_NDCG@20': 10.3246}
2026/08/26 11:24:07 - __main__ - INFO - 974 - trainer - {'Best_epoch_HR@5': 1, 'Best_epoch_NDCG@5': 1, 'Best_epoch_HR@10': 1, 'Best_epoch_NDCG@10': 1, 'Best_epoch_HR@20': 1, 'Best_epoch_NDCG@20': 1}
2026/08/26 11:24:08 - __main__ - INFO - 931 - trainer - Epoch: 2
2026/08/26 11:24:08 - __main__ - INFO - 936 - trainer - start predicting: 2026-08-26 11:24:08.540167
2026/08/26 11:24:10 - __main__ - INFO - 973 - trainer - {'Best_HR@5': 12.9883, 'Best_NDCG@5': 8.1303, 'Best_HR@10': 22.8027, 'Best_NDCG@10': 11.2592, 'Best_HR@20': 38.1348, 'Best_NDCG@20': 15.102}
2026/08/26 11:24:10 - __main__ - INFO - 974 - trainer - {'Best_epoch_HR@5': 2, 'Best_epoch_NDCG@5': 2, 'Best_epoch_HR@10': 2, 'Best_epoch_NDCG@10': 2, 'Best_epoch_HR@20': 2, 'Best_epoch_NDCG@20': 2}
2026/08/26 11:24:10 - __main__ - INFO - 931 - trainer - Epoch: 3
2026/08/26 11:24:10 - __main__ - INFO - 936 - trainer - start predicting: 2026-08-26 11:24:10.660235
2026/08/26 11:24:12 - __main__ - INFO - 973 - trainer - {'Best_HR@5': 18.7988, 'Best_NDCG@5': 12.165, 'Best_HR@10': 29.2969, 'Best_NDCG@10': 15.5185, 'Best_HR@20': 45.8008, 'Best_NDCG@20': 19.683}
2026/08/26 11:24:12 - __main__ - INFO - 974 - trainer - {'Best_epoch_HR@5': 3, 'Best_epoch_NDCG@5': 3, 'Best_epoch_HR@10': 3, 'Best_epoch_NDCG@10': 3, 'Best_epoch_HR@20': 3, 'Best_epoch_NDCG@20': 3}
2026/08/26 11:24:12 - __main__ - INFO - 931 - trainer - Epoch: 4
2026/08/26 11:24:12 - __main__ - INFO - 936 - trainer - start predicting: 2026-08-26 11:24:12.918415
2026/08/26 11:24:14 - __main__ - INFO - 973 - trainer - {'Best_HR@5': 23.8281, 'Best_NDCG@5': 15.8122, 'Best_HR@10': 35.2051, 'Best_NDCG@10': 19.4651, 'Best_HR@20': 50.3906, 'Best_NDCG@20': 23.2841}
2026/08/26 11:24:14 - __main__ - INFO - 974 - trainer - {'Best_epoch_HR@5': 4, 'Best_epoch_NDCG@5': 4, 'Best_epoch_HR@10': 4, 'Best_epoch_NDCG@10': 4, 'Best_epoch_HR@20': 4, 'Best_epoch_NDCG@20': 4}
2026/08/26 11:24:15 - __main__ - INFO - 931 - trainer - Epoch: 5
2026/08/26 11:24:15 - __main__ - INFO - 936 - trainer - start predicting: 2026-08-26 11:24:15.128897
2026/08/26 11:24:16 - __main__ - INFO - 973 - trainer - {'Best_HR@5': 25.7324, 'Best_NDCG@5': 17.8358, 'Best_HR@10': 38.2812, 'Best_NDCG@10': 21.9027, 'Best_HR@20': 53.1738, 'Best_NDCG@20': 25.6307}
2026/08/26 11:24:16 - __main__ - INFO - 974 - trainer - {'Best_epoch_HR@5': 5, 'Best_epoch_NDCG@5': 5, 'Best_epoch_HR@10': 5, 'Best_epoch_NDCG@10': 5, 'Best_epoch_HR@20': 5, 'Best_epoch_NDCG@20': 5}
2026/08/26 11:24:17 - __main__ - INFO - 931 - trainer - Epoch: 6
2026/08/26 11:24:17 - __main__ - INFO - 936 - trainer - start predicting: 2026-08-26 11:24:17.363930
2026/08/26 11:24:18 - __main__ - INFO - 973 - trainer - {'Best_HR@5': 29.7852, 'Best_NDCG@5': 20.9699, 'Best_HR@10': 40.3809, 'Best_NDCG@10': 24.3867, 'Best_HR@20': 55.2246, 'Best_NDCG@20': 28.1218}
2026/08/26 11:24:18 - __main__ - INFO - 974 - trainer - {'Best_epoch_HR@5': 6, 'Best_epoch_NDCG@5': 6, 'Best_epoch_HR@10': 6, 'Best_epoch_NDCG@10': 6, 'Best_epoch_HR@20': 6, 'Best_epoch_NDCG@20': 6}
2026/08/26 11:24:19 - __main__ - INFO - 931 - trainer - Epoch: 7
2026/08/26 11:24:19 - __main__ - INFO - 936 - trainer - start predicting: 2026-08-26 11:24:19.442846
2026/08/26 11:24:21 - __main__ - INFO - 973 - trainer - {'Best_HR@5': 32.0801, 'Best_NDCG@5': 23.0054, 'Best_HR@10': 41.7969, 'Best_NDCG@10': 26.1536, 'Best_HR@20': 56.4941, 'Best_NDCG@20': 29.8375}
2026/08/26 11:24:21 - __main__ - INFO - 974 - trainer - {'Best_epoch_HR@5': 7, 'Best_epoch_NDCG@5': 7, 'Best_epoch_HR@10': 7, 'Best_epoch_NDCG@10': 7, 'Best_epoch_HR@20': 7, 'Best_epoch_NDCG@20': 7}
2026/08/26 11:24:21 - __main__ - INFO - 931 - trainer - Epoch: 8
2026/08/26 11:24:21 - __main__ - INFO - 936 - trainer - start predicting: 2026-08-26 11:24:21.744680
2026/08/26 11:24:23 - __main__ - INFO - 973 - trainer - {'Best_HR@5': 33.0566, 'Best_NDCG@5': 24.7194, 'Best_HR@10': 43.5059, 'Best_NDCG@10': 28.0828, 'Best_HR@20': 57.7148, 'Best_NDCG@20': 31.6602}
2026/08/26 11:24:23 - __main__ - INFO - 974 - trainer - {'Best_epoch_HR@5': 8, 'Best_epoch_NDCG@5': 8, 'Best_epoch_HR@10': 8, 'Best_epoch_NDCG@10': 8, 'Best_epoch_HR@20': 8, 'Best_epoch_NDCG@20': 8}
2026/08/26 11:24:23 - __main__ - INFO - 931 - trainer - Epoch: 9
2026/08/26 11:24:23 - __main__ - INFO - 936 - trainer - start predicting: 2026-08-26 11:24:23.848760
2026/08/26 11:24:25 - __main__ - INFO - 973 - trainer - {'Best_HR@5': 34.668, 'Best_NDCG@5': 25.6587, 'Best_HR@10': 44.9707, 'Best_NDCG@10': 28.9685, 'Best_HR@20': 57.7148, 'Best_NDCG@20': 32.1336}
2026/08/26 11:24:25 - __main__ - INFO - 974 - trainer - {'Best_epoch_HR@5': 9, 'Best_epoch_NDCG@5': 9, 'Best_epoch_HR@10': 9, 'Best_epoch_NDCG@10': 9, 'Best_epoch_HR@20': 8, 'Best_epoch_NDCG@20': 9}
2026/08/26 11:24:25 - __main__ - INFO - 931 - trainer - Epoch: 10
2026/08/26 11:24:25 - __main__ - INFO - 936 - trainer - start predicting: 2026-08-26 11:24:25.969210
2026/08/26 11:24:27 - __main__ - INFO - 973 - trainer - {'Best_HR@5': 35.498, 'Best_NDCG@5': 26.712, 'Best_HR@10': 45.6543, 'Best_NDCG@10': 29.986, 'Best_HR@20': 58.6914, 'Best_NDCG@20': 33.2671}
2026/08/26 11:24:27 - __main__ - INFO - 974 - trainer - {'Best_epoch_HR@5': 10, 'Best_epoch_NDCG@5': 10, 'Best_epoch_HR@10': 10, 'Best_epoch_NDCG@10': 10, 'Best_epoch_HR@20': 10, 'Best_epoch_NDCG@20': 10}
2026/08/26 11:24:28 - __main__ - INFO - 931 - trainer - Epoch: 11
2026/08/26 11:24:28 - __main__ - INFO - 936 - trainer - start predicting: 2026-08-26 11:24:28.093792
2026/08/26 11:24:29 - __main__ - INFO - 973 - trainer - {'Best_HR@5': 36.084, 'Best_NDCG@5': 26.9716, 'Best_HR@10': 46.4844, 'Best_NDCG@10': 30.3409, 'Best_HR@20': 59.668, 'Best_NDCG@20': 33.6625}
2026/08/26 11:24:29 - __main__ - INFO - 974 - trainer - {'Best_epoch_HR@5': 11, 'Best_epoch_NDCG@5': 11, 'Best_epoch_HR@10': 11, 'Best_epoch_NDCG@10': 11, 'Best_epoch_HR@20': 11, 'Best_epoch_NDCG@20': 11}
2026/08/26 11:24:30 - __main__ - INFO - 931 - trainer - Epoch: 12
2026/08/26 11:24:30 - __main__ - INFO - 936 - trainer - start predicting: 2026-08-26 11:24:30.218279
2026/08/26 11:24:31 - __main__ - INFO - 973 - trainer - {'Best_HR@5': 36.084, 'Best_NDCG@5': 26.9716, 'Best_HR@10': 47.6562, 'Best_NDCG@10': 30.5226, 'Best_HR@20': 59.668, 'Best_NDCG@20': 33.6625}
2026/08/26 11:24:31 - __main__ - INFO - 974 - trainer - {'Best_epoch_HR@5': 11, 'Best_epoch_NDCG@5': 11, 'Best_epoch_HR@10': 12, 'Best_epoch_NDCG@10': 12, 'Best_epoch_HR@20': 11, 'Best_epoch_NDCG@20': 11}
2026/08/26 11:24:32 - __main__ - INFO - 931 - trainer - Epoch: 13
2026/08/26 11:24:32 - __main__ - INFO - 936 - trainer - start predicting: 2026-08-26 11:24:32.333435
2026/08/26 11:24:33 - __main__ - INFO - 973 - trainer - {'Best_HR@5': 36.8652, 'Best_NDCG@5': 27.2995, 'Best_HR@10': 47.6562, 'Best_NDCG@10': 30.7741, 'Best_HR@20': 59.668, 'Best_NDCG@20': 33.7896}
2026/08/26 11:24:33 - __main__ - INFO - 974 - trainer - {'Best_epoch_HR@5': 13, 'Best_epoch_NDCG@5': 13, 'Best_epoch_HR@10': 12, 'Best_epoch_NDCG@10': 13, 'Best_epoch_HR@20': 11, 'Best_epoch_NDCG@20': 13}
2026/08/26 11:24:34 - __main__ - INFO - 931 - trainer - Epoch: 14
2026/08/26 11:24:34 - __main__ - INFO - 936 - trainer - start predicting: 2026-08-26 11:24:34.453736
2026/08/26 11:24:35 - __main__ - INFO - 973 - trainer - {'Best_HR@5': 37.5977, 'Best_NDCG@5': 27.4375, 'Best_HR@10': 47.6562, 'Best_NDCG@10': 30.7741, 'Best_HR@20': 60.1562, 'Best_NDCG@20': 33.8209}
2026/08/26 11:24:35 - __main__ - INFO - 974 - trainer - {'Best_epoch_HR@5': 14, 'Best_epoch_NDCG@5': 14, 'Best_epoch_HR@10': 12, 'Best_epoch_NDCG@10': 13, 'Best_epoch_HR@20': 14, 'Best_epoch_NDCG@20': 14}
2026/08/26 11:24:36 - __main__ - INFO - 931 - trainer - Epoch: 15
2026/08/26 11:24:36 - __main__ - INFO - 936 - trainer - start predicting: 2026-08-26 11:24:36.583916
2026/08/26 11:24:38 - __main__ - INFO - 973 - trainer - {'Best_HR@5': 37.5977, 'Best_NDCG@5': 27.8044, 'Best_HR@10': 48.0469, 'Best_NDCG@10': 31.2256, 'Best_HR@20': 60.4004, 'Best_NDCG@20': 34.3312}
2026/08/26 11:24:38 - __main__ - INFO - 974 - trainer - {'Best_epoch_HR@5': 14, 'Best_epoch_NDCG@5': 15, 'Best_epoch_HR@10': 15, 'Best_epoch_NDCG@10': 15, 'Best_epoch_HR@20': 15, 'Best_epoch_NDCG@20': 15}
2026/08/26 11:24:38 - __main__ - INFO - 931 - trainer - Epoch: 16
2026/08/26 11:24:38 - __main__ - INFO - 936 - trainer - start predicting: 2026-08-26 11:24:38.838304
2026/08/26 11:24:40 - __main__ - INFO - 931 - trainer - Epoch: 17
2026/08/26 11:24:40 - __main__ - INFO - 936 - trainer - start predicting: 2026-08-26 11:24:40.916057
2026/08/26 11:24:42 - __main__ - INFO - 973 - trainer - {'Best_HR@5': 37.5977, 'Best_NDCG@5': 27.8044, 'Best_HR@10': 48.3887, 'Best_NDCG@10': 31.2256, 'Best_HR@20': 60.4004, 'Best_NDCG@20': 34.3312}
2026/08/26 11:24:42 - __main__ - INFO - 974 - trainer - {'Best_epoch_HR@5': 14, 'Best_epoch_NDCG@5': 15, 'Best_epoch_HR@10': 17, 'Best_epoch_NDCG@10': 15, 'Best_epoch_HR@20': 15, 'Best_epoch_NDCG@20': 15}
2026/08/26 11:24:43 - __main__ - INFO - 931 - trainer - Epoch: 18
2026/08/26 11:24:43 - __main__ - INFO - 936 - trainer - start predicting: 2026-08-26 11:24:43.098512
2026/08/26 11:24:44 - __main__ - INFO - 973 - trainer - {'Best_HR@5': 37.8418, 'Best_NDCG@5': 27.8044, 'Best_HR@10': 48.3887, 'Best_NDCG@10': 31.2256, 'Best_HR@20': 60.4004, 'Best_NDCG@20': 34.3312}
2026/08/26 11:24:44 - __main__ - INFO - 974 - trainer - {'Best_epoch_HR@5': 18, 'Best_epoch_NDCG@5': 15, 'Best_epoch_HR@10': 17, 'Best_epoch_NDCG@10': 15, 'Best_epoch_HR@20': 15, 'Best_epoch_NDCG@20': 15}
2026/08/26 11:24:45 - __main__ - INFO - 931 - trainer - Epoch: 19
2026/08/26 11:24:45 - __main__ - INFO - 936 - trainer - start predicting: 2026-08-26 11:24:45.271201
2026/08/26 11:24:46 - __main__ - INFO - 973 - trainer - {'Best_HR@5': 38.2812, 'Best_NDCG@5': 28.1853, 'Best_HR@10': 48.3887, 'Best_NDCG@10': 31.3652, 'Best_HR@20': 60.4004, 'Best_NDCG@20': 34.409}
2026/08/26 11:24:46 - __main__ - INFO - 974 - trainer - {'Best_epoch_HR@5': 19, 'Best_epoch_NDCG@5': 19, 'Best_epoch_HR@10': 17, 'Best_epoch_NDCG@10': 19, 'Best_epoch_HR@20': 15, 'Best_epoch_NDCG@20': 19}
2026/08/26 11:24:47 - __main__ - INFO - 931 - trainer - Epoch: 20
2026/08/26 11:24:47 - __main__ - INFO - 936 - trainer - start predicting: 2026-08-26 11:24:47.350461
2026/08/26 11:24:48 - __main__ - INFO - 973 - trainer - {'Best_HR@5': 38.2812, 'Best_NDCG@5': 28.1853, 'Best_HR@10': 48.877, 'Best_NDCG@10': 31.3652, 'Best_HR@20': 60.4004, 'Best_NDCG@20': 34.409}
2026/08/26 11:24:48 - __main__ - INFO - 974 - trainer - {'Best_epoch_HR@5': 19, 'Best_epoch_NDCG@5': 19, 'Best_epoch_HR@10': 20, 'Best_epoch_NDCG@10': 19, 'Best_epoch_HR@20': 15, 'Best_epoch_NDCG@20': 19}
2026/08/26 11:24:49 - __main__ - INFO - 931 - trainer - Epoch: 21
2026/08/26 11:24:49 - __main__ - INFO - 936 - trainer - start predicting: 2026-08-26 11:24:49.430424
2026/08/26 11:24:51 - __main__ - INFO - 931 - trainer - Epoch: 22
2026/08/26 11:24:51 - __main__ - INFO - 936 - trainer - start predicting: 2026-08-26 11:24:51.596221
2026/08/26 11:24:53 - __main__ - INFO - 931 - trainer - Epoch: 23
2026/08/26 11:24:53 - __main__ - INFO - 936 - trainer - start predicting: 2026-08-26 11:24:53.717315
2026/08/26 11:24:55 - __main__ - INFO - 931 - trainer - Epoch: 24
2026/08/26 11:24:55 - __main__ - INFO - 936 - trainer - start predicting: 2026-08-26 11:24:55.969788
2026/08/26 11:24:58 - __main__ - INFO - 931 - trainer - Epoch: 25
2026/08/26 11:24:58 - __main__ - INFO - 936 - trainer - start predicting: 2026-08-26 11:24:58.044822
2026/08/26 11:24:59 - __main__ - INFO - 983 - trainer - {'Best_HR@5': 38.2812, 'Best_NDCG@5': 28.1853, 'Best_HR@10': 48.877, 'Best_NDCG@10': 31.3652, 'Best_HR@20': 60.4004, 'Best_NDCG@20': 34.409}
2026/08/26 11:24:59 - __main__ - INFO - 984 - trainer - {'Best_epoch_HR@5': 19, 'Best_epoch_NDCG@5': 19, 'Best_epoch_HR@10': 20, 'Best_epoch_NDCG@10': 19, 'Best_epoch_HR@20': 15, 'Best_epoch_NDCG@20': 19}
2026/08/26 11:24:59 - __main__ - INFO - 1090 - trainer - Target Popularity Definition---------------------------------------------
2026/08/26 11:24:59 - __main__ - INFO - 1095 - trainer - {'domain': 'Target', 'popular_ratio': 0.2, 'observed_train_items': 21856, 'popular_items': 4372, 'unpopular_seen_items': 17484, 'unseen_items_in_test': 'calculated from test ground truth'}
2026/08/26 11:25:01 - __main__ - INFO - 1371 - trainer - %s Test Overall------------------------------------------------------
2026/08/26 11:25:01 - __main__ - INFO - 1375 - trainer - {'HR@5': 38.5214, 'NDCG@5': 28.1957, 'HR@10': 50.0973, 'NDCG@10': 31.9265, 'HR@20': 61.6245, 'NDCG@20': 34.8366}
2026/08/26 11:25:01 - __main__ - INFO - 1466 - trainer - Target Test Group Size----------------------------------------------
2026/08/26 11:25:01 - __main__ - INFO - 1471 - trainer - {'domain': 'Target', 'Overall_test_samples': 2056, 'Popular_test_samples': 1372, 'Unpopular_seen_test_samples': 505, 'Unseen_test_samples': 179, 'Grouped_test_samples': 2056}
2026/08/26 11:25:01 - __main__ - INFO - 1473 - trainer - Target Test Popular Ground Truth-------------------------------------
2026/08/26 11:25:01 - __main__ - INFO - 1478 - trainer - {'HR@5': 55.8309, 'NDCG@5': 41.1925, 'HR@10': 70.8455, 'NDCG@10': 46.0347, 'HR@20': 83.2362, 'NDCG@20': 49.1708}
2026/08/26 11:25:01 - __main__ - INFO - 1480 - trainer - Target Test Unpopular-Seen Ground Truth------------------------------
2026/08/26 11:25:01 - __main__ - INFO - 1485 - trainer - {'HR@5': 5.1485, 'NDCG@5': 2.8795, 'HR@10': 11.4851, 'NDCG@10': 4.9134, 'HR@20': 24.7525, 'NDCG@20': 8.2412}
2026/08/26 11:25:01 - __main__ - INFO - 1489 - trainer - Target Test Unseen Ground Truth--------------------------------------
2026/08/26 11:25:01 - __main__ - INFO - 1494 - trainer - {'HR@5': 0.0, 'NDCG@5': 0.0, 'HR@10': 0.0, 'NDCG@10': 0.0, 'HR@20': 0.0, 'NDCG@20': 0.0}
2026/08/26 11:25:01 - __main__ - INFO - 1496 - trainer - Target Recommendation Popularity-------------------------------------
2026/08/26 11:25:01 - __main__ - INFO - 1501 - trainer - {'PopularRatio@5': 85.8949, 'PopularRatio@10': 74.0126, 'PopularRatio@20': 56.8653}
2026/08/26 11:25:01 - __main__ - INFO - 1504 - trainer - Best Eval---------------------------------------------------------
2026/08/26 11:25:01 - __main__ - INFO - 1507 - trainer - {'Best_HR@5': 38.2812, 'Best_NDCG@5': 28.1853, 'Best_HR@10': 48.877, 'Best_NDCG@10': 31.3652, 'Best_HR@20': 60.4004, 'Best_NDCG@20': 34.409}
2026/08/26 11:25:01 - __main__ - INFO - 1508 - trainer - {'Best_epoch_HR@5': 19, 'Best_epoch_NDCG@5': 19, 'Best_epoch_HR@10': 20, 'Best_epoch_NDCG@10': 19, 'Best_epoch_HR@20': 15, 'Best_epoch_NDCG@20': 19}
2026/08/26 11:25:01 - __main__ - INFO - 179 - main - Target model saved at: ./saved_model/movie_video/target_model.pth
