2026/08/22 17:18:34 - __main__ - INFO - 98 - main - Namespace(batch_size=512, coordinated_regulation=1, decay_step=100, description='Diffu_norm_score', device='cuda', diffusion_steps=32, dropout=0.1, emb_dropout=0.3, epochs=100, eval_interval=5, gamma=0.1, group_alignment=1, group_alignment_mode='both', group_context_threshold=0.5, group_pop_weight=1.0, group_tail_weight=1.0, hidden_act='gelu', hidden_size=128, lambda_uncertainty=0.001, log_file='log/', loss_lambda=1, lr=0.001, max_len=8, metric_ks=[5, 10, 20], momentum=None, noise_schedule='trunc_lin', num_blocks=4, num_gpu=1, optimizer='Adam', p=0.3, patience=2, popular_context_weak_alpha=0.15, popular_ratio=0.2, random_seed=1997, rescale_timesteps=True, s_dataset='movie', schedule_sampler_name='lossaware', t_dataset='video', tail_aug_probability=0.5, tail_context_regulation=1, tail_drop_probability=0.2, tail_preserve_recent=2, target_next_reweight_alpha=0.25, target_next_rule_reweight=1, w=1.0, weight_decay=0)
2026/08/22 17:18:40 - __main__ - INFO - 859 - trainer - Group-aware Alignment Definition------------------------------------
2026/08/22 17:18:40 - __main__ - INFO - 863 - trainer - {'group_alignment': True, 'alignment_mode': 'both', 'context_threshold': 0.5, 'popular_weight': 1.0, 'tail_weight': 1.0, 'source_popular_items': 17856, 'target_popular_items': 4372}
2026/08/22 17:18:40 - __main__ - INFO - 1368 - trainer - Group-aware Alignment Batch------------------------------------
2026/08/22 17:18:40 - __main__ - INFO - 1373 - trainer - {'Epoch': 0, 'Source Popular-context': 407, 'Source Tail-context': 75, 'Target Popular-context': 379, 'Target Tail-context': 87}
2026/08/22 17:19:00 - __main__ - INFO - 1384 - trainer - Epoch: 0
2026/08/22 17:19:00 - __main__ - INFO - 1368 - trainer - Group-aware Alignment Batch------------------------------------
2026/08/22 17:19:00 - __main__ - INFO - 1373 - trainer - {'Epoch': 1, 'Source Popular-context': 394, 'Source Tail-context': 77, 'Target Popular-context': 372, 'Target Tail-context': 83}
2026/08/22 17:19:12 - __main__ - INFO - 1384 - trainer - Epoch: 1
2026/08/22 17:19:12 - __main__ - INFO - 1368 - trainer - Group-aware Alignment Batch------------------------------------
2026/08/22 17:19:12 - __main__ - INFO - 1373 - trainer - {'Epoch': 2, 'Source Popular-context': 393, 'Source Tail-context': 73, 'Target Popular-context': 387, 'Target Tail-context': 77}
2026/08/22 17:19:21 - __main__ - INFO - 1384 - trainer - Epoch: 2
2026/08/22 17:19:21 - __main__ - INFO - 1368 - trainer - Group-aware Alignment Batch------------------------------------
2026/08/22 17:19:21 - __main__ - INFO - 1373 - trainer - {'Epoch': 3, 'Source Popular-context': 409, 'Source Tail-context': 56, 'Target Popular-context': 342, 'Target Tail-context': 98}
2026/08/22 17:19:26 - __main__ - INFO - 1384 - trainer - Epoch: 3
2026/08/22 17:19:26 - __main__ - INFO - 1368 - trainer - Group-aware Alignment Batch------------------------------------
2026/08/22 17:19:26 - __main__ - INFO - 1373 - trainer - {'Epoch': 4, 'Source Popular-context': 418, 'Source Tail-context': 59, 'Target Popular-context': 370, 'Target Tail-context': 79}
2026/08/22 17:19:30 - __main__ - INFO - 1384 - trainer - Epoch: 4
2026/08/22 17:19:30 - __main__ - INFO - 1368 - trainer - Group-aware Alignment Batch------------------------------------
2026/08/22 17:19:30 - __main__ - INFO - 1373 - trainer - {'Epoch': 5, 'Source Popular-context': 403, 'Source Tail-context': 59, 'Target Popular-context': 368, 'Target Tail-context': 85}
2026/08/22 17:19:35 - __main__ - INFO - 1384 - trainer - Epoch: 5
2026/08/22 17:19:35 - __main__ - INFO - 1389 - trainer - start predicting: 2026-08-22 17:19:35.284338
2026/08/22 17:19:46 - __main__ - INFO - 1426 - trainer - {'Best_HR@5': 38.6621, 'Best_NDCG@5': 29.8305, 'Best_HR@10': 49.1016, 'Best_NDCG@10': 33.2054, 'Best_HR@20': 61.8359, 'Best_NDCG@20': 36.4132}
2026/08/22 17:19:46 - __main__ - INFO - 1427 - trainer - {'Best_epoch_HR@5': 5, 'Best_epoch_NDCG@5': 5, 'Best_epoch_HR@10': 5, 'Best_epoch_NDCG@10': 5, 'Best_epoch_HR@20': 5, 'Best_epoch_NDCG@20': 5}
2026/08/22 17:19:47 - __main__ - INFO - 1368 - trainer - Group-aware Alignment Batch------------------------------------
2026/08/22 17:19:47 - __main__ - INFO - 1373 - trainer - {'Epoch': 6, 'Source Popular-context': 423, 'Source Tail-context': 54, 'Target Popular-context': 362, 'Target Tail-context': 95}
2026/08/22 17:19:51 - __main__ - INFO - 1384 - trainer - Epoch: 6
2026/08/22 17:19:51 - __main__ - INFO - 1368 - trainer - Group-aware Alignment Batch------------------------------------
2026/08/22 17:19:51 - __main__ - INFO - 1373 - trainer - {'Epoch': 7, 'Source Popular-context': 421, 'Source Tail-context': 63, 'Target Popular-context': 375, 'Target Tail-context': 85}
2026/08/22 17:19:56 - __main__ - INFO - 1384 - trainer - Epoch: 7
2026/08/22 17:19:56 - __main__ - INFO - 1368 - trainer - Group-aware Alignment Batch------------------------------------
2026/08/22 17:19:56 - __main__ - INFO - 1373 - trainer - {'Epoch': 8, 'Source Popular-context': 421, 'Source Tail-context': 59, 'Target Popular-context': 368, 'Target Tail-context': 94}
2026/08/22 17:20:00 - __main__ - INFO - 1384 - trainer - Epoch: 8
2026/08/22 17:20:00 - __main__ - INFO - 1368 - trainer - Group-aware Alignment Batch------------------------------------
2026/08/22 17:20:00 - __main__ - INFO - 1373 - trainer - {'Epoch': 9, 'Source Popular-context': 402, 'Source Tail-context': 78, 'Target Popular-context': 378, 'Target Tail-context': 85}
2026/08/22 17:20:05 - __main__ - INFO - 1384 - trainer - Epoch: 9
2026/08/22 17:20:05 - __main__ - INFO - 1368 - trainer - Group-aware Alignment Batch------------------------------------
2026/08/22 17:20:05 - __main__ - INFO - 1373 - trainer - {'Epoch': 10, 'Source Popular-context': 428, 'Source Tail-context': 46, 'Target Popular-context': 374, 'Target Tail-context': 78}
2026/08/22 17:20:09 - __main__ - INFO - 1384 - trainer - Epoch: 10
2026/08/22 17:20:09 - __main__ - INFO - 1389 - trainer - start predicting: 2026-08-22 17:20:09.917408
2026/08/22 17:20:22 - __main__ - INFO - 1426 - trainer - {'Best_HR@5': 48.2227, 'Best_NDCG@5': 36.8793, 'Best_HR@10': 58.877, 'Best_NDCG@10': 40.3294, 'Best_HR@20': 69.4629, 'Best_NDCG@20': 43.0071}
2026/08/22 17:20:22 - __main__ - INFO - 1427 - trainer - {'Best_epoch_HR@5': 10, 'Best_epoch_NDCG@5': 10, 'Best_epoch_HR@10': 10, 'Best_epoch_NDCG@10': 10, 'Best_epoch_HR@20': 10, 'Best_epoch_NDCG@20': 10}
2026/08/22 17:20:22 - __main__ - INFO - 1368 - trainer - Group-aware Alignment Batch------------------------------------
2026/08/22 17:20:22 - __main__ - INFO - 1373 - trainer - {'Epoch': 11, 'Source Popular-context': 413, 'Source Tail-context': 60, 'Target Popular-context': 381, 'Target Tail-context': 85}
2026/08/22 17:20:26 - __main__ - INFO - 1384 - trainer - Epoch: 11
2026/08/22 17:20:26 - __main__ - INFO - 1368 - trainer - Group-aware Alignment Batch------------------------------------
2026/08/22 17:20:26 - __main__ - INFO - 1373 - trainer - {'Epoch': 12, 'Source Popular-context': 424, 'Source Tail-context': 60, 'Target Popular-context': 372, 'Target Tail-context': 80}
2026/08/22 17:20:30 - __main__ - INFO - 1384 - trainer - Epoch: 12
2026/08/22 17:20:30 - __main__ - INFO - 1368 - trainer - Group-aware Alignment Batch------------------------------------
2026/08/22 17:20:30 - __main__ - INFO - 1373 - trainer - {'Epoch': 13, 'Source Popular-context': 411, 'Source Tail-context': 73, 'Target Popular-context': 382, 'Target Tail-context': 79}
2026/08/22 17:20:35 - __main__ - INFO - 1384 - trainer - Epoch: 13
2026/08/22 17:20:35 - __main__ - INFO - 1368 - trainer - Group-aware Alignment Batch------------------------------------
2026/08/22 17:20:35 - __main__ - INFO - 1373 - trainer - {'Epoch': 14, 'Source Popular-context': 423, 'Source Tail-context': 65, 'Target Popular-context': 379, 'Target Tail-context': 94}
2026/08/22 17:20:39 - __main__ - INFO - 1384 - trainer - Epoch: 14
2026/08/22 17:20:39 - __main__ - INFO - 1368 - trainer - Group-aware Alignment Batch------------------------------------
2026/08/22 17:20:39 - __main__ - INFO - 1373 - trainer - {'Epoch': 15, 'Source Popular-context': 422, 'Source Tail-context': 58, 'Target Popular-context': 373, 'Target Tail-context': 98}
2026/08/22 17:20:43 - __main__ - INFO - 1384 - trainer - Epoch: 15
2026/08/22 17:20:43 - __main__ - INFO - 1389 - trainer - start predicting: 2026-08-22 17:20:43.453551
2026/08/22 17:20:55 - __main__ - INFO - 1426 - trainer - {'Best_HR@5': 49.1797, 'Best_NDCG@5': 37.4333, 'Best_HR@10': 60.3223, 'Best_NDCG@10': 41.0498, 'Best_HR@20': 70.4297, 'Best_NDCG@20': 43.6145}
2026/08/22 17:20:55 - __main__ - INFO - 1427 - trainer - {'Best_epoch_HR@5': 15, 'Best_epoch_NDCG@5': 15, 'Best_epoch_HR@10': 15, 'Best_epoch_NDCG@10': 15, 'Best_epoch_HR@20': 15, 'Best_epoch_NDCG@20': 15}
2026/08/22 17:20:55 - __main__ - INFO - 1368 - trainer - Group-aware Alignment Batch------------------------------------
2026/08/22 17:20:55 - __main__ - INFO - 1373 - trainer - {'Epoch': 16, 'Source Popular-context': 403, 'Source Tail-context': 65, 'Target Popular-context': 374, 'Target Tail-context': 89}
2026/08/22 17:21:00 - __main__ - INFO - 1384 - trainer - Epoch: 16
2026/08/22 17:21:00 - __main__ - INFO - 1368 - trainer - Group-aware Alignment Batch------------------------------------
2026/08/22 17:21:00 - __main__ - INFO - 1373 - trainer - {'Epoch': 17, 'Source Popular-context': 423, 'Source Tail-context': 52, 'Target Popular-context': 355, 'Target Tail-context': 109}
2026/08/22 17:21:04 - __main__ - INFO - 1384 - trainer - Epoch: 17
2026/08/22 17:21:04 - __main__ - INFO - 1368 - trainer - Group-aware Alignment Batch------------------------------------
2026/08/22 17:21:04 - __main__ - INFO - 1373 - trainer - {'Epoch': 18, 'Source Popular-context': 413, 'Source Tail-context': 63, 'Target Popular-context': 386, 'Target Tail-context': 85}
2026/08/22 17:21:09 - __main__ - INFO - 1384 - trainer - Epoch: 18
2026/08/22 17:21:09 - __main__ - INFO - 1368 - trainer - Group-aware Alignment Batch------------------------------------
2026/08/22 17:21:09 - __main__ - INFO - 1373 - trainer - {'Epoch': 19, 'Source Popular-context': 402, 'Source Tail-context': 63, 'Target Popular-context': 367, 'Target Tail-context': 94}
2026/08/22 17:21:13 - __main__ - INFO - 1384 - trainer - Epoch: 19
2026/08/22 17:21:13 - __main__ - INFO - 1368 - trainer - Group-aware Alignment Batch------------------------------------
2026/08/22 17:21:13 - __main__ - INFO - 1373 - trainer - {'Epoch': 20, 'Source Popular-context': 409, 'Source Tail-context': 62, 'Target Popular-context': 373, 'Target Tail-context': 82}
2026/08/22 17:21:18 - __main__ - INFO - 1384 - trainer - Epoch: 20
2026/08/22 17:21:18 - __main__ - INFO - 1389 - trainer - start predicting: 2026-08-22 17:21:18.017172
2026/08/22 17:21:30 - __main__ - INFO - 1368 - trainer - Group-aware Alignment Batch------------------------------------
2026/08/22 17:21:30 - __main__ - INFO - 1373 - trainer - {'Epoch': 21, 'Source Popular-context': 404, 'Source Tail-context': 63, 'Target Popular-context': 372, 'Target Tail-context': 83}
2026/08/22 17:21:34 - __main__ - INFO - 1384 - trainer - Epoch: 21
2026/08/22 17:21:34 - __main__ - INFO - 1368 - trainer - Group-aware Alignment Batch------------------------------------
2026/08/22 17:21:34 - __main__ - INFO - 1373 - trainer - {'Epoch': 22, 'Source Popular-context': 416, 'Source Tail-context': 59, 'Target Popular-context': 370, 'Target Tail-context': 78}
2026/08/22 17:21:39 - __main__ - INFO - 1384 - trainer - Epoch: 22
2026/08/22 17:21:39 - __main__ - INFO - 1368 - trainer - Group-aware Alignment Batch------------------------------------
2026/08/22 17:21:39 - __main__ - INFO - 1373 - trainer - {'Epoch': 23, 'Source Popular-context': 404, 'Source Tail-context': 69, 'Target Popular-context': 385, 'Target Tail-context': 81}
2026/08/22 17:21:43 - __main__ - INFO - 1384 - trainer - Epoch: 23
2026/08/22 17:21:43 - __main__ - INFO - 1368 - trainer - Group-aware Alignment Batch------------------------------------
2026/08/22 17:21:43 - __main__ - INFO - 1373 - trainer - {'Epoch': 24, 'Source Popular-context': 400, 'Source Tail-context': 74, 'Target Popular-context': 373, 'Target Tail-context': 90}
2026/08/22 17:21:48 - __main__ - INFO - 1384 - trainer - Epoch: 24
2026/08/22 17:21:48 - __main__ - INFO - 1368 - trainer - Group-aware Alignment Batch------------------------------------
2026/08/22 17:21:48 - __main__ - INFO - 1373 - trainer - {'Epoch': 25, 'Source Popular-context': 415, 'Source Tail-context': 50, 'Target Popular-context': 382, 'Target Tail-context': 81}
2026/08/22 17:21:52 - __main__ - INFO - 1384 - trainer - Epoch: 25
2026/08/22 17:21:52 - __main__ - INFO - 1389 - trainer - start predicting: 2026-08-22 17:21:52.984274
2026/08/22 17:22:05 - __main__ - INFO - 1436 - trainer - {'Best_HR@5': 49.1797, 'Best_NDCG@5': 37.4333, 'Best_HR@10': 60.3223, 'Best_NDCG@10': 41.0498, 'Best_HR@20': 70.4297, 'Best_NDCG@20': 43.6145}
2026/08/22 17:22:05 - __main__ - INFO - 1437 - trainer - {'Best_epoch_HR@5': 15, 'Best_epoch_NDCG@5': 15, 'Best_epoch_HR@10': 15, 'Best_epoch_NDCG@10': 15, 'Best_epoch_HR@20': 15, 'Best_epoch_NDCG@20': 15}
2026/08/22 17:22:05 - __main__ - INFO - 1543 - trainer - Source Popularity Definition---------------------------------------------
2026/08/22 17:22:05 - __main__ - INFO - 1548 - trainer - {'domain': 'Source', 'popular_ratio': 0.2, 'observed_train_items': 89276, 'popular_items': 17856, 'unpopular_seen_items': 71420, 'unseen_items_in_test': 'calculated from test ground truth'}
2026/08/22 17:22:12 - __main__ - INFO - 1824 - trainer - %s Test Overall------------------------------------------------------
2026/08/22 17:22:12 - __main__ - INFO - 1828 - trainer - {'HR@5': 49.8753, 'NDCG@5': 38.1821, 'HR@10': 60.4107, 'NDCG@10': 41.608, 'HR@20': 70.1785, 'NDCG@20': 44.0883}
2026/08/22 17:22:12 - __main__ - INFO - 1919 - trainer - Source Test Group Size----------------------------------------------
2026/08/22 17:22:12 - __main__ - INFO - 1924 - trainer - {'domain': 'Source', 'Overall_test_samples': 10422, 'Popular_test_samples': 7854, 'Unpopular_seen_test_samples': 1824, 'Unseen_test_samples': 744, 'Grouped_test_samples': 10422}
2026/08/22 17:22:12 - __main__ - INFO - 1926 - trainer - Source Test Popular Ground Truth-------------------------------------
2026/08/22 17:22:12 - __main__ - INFO - 1931 - trainer - {'HR@5': 65.4826, 'NDCG@5': 50.336, 'HR@10': 78.2022, 'NDCG@10': 54.4832, 'HR@20': 87.9297, 'NDCG@20': 56.9665}
2026/08/22 17:22:12 - __main__ - INFO - 1933 - trainer - Source Test Unpopular-Seen Ground Truth------------------------------
2026/08/22 17:22:12 - __main__ - INFO - 1938 - trainer - {'HR@5': 3.0154, 'NDCG@5': 1.4225, 'HR@10': 8.443, 'NDCG@10': 3.1399, 'HR@20': 22.3684, 'NDCG@20': 6.6193}
2026/08/22 17:22:12 - __main__ - INFO - 1942 - trainer - Source Test Unseen Ground Truth--------------------------------------
2026/08/22 17:22:12 - __main__ - INFO - 1947 - trainer - {'HR@5': 0.0, 'NDCG@5': 0.0, 'HR@10': 0.0, 'NDCG@10': 0.0, 'HR@20': 0.0, 'NDCG@20': 0.0}
2026/08/22 17:22:12 - __main__ - INFO - 1949 - trainer - Source Recommendation Popularity-------------------------------------
2026/08/22 17:22:12 - __main__ - INFO - 1954 - trainer - {'PopularRatio@5': 93.5483, 'PopularRatio@10': 82.1061, 'PopularRatio@20': 61.7319}
2026/08/22 17:22:12 - __main__ - INFO - 1957 - trainer - Best Eval---------------------------------------------------------
2026/08/22 17:22:12 - __main__ - INFO - 1960 - trainer - {'Best_HR@5': 49.1797, 'Best_NDCG@5': 37.4333, 'Best_HR@10': 60.3223, 'Best_NDCG@10': 41.0498, 'Best_HR@20': 70.4297, 'Best_NDCG@20': 43.6145}
2026/08/22 17:22:12 - __main__ - INFO - 1961 - trainer - {'Best_epoch_HR@5': 15, 'Best_epoch_NDCG@5': 15, 'Best_epoch_HR@10': 15, 'Best_epoch_NDCG@10': 15, 'Best_epoch_HR@20': 15, 'Best_epoch_NDCG@20': 15}
2026/08/22 17:22:12 - __main__ - INFO - 959 - trainer - D1 Sample-wise Target Next Regulation
2026/08/22 17:22:12 - __main__ - INFO - 963 - trainer - {'D1': 'Sample-wise Target Next Regulation', 'Popular Next Action': 'Normal', 'Unpopular Next Action': 'Reweight', 'Popular Next Samples': 11526, 'Unpopular Next Samples': 4912, 'Alpha': 0.25, 'Mean Unpopular Raw Weight': 1.2101}
2026/08/22 17:22:12 - __main__ - INFO - 1031 - trainer - D2 Tail-target Context Regulation
2026/08/22 17:22:12 - __main__ - INFO - 1035 - trainer - {'D2': 'Tail-target Context Regulation', 'State_1': 'Sequence Popularity', 'State_2': 'Next-item Popularity', 'Rule': 'Unpopular Next + SeqPopRatio > 0.5 -> Context Dropout', 'augmentation_probability': 0.5, 'drop_probability': 0.2, 'preserve_recent': 2, 'popular_items': 4372, 'unpopular_seen_items': 17484}
2026/08/22 17:22:12 - __main__ - INFO - 1122 - trainer - D2 Context Regulation Batch Check
2026/08/22 17:22:12 - __main__ - INFO - 1126 - trainer - {'batch_size': 512, 'unpopular_next_samples': 163, 'eligible_popcontext_unpopnext': 78, 'augmented_samples': 41, 'eligible_ratio': 0.1523, 'augmentation_ratio_among_eligible': 0.5256, 'avg_eligible_sequence_pop_ratio': 0.8139, 'dropped_items': 30}
2026/08/22 17:22:12 - __main__ - INFO - 1122 - trainer - D2 Context Regulation Batch Check
2026/08/22 17:22:12 - __main__ - INFO - 1126 - trainer - {'batch_size': 512, 'unpopular_next_samples': 160, 'eligible_popcontext_unpopnext': 94, 'augmented_samples': 49, 'eligible_ratio': 0.1836, 'augmentation_ratio_among_eligible': 0.5213, 'avg_eligible_sequence_pop_ratio': 0.8111, 'dropped_items': 45}
2026/08/22 17:22:12 - __main__ - INFO - 1122 - trainer - D2 Context Regulation Batch Check
2026/08/22 17:22:12 - __main__ - INFO - 1126 - trainer - {'batch_size': 512, 'unpopular_next_samples': 145, 'eligible_popcontext_unpopnext': 78, 'augmented_samples': 33, 'eligible_ratio': 0.1523, 'augmentation_ratio_among_eligible': 0.4231, 'avg_eligible_sequence_pop_ratio': 0.8202, 'dropped_items': 32}
2026/08/22 17:22:13 - __main__ - INFO - 1384 - trainer - Epoch: 0
2026/08/22 17:22:13 - __main__ - INFO - 1384 - trainer - Epoch: 1
2026/08/22 17:22:13 - __main__ - INFO - 1389 - trainer - start predicting: 2026-08-22 17:22:13.855783
2026/08/22 17:22:15 - __main__ - INFO - 1426 - trainer - {'Best_HR@5': 6.7383, 'Best_NDCG@5': 3.4438, 'Best_HR@10': 14.6484, 'Best_NDCG@10': 5.9622, 'Best_HR@20': 28.8086, 'Best_NDCG@20': 9.5194}
2026/08/22 17:22:15 - __main__ - INFO - 1427 - trainer - {'Best_epoch_HR@5': 1, 'Best_epoch_NDCG@5': 1, 'Best_epoch_HR@10': 1, 'Best_epoch_NDCG@10': 1, 'Best_epoch_HR@20': 1, 'Best_epoch_NDCG@20': 1}
2026/08/22 17:22:16 - __main__ - INFO - 1384 - trainer - Epoch: 2
2026/08/22 17:22:16 - __main__ - INFO - 1389 - trainer - start predicting: 2026-08-22 17:22:16.112591
2026/08/22 17:22:17 - __main__ - INFO - 1426 - trainer - {'Best_HR@5': 12.5488, 'Best_NDCG@5': 7.703, 'Best_HR@10': 20.8496, 'Best_NDCG@10': 10.378, 'Best_HR@20': 37.3047, 'Best_NDCG@20': 14.5081}
2026/08/22 17:22:17 - __main__ - INFO - 1427 - trainer - {'Best_epoch_HR@5': 2, 'Best_epoch_NDCG@5': 2, 'Best_epoch_HR@10': 2, 'Best_epoch_NDCG@10': 2, 'Best_epoch_HR@20': 2, 'Best_epoch_NDCG@20': 2}
2026/08/22 17:22:18 - __main__ - INFO - 1384 - trainer - Epoch: 3
2026/08/22 17:22:18 - __main__ - INFO - 1389 - trainer - start predicting: 2026-08-22 17:22:18.320595
2026/08/22 17:22:19 - __main__ - INFO - 1426 - trainer - {'Best_HR@5': 18.3594, 'Best_NDCG@5': 11.8639, 'Best_HR@10': 29.7852, 'Best_NDCG@10': 15.5053, 'Best_HR@20': 45.166, 'Best_NDCG@20': 19.3709}
2026/08/22 17:22:19 - __main__ - INFO - 1427 - trainer - {'Best_epoch_HR@5': 3, 'Best_epoch_NDCG@5': 3, 'Best_epoch_HR@10': 3, 'Best_epoch_NDCG@10': 3, 'Best_epoch_HR@20': 3, 'Best_epoch_NDCG@20': 3}
2026/08/22 17:22:20 - __main__ - INFO - 1384 - trainer - Epoch: 4
2026/08/22 17:22:20 - __main__ - INFO - 1389 - trainer - start predicting: 2026-08-22 17:22:20.663366
2026/08/22 17:22:22 - __main__ - INFO - 1426 - trainer - {'Best_HR@5': 23.291, 'Best_NDCG@5': 15.6417, 'Best_HR@10': 35.4004, 'Best_NDCG@10': 19.5235, 'Best_HR@20': 50.3906, 'Best_NDCG@20': 23.2778}
2026/08/22 17:22:22 - __main__ - INFO - 1427 - trainer - {'Best_epoch_HR@5': 4, 'Best_epoch_NDCG@5': 4, 'Best_epoch_HR@10': 4, 'Best_epoch_NDCG@10': 4, 'Best_epoch_HR@20': 4, 'Best_epoch_NDCG@20': 4}
2026/08/22 17:22:22 - __main__ - INFO - 1384 - trainer - Epoch: 5
2026/08/22 17:22:22 - __main__ - INFO - 1389 - trainer - start predicting: 2026-08-22 17:22:22.948499
2026/08/22 17:22:24 - __main__ - INFO - 1426 - trainer - {'Best_HR@5': 26.709, 'Best_NDCG@5': 18.4357, 'Best_HR@10': 37.6953, 'Best_NDCG@10': 21.9764, 'Best_HR@20': 53.5156, 'Best_NDCG@20': 25.9362}
2026/08/22 17:22:24 - __main__ - INFO - 1427 - trainer - {'Best_epoch_HR@5': 5, 'Best_epoch_NDCG@5': 5, 'Best_epoch_HR@10': 5, 'Best_epoch_NDCG@10': 5, 'Best_epoch_HR@20': 5, 'Best_epoch_NDCG@20': 5}
2026/08/22 17:22:25 - __main__ - INFO - 1384 - trainer - Epoch: 6
2026/08/22 17:22:25 - __main__ - INFO - 1389 - trainer - start predicting: 2026-08-22 17:22:25.239891
2026/08/22 17:22:26 - __main__ - INFO - 1426 - trainer - {'Best_HR@5': 29.541, 'Best_NDCG@5': 21.0332, 'Best_HR@10': 39.9902, 'Best_NDCG@10': 24.3884, 'Best_HR@20': 56.0059, 'Best_NDCG@20': 28.3969}
2026/08/22 17:22:26 - __main__ - INFO - 1427 - trainer - {'Best_epoch_HR@5': 6, 'Best_epoch_NDCG@5': 6, 'Best_epoch_HR@10': 6, 'Best_epoch_NDCG@10': 6, 'Best_epoch_HR@20': 6, 'Best_epoch_NDCG@20': 6}
2026/08/22 17:22:27 - __main__ - INFO - 1384 - trainer - Epoch: 7
2026/08/22 17:22:27 - __main__ - INFO - 1389 - trainer - start predicting: 2026-08-22 17:22:27.449425
2026/08/22 17:22:29 - __main__ - INFO - 1426 - trainer - {'Best_HR@5': 31.7383, 'Best_NDCG@5': 23.0423, 'Best_HR@10': 41.9434, 'Best_NDCG@10': 26.2846, 'Best_HR@20': 56.6895, 'Best_NDCG@20': 29.9556}
2026/08/22 17:22:29 - __main__ - INFO - 1427 - trainer - {'Best_epoch_HR@5': 7, 'Best_epoch_NDCG@5': 7, 'Best_epoch_HR@10': 7, 'Best_epoch_NDCG@10': 7, 'Best_epoch_HR@20': 7, 'Best_epoch_NDCG@20': 7}
2026/08/22 17:22:29 - __main__ - INFO - 1384 - trainer - Epoch: 8
2026/08/22 17:22:29 - __main__ - INFO - 1389 - trainer - start predicting: 2026-08-22 17:22:29.709361
2026/08/22 17:22:31 - __main__ - INFO - 1426 - trainer - {'Best_HR@5': 32.666, 'Best_NDCG@5': 24.5951, 'Best_HR@10': 43.1641, 'Best_NDCG@10': 27.9398, 'Best_HR@20': 57.4707, 'Best_NDCG@20': 31.5419}
2026/08/22 17:22:31 - __main__ - INFO - 1427 - trainer - {'Best_epoch_HR@5': 8, 'Best_epoch_NDCG@5': 8, 'Best_epoch_HR@10': 8, 'Best_epoch_NDCG@10': 8, 'Best_epoch_HR@20': 8, 'Best_epoch_NDCG@20': 8}
2026/08/22 17:22:32 - __main__ - INFO - 1384 - trainer - Epoch: 9
2026/08/22 17:22:32 - __main__ - INFO - 1389 - trainer - start predicting: 2026-08-22 17:22:32.105113
2026/08/22 17:22:33 - __main__ - INFO - 1426 - trainer - {'Best_HR@5': 33.6426, 'Best_NDCG@5': 25.3182, 'Best_HR@10': 43.9453, 'Best_NDCG@10': 28.6391, 'Best_HR@20': 58.1055, 'Best_NDCG@20': 32.1941}
2026/08/22 17:22:33 - __main__ - INFO - 1427 - trainer - {'Best_epoch_HR@5': 9, 'Best_epoch_NDCG@5': 9, 'Best_epoch_HR@10': 9, 'Best_epoch_NDCG@10': 9, 'Best_epoch_HR@20': 9, 'Best_epoch_NDCG@20': 9}
2026/08/22 17:22:34 - __main__ - INFO - 1384 - trainer - Epoch: 10
2026/08/22 17:22:34 - __main__ - INFO - 1389 - trainer - start predicting: 2026-08-22 17:22:34.546894
2026/08/22 17:22:36 - __main__ - INFO - 1426 - trainer - {'Best_HR@5': 35.3027, 'Best_NDCG@5': 26.5024, 'Best_HR@10': 45.2148, 'Best_NDCG@10': 29.6847, 'Best_HR@20': 58.7402, 'Best_NDCG@20': 33.0915}
2026/08/22 17:22:36 - __main__ - INFO - 1427 - trainer - {'Best_epoch_HR@5': 10, 'Best_epoch_NDCG@5': 10, 'Best_epoch_HR@10': 10, 'Best_epoch_NDCG@10': 10, 'Best_epoch_HR@20': 10, 'Best_epoch_NDCG@20': 10}
2026/08/22 17:22:36 - __main__ - INFO - 1384 - trainer - Epoch: 11
2026/08/22 17:22:36 - __main__ - INFO - 1389 - trainer - start predicting: 2026-08-22 17:22:36.799267
2026/08/22 17:22:38 - __main__ - INFO - 1426 - trainer - {'Best_HR@5': 36.2793, 'Best_NDCG@5': 26.9532, 'Best_HR@10': 46.3867, 'Best_NDCG@10': 30.2269, 'Best_HR@20': 59.3262, 'Best_NDCG@20': 33.479}
2026/08/22 17:22:38 - __main__ - INFO - 1427 - trainer - {'Best_epoch_HR@5': 11, 'Best_epoch_NDCG@5': 11, 'Best_epoch_HR@10': 11, 'Best_epoch_NDCG@10': 11, 'Best_epoch_HR@20': 11, 'Best_epoch_NDCG@20': 11}
2026/08/22 17:22:39 - __main__ - INFO - 1384 - trainer - Epoch: 12
2026/08/22 17:22:39 - __main__ - INFO - 1389 - trainer - start predicting: 2026-08-22 17:22:39.060252
2026/08/22 17:22:40 - __main__ - INFO - 1426 - trainer - {'Best_HR@5': 36.4746, 'Best_NDCG@5': 27.1415, 'Best_HR@10': 47.5586, 'Best_NDCG@10': 30.6814, 'Best_HR@20': 59.4238, 'Best_NDCG@20': 33.6779}
2026/08/22 17:22:40 - __main__ - INFO - 1427 - trainer - {'Best_epoch_HR@5': 12, 'Best_epoch_NDCG@5': 12, 'Best_epoch_HR@10': 12, 'Best_epoch_NDCG@10': 12, 'Best_epoch_HR@20': 12, 'Best_epoch_NDCG@20': 12}
2026/08/22 17:22:41 - __main__ - INFO - 1384 - trainer - Epoch: 13
2026/08/22 17:22:41 - __main__ - INFO - 1389 - trainer - start predicting: 2026-08-22 17:22:41.561095
2026/08/22 17:22:43 - __main__ - INFO - 1426 - trainer - {'Best_HR@5': 36.4746, 'Best_NDCG@5': 27.3288, 'Best_HR@10': 47.5586, 'Best_NDCG@10': 30.9313, 'Best_HR@20': 59.4238, 'Best_NDCG@20': 33.8324}
2026/08/22 17:22:43 - __main__ - INFO - 1427 - trainer - {'Best_epoch_HR@5': 12, 'Best_epoch_NDCG@5': 13, 'Best_epoch_HR@10': 12, 'Best_epoch_NDCG@10': 13, 'Best_epoch_HR@20': 12, 'Best_epoch_NDCG@20': 13}
2026/08/22 17:22:43 - __main__ - INFO - 1384 - trainer - Epoch: 14
2026/08/22 17:22:43 - __main__ - INFO - 1389 - trainer - start predicting: 2026-08-22 17:22:43.833040
2026/08/22 17:22:45 - __main__ - INFO - 1426 - trainer - {'Best_HR@5': 37.3535, 'Best_NDCG@5': 27.7856, 'Best_HR@10': 47.5586, 'Best_NDCG@10': 31.0442, 'Best_HR@20': 59.9121, 'Best_NDCG@20': 34.1721}
2026/08/22 17:22:45 - __main__ - INFO - 1427 - trainer - {'Best_epoch_HR@5': 14, 'Best_epoch_NDCG@5': 14, 'Best_epoch_HR@10': 12, 'Best_epoch_NDCG@10': 14, 'Best_epoch_HR@20': 14, 'Best_epoch_NDCG@20': 14}
2026/08/22 17:22:46 - __main__ - INFO - 1384 - trainer - Epoch: 15
2026/08/22 17:22:46 - __main__ - INFO - 1389 - trainer - start predicting: 2026-08-22 17:22:46.144212
2026/08/22 17:22:47 - __main__ - INFO - 1426 - trainer - {'Best_HR@5': 37.5977, 'Best_NDCG@5': 28.0032, 'Best_HR@10': 48.2422, 'Best_NDCG@10': 31.441, 'Best_HR@20': 59.9121, 'Best_NDCG@20': 34.3415}
2026/08/22 17:22:47 - __main__ - INFO - 1427 - trainer - {'Best_epoch_HR@5': 15, 'Best_epoch_NDCG@5': 15, 'Best_epoch_HR@10': 15, 'Best_epoch_NDCG@10': 15, 'Best_epoch_HR@20': 14, 'Best_epoch_NDCG@20': 15}
2026/08/22 17:22:48 - __main__ - INFO - 1384 - trainer - Epoch: 16
2026/08/22 17:22:48 - __main__ - INFO - 1389 - trainer - start predicting: 2026-08-22 17:22:48.431177
2026/08/22 17:22:49 - __main__ - INFO - 1426 - trainer - {'Best_HR@5': 38.0371, 'Best_NDCG@5': 28.2611, 'Best_HR@10': 48.2422, 'Best_NDCG@10': 31.441, 'Best_HR@20': 60.3027, 'Best_NDCG@20': 34.5327}
2026/08/22 17:22:49 - __main__ - INFO - 1427 - trainer - {'Best_epoch_HR@5': 16, 'Best_epoch_NDCG@5': 16, 'Best_epoch_HR@10': 15, 'Best_epoch_NDCG@10': 15, 'Best_epoch_HR@20': 16, 'Best_epoch_NDCG@20': 16}
2026/08/22 17:22:50 - __main__ - INFO - 1384 - trainer - Epoch: 17
2026/08/22 17:22:50 - __main__ - INFO - 1389 - trainer - start predicting: 2026-08-22 17:22:50.665827
2026/08/22 17:22:52 - __main__ - INFO - 1426 - trainer - {'Best_HR@5': 38.0371, 'Best_NDCG@5': 28.2611, 'Best_HR@10': 48.6816, 'Best_NDCG@10': 31.441, 'Best_HR@20': 60.3027, 'Best_NDCG@20': 34.5327}
2026/08/22 17:22:52 - __main__ - INFO - 1427 - trainer - {'Best_epoch_HR@5': 16, 'Best_epoch_NDCG@5': 16, 'Best_epoch_HR@10': 17, 'Best_epoch_NDCG@10': 15, 'Best_epoch_HR@20': 16, 'Best_epoch_NDCG@20': 16}
2026/08/22 17:22:52 - __main__ - INFO - 1384 - trainer - Epoch: 18
2026/08/22 17:22:52 - __main__ - INFO - 1389 - trainer - start predicting: 2026-08-22 17:22:52.899461
2026/08/22 17:22:54 - __main__ - INFO - 1426 - trainer - {'Best_HR@5': 38.2812, 'Best_NDCG@5': 28.2611, 'Best_HR@10': 48.7305, 'Best_NDCG@10': 31.441, 'Best_HR@20': 60.3027, 'Best_NDCG@20': 34.5327}
2026/08/22 17:22:54 - __main__ - INFO - 1427 - trainer - {'Best_epoch_HR@5': 18, 'Best_epoch_NDCG@5': 16, 'Best_epoch_HR@10': 18, 'Best_epoch_NDCG@10': 15, 'Best_epoch_HR@20': 16, 'Best_epoch_NDCG@20': 16}
2026/08/22 17:22:55 - __main__ - INFO - 1384 - trainer - Epoch: 19
2026/08/22 17:22:55 - __main__ - INFO - 1389 - trainer - start predicting: 2026-08-22 17:22:55.151753
2026/08/22 17:22:56 - __main__ - INFO - 1426 - trainer - {'Best_HR@5': 38.2812, 'Best_NDCG@5': 28.3264, 'Best_HR@10': 48.7793, 'Best_NDCG@10': 31.7618, 'Best_HR@20': 60.3027, 'Best_NDCG@20': 34.552}
2026/08/22 17:22:56 - __main__ - INFO - 1427 - trainer - {'Best_epoch_HR@5': 18, 'Best_epoch_NDCG@5': 19, 'Best_epoch_HR@10': 19, 'Best_epoch_NDCG@10': 19, 'Best_epoch_HR@20': 16, 'Best_epoch_NDCG@20': 19}
2026/08/22 17:22:57 - __main__ - INFO - 1384 - trainer - Epoch: 20
2026/08/22 17:22:57 - __main__ - INFO - 1389 - trainer - start predicting: 2026-08-22 17:22:57.440050
2026/08/22 17:22:58 - __main__ - INFO - 1426 - trainer - {'Best_HR@5': 38.8184, 'Best_NDCG@5': 28.6983, 'Best_HR@10': 48.7793, 'Best_NDCG@10': 31.8554, 'Best_HR@20': 60.3027, 'Best_NDCG@20': 34.6098}
2026/08/22 17:22:58 - __main__ - INFO - 1427 - trainer - {'Best_epoch_HR@5': 20, 'Best_epoch_NDCG@5': 20, 'Best_epoch_HR@10': 19, 'Best_epoch_NDCG@10': 20, 'Best_epoch_HR@20': 16, 'Best_epoch_NDCG@20': 20}
2026/08/22 17:22:59 - __main__ - INFO - 1384 - trainer - Epoch: 21
2026/08/22 17:22:59 - __main__ - INFO - 1389 - trainer - start predicting: 2026-08-22 17:22:59.658643
2026/08/22 17:23:01 - __main__ - INFO - 1384 - trainer - Epoch: 22
2026/08/22 17:23:01 - __main__ - INFO - 1389 - trainer - start predicting: 2026-08-22 17:23:01.901070
2026/08/22 17:23:04 - __main__ - INFO - 1384 - trainer - Epoch: 23
2026/08/22 17:23:04 - __main__ - INFO - 1389 - trainer - start predicting: 2026-08-22 17:23:04.144844
2026/08/22 17:23:06 - __main__ - INFO - 1384 - trainer - Epoch: 24
2026/08/22 17:23:06 - __main__ - INFO - 1389 - trainer - start predicting: 2026-08-22 17:23:06.408769
2026/08/22 17:23:08 - __main__ - INFO - 1384 - trainer - Epoch: 25
2026/08/22 17:23:08 - __main__ - INFO - 1389 - trainer - start predicting: 2026-08-22 17:23:08.642370
2026/08/22 17:23:10 - __main__ - INFO - 1436 - trainer - {'Best_HR@5': 38.8184, 'Best_NDCG@5': 28.6983, 'Best_HR@10': 48.7793, 'Best_NDCG@10': 31.8554, 'Best_HR@20': 60.3027, 'Best_NDCG@20': 34.6098}
2026/08/22 17:23:10 - __main__ - INFO - 1437 - trainer - {'Best_epoch_HR@5': 20, 'Best_epoch_NDCG@5': 20, 'Best_epoch_HR@10': 19, 'Best_epoch_NDCG@10': 20, 'Best_epoch_HR@20': 16, 'Best_epoch_NDCG@20': 20}
2026/08/22 17:23:10 - __main__ - INFO - 1543 - trainer - Target Popularity Definition---------------------------------------------
2026/08/22 17:23:10 - __main__ - INFO - 1548 - trainer - {'domain': 'Target', 'popular_ratio': 0.2, 'observed_train_items': 21856, 'popular_items': 4372, 'unpopular_seen_items': 17484, 'unseen_items_in_test': 'calculated from test ground truth'}
2026/08/22 17:23:11 - __main__ - INFO - 1824 - trainer - %s Test Overall------------------------------------------------------
2026/08/22 17:23:11 - __main__ - INFO - 1828 - trainer - {'HR@5': 38.57, 'NDCG@5': 28.9394, 'HR@10': 49.9514, 'NDCG@10': 32.6146, 'HR@20': 61.3327, 'NDCG@20': 35.4949}
2026/08/22 17:23:11 - __main__ - INFO - 1919 - trainer - Target Test Group Size----------------------------------------------
2026/08/22 17:23:11 - __main__ - INFO - 1924 - trainer - {'domain': 'Target', 'Overall_test_samples': 2056, 'Popular_test_samples': 1372, 'Unpopular_seen_test_samples': 505, 'Unseen_test_samples': 179, 'Grouped_test_samples': 2056}
2026/08/22 17:23:11 - __main__ - INFO - 1926 - trainer - Target Test Popular Ground Truth-------------------------------------
2026/08/22 17:23:11 - __main__ - INFO - 1931 - trainer - {'HR@5': 56.1224, 'NDCG@5': 42.5269, 'HR@10': 70.4082, 'NDCG@10': 47.1491, 'HR@20': 82.2157, 'NDCG@20': 50.148}
2026/08/22 17:23:11 - __main__ - INFO - 1933 - trainer - Target Test Unpopular-Seen Ground Truth------------------------------
2026/08/22 17:23:11 - __main__ - INFO - 1938 - trainer - {'HR@5': 4.5545, 'NDCG@5': 2.282, 'HR@10': 12.0792, 'NDCG@10': 4.6871, 'HR@20': 26.3366, 'NDCG@20': 8.2663}
2026/08/22 17:23:11 - __main__ - INFO - 1942 - trainer - Target Test Unseen Ground Truth--------------------------------------
2026/08/22 17:23:11 - __main__ - INFO - 1947 - trainer - {'HR@5': 0.0, 'NDCG@5': 0.0, 'HR@10': 0.0, 'NDCG@10': 0.0, 'HR@20': 0.0, 'NDCG@20': 0.0}
2026/08/22 17:23:11 - __main__ - INFO - 1949 - trainer - Target Recommendation Popularity-------------------------------------
2026/08/22 17:23:11 - __main__ - INFO - 1954 - trainer - {'PopularRatio@5': 87.072, 'PopularRatio@10': 73.0788, 'PopularRatio@20': 55.1581}
2026/08/22 17:23:11 - __main__ - INFO - 1957 - trainer - Best Eval---------------------------------------------------------
2026/08/22 17:23:11 - __main__ - INFO - 1960 - trainer - {'Best_HR@5': 38.8184, 'Best_NDCG@5': 28.6983, 'Best_HR@10': 48.7793, 'Best_NDCG@10': 31.8554, 'Best_HR@20': 60.3027, 'Best_NDCG@20': 34.6098}
2026/08/22 17:23:11 - __main__ - INFO - 1961 - trainer - {'Best_epoch_HR@5': 20, 'Best_epoch_NDCG@5': 20, 'Best_epoch_HR@10': 19, 'Best_epoch_NDCG@10': 20, 'Best_epoch_HR@20': 16, 'Best_epoch_NDCG@20': 20}
2026/08/22 17:23:11 - __main__ - INFO - 184 - main - Target model saved at: ./saved_model/movie_video/target_model.pth
