2026/08/20 12:01:11 - __main__ - INFO - 92 - main - Namespace(batch_size=512, decay_step=100, description='Diffu_norm_score', device='cuda', diffusion_steps=32, dropout=0.1, emb_dropout=0.3, epochs=100, eval_interval=5, gamma=0.1, group_alignment=1, group_alignment_mode='both', group_context_threshold=0.5, group_pop_weight=1.0, group_tail_weight=1.0, hidden_act='gelu', hidden_size=128, lambda_uncertainty=0.001, log_file='log/', loss_lambda=1, lr=0.001, max_len=8, metric_ks=[5, 10, 20], momentum=None, noise_schedule='trunc_lin', num_blocks=4, num_gpu=1, optimizer='Adam', p=0.3, patience=2, popular_ratio=0.2, random_seed=1997, rescale_timesteps=True, s_dataset='movie', schedule_sampler_name='lossaware', t_dataset='video', target_next_reweight_alpha=0.5, target_next_rule_reweight=1, w=1.0, weight_decay=0)
2026/08/20 12:01:14 - __main__ - INFO - 496 - trainer - Group-aware Alignment Definition------------------------------------
2026/08/20 12:01:14 - __main__ - INFO - 500 - trainer - {'group_alignment': True, 'alignment_mode': 'both', 'context_threshold': 0.5, 'popular_weight': 1.0, 'tail_weight': 1.0, 'source_popular_items': 17856, 'target_popular_items': 4372}
2026/08/20 12:01:14 - __main__ - INFO - 632 - trainer - Group-aware Alignment Batch------------------------------------
2026/08/20 12:01:14 - __main__ - INFO - 637 - trainer - {'Epoch': 0, 'Source Popular-context': 407, 'Source Tail-context': 75, 'Target Popular-context': 379, 'Target Tail-context': 87}
2026/08/20 12:01:19 - __main__ - INFO - 648 - trainer - Epoch: 0
2026/08/20 12:01:19 - __main__ - INFO - 632 - trainer - Group-aware Alignment Batch------------------------------------
2026/08/20 12:01:19 - __main__ - INFO - 637 - trainer - {'Epoch': 1, 'Source Popular-context': 394, 'Source Tail-context': 77, 'Target Popular-context': 372, 'Target Tail-context': 83}
2026/08/20 12:01:24 - __main__ - INFO - 648 - trainer - Epoch: 1
2026/08/20 12:01:24 - __main__ - INFO - 632 - trainer - Group-aware Alignment Batch------------------------------------
2026/08/20 12:01:24 - __main__ - INFO - 637 - trainer - {'Epoch': 2, 'Source Popular-context': 393, 'Source Tail-context': 73, 'Target Popular-context': 387, 'Target Tail-context': 77}
2026/08/20 12:01:28 - __main__ - INFO - 648 - trainer - Epoch: 2
2026/08/20 12:01:28 - __main__ - INFO - 632 - trainer - Group-aware Alignment Batch------------------------------------
2026/08/20 12:01:28 - __main__ - INFO - 637 - trainer - {'Epoch': 3, 'Source Popular-context': 409, 'Source Tail-context': 56, 'Target Popular-context': 342, 'Target Tail-context': 98}
2026/08/20 12:01:33 - __main__ - INFO - 648 - trainer - Epoch: 3
2026/08/20 12:01:33 - __main__ - INFO - 632 - trainer - Group-aware Alignment Batch------------------------------------
2026/08/20 12:01:33 - __main__ - INFO - 637 - trainer - {'Epoch': 4, 'Source Popular-context': 418, 'Source Tail-context': 59, 'Target Popular-context': 370, 'Target Tail-context': 79}
2026/08/20 12:01:37 - __main__ - INFO - 648 - trainer - Epoch: 4
2026/08/20 12:01:37 - __main__ - INFO - 632 - trainer - Group-aware Alignment Batch------------------------------------
2026/08/20 12:01:37 - __main__ - INFO - 637 - trainer - {'Epoch': 5, 'Source Popular-context': 403, 'Source Tail-context': 59, 'Target Popular-context': 368, 'Target Tail-context': 85}
2026/08/20 12:01:42 - __main__ - INFO - 648 - trainer - Epoch: 5
2026/08/20 12:01:42 - __main__ - INFO - 653 - trainer - start predicting: 2026-08-20 12:01:42.013620
2026/08/20 12:01:53 - __main__ - INFO - 690 - trainer - {'Best_HR@5': 38.6621, 'Best_NDCG@5': 29.8305, 'Best_HR@10': 49.1016, 'Best_NDCG@10': 33.2054, 'Best_HR@20': 61.8359, 'Best_NDCG@20': 36.4132}
2026/08/20 12:01:53 - __main__ - INFO - 691 - trainer - {'Best_epoch_HR@5': 5, 'Best_epoch_NDCG@5': 5, 'Best_epoch_HR@10': 5, 'Best_epoch_NDCG@10': 5, 'Best_epoch_HR@20': 5, 'Best_epoch_NDCG@20': 5}
2026/08/20 12:01:53 - __main__ - INFO - 632 - trainer - Group-aware Alignment Batch------------------------------------
2026/08/20 12:01:53 - __main__ - INFO - 637 - trainer - {'Epoch': 6, 'Source Popular-context': 423, 'Source Tail-context': 54, 'Target Popular-context': 362, 'Target Tail-context': 95}
2026/08/20 12:01:58 - __main__ - INFO - 648 - trainer - Epoch: 6
2026/08/20 12:01:58 - __main__ - INFO - 632 - trainer - Group-aware Alignment Batch------------------------------------
2026/08/20 12:01:58 - __main__ - INFO - 637 - trainer - {'Epoch': 7, 'Source Popular-context': 421, 'Source Tail-context': 63, 'Target Popular-context': 375, 'Target Tail-context': 85}
2026/08/20 12:02:02 - __main__ - INFO - 648 - trainer - Epoch: 7
2026/08/20 12:02:02 - __main__ - INFO - 632 - trainer - Group-aware Alignment Batch------------------------------------
2026/08/20 12:02:02 - __main__ - INFO - 637 - trainer - {'Epoch': 8, 'Source Popular-context': 421, 'Source Tail-context': 59, 'Target Popular-context': 368, 'Target Tail-context': 94}
2026/08/20 12:02:06 - __main__ - INFO - 648 - trainer - Epoch: 8
2026/08/20 12:02:06 - __main__ - INFO - 632 - trainer - Group-aware Alignment Batch------------------------------------
2026/08/20 12:02:06 - __main__ - INFO - 637 - trainer - {'Epoch': 9, 'Source Popular-context': 402, 'Source Tail-context': 78, 'Target Popular-context': 378, 'Target Tail-context': 85}
2026/08/20 12:02:11 - __main__ - INFO - 648 - trainer - Epoch: 9
2026/08/20 12:02:11 - __main__ - INFO - 632 - trainer - Group-aware Alignment Batch------------------------------------
2026/08/20 12:02:11 - __main__ - INFO - 637 - trainer - {'Epoch': 10, 'Source Popular-context': 428, 'Source Tail-context': 46, 'Target Popular-context': 374, 'Target Tail-context': 78}
2026/08/20 12:02:15 - __main__ - INFO - 648 - trainer - Epoch: 10
2026/08/20 12:02:15 - __main__ - INFO - 653 - trainer - start predicting: 2026-08-20 12:02:15.248860
2026/08/20 12:02:27 - __main__ - INFO - 690 - trainer - {'Best_HR@5': 48.2227, 'Best_NDCG@5': 36.8793, 'Best_HR@10': 58.877, 'Best_NDCG@10': 40.3294, 'Best_HR@20': 69.4629, 'Best_NDCG@20': 43.0071}
2026/08/20 12:02:27 - __main__ - INFO - 691 - trainer - {'Best_epoch_HR@5': 10, 'Best_epoch_NDCG@5': 10, 'Best_epoch_HR@10': 10, 'Best_epoch_NDCG@10': 10, 'Best_epoch_HR@20': 10, 'Best_epoch_NDCG@20': 10}
2026/08/20 12:02:27 - __main__ - INFO - 632 - trainer - Group-aware Alignment Batch------------------------------------
2026/08/20 12:02:27 - __main__ - INFO - 637 - trainer - {'Epoch': 11, 'Source Popular-context': 413, 'Source Tail-context': 60, 'Target Popular-context': 381, 'Target Tail-context': 85}
2026/08/20 12:02:31 - __main__ - INFO - 648 - trainer - Epoch: 11
2026/08/20 12:02:31 - __main__ - INFO - 632 - trainer - Group-aware Alignment Batch------------------------------------
2026/08/20 12:02:31 - __main__ - INFO - 637 - trainer - {'Epoch': 12, 'Source Popular-context': 424, 'Source Tail-context': 60, 'Target Popular-context': 372, 'Target Tail-context': 80}
2026/08/20 12:02:36 - __main__ - INFO - 648 - trainer - Epoch: 12
2026/08/20 12:02:36 - __main__ - INFO - 632 - trainer - Group-aware Alignment Batch------------------------------------
2026/08/20 12:02:36 - __main__ - INFO - 637 - trainer - {'Epoch': 13, 'Source Popular-context': 411, 'Source Tail-context': 73, 'Target Popular-context': 382, 'Target Tail-context': 79}
2026/08/20 12:02:40 - __main__ - INFO - 648 - trainer - Epoch: 13
2026/08/20 12:02:40 - __main__ - INFO - 632 - trainer - Group-aware Alignment Batch------------------------------------
2026/08/20 12:02:40 - __main__ - INFO - 637 - trainer - {'Epoch': 14, 'Source Popular-context': 423, 'Source Tail-context': 65, 'Target Popular-context': 379, 'Target Tail-context': 94}
2026/08/20 12:02:45 - __main__ - INFO - 648 - trainer - Epoch: 14
2026/08/20 12:02:45 - __main__ - INFO - 632 - trainer - Group-aware Alignment Batch------------------------------------
2026/08/20 12:02:45 - __main__ - INFO - 637 - trainer - {'Epoch': 15, 'Source Popular-context': 422, 'Source Tail-context': 58, 'Target Popular-context': 373, 'Target Tail-context': 98}
2026/08/20 12:02:49 - __main__ - INFO - 648 - trainer - Epoch: 15
2026/08/20 12:02:49 - __main__ - INFO - 653 - trainer - start predicting: 2026-08-20 12:02:49.568606
2026/08/20 12:03:01 - __main__ - INFO - 690 - trainer - {'Best_HR@5': 49.1797, 'Best_NDCG@5': 37.4333, 'Best_HR@10': 60.3223, 'Best_NDCG@10': 41.0498, 'Best_HR@20': 70.4297, 'Best_NDCG@20': 43.6145}
2026/08/20 12:03:01 - __main__ - INFO - 691 - trainer - {'Best_epoch_HR@5': 15, 'Best_epoch_NDCG@5': 15, 'Best_epoch_HR@10': 15, 'Best_epoch_NDCG@10': 15, 'Best_epoch_HR@20': 15, 'Best_epoch_NDCG@20': 15}
2026/08/20 12:03:01 - __main__ - INFO - 632 - trainer - Group-aware Alignment Batch------------------------------------
2026/08/20 12:03:01 - __main__ - INFO - 637 - trainer - {'Epoch': 16, 'Source Popular-context': 403, 'Source Tail-context': 65, 'Target Popular-context': 374, 'Target Tail-context': 89}
2026/08/20 12:03:05 - __main__ - INFO - 648 - trainer - Epoch: 16
2026/08/20 12:03:05 - __main__ - INFO - 632 - trainer - Group-aware Alignment Batch------------------------------------
2026/08/20 12:03:05 - __main__ - INFO - 637 - trainer - {'Epoch': 17, 'Source Popular-context': 423, 'Source Tail-context': 52, 'Target Popular-context': 355, 'Target Tail-context': 109}
2026/08/20 12:03:10 - __main__ - INFO - 648 - trainer - Epoch: 17
2026/08/20 12:03:10 - __main__ - INFO - 632 - trainer - Group-aware Alignment Batch------------------------------------
2026/08/20 12:03:10 - __main__ - INFO - 637 - trainer - {'Epoch': 18, 'Source Popular-context': 413, 'Source Tail-context': 63, 'Target Popular-context': 386, 'Target Tail-context': 85}
2026/08/20 12:03:14 - __main__ - INFO - 648 - trainer - Epoch: 18
2026/08/20 12:03:14 - __main__ - INFO - 632 - trainer - Group-aware Alignment Batch------------------------------------
2026/08/20 12:03:14 - __main__ - INFO - 637 - trainer - {'Epoch': 19, 'Source Popular-context': 402, 'Source Tail-context': 63, 'Target Popular-context': 367, 'Target Tail-context': 94}
2026/08/20 12:03:19 - __main__ - INFO - 648 - trainer - Epoch: 19
2026/08/20 12:03:19 - __main__ - INFO - 632 - trainer - Group-aware Alignment Batch------------------------------------
2026/08/20 12:03:19 - __main__ - INFO - 637 - trainer - {'Epoch': 20, 'Source Popular-context': 409, 'Source Tail-context': 62, 'Target Popular-context': 373, 'Target Tail-context': 82}
2026/08/20 12:03:23 - __main__ - INFO - 648 - trainer - Epoch: 20
2026/08/20 12:03:23 - __main__ - INFO - 653 - trainer - start predicting: 2026-08-20 12:03:23.603363
2026/08/20 12:03:35 - __main__ - INFO - 632 - trainer - Group-aware Alignment Batch------------------------------------
2026/08/20 12:03:35 - __main__ - INFO - 637 - trainer - {'Epoch': 21, 'Source Popular-context': 404, 'Source Tail-context': 63, 'Target Popular-context': 372, 'Target Tail-context': 83}
2026/08/20 12:03:39 - __main__ - INFO - 648 - trainer - Epoch: 21
2026/08/20 12:03:39 - __main__ - INFO - 632 - trainer - Group-aware Alignment Batch------------------------------------
2026/08/20 12:03:39 - __main__ - INFO - 637 - trainer - {'Epoch': 22, 'Source Popular-context': 416, 'Source Tail-context': 59, 'Target Popular-context': 370, 'Target Tail-context': 78}
2026/08/20 12:03:44 - __main__ - INFO - 648 - trainer - Epoch: 22
2026/08/20 12:03:44 - __main__ - INFO - 632 - trainer - Group-aware Alignment Batch------------------------------------
2026/08/20 12:03:44 - __main__ - INFO - 637 - trainer - {'Epoch': 23, 'Source Popular-context': 404, 'Source Tail-context': 69, 'Target Popular-context': 385, 'Target Tail-context': 81}
2026/08/20 12:03:48 - __main__ - INFO - 648 - trainer - Epoch: 23
2026/08/20 12:03:48 - __main__ - INFO - 632 - trainer - Group-aware Alignment Batch------------------------------------
2026/08/20 12:03:48 - __main__ - INFO - 637 - trainer - {'Epoch': 24, 'Source Popular-context': 400, 'Source Tail-context': 74, 'Target Popular-context': 373, 'Target Tail-context': 90}
2026/08/20 12:03:53 - __main__ - INFO - 648 - trainer - Epoch: 24
2026/08/20 12:03:53 - __main__ - INFO - 632 - trainer - Group-aware Alignment Batch------------------------------------
2026/08/20 12:03:53 - __main__ - INFO - 637 - trainer - {'Epoch': 25, 'Source Popular-context': 415, 'Source Tail-context': 50, 'Target Popular-context': 382, 'Target Tail-context': 81}
2026/08/20 12:03:57 - __main__ - INFO - 648 - trainer - Epoch: 25
2026/08/20 12:03:57 - __main__ - INFO - 653 - trainer - start predicting: 2026-08-20 12:03:57.327648
2026/08/20 12:04:09 - __main__ - INFO - 700 - trainer - {'Best_HR@5': 49.1797, 'Best_NDCG@5': 37.4333, 'Best_HR@10': 60.3223, 'Best_NDCG@10': 41.0498, 'Best_HR@20': 70.4297, 'Best_NDCG@20': 43.6145}
2026/08/20 12:04:09 - __main__ - INFO - 701 - trainer - {'Best_epoch_HR@5': 15, 'Best_epoch_NDCG@5': 15, 'Best_epoch_HR@10': 15, 'Best_epoch_NDCG@10': 15, 'Best_epoch_HR@20': 15, 'Best_epoch_NDCG@20': 15}
2026/08/20 12:04:09 - __main__ - INFO - 807 - trainer - Source Popularity Definition---------------------------------------------
2026/08/20 12:04:09 - __main__ - INFO - 812 - trainer - {'domain': 'Source', 'popular_ratio': 0.2, 'observed_train_items': 89276, 'popular_items': 17856, 'unpopular_seen_items': 71420, 'unseen_items_in_test': 'calculated from test ground truth'}
2026/08/20 12:04:16 - __main__ - INFO - 1088 - trainer - %s Test Overall------------------------------------------------------
2026/08/20 12:04:16 - __main__ - INFO - 1092 - trainer - {'HR@5': 49.8753, 'NDCG@5': 38.1821, 'HR@10': 60.4107, 'NDCG@10': 41.608, 'HR@20': 70.1785, 'NDCG@20': 44.0883}
2026/08/20 12:04:16 - __main__ - INFO - 1183 - trainer - Source Test Group Size----------------------------------------------
2026/08/20 12:04:16 - __main__ - INFO - 1188 - trainer - {'domain': 'Source', 'Overall_test_samples': 10422, 'Popular_test_samples': 7854, 'Unpopular_seen_test_samples': 1824, 'Unseen_test_samples': 744, 'Grouped_test_samples': 10422}
2026/08/20 12:04:16 - __main__ - INFO - 1190 - trainer - Source Test Popular Ground Truth-------------------------------------
2026/08/20 12:04:16 - __main__ - INFO - 1195 - trainer - {'HR@5': 65.4826, 'NDCG@5': 50.336, 'HR@10': 78.2022, 'NDCG@10': 54.4832, 'HR@20': 87.9297, 'NDCG@20': 56.9665}
2026/08/20 12:04:16 - __main__ - INFO - 1197 - trainer - Source Test Unpopular-Seen Ground Truth------------------------------
2026/08/20 12:04:16 - __main__ - INFO - 1202 - trainer - {'HR@5': 3.0154, 'NDCG@5': 1.4225, 'HR@10': 8.443, 'NDCG@10': 3.1399, 'HR@20': 22.3684, 'NDCG@20': 6.6193}
2026/08/20 12:04:16 - __main__ - INFO - 1206 - trainer - Source Test Unseen Ground Truth--------------------------------------
2026/08/20 12:04:16 - __main__ - INFO - 1211 - trainer - {'HR@5': 0.0, 'NDCG@5': 0.0, 'HR@10': 0.0, 'NDCG@10': 0.0, 'HR@20': 0.0, 'NDCG@20': 0.0}
2026/08/20 12:04:16 - __main__ - INFO - 1213 - trainer - Source Recommendation Popularity-------------------------------------
2026/08/20 12:04:16 - __main__ - INFO - 1218 - trainer - {'PopularRatio@5': 93.5483, 'PopularRatio@10': 82.1061, 'PopularRatio@20': 61.7319}
2026/08/20 12:04:16 - __main__ - INFO - 1221 - trainer - Best Eval---------------------------------------------------------
2026/08/20 12:04:16 - __main__ - INFO - 1224 - trainer - {'Best_HR@5': 49.1797, 'Best_NDCG@5': 37.4333, 'Best_HR@10': 60.3223, 'Best_NDCG@10': 41.0498, 'Best_HR@20': 70.4297, 'Best_NDCG@20': 43.6145}
2026/08/20 12:04:16 - __main__ - INFO - 1225 - trainer - {'Best_epoch_HR@5': 15, 'Best_epoch_NDCG@5': 15, 'Best_epoch_HR@10': 15, 'Best_epoch_NDCG@10': 15, 'Best_epoch_HR@20': 15, 'Best_epoch_NDCG@20': 15}
2026/08/20 12:04:16 - __main__ - INFO - 439 - trainer - D1 Sample-wise Target Next Regulation
2026/08/20 12:04:16 - __main__ - INFO - 442 - trainer - {'D1': 'Sample-wise Target Next Regulation', 'Popular Next Action': 'Normal', 'Unpopular Next Action': 'Reweight', 'Popular Next Samples': 11526, 'Unpopular Next Samples': 4912, 'Alpha': 0.5, 'Mean Unpopular Raw Weight': 1.4202}
2026/08/20 12:04:17 - __main__ - INFO - 648 - trainer - Epoch: 0
2026/08/20 12:04:17 - __main__ - INFO - 648 - trainer - Epoch: 1
2026/08/20 12:04:17 - __main__ - INFO - 653 - trainer - start predicting: 2026-08-20 12:04:17.529368
2026/08/20 12:04:19 - __main__ - INFO - 690 - trainer - {'Best_HR@5': 7.5195, 'Best_NDCG@5': 4.0651, 'Best_HR@10': 14.0137, 'Best_NDCG@10': 6.1334, 'Best_HR@20': 29.7363, 'Best_NDCG@20': 10.0563}
2026/08/20 12:04:19 - __main__ - INFO - 691 - trainer - {'Best_epoch_HR@5': 1, 'Best_epoch_NDCG@5': 1, 'Best_epoch_HR@10': 1, 'Best_epoch_NDCG@10': 1, 'Best_epoch_HR@20': 1, 'Best_epoch_NDCG@20': 1}
2026/08/20 12:04:19 - __main__ - INFO - 648 - trainer - Epoch: 2
2026/08/20 12:04:19 - __main__ - INFO - 653 - trainer - start predicting: 2026-08-20 12:04:19.644368
2026/08/20 12:04:21 - __main__ - INFO - 690 - trainer - {'Best_HR@5': 12.3047, 'Best_NDCG@5': 7.5269, 'Best_HR@10': 21.3867, 'Best_NDCG@10': 10.4275, 'Best_HR@20': 36.9629, 'Best_NDCG@20': 14.3424}
2026/08/20 12:04:21 - __main__ - INFO - 691 - trainer - {'Best_epoch_HR@5': 2, 'Best_epoch_NDCG@5': 2, 'Best_epoch_HR@10': 2, 'Best_epoch_NDCG@10': 2, 'Best_epoch_HR@20': 2, 'Best_epoch_NDCG@20': 2}
2026/08/20 12:04:21 - __main__ - INFO - 648 - trainer - Epoch: 3
2026/08/20 12:04:21 - __main__ - INFO - 653 - trainer - start predicting: 2026-08-20 12:04:21.749230
2026/08/20 12:04:23 - __main__ - INFO - 690 - trainer - {'Best_HR@5': 17.8223, 'Best_NDCG@5': 11.2902, 'Best_HR@10': 28.0762, 'Best_NDCG@10': 14.5586, 'Best_HR@20': 45.1172, 'Best_NDCG@20': 18.846}
2026/08/20 12:04:23 - __main__ - INFO - 691 - trainer - {'Best_epoch_HR@5': 3, 'Best_epoch_NDCG@5': 3, 'Best_epoch_HR@10': 3, 'Best_epoch_NDCG@10': 3, 'Best_epoch_HR@20': 3, 'Best_epoch_NDCG@20': 3}
2026/08/20 12:04:23 - __main__ - INFO - 648 - trainer - Epoch: 4
2026/08/20 12:04:23 - __main__ - INFO - 653 - trainer - start predicting: 2026-08-20 12:04:23.785022
2026/08/20 12:04:25 - __main__ - INFO - 690 - trainer - {'Best_HR@5': 22.4609, 'Best_NDCG@5': 14.6688, 'Best_HR@10': 33.7891, 'Best_NDCG@10': 18.3085, 'Best_HR@20': 49.2676, 'Best_NDCG@20': 22.2107}
2026/08/20 12:04:25 - __main__ - INFO - 691 - trainer - {'Best_epoch_HR@5': 4, 'Best_epoch_NDCG@5': 4, 'Best_epoch_HR@10': 4, 'Best_epoch_NDCG@10': 4, 'Best_epoch_HR@20': 4, 'Best_epoch_NDCG@20': 4}
2026/08/20 12:04:25 - __main__ - INFO - 648 - trainer - Epoch: 5
2026/08/20 12:04:25 - __main__ - INFO - 653 - trainer - start predicting: 2026-08-20 12:04:25.843923
2026/08/20 12:04:27 - __main__ - INFO - 690 - trainer - {'Best_HR@5': 24.5117, 'Best_NDCG@5': 16.5953, 'Best_HR@10': 36.5723, 'Best_NDCG@10': 20.4867, 'Best_HR@20': 51.5137, 'Best_NDCG@20': 24.2395}
2026/08/20 12:04:27 - __main__ - INFO - 691 - trainer - {'Best_epoch_HR@5': 5, 'Best_epoch_NDCG@5': 5, 'Best_epoch_HR@10': 5, 'Best_epoch_NDCG@10': 5, 'Best_epoch_HR@20': 5, 'Best_epoch_NDCG@20': 5}
2026/08/20 12:04:28 - __main__ - INFO - 648 - trainer - Epoch: 6
2026/08/20 12:04:28 - __main__ - INFO - 653 - trainer - start predicting: 2026-08-20 12:04:28.006140
2026/08/20 12:04:29 - __main__ - INFO - 690 - trainer - {'Best_HR@5': 27.3926, 'Best_NDCG@5': 19.1753, 'Best_HR@10': 38.3301, 'Best_NDCG@10': 22.6968, 'Best_HR@20': 54.3457, 'Best_NDCG@20': 26.7429}
2026/08/20 12:04:29 - __main__ - INFO - 691 - trainer - {'Best_epoch_HR@5': 6, 'Best_epoch_NDCG@5': 6, 'Best_epoch_HR@10': 6, 'Best_epoch_NDCG@10': 6, 'Best_epoch_HR@20': 6, 'Best_epoch_NDCG@20': 6}
2026/08/20 12:04:30 - __main__ - INFO - 648 - trainer - Epoch: 7
2026/08/20 12:04:30 - __main__ - INFO - 653 - trainer - start predicting: 2026-08-20 12:04:30.106046
2026/08/20 12:04:31 - __main__ - INFO - 690 - trainer - {'Best_HR@5': 30.4688, 'Best_NDCG@5': 21.5884, 'Best_HR@10': 40.2832, 'Best_NDCG@10': 24.7549, 'Best_HR@20': 55.4199, 'Best_NDCG@20': 28.5282}
2026/08/20 12:04:31 - __main__ - INFO - 691 - trainer - {'Best_epoch_HR@5': 7, 'Best_epoch_NDCG@5': 7, 'Best_epoch_HR@10': 7, 'Best_epoch_NDCG@10': 7, 'Best_epoch_HR@20': 7, 'Best_epoch_NDCG@20': 7}
2026/08/20 12:04:32 - __main__ - INFO - 648 - trainer - Epoch: 8
2026/08/20 12:04:32 - __main__ - INFO - 653 - trainer - start predicting: 2026-08-20 12:04:32.218762
2026/08/20 12:04:33 - __main__ - INFO - 690 - trainer - {'Best_HR@5': 31.2012, 'Best_NDCG@5': 23.3029, 'Best_HR@10': 41.6504, 'Best_NDCG@10': 26.667, 'Best_HR@20': 56.6895, 'Best_NDCG@20': 30.4529}
2026/08/20 12:04:33 - __main__ - INFO - 691 - trainer - {'Best_epoch_HR@5': 8, 'Best_epoch_NDCG@5': 8, 'Best_epoch_HR@10': 8, 'Best_epoch_NDCG@10': 8, 'Best_epoch_HR@20': 8, 'Best_epoch_NDCG@20': 8}
2026/08/20 12:04:34 - __main__ - INFO - 648 - trainer - Epoch: 9
2026/08/20 12:04:34 - __main__ - INFO - 653 - trainer - start predicting: 2026-08-20 12:04:34.319665
2026/08/20 12:04:35 - __main__ - INFO - 690 - trainer - {'Best_HR@5': 32.8613, 'Best_NDCG@5': 24.4781, 'Best_HR@10': 42.6758, 'Best_NDCG@10': 27.655, 'Best_HR@20': 56.6895, 'Best_NDCG@20': 31.1332}
2026/08/20 12:04:35 - __main__ - INFO - 691 - trainer - {'Best_epoch_HR@5': 9, 'Best_epoch_NDCG@5': 9, 'Best_epoch_HR@10': 9, 'Best_epoch_NDCG@10': 9, 'Best_epoch_HR@20': 8, 'Best_epoch_NDCG@20': 9}
2026/08/20 12:04:36 - __main__ - INFO - 648 - trainer - Epoch: 10
2026/08/20 12:04:36 - __main__ - INFO - 653 - trainer - start predicting: 2026-08-20 12:04:36.472689
2026/08/20 12:04:38 - __main__ - INFO - 690 - trainer - {'Best_HR@5': 34.2285, 'Best_NDCG@5': 25.9066, 'Best_HR@10': 43.4082, 'Best_NDCG@10': 28.849, 'Best_HR@20': 57.0801, 'Best_NDCG@20': 32.2912}
2026/08/20 12:04:38 - __main__ - INFO - 691 - trainer - {'Best_epoch_HR@5': 10, 'Best_epoch_NDCG@5': 10, 'Best_epoch_HR@10': 10, 'Best_epoch_NDCG@10': 10, 'Best_epoch_HR@20': 10, 'Best_epoch_NDCG@20': 10}
2026/08/20 12:04:38 - __main__ - INFO - 648 - trainer - Epoch: 11
2026/08/20 12:04:38 - __main__ - INFO - 653 - trainer - start predicting: 2026-08-20 12:04:38.574472
2026/08/20 12:04:40 - __main__ - INFO - 690 - trainer - {'Best_HR@5': 34.668, 'Best_NDCG@5': 26.0931, 'Best_HR@10': 44.0918, 'Best_NDCG@10': 29.1428, 'Best_HR@20': 58.8379, 'Best_NDCG@20': 32.8352}
2026/08/20 12:04:40 - __main__ - INFO - 691 - trainer - {'Best_epoch_HR@5': 11, 'Best_epoch_NDCG@5': 11, 'Best_epoch_HR@10': 11, 'Best_epoch_NDCG@10': 11, 'Best_epoch_HR@20': 11, 'Best_epoch_NDCG@20': 11}
2026/08/20 12:04:40 - __main__ - INFO - 648 - trainer - Epoch: 12
2026/08/20 12:04:40 - __main__ - INFO - 653 - trainer - start predicting: 2026-08-20 12:04:40.680695
2026/08/20 12:04:42 - __main__ - INFO - 690 - trainer - {'Best_HR@5': 34.8145, 'Best_NDCG@5': 26.1822, 'Best_HR@10': 45.2637, 'Best_NDCG@10': 29.5585, 'Best_HR@20': 58.8379, 'Best_NDCG@20': 32.897}
2026/08/20 12:04:42 - __main__ - INFO - 691 - trainer - {'Best_epoch_HR@5': 12, 'Best_epoch_NDCG@5': 12, 'Best_epoch_HR@10': 12, 'Best_epoch_NDCG@10': 12, 'Best_epoch_HR@20': 11, 'Best_epoch_NDCG@20': 12}
2026/08/20 12:04:42 - __main__ - INFO - 648 - trainer - Epoch: 13
2026/08/20 12:04:42 - __main__ - INFO - 653 - trainer - start predicting: 2026-08-20 12:04:42.795696
2026/08/20 12:04:44 - __main__ - INFO - 690 - trainer - {'Best_HR@5': 35.498, 'Best_NDCG@5': 26.499, 'Best_HR@10': 45.3613, 'Best_NDCG@10': 29.6818, 'Best_HR@20': 58.8379, 'Best_NDCG@20': 32.897}
2026/08/20 12:04:44 - __main__ - INFO - 691 - trainer - {'Best_epoch_HR@5': 13, 'Best_epoch_NDCG@5': 13, 'Best_epoch_HR@10': 13, 'Best_epoch_NDCG@10': 13, 'Best_epoch_HR@20': 11, 'Best_epoch_NDCG@20': 12}
2026/08/20 12:04:44 - __main__ - INFO - 648 - trainer - Epoch: 14
2026/08/20 12:04:44 - __main__ - INFO - 653 - trainer - start predicting: 2026-08-20 12:04:44.951843
2026/08/20 12:04:46 - __main__ - INFO - 690 - trainer - {'Best_HR@5': 36.4746, 'Best_NDCG@5': 27.0497, 'Best_HR@10': 45.8008, 'Best_NDCG@10': 30.0477, 'Best_HR@20': 58.8379, 'Best_NDCG@20': 33.1466}
2026/08/20 12:04:46 - __main__ - INFO - 691 - trainer - {'Best_epoch_HR@5': 14, 'Best_epoch_NDCG@5': 14, 'Best_epoch_HR@10': 14, 'Best_epoch_NDCG@10': 14, 'Best_epoch_HR@20': 11, 'Best_epoch_NDCG@20': 14}
2026/08/20 12:04:47 - __main__ - INFO - 648 - trainer - Epoch: 15
2026/08/20 12:04:47 - __main__ - INFO - 653 - trainer - start predicting: 2026-08-20 12:04:47.078358
2026/08/20 12:04:48 - __main__ - INFO - 690 - trainer - {'Best_HR@5': 36.4746, 'Best_NDCG@5': 27.0497, 'Best_HR@10': 46.3867, 'Best_NDCG@10': 30.2455, 'Best_HR@20': 58.8379, 'Best_NDCG@20': 33.2963}
2026/08/20 12:04:48 - __main__ - INFO - 691 - trainer - {'Best_epoch_HR@5': 14, 'Best_epoch_NDCG@5': 14, 'Best_epoch_HR@10': 15, 'Best_epoch_NDCG@10': 15, 'Best_epoch_HR@20': 11, 'Best_epoch_NDCG@20': 15}
2026/08/20 12:04:49 - __main__ - INFO - 648 - trainer - Epoch: 16
2026/08/20 12:04:49 - __main__ - INFO - 653 - trainer - start predicting: 2026-08-20 12:04:49.232484
2026/08/20 12:04:50 - __main__ - INFO - 690 - trainer - {'Best_HR@5': 36.5234, 'Best_NDCG@5': 27.1729, 'Best_HR@10': 46.3867, 'Best_NDCG@10': 30.2926, 'Best_HR@20': 58.8379, 'Best_NDCG@20': 33.4009}
2026/08/20 12:04:50 - __main__ - INFO - 691 - trainer - {'Best_epoch_HR@5': 16, 'Best_epoch_NDCG@5': 16, 'Best_epoch_HR@10': 15, 'Best_epoch_NDCG@10': 16, 'Best_epoch_HR@20': 11, 'Best_epoch_NDCG@20': 16}
2026/08/20 12:04:51 - __main__ - INFO - 648 - trainer - Epoch: 17
2026/08/20 12:04:51 - __main__ - INFO - 653 - trainer - start predicting: 2026-08-20 12:04:51.324493
2026/08/20 12:04:52 - __main__ - INFO - 690 - trainer - {'Best_HR@5': 36.5234, 'Best_NDCG@5': 27.1729, 'Best_HR@10': 46.5332, 'Best_NDCG@10': 30.2926, 'Best_HR@20': 58.8379, 'Best_NDCG@20': 33.4009}
2026/08/20 12:04:52 - __main__ - INFO - 691 - trainer - {'Best_epoch_HR@5': 16, 'Best_epoch_NDCG@5': 16, 'Best_epoch_HR@10': 17, 'Best_epoch_NDCG@10': 16, 'Best_epoch_HR@20': 11, 'Best_epoch_NDCG@20': 16}
2026/08/20 12:04:53 - __main__ - INFO - 648 - trainer - Epoch: 18
2026/08/20 12:04:53 - __main__ - INFO - 653 - trainer - start predicting: 2026-08-20 12:04:53.484366
2026/08/20 12:04:55 - __main__ - INFO - 690 - trainer - {'Best_HR@5': 36.6699, 'Best_NDCG@5': 27.1729, 'Best_HR@10': 46.5332, 'Best_NDCG@10': 30.2926, 'Best_HR@20': 58.8379, 'Best_NDCG@20': 33.4009}
2026/08/20 12:04:55 - __main__ - INFO - 691 - trainer - {'Best_epoch_HR@5': 18, 'Best_epoch_NDCG@5': 16, 'Best_epoch_HR@10': 17, 'Best_epoch_NDCG@10': 16, 'Best_epoch_HR@20': 11, 'Best_epoch_NDCG@20': 16}
2026/08/20 12:04:55 - __main__ - INFO - 648 - trainer - Epoch: 19
2026/08/20 12:04:55 - __main__ - INFO - 653 - trainer - start predicting: 2026-08-20 12:04:55.596100
2026/08/20 12:04:57 - __main__ - INFO - 690 - trainer - {'Best_HR@5': 36.6699, 'Best_NDCG@5': 27.2398, 'Best_HR@10': 46.5332, 'Best_NDCG@10': 30.3806, 'Best_HR@20': 58.9355, 'Best_NDCG@20': 33.5129}
2026/08/20 12:04:57 - __main__ - INFO - 691 - trainer - {'Best_epoch_HR@5': 18, 'Best_epoch_NDCG@5': 19, 'Best_epoch_HR@10': 17, 'Best_epoch_NDCG@10': 19, 'Best_epoch_HR@20': 19, 'Best_epoch_NDCG@20': 19}
2026/08/20 12:04:57 - __main__ - INFO - 648 - trainer - Epoch: 20
2026/08/20 12:04:57 - __main__ - INFO - 653 - trainer - start predicting: 2026-08-20 12:04:57.811323
2026/08/20 12:04:59 - __main__ - INFO - 648 - trainer - Epoch: 21
2026/08/20 12:04:59 - __main__ - INFO - 653 - trainer - start predicting: 2026-08-20 12:04:59.930135
2026/08/20 12:05:01 - __main__ - INFO - 690 - trainer - {'Best_HR@5': 37.1094, 'Best_NDCG@5': 27.2398, 'Best_HR@10': 46.875, 'Best_NDCG@10': 30.3806, 'Best_HR@20': 59.0332, 'Best_NDCG@20': 33.5129}
2026/08/20 12:05:01 - __main__ - INFO - 691 - trainer - {'Best_epoch_HR@5': 21, 'Best_epoch_NDCG@5': 19, 'Best_epoch_HR@10': 21, 'Best_epoch_NDCG@10': 19, 'Best_epoch_HR@20': 21, 'Best_epoch_NDCG@20': 19}
2026/08/20 12:05:02 - __main__ - INFO - 648 - trainer - Epoch: 22
2026/08/20 12:05:02 - __main__ - INFO - 653 - trainer - start predicting: 2026-08-20 12:05:02.093834
2026/08/20 12:05:04 - __main__ - INFO - 648 - trainer - Epoch: 23
2026/08/20 12:05:04 - __main__ - INFO - 653 - trainer - start predicting: 2026-08-20 12:05:04.337861
2026/08/20 12:05:06 - __main__ - INFO - 648 - trainer - Epoch: 24
2026/08/20 12:05:06 - __main__ - INFO - 653 - trainer - start predicting: 2026-08-20 12:05:06.410835
2026/08/20 12:05:08 - __main__ - INFO - 648 - trainer - Epoch: 25
2026/08/20 12:05:08 - __main__ - INFO - 653 - trainer - start predicting: 2026-08-20 12:05:08.509575
2026/08/20 12:05:10 - __main__ - INFO - 648 - trainer - Epoch: 26
2026/08/20 12:05:10 - __main__ - INFO - 653 - trainer - start predicting: 2026-08-20 12:05:10.628732
2026/08/20 12:05:12 - __main__ - INFO - 700 - trainer - {'Best_HR@5': 37.1094, 'Best_NDCG@5': 27.2398, 'Best_HR@10': 46.875, 'Best_NDCG@10': 30.3806, 'Best_HR@20': 59.0332, 'Best_NDCG@20': 33.5129}
2026/08/20 12:05:12 - __main__ - INFO - 701 - trainer - {'Best_epoch_HR@5': 21, 'Best_epoch_NDCG@5': 19, 'Best_epoch_HR@10': 21, 'Best_epoch_NDCG@10': 19, 'Best_epoch_HR@20': 21, 'Best_epoch_NDCG@20': 19}
2026/08/20 12:05:12 - __main__ - INFO - 807 - trainer - Target Popularity Definition---------------------------------------------
2026/08/20 12:05:12 - __main__ - INFO - 812 - trainer - {'domain': 'Target', 'popular_ratio': 0.2, 'observed_train_items': 21856, 'popular_items': 4372, 'unpopular_seen_items': 17484, 'unseen_items_in_test': 'calculated from test ground truth'}
2026/08/20 12:05:13 - __main__ - INFO - 1088 - trainer - %s Test Overall------------------------------------------------------
2026/08/20 12:05:13 - __main__ - INFO - 1092 - trainer - {'HR@5': 36.6732, 'NDCG@5': 27.0679, 'HR@10': 47.9572, 'NDCG@10': 30.7388, 'HR@20': 60.6518, 'NDCG@20': 33.9157}
2026/08/20 12:05:13 - __main__ - INFO - 1183 - trainer - Target Test Group Size----------------------------------------------
2026/08/20 12:05:13 - __main__ - INFO - 1188 - trainer - {'domain': 'Target', 'Overall_test_samples': 2056, 'Popular_test_samples': 1372, 'Unpopular_seen_test_samples': 505, 'Unseen_test_samples': 179, 'Grouped_test_samples': 2056}
2026/08/20 12:05:13 - __main__ - INFO - 1190 - trainer - Target Test Popular Ground Truth-------------------------------------
2026/08/20 12:05:13 - __main__ - INFO - 1195 - trainer - {'HR@5': 53.3528, 'NDCG@5': 39.8046, 'HR@10': 67.3469, 'NDCG@10': 44.3551, 'HR@20': 80.8309, 'NDCG@20': 47.7351}
2026/08/20 12:05:13 - __main__ - INFO - 1197 - trainer - Target Test Unpopular-Seen Ground Truth------------------------------
2026/08/20 12:05:13 - __main__ - INFO - 1202 - trainer - {'HR@5': 4.3564, 'NDCG@5': 2.0588, 'HR@10': 12.2772, 'NDCG@10': 4.6412, 'HR@20': 27.3267, 'NDCG@20': 8.3923}
2026/08/20 12:05:13 - __main__ - INFO - 1206 - trainer - Target Test Unseen Ground Truth--------------------------------------
2026/08/20 12:05:13 - __main__ - INFO - 1211 - trainer - {'HR@5': 0.0, 'NDCG@5': 0.0, 'HR@10': 0.0, 'NDCG@10': 0.0, 'HR@20': 0.0, 'NDCG@20': 0.0}
2026/08/20 12:05:13 - __main__ - INFO - 1213 - trainer - Target Recommendation Popularity-------------------------------------
2026/08/20 12:05:13 - __main__ - INFO - 1218 - trainer - {'PopularRatio@5': 77.5292, 'PopularRatio@10': 64.7714, 'PopularRatio@20': 51.9917}
2026/08/20 12:05:13 - __main__ - INFO - 1221 - trainer - Best Eval---------------------------------------------------------
2026/08/20 12:05:13 - __main__ - INFO - 1224 - trainer - {'Best_HR@5': 37.1094, 'Best_NDCG@5': 27.2398, 'Best_HR@10': 46.875, 'Best_NDCG@10': 30.3806, 'Best_HR@20': 59.0332, 'Best_NDCG@20': 33.5129}
2026/08/20 12:05:13 - __main__ - INFO - 1225 - trainer - {'Best_epoch_HR@5': 21, 'Best_epoch_NDCG@5': 19, 'Best_epoch_HR@10': 21, 'Best_epoch_NDCG@10': 19, 'Best_epoch_HR@20': 21, 'Best_epoch_NDCG@20': 19}
2026/08/20 12:05:14 - __main__ - INFO - 178 - main - Target model saved at: ./saved_model/movie_video/target_model.pth
