2026/08/19 10:47:58 - __main__ - INFO - 90 - main - Namespace(batch_size=512, decay_step=100, description='Diffu_norm_score', device='cuda', diffusion_steps=32, dropout=0.1, emb_dropout=0.3, epochs=100, eval_interval=5, gamma=0.1, group_alignment=1, group_alignment_mode='popular_only', group_context_threshold=0.5, group_pop_weight=1.0, group_tail_weight=1.0, hidden_act='gelu', hidden_size=128, lambda_uncertainty=0.001, log_file='log/', loss_lambda=1, lr=0.001, max_len=8, metric_ks=[5, 10, 20], momentum=None, noise_schedule='trunc_lin', num_blocks=4, num_gpu=1, optimizer='Adam', p=0.3, patience=2, popular_ratio=0.2, random_seed=1997, rescale_timesteps=True, s_dataset='movie', schedule_sampler_name='lossaware', t_dataset='video', w=1.0, weight_decay=0)
2026/08/19 10:48:02 - __main__ - INFO - 355 - trainer - Group-aware Alignment Definition------------------------------------
2026/08/19 10:48:02 - __main__ - INFO - 359 - trainer - {'group_alignment': True, 'alignment_mode': 'popular_only', 'context_threshold': 0.5, 'popular_weight': 1.0, 'tail_weight': 1.0, 'source_popular_items': 17856, 'target_popular_items': 4372}
2026/08/19 10:48:02 - __main__ - INFO - 471 - trainer - Group-aware Alignment Batch------------------------------------
2026/08/19 10:48:02 - __main__ - INFO - 476 - trainer - {'Epoch': 0, 'Source Popular-context': 407, 'Source Tail-context': 75, 'Target Popular-context': 379, 'Target Tail-context': 87}
2026/08/19 10:48:07 - __main__ - INFO - 487 - trainer - Epoch: 0
2026/08/19 10:48:07 - __main__ - INFO - 471 - trainer - Group-aware Alignment Batch------------------------------------
2026/08/19 10:48:07 - __main__ - INFO - 476 - trainer - {'Epoch': 1, 'Source Popular-context': 394, 'Source Tail-context': 77, 'Target Popular-context': 372, 'Target Tail-context': 83}
2026/08/19 10:48:13 - __main__ - INFO - 487 - trainer - Epoch: 1
2026/08/19 10:48:13 - __main__ - INFO - 471 - trainer - Group-aware Alignment Batch------------------------------------
2026/08/19 10:48:13 - __main__ - INFO - 476 - trainer - {'Epoch': 2, 'Source Popular-context': 393, 'Source Tail-context': 73, 'Target Popular-context': 387, 'Target Tail-context': 77}
2026/08/19 10:48:18 - __main__ - INFO - 487 - trainer - Epoch: 2
2026/08/19 10:48:18 - __main__ - INFO - 471 - trainer - Group-aware Alignment Batch------------------------------------
2026/08/19 10:48:18 - __main__ - INFO - 476 - trainer - {'Epoch': 3, 'Source Popular-context': 409, 'Source Tail-context': 56, 'Target Popular-context': 342, 'Target Tail-context': 98}
2026/08/19 10:48:23 - __main__ - INFO - 487 - trainer - Epoch: 3
2026/08/19 10:48:23 - __main__ - INFO - 471 - trainer - Group-aware Alignment Batch------------------------------------
2026/08/19 10:48:23 - __main__ - INFO - 476 - trainer - {'Epoch': 4, 'Source Popular-context': 418, 'Source Tail-context': 59, 'Target Popular-context': 370, 'Target Tail-context': 79}
2026/08/19 10:48:29 - __main__ - INFO - 487 - trainer - Epoch: 4
2026/08/19 10:48:29 - __main__ - INFO - 471 - trainer - Group-aware Alignment Batch------------------------------------
2026/08/19 10:48:29 - __main__ - INFO - 476 - trainer - {'Epoch': 5, 'Source Popular-context': 403, 'Source Tail-context': 59, 'Target Popular-context': 368, 'Target Tail-context': 85}
2026/08/19 10:48:34 - __main__ - INFO - 487 - trainer - Epoch: 5
2026/08/19 10:48:34 - __main__ - INFO - 492 - trainer - start predicting: 2026-08-19 10:48:34.428365
2026/08/19 10:48:47 - __main__ - INFO - 529 - trainer - {'Best_HR@5': 39.9707, 'Best_NDCG@5': 30.6325, 'Best_HR@10': 50.5469, 'Best_NDCG@10': 34.0436, 'Best_HR@20': 63.6328, 'Best_NDCG@20': 37.3358}
2026/08/19 10:48:47 - __main__ - INFO - 530 - trainer - {'Best_epoch_HR@5': 5, 'Best_epoch_NDCG@5': 5, 'Best_epoch_HR@10': 5, 'Best_epoch_NDCG@10': 5, 'Best_epoch_HR@20': 5, 'Best_epoch_NDCG@20': 5}
2026/08/19 10:48:47 - __main__ - INFO - 471 - trainer - Group-aware Alignment Batch------------------------------------
2026/08/19 10:48:47 - __main__ - INFO - 476 - trainer - {'Epoch': 6, 'Source Popular-context': 423, 'Source Tail-context': 54, 'Target Popular-context': 362, 'Target Tail-context': 95}
2026/08/19 10:48:52 - __main__ - INFO - 487 - trainer - Epoch: 6
2026/08/19 10:48:52 - __main__ - INFO - 471 - trainer - Group-aware Alignment Batch------------------------------------
2026/08/19 10:48:52 - __main__ - INFO - 476 - trainer - {'Epoch': 7, 'Source Popular-context': 421, 'Source Tail-context': 63, 'Target Popular-context': 375, 'Target Tail-context': 85}
2026/08/19 10:48:58 - __main__ - INFO - 487 - trainer - Epoch: 7
2026/08/19 10:48:58 - __main__ - INFO - 471 - trainer - Group-aware Alignment Batch------------------------------------
2026/08/19 10:48:58 - __main__ - INFO - 476 - trainer - {'Epoch': 8, 'Source Popular-context': 421, 'Source Tail-context': 59, 'Target Popular-context': 368, 'Target Tail-context': 94}
2026/08/19 10:49:03 - __main__ - INFO - 487 - trainer - Epoch: 8
2026/08/19 10:49:03 - __main__ - INFO - 471 - trainer - Group-aware Alignment Batch------------------------------------
2026/08/19 10:49:03 - __main__ - INFO - 476 - trainer - {'Epoch': 9, 'Source Popular-context': 402, 'Source Tail-context': 78, 'Target Popular-context': 378, 'Target Tail-context': 85}
2026/08/19 10:49:08 - __main__ - INFO - 487 - trainer - Epoch: 9
2026/08/19 10:49:08 - __main__ - INFO - 471 - trainer - Group-aware Alignment Batch------------------------------------
2026/08/19 10:49:08 - __main__ - INFO - 476 - trainer - {'Epoch': 10, 'Source Popular-context': 428, 'Source Tail-context': 46, 'Target Popular-context': 374, 'Target Tail-context': 78}
2026/08/19 10:49:13 - __main__ - INFO - 487 - trainer - Epoch: 10
2026/08/19 10:49:13 - __main__ - INFO - 492 - trainer - start predicting: 2026-08-19 10:49:13.861124
2026/08/19 10:49:26 - __main__ - INFO - 529 - trainer - {'Best_HR@5': 48.2031, 'Best_NDCG@5': 36.8773, 'Best_HR@10': 58.6914, 'Best_NDCG@10': 40.2698, 'Best_HR@20': 69.3359, 'Best_NDCG@20': 42.9626}
2026/08/19 10:49:26 - __main__ - INFO - 530 - trainer - {'Best_epoch_HR@5': 10, 'Best_epoch_NDCG@5': 10, 'Best_epoch_HR@10': 10, 'Best_epoch_NDCG@10': 10, 'Best_epoch_HR@20': 10, 'Best_epoch_NDCG@20': 10}
2026/08/19 10:49:27 - __main__ - INFO - 471 - trainer - Group-aware Alignment Batch------------------------------------
2026/08/19 10:49:27 - __main__ - INFO - 476 - trainer - {'Epoch': 11, 'Source Popular-context': 413, 'Source Tail-context': 60, 'Target Popular-context': 381, 'Target Tail-context': 85}
2026/08/19 10:49:32 - __main__ - INFO - 487 - trainer - Epoch: 11
2026/08/19 10:49:32 - __main__ - INFO - 471 - trainer - Group-aware Alignment Batch------------------------------------
2026/08/19 10:49:32 - __main__ - INFO - 476 - trainer - {'Epoch': 12, 'Source Popular-context': 424, 'Source Tail-context': 60, 'Target Popular-context': 372, 'Target Tail-context': 80}
2026/08/19 10:49:37 - __main__ - INFO - 487 - trainer - Epoch: 12
2026/08/19 10:49:37 - __main__ - INFO - 471 - trainer - Group-aware Alignment Batch------------------------------------
2026/08/19 10:49:37 - __main__ - INFO - 476 - trainer - {'Epoch': 13, 'Source Popular-context': 411, 'Source Tail-context': 73, 'Target Popular-context': 382, 'Target Tail-context': 79}
2026/08/19 10:49:43 - __main__ - INFO - 487 - trainer - Epoch: 13
2026/08/19 10:49:43 - __main__ - INFO - 471 - trainer - Group-aware Alignment Batch------------------------------------
2026/08/19 10:49:43 - __main__ - INFO - 476 - trainer - {'Epoch': 14, 'Source Popular-context': 423, 'Source Tail-context': 65, 'Target Popular-context': 379, 'Target Tail-context': 94}
2026/08/19 10:49:48 - __main__ - INFO - 487 - trainer - Epoch: 14
2026/08/19 10:49:48 - __main__ - INFO - 471 - trainer - Group-aware Alignment Batch------------------------------------
2026/08/19 10:49:48 - __main__ - INFO - 476 - trainer - {'Epoch': 15, 'Source Popular-context': 422, 'Source Tail-context': 58, 'Target Popular-context': 373, 'Target Tail-context': 98}
2026/08/19 10:49:53 - __main__ - INFO - 487 - trainer - Epoch: 15
2026/08/19 10:49:53 - __main__ - INFO - 492 - trainer - start predicting: 2026-08-19 10:49:53.696427
2026/08/19 10:50:06 - __main__ - INFO - 529 - trainer - {'Best_HR@5': 49.082, 'Best_NDCG@5': 37.3182, 'Best_HR@10': 60.166, 'Best_NDCG@10': 40.9144, 'Best_HR@20': 70.3418, 'Best_NDCG@20': 43.4916}
2026/08/19 10:50:06 - __main__ - INFO - 530 - trainer - {'Best_epoch_HR@5': 15, 'Best_epoch_NDCG@5': 15, 'Best_epoch_HR@10': 15, 'Best_epoch_NDCG@10': 15, 'Best_epoch_HR@20': 15, 'Best_epoch_NDCG@20': 15}
2026/08/19 10:50:07 - __main__ - INFO - 471 - trainer - Group-aware Alignment Batch------------------------------------
2026/08/19 10:50:07 - __main__ - INFO - 476 - trainer - {'Epoch': 16, 'Source Popular-context': 403, 'Source Tail-context': 65, 'Target Popular-context': 374, 'Target Tail-context': 89}
2026/08/19 10:50:12 - __main__ - INFO - 487 - trainer - Epoch: 16
2026/08/19 10:50:12 - __main__ - INFO - 471 - trainer - Group-aware Alignment Batch------------------------------------
2026/08/19 10:50:12 - __main__ - INFO - 476 - trainer - {'Epoch': 17, 'Source Popular-context': 423, 'Source Tail-context': 52, 'Target Popular-context': 355, 'Target Tail-context': 109}
2026/08/19 10:50:17 - __main__ - INFO - 487 - trainer - Epoch: 17
2026/08/19 10:50:17 - __main__ - INFO - 471 - trainer - Group-aware Alignment Batch------------------------------------
2026/08/19 10:50:17 - __main__ - INFO - 476 - trainer - {'Epoch': 18, 'Source Popular-context': 413, 'Source Tail-context': 63, 'Target Popular-context': 386, 'Target Tail-context': 85}
2026/08/19 10:50:23 - __main__ - INFO - 487 - trainer - Epoch: 18
2026/08/19 10:50:23 - __main__ - INFO - 471 - trainer - Group-aware Alignment Batch------------------------------------
2026/08/19 10:50:23 - __main__ - INFO - 476 - trainer - {'Epoch': 19, 'Source Popular-context': 402, 'Source Tail-context': 63, 'Target Popular-context': 367, 'Target Tail-context': 94}
2026/08/19 10:50:28 - __main__ - INFO - 487 - trainer - Epoch: 19
2026/08/19 10:50:28 - __main__ - INFO - 471 - trainer - Group-aware Alignment Batch------------------------------------
2026/08/19 10:50:28 - __main__ - INFO - 476 - trainer - {'Epoch': 20, 'Source Popular-context': 409, 'Source Tail-context': 62, 'Target Popular-context': 373, 'Target Tail-context': 82}
2026/08/19 10:50:33 - __main__ - INFO - 487 - trainer - Epoch: 20
2026/08/19 10:50:33 - __main__ - INFO - 492 - trainer - start predicting: 2026-08-19 10:50:33.390031
2026/08/19 10:50:46 - __main__ - INFO - 471 - trainer - Group-aware Alignment Batch------------------------------------
2026/08/19 10:50:46 - __main__ - INFO - 476 - trainer - {'Epoch': 21, 'Source Popular-context': 404, 'Source Tail-context': 63, 'Target Popular-context': 372, 'Target Tail-context': 83}
2026/08/19 10:50:51 - __main__ - INFO - 487 - trainer - Epoch: 21
2026/08/19 10:50:51 - __main__ - INFO - 471 - trainer - Group-aware Alignment Batch------------------------------------
2026/08/19 10:50:51 - __main__ - INFO - 476 - trainer - {'Epoch': 22, 'Source Popular-context': 416, 'Source Tail-context': 59, 'Target Popular-context': 370, 'Target Tail-context': 78}
2026/08/19 10:50:56 - __main__ - INFO - 487 - trainer - Epoch: 22
2026/08/19 10:50:56 - __main__ - INFO - 471 - trainer - Group-aware Alignment Batch------------------------------------
2026/08/19 10:50:56 - __main__ - INFO - 476 - trainer - {'Epoch': 23, 'Source Popular-context': 404, 'Source Tail-context': 69, 'Target Popular-context': 385, 'Target Tail-context': 81}
2026/08/19 10:51:02 - __main__ - INFO - 487 - trainer - Epoch: 23
2026/08/19 10:51:02 - __main__ - INFO - 471 - trainer - Group-aware Alignment Batch------------------------------------
2026/08/19 10:51:02 - __main__ - INFO - 476 - trainer - {'Epoch': 24, 'Source Popular-context': 400, 'Source Tail-context': 74, 'Target Popular-context': 373, 'Target Tail-context': 90}
2026/08/19 10:51:07 - __main__ - INFO - 487 - trainer - Epoch: 24
2026/08/19 10:51:07 - __main__ - INFO - 471 - trainer - Group-aware Alignment Batch------------------------------------
2026/08/19 10:51:07 - __main__ - INFO - 476 - trainer - {'Epoch': 25, 'Source Popular-context': 415, 'Source Tail-context': 50, 'Target Popular-context': 382, 'Target Tail-context': 81}
2026/08/19 10:51:13 - __main__ - INFO - 487 - trainer - Epoch: 25
2026/08/19 10:51:13 - __main__ - INFO - 492 - trainer - start predicting: 2026-08-19 10:51:13.001266
2026/08/19 10:51:25 - __main__ - INFO - 539 - trainer - {'Best_HR@5': 49.082, 'Best_NDCG@5': 37.3182, 'Best_HR@10': 60.166, 'Best_NDCG@10': 40.9144, 'Best_HR@20': 70.3418, 'Best_NDCG@20': 43.4916}
2026/08/19 10:51:25 - __main__ - INFO - 540 - trainer - {'Best_epoch_HR@5': 15, 'Best_epoch_NDCG@5': 15, 'Best_epoch_HR@10': 15, 'Best_epoch_NDCG@10': 15, 'Best_epoch_HR@20': 15, 'Best_epoch_NDCG@20': 15}
2026/08/19 10:51:26 - __main__ - INFO - 646 - trainer - Source Popularity Definition---------------------------------------------
2026/08/19 10:51:26 - __main__ - INFO - 651 - trainer - {'domain': 'Source', 'popular_ratio': 0.2, 'observed_train_items': 89276, 'popular_items': 17856, 'unpopular_seen_items': 71420, 'unseen_items_in_test': 'calculated from test ground truth'}
2026/08/19 10:51:34 - __main__ - INFO - 927 - trainer - %s Test Overall------------------------------------------------------
2026/08/19 10:51:34 - __main__ - INFO - 931 - trainer - {'HR@5': 49.7313, 'NDCG@5': 38.0402, 'HR@10': 60.3339, 'NDCG@10': 41.4757, 'HR@20': 70.2264, 'NDCG@20': 43.9757}
2026/08/19 10:51:34 - __main__ - INFO - 1022 - trainer - Source Test Group Size----------------------------------------------
2026/08/19 10:51:34 - __main__ - INFO - 1027 - trainer - {'domain': 'Source', 'Overall_test_samples': 10422, 'Popular_test_samples': 7854, 'Unpopular_seen_test_samples': 1824, 'Unseen_test_samples': 744, 'Grouped_test_samples': 10422}
2026/08/19 10:51:34 - __main__ - INFO - 1029 - trainer - Source Test Popular Ground Truth-------------------------------------
2026/08/19 10:51:34 - __main__ - INFO - 1034 - trainer - {'HR@5': 65.2279, 'NDCG@5': 50.1229, 'HR@10': 78.1131, 'NDCG@10': 54.3051, 'HR@20': 87.9043, 'NDCG@20': 56.7873}
2026/08/19 10:51:34 - __main__ - INFO - 1036 - trainer - Source Test Unpopular-Seen Ground Truth------------------------------
2026/08/19 10:51:34 - __main__ - INFO - 1041 - trainer - {'HR@5': 3.2895, 'NDCG@5': 1.5296, 'HR@10': 8.3882, 'NDCG@10': 3.1511, 'HR@20': 22.7522, 'NDCG@20': 6.7475}
2026/08/19 10:51:34 - __main__ - INFO - 1045 - trainer - Source Test Unseen Ground Truth--------------------------------------
2026/08/19 10:51:34 - __main__ - INFO - 1050 - trainer - {'HR@5': 0.0, 'NDCG@5': 0.0, 'HR@10': 0.0, 'NDCG@10': 0.0, 'HR@20': 0.0, 'NDCG@20': 0.0}
2026/08/19 10:51:34 - __main__ - INFO - 1052 - trainer - Source Recommendation Popularity-------------------------------------
2026/08/19 10:51:34 - __main__ - INFO - 1057 - trainer - {'PopularRatio@5': 92.892, 'PopularRatio@10': 81.4153, 'PopularRatio@20': 61.3611}
2026/08/19 10:51:34 - __main__ - INFO - 1193 - trainer - Best Eval---------------------------------------------------------
2026/08/19 10:51:34 - __main__ - INFO - 1196 - trainer - {'Best_HR@5': 49.082, 'Best_NDCG@5': 37.3182, 'Best_HR@10': 60.166, 'Best_NDCG@10': 40.9144, 'Best_HR@20': 70.3418, 'Best_NDCG@20': 43.4916}
2026/08/19 10:51:34 - __main__ - INFO - 1197 - trainer - {'Best_epoch_HR@5': 15, 'Best_epoch_NDCG@5': 15, 'Best_epoch_HR@10': 15, 'Best_epoch_NDCG@10': 15, 'Best_epoch_HR@20': 15, 'Best_epoch_NDCG@20': 15}
2026/08/19 10:51:35 - __main__ - INFO - 487 - trainer - Epoch: 0
2026/08/19 10:51:35 - __main__ - INFO - 487 - trainer - Epoch: 1
2026/08/19 10:51:35 - __main__ - INFO - 492 - trainer - start predicting: 2026-08-19 10:51:35.954388
2026/08/19 10:51:37 - __main__ - INFO - 529 - trainer - {'Best_HR@5': 7.6172, 'Best_NDCG@5': 4.1153, 'Best_HR@10': 14.9902, 'Best_NDCG@10': 6.4764, 'Best_HR@20': 29.8828, 'Best_NDCG@20': 10.1992}
2026/08/19 10:51:37 - __main__ - INFO - 530 - trainer - {'Best_epoch_HR@5': 1, 'Best_epoch_NDCG@5': 1, 'Best_epoch_HR@10': 1, 'Best_epoch_NDCG@10': 1, 'Best_epoch_HR@20': 1, 'Best_epoch_NDCG@20': 1}
2026/08/19 10:51:38 - __main__ - INFO - 487 - trainer - Epoch: 2
2026/08/19 10:51:38 - __main__ - INFO - 492 - trainer - start predicting: 2026-08-19 10:51:38.367035
2026/08/19 10:51:40 - __main__ - INFO - 529 - trainer - {'Best_HR@5': 13.1836, 'Best_NDCG@5': 8.2366, 'Best_HR@10': 22.9004, 'Best_NDCG@10': 11.3026, 'Best_HR@20': 37.5, 'Best_NDCG@20': 14.9414}
2026/08/19 10:51:40 - __main__ - INFO - 530 - trainer - {'Best_epoch_HR@5': 2, 'Best_epoch_NDCG@5': 2, 'Best_epoch_HR@10': 2, 'Best_epoch_NDCG@10': 2, 'Best_epoch_HR@20': 2, 'Best_epoch_NDCG@20': 2}
2026/08/19 10:51:40 - __main__ - INFO - 487 - trainer - Epoch: 3
2026/08/19 10:51:40 - __main__ - INFO - 492 - trainer - start predicting: 2026-08-19 10:51:40.804749
2026/08/19 10:51:42 - __main__ - INFO - 529 - trainer - {'Best_HR@5': 19.043, 'Best_NDCG@5': 12.327, 'Best_HR@10': 30.3711, 'Best_NDCG@10': 15.974, 'Best_HR@20': 45.752, 'Best_NDCG@20': 19.8307}
2026/08/19 10:51:42 - __main__ - INFO - 530 - trainer - {'Best_epoch_HR@5': 3, 'Best_epoch_NDCG@5': 3, 'Best_epoch_HR@10': 3, 'Best_epoch_NDCG@10': 3, 'Best_epoch_HR@20': 3, 'Best_epoch_NDCG@20': 3}
2026/08/19 10:51:43 - __main__ - INFO - 487 - trainer - Epoch: 4
2026/08/19 10:51:43 - __main__ - INFO - 492 - trainer - start predicting: 2026-08-19 10:51:43.288591
2026/08/19 10:51:45 - __main__ - INFO - 529 - trainer - {'Best_HR@5': 24.0723, 'Best_NDCG@5': 16.2932, 'Best_HR@10': 35.1074, 'Best_NDCG@10': 19.848, 'Best_HR@20': 49.8535, 'Best_NDCG@20': 23.5713}
2026/08/19 10:51:45 - __main__ - INFO - 530 - trainer - {'Best_epoch_HR@5': 4, 'Best_epoch_NDCG@5': 4, 'Best_epoch_HR@10': 4, 'Best_epoch_NDCG@10': 4, 'Best_epoch_HR@20': 4, 'Best_epoch_NDCG@20': 4}
2026/08/19 10:51:45 - __main__ - INFO - 487 - trainer - Epoch: 5
2026/08/19 10:51:45 - __main__ - INFO - 492 - trainer - start predicting: 2026-08-19 10:51:45.803520
2026/08/19 10:51:47 - __main__ - INFO - 529 - trainer - {'Best_HR@5': 27.2949, 'Best_NDCG@5': 18.9503, 'Best_HR@10': 37.4023, 'Best_NDCG@10': 22.24, 'Best_HR@20': 53.5645, 'Best_NDCG@20': 26.301}
2026/08/19 10:51:47 - __main__ - INFO - 530 - trainer - {'Best_epoch_HR@5': 5, 'Best_epoch_NDCG@5': 5, 'Best_epoch_HR@10': 5, 'Best_epoch_NDCG@10': 5, 'Best_epoch_HR@20': 5, 'Best_epoch_NDCG@20': 5}
2026/08/19 10:51:48 - __main__ - INFO - 487 - trainer - Epoch: 6
2026/08/19 10:51:48 - __main__ - INFO - 492 - trainer - start predicting: 2026-08-19 10:51:48.449925
2026/08/19 10:51:50 - __main__ - INFO - 529 - trainer - {'Best_HR@5': 30.3711, 'Best_NDCG@5': 21.5034, 'Best_HR@10': 40.0391, 'Best_NDCG@10': 24.6283, 'Best_HR@20': 55.8105, 'Best_NDCG@20': 28.5885}
2026/08/19 10:51:50 - __main__ - INFO - 530 - trainer - {'Best_epoch_HR@5': 6, 'Best_epoch_NDCG@5': 6, 'Best_epoch_HR@10': 6, 'Best_epoch_NDCG@10': 6, 'Best_epoch_HR@20': 6, 'Best_epoch_NDCG@20': 6}
2026/08/19 10:51:51 - __main__ - INFO - 487 - trainer - Epoch: 7
2026/08/19 10:51:51 - __main__ - INFO - 492 - trainer - start predicting: 2026-08-19 10:51:51.106116
2026/08/19 10:51:52 - __main__ - INFO - 529 - trainer - {'Best_HR@5': 31.543, 'Best_NDCG@5': 23.1, 'Best_HR@10': 41.9434, 'Best_NDCG@10': 26.4661, 'Best_HR@20': 56.4453, 'Best_NDCG@20': 30.0928}
2026/08/19 10:51:52 - __main__ - INFO - 530 - trainer - {'Best_epoch_HR@5': 7, 'Best_epoch_NDCG@5': 7, 'Best_epoch_HR@10': 7, 'Best_epoch_NDCG@10': 7, 'Best_epoch_HR@20': 7, 'Best_epoch_NDCG@20': 7}
2026/08/19 10:51:53 - __main__ - INFO - 487 - trainer - Epoch: 8
2026/08/19 10:51:53 - __main__ - INFO - 492 - trainer - start predicting: 2026-08-19 10:51:53.608775
2026/08/19 10:51:55 - __main__ - INFO - 529 - trainer - {'Best_HR@5': 33.7402, 'Best_NDCG@5': 25.0882, 'Best_HR@10': 43.2617, 'Best_NDCG@10': 28.1295, 'Best_HR@20': 57.1777, 'Best_NDCG@20': 31.6424}
2026/08/19 10:51:55 - __main__ - INFO - 530 - trainer - {'Best_epoch_HR@5': 8, 'Best_epoch_NDCG@5': 8, 'Best_epoch_HR@10': 8, 'Best_epoch_NDCG@10': 8, 'Best_epoch_HR@20': 8, 'Best_epoch_NDCG@20': 8}
2026/08/19 10:51:56 - __main__ - INFO - 487 - trainer - Epoch: 9
2026/08/19 10:51:56 - __main__ - INFO - 492 - trainer - start predicting: 2026-08-19 10:51:56.087054
2026/08/19 10:51:58 - __main__ - INFO - 529 - trainer - {'Best_HR@5': 34.2285, 'Best_NDCG@5': 25.5073, 'Best_HR@10': 44.6289, 'Best_NDCG@10': 28.8795, 'Best_HR@20': 57.8125, 'Best_NDCG@20': 32.2008}
2026/08/19 10:51:58 - __main__ - INFO - 530 - trainer - {'Best_epoch_HR@5': 9, 'Best_epoch_NDCG@5': 9, 'Best_epoch_HR@10': 9, 'Best_epoch_NDCG@10': 9, 'Best_epoch_HR@20': 9, 'Best_epoch_NDCG@20': 9}
2026/08/19 10:51:58 - __main__ - INFO - 487 - trainer - Epoch: 10
2026/08/19 10:51:58 - __main__ - INFO - 492 - trainer - start predicting: 2026-08-19 10:51:58.660966
2026/08/19 10:52:00 - __main__ - INFO - 529 - trainer - {'Best_HR@5': 35.1074, 'Best_NDCG@5': 26.3657, 'Best_HR@10': 45.5566, 'Best_NDCG@10': 29.7477, 'Best_HR@20': 58.6914, 'Best_NDCG@20': 33.0529}
2026/08/19 10:52:00 - __main__ - INFO - 530 - trainer - {'Best_epoch_HR@5': 10, 'Best_epoch_NDCG@5': 10, 'Best_epoch_HR@10': 10, 'Best_epoch_NDCG@10': 10, 'Best_epoch_HR@20': 10, 'Best_epoch_NDCG@20': 10}
2026/08/19 10:52:01 - __main__ - INFO - 487 - trainer - Epoch: 11
2026/08/19 10:52:01 - __main__ - INFO - 492 - trainer - start predicting: 2026-08-19 10:52:01.213844
2026/08/19 10:52:03 - __main__ - INFO - 529 - trainer - {'Best_HR@5': 36.377, 'Best_NDCG@5': 27.031, 'Best_HR@10': 46.9238, 'Best_NDCG@10': 30.4233, 'Best_HR@20': 59.5703, 'Best_NDCG@20': 33.6057}
2026/08/19 10:52:03 - __main__ - INFO - 530 - trainer - {'Best_epoch_HR@5': 11, 'Best_epoch_NDCG@5': 11, 'Best_epoch_HR@10': 11, 'Best_epoch_NDCG@10': 11, 'Best_epoch_HR@20': 11, 'Best_epoch_NDCG@20': 11}
2026/08/19 10:52:03 - __main__ - INFO - 487 - trainer - Epoch: 12
2026/08/19 10:52:03 - __main__ - INFO - 492 - trainer - start predicting: 2026-08-19 10:52:03.628117
2026/08/19 10:52:05 - __main__ - INFO - 529 - trainer - {'Best_HR@5': 36.5234, 'Best_NDCG@5': 27.1401, 'Best_HR@10': 47.8027, 'Best_NDCG@10': 30.7694, 'Best_HR@20': 59.5703, 'Best_NDCG@20': 33.6915}
2026/08/19 10:52:05 - __main__ - INFO - 530 - trainer - {'Best_epoch_HR@5': 12, 'Best_epoch_NDCG@5': 12, 'Best_epoch_HR@10': 12, 'Best_epoch_NDCG@10': 12, 'Best_epoch_HR@20': 11, 'Best_epoch_NDCG@20': 12}
2026/08/19 10:52:06 - __main__ - INFO - 487 - trainer - Epoch: 13
2026/08/19 10:52:06 - __main__ - INFO - 492 - trainer - start predicting: 2026-08-19 10:52:06.090382
2026/08/19 10:52:07 - __main__ - INFO - 529 - trainer - {'Best_HR@5': 37.2559, 'Best_NDCG@5': 27.4657, 'Best_HR@10': 48.0469, 'Best_NDCG@10': 30.9475, 'Best_HR@20': 59.5703, 'Best_NDCG@20': 33.7557}
2026/08/19 10:52:07 - __main__ - INFO - 530 - trainer - {'Best_epoch_HR@5': 13, 'Best_epoch_NDCG@5': 13, 'Best_epoch_HR@10': 13, 'Best_epoch_NDCG@10': 13, 'Best_epoch_HR@20': 11, 'Best_epoch_NDCG@20': 13}
2026/08/19 10:52:08 - __main__ - INFO - 487 - trainer - Epoch: 14
2026/08/19 10:52:08 - __main__ - INFO - 492 - trainer - start predicting: 2026-08-19 10:52:08.564119
2026/08/19 10:52:10 - __main__ - INFO - 529 - trainer - {'Best_HR@5': 37.9395, 'Best_NDCG@5': 27.7738, 'Best_HR@10': 48.0469, 'Best_NDCG@10': 30.9475, 'Best_HR@20': 59.7168, 'Best_NDCG@20': 33.9454}
2026/08/19 10:52:10 - __main__ - INFO - 530 - trainer - {'Best_epoch_HR@5': 14, 'Best_epoch_NDCG@5': 14, 'Best_epoch_HR@10': 13, 'Best_epoch_NDCG@10': 13, 'Best_epoch_HR@20': 14, 'Best_epoch_NDCG@20': 14}
2026/08/19 10:52:11 - __main__ - INFO - 487 - trainer - Epoch: 15
2026/08/19 10:52:11 - __main__ - INFO - 492 - trainer - start predicting: 2026-08-19 10:52:11.102837
2026/08/19 10:52:13 - __main__ - INFO - 529 - trainer - {'Best_HR@5': 37.9395, 'Best_NDCG@5': 27.9334, 'Best_HR@10': 48.0469, 'Best_NDCG@10': 31.3468, 'Best_HR@20': 60.0586, 'Best_NDCG@20': 34.3952}
2026/08/19 10:52:13 - __main__ - INFO - 530 - trainer - {'Best_epoch_HR@5': 14, 'Best_epoch_NDCG@5': 15, 'Best_epoch_HR@10': 13, 'Best_epoch_NDCG@10': 15, 'Best_epoch_HR@20': 15, 'Best_epoch_NDCG@20': 15}
2026/08/19 10:52:13 - __main__ - INFO - 487 - trainer - Epoch: 16
2026/08/19 10:52:13 - __main__ - INFO - 492 - trainer - start predicting: 2026-08-19 10:52:13.708468
2026/08/19 10:52:16 - __main__ - INFO - 487 - trainer - Epoch: 17
2026/08/19 10:52:16 - __main__ - INFO - 492 - trainer - start predicting: 2026-08-19 10:52:16.342797
2026/08/19 10:52:18 - __main__ - INFO - 529 - trainer - {'Best_HR@5': 37.9395, 'Best_NDCG@5': 27.9334, 'Best_HR@10': 48.0957, 'Best_NDCG@10': 31.3468, 'Best_HR@20': 60.0586, 'Best_NDCG@20': 34.3952}
2026/08/19 10:52:18 - __main__ - INFO - 530 - trainer - {'Best_epoch_HR@5': 14, 'Best_epoch_NDCG@5': 15, 'Best_epoch_HR@10': 17, 'Best_epoch_NDCG@10': 15, 'Best_epoch_HR@20': 15, 'Best_epoch_NDCG@20': 15}
2026/08/19 10:52:18 - __main__ - INFO - 487 - trainer - Epoch: 18
2026/08/19 10:52:18 - __main__ - INFO - 492 - trainer - start predicting: 2026-08-19 10:52:18.861715
2026/08/19 10:52:20 - __main__ - INFO - 529 - trainer - {'Best_HR@5': 38.0371, 'Best_NDCG@5': 27.9334, 'Best_HR@10': 48.4375, 'Best_NDCG@10': 31.3468, 'Best_HR@20': 60.0586, 'Best_NDCG@20': 34.3952}
2026/08/19 10:52:20 - __main__ - INFO - 530 - trainer - {'Best_epoch_HR@5': 18, 'Best_epoch_NDCG@5': 15, 'Best_epoch_HR@10': 18, 'Best_epoch_NDCG@10': 15, 'Best_epoch_HR@20': 15, 'Best_epoch_NDCG@20': 15}
2026/08/19 10:52:21 - __main__ - INFO - 487 - trainer - Epoch: 19
2026/08/19 10:52:21 - __main__ - INFO - 492 - trainer - start predicting: 2026-08-19 10:52:21.377643
2026/08/19 10:52:23 - __main__ - INFO - 529 - trainer - {'Best_HR@5': 38.3789, 'Best_NDCG@5': 27.95, 'Best_HR@10': 48.6816, 'Best_NDCG@10': 31.3468, 'Best_HR@20': 60.3516, 'Best_NDCG@20': 34.3952}
2026/08/19 10:52:23 - __main__ - INFO - 530 - trainer - {'Best_epoch_HR@5': 19, 'Best_epoch_NDCG@5': 19, 'Best_epoch_HR@10': 19, 'Best_epoch_NDCG@10': 15, 'Best_epoch_HR@20': 19, 'Best_epoch_NDCG@20': 15}
2026/08/19 10:52:24 - __main__ - INFO - 487 - trainer - Epoch: 20
2026/08/19 10:52:24 - __main__ - INFO - 492 - trainer - start predicting: 2026-08-19 10:52:24.014349
2026/08/19 10:52:26 - __main__ - INFO - 487 - trainer - Epoch: 21
2026/08/19 10:52:26 - __main__ - INFO - 492 - trainer - start predicting: 2026-08-19 10:52:26.518695
2026/08/19 10:52:29 - __main__ - INFO - 487 - trainer - Epoch: 22
2026/08/19 10:52:29 - __main__ - INFO - 492 - trainer - start predicting: 2026-08-19 10:52:29.148835
2026/08/19 10:52:31 - __main__ - INFO - 529 - trainer - {'Best_HR@5': 38.3789, 'Best_NDCG@5': 27.95, 'Best_HR@10': 48.6816, 'Best_NDCG@10': 31.3468, 'Best_HR@20': 60.791, 'Best_NDCG@20': 34.3952}
2026/08/19 10:52:31 - __main__ - INFO - 530 - trainer - {'Best_epoch_HR@5': 19, 'Best_epoch_NDCG@5': 19, 'Best_epoch_HR@10': 19, 'Best_epoch_NDCG@10': 15, 'Best_epoch_HR@20': 22, 'Best_epoch_NDCG@20': 15}
2026/08/19 10:52:31 - __main__ - INFO - 487 - trainer - Epoch: 23
2026/08/19 10:52:31 - __main__ - INFO - 492 - trainer - start predicting: 2026-08-19 10:52:31.729573
2026/08/19 10:52:34 - __main__ - INFO - 487 - trainer - Epoch: 24
2026/08/19 10:52:34 - __main__ - INFO - 492 - trainer - start predicting: 2026-08-19 10:52:34.335468
2026/08/19 10:52:36 - __main__ - INFO - 487 - trainer - Epoch: 25
2026/08/19 10:52:36 - __main__ - INFO - 492 - trainer - start predicting: 2026-08-19 10:52:36.902179
2026/08/19 10:52:39 - __main__ - INFO - 487 - trainer - Epoch: 26
2026/08/19 10:52:39 - __main__ - INFO - 492 - trainer - start predicting: 2026-08-19 10:52:39.389527
2026/08/19 10:52:41 - __main__ - INFO - 487 - trainer - Epoch: 27
2026/08/19 10:52:41 - __main__ - INFO - 492 - trainer - start predicting: 2026-08-19 10:52:41.895740
2026/08/19 10:52:43 - __main__ - INFO - 539 - trainer - {'Best_HR@5': 38.3789, 'Best_NDCG@5': 27.95, 'Best_HR@10': 48.6816, 'Best_NDCG@10': 31.3468, 'Best_HR@20': 60.791, 'Best_NDCG@20': 34.3952}
2026/08/19 10:52:43 - __main__ - INFO - 540 - trainer - {'Best_epoch_HR@5': 19, 'Best_epoch_NDCG@5': 19, 'Best_epoch_HR@10': 19, 'Best_epoch_NDCG@10': 15, 'Best_epoch_HR@20': 22, 'Best_epoch_NDCG@20': 15}
2026/08/19 10:52:43 - __main__ - INFO - 646 - trainer - Target Popularity Definition---------------------------------------------
2026/08/19 10:52:43 - __main__ - INFO - 651 - trainer - {'domain': 'Target', 'popular_ratio': 0.2, 'observed_train_items': 21856, 'popular_items': 4372, 'unpopular_seen_items': 17484, 'unseen_items_in_test': 'calculated from test ground truth'}
2026/08/19 10:52:45 - __main__ - INFO - 927 - trainer - %s Test Overall------------------------------------------------------
2026/08/19 10:52:45 - __main__ - INFO - 931 - trainer - {'HR@5': 39.1051, 'NDCG@5': 28.798, 'HR@10': 50.4377, 'NDCG@10': 32.454, 'HR@20': 62.0136, 'NDCG@20': 35.3841}
2026/08/19 10:52:45 - __main__ - INFO - 1022 - trainer - Target Test Group Size----------------------------------------------
2026/08/19 10:52:45 - __main__ - INFO - 1027 - trainer - {'domain': 'Target', 'Overall_test_samples': 2056, 'Popular_test_samples': 1372, 'Unpopular_seen_test_samples': 505, 'Unseen_test_samples': 179, 'Grouped_test_samples': 2056}
2026/08/19 10:52:45 - __main__ - INFO - 1029 - trainer - Target Test Popular Ground Truth-------------------------------------
2026/08/19 10:52:45 - __main__ - INFO - 1034 - trainer - {'HR@5': 56.5598, 'NDCG@5': 42.1382, 'HR@10': 70.9913, 'NDCG@10': 46.8133, 'HR@20': 83.1633, 'NDCG@20': 49.9245}
2026/08/19 10:52:45 - __main__ - INFO - 1036 - trainer - Target Test Unpopular-Seen Ground Truth------------------------------
2026/08/19 10:52:45 - __main__ - INFO - 1041 - trainer - {'HR@5': 5.5446, 'NDCG@5': 2.7626, 'HR@10': 12.4752, 'NDCG@10': 4.9457, 'HR@20': 26.5347, 'NDCG@20': 8.4223}
2026/08/19 10:52:45 - __main__ - INFO - 1045 - trainer - Target Test Unseen Ground Truth--------------------------------------
2026/08/19 10:52:45 - __main__ - INFO - 1050 - trainer - {'HR@5': 0.0, 'NDCG@5': 0.0, 'HR@10': 0.0, 'NDCG@10': 0.0, 'HR@20': 0.0, 'NDCG@20': 0.0}
2026/08/19 10:52:45 - __main__ - INFO - 1052 - trainer - Target Recommendation Popularity-------------------------------------
2026/08/19 10:52:45 - __main__ - INFO - 1057 - trainer - {'PopularRatio@5': 87.714, 'PopularRatio@10': 74.7811, 'PopularRatio@20': 56.9771}
2026/08/19 10:52:45 - __main__ - INFO - 1193 - trainer - Best Eval---------------------------------------------------------
2026/08/19 10:52:45 - __main__ - INFO - 1196 - trainer - {'Best_HR@5': 38.3789, 'Best_NDCG@5': 27.95, 'Best_HR@10': 48.6816, 'Best_NDCG@10': 31.3468, 'Best_HR@20': 60.791, 'Best_NDCG@20': 34.3952}
2026/08/19 10:52:45 - __main__ - INFO - 1197 - trainer - {'Best_epoch_HR@5': 19, 'Best_epoch_NDCG@5': 19, 'Best_epoch_HR@10': 19, 'Best_epoch_NDCG@10': 15, 'Best_epoch_HR@20': 22, 'Best_epoch_NDCG@20': 15}
2026/08/19 10:52:46 - __main__ - INFO - 176 - main - Target model saved at: ./saved_model/movie_video/target_model.pth
