2026/08/07 15:29:22 - __main__ - INFO - 90 - main - Namespace(batch_size=512, decay_step=100, description='Diffu_norm_score', device='cuda', diffusion_steps=32, dropout=0.1, emb_dropout=0.3, epochs=100, eval_interval=5, gamma=0.1, hidden_act='gelu', hidden_size=128, lambda_uncertainty=0.001, log_file='log/', loss_lambda=1, lr=0.001, max_len=8, metric_ks=[5, 10, 20], momentum=None, noise_schedule='trunc_lin', num_blocks=4, num_gpu=1, optimizer='Adam', p=0.3, patience=2, popular_ratio=0.2, random_seed=1997, rescale_timesteps=True, s_dataset='movie', schedule_sampler_name='lossaware', source_seq_model_name='source_seq_model.pth', source_seq_popular_drop_probability=0.2, source_seq_popular_ratio=0.2, source_seq_preserve_recent=2, source_seq_target_model_name='source_seq_target_model.pth', t_dataset='video', w=1.0, weight_decay=0)
2026/08/07 15:29:25 - __main__ - INFO - 393 - trainer - Source Sequence Dropout Definition---------------------------------------------
2026/08/07 15:29:25 - __main__ - INFO - 397 - trainer - {'source_seq_popular_ratio': 0.2, 'observed_train_items': 89276, 'popular_items': 17856, 'unpopular_seen_items': 71420, 'popular_drop_probability': 0.2, 'preserve_recent': 2}
2026/08/07 15:29:25 - __main__ - INFO - 514 - trainer - Source Sequence Augmentation----------------------------------------
2026/08/07 15:29:25 - __main__ - INFO - 518 - trainer - {'batch': 0, 'batch_size': 512, 'popular_tokens_before': 2398, 'tail_tokens_before': 761, 'dropped_popular_tokens': 318, 'modified_sequences': 232, 'popular_token_ratio_before': 0.7591, 'popular_token_ratio_after': 0.7321}
2026/08/07 15:29:26 - __main__ - INFO - 514 - trainer - Source Sequence Augmentation----------------------------------------
2026/08/07 15:29:26 - __main__ - INFO - 518 - trainer - {'batch': 1, 'batch_size': 512, 'popular_tokens_before': 2429, 'tail_tokens_before': 685, 'dropped_popular_tokens': 328, 'modified_sequences': 251, 'popular_token_ratio_before': 0.78, 'popular_token_ratio_after': 0.7541}
2026/08/07 15:29:26 - __main__ - INFO - 514 - trainer - Source Sequence Augmentation----------------------------------------
2026/08/07 15:29:26 - __main__ - INFO - 518 - trainer - {'batch': 2, 'batch_size': 512, 'popular_tokens_before': 2513, 'tail_tokens_before': 701, 'dropped_popular_tokens': 370, 'modified_sequences': 266, 'popular_token_ratio_before': 0.7819, 'popular_token_ratio_after': 0.7535}
2026/08/07 15:29:30 - __main__ - INFO - 543 - trainer - Epoch: 0
2026/08/07 15:29:35 - __main__ - INFO - 543 - trainer - Epoch: 1
2026/08/07 15:29:39 - __main__ - INFO - 543 - trainer - Epoch: 2
2026/08/07 15:29:44 - __main__ - INFO - 543 - trainer - Epoch: 3
2026/08/07 15:29:48 - __main__ - INFO - 543 - trainer - Epoch: 4
2026/08/07 15:29:53 - __main__ - INFO - 543 - trainer - Epoch: 5
2026/08/07 15:29:53 - __main__ - INFO - 548 - trainer - start predicting: 2026-08-07 15:29:53.483699
2026/08/07 15:30:06 - __main__ - INFO - 585 - trainer - {'Best_HR@5': 32.8809, 'Best_NDCG@5': 24.6563, 'Best_HR@10': 43.6426, 'Best_NDCG@10': 28.128, 'Best_HR@20': 57.8711, 'Best_NDCG@20': 31.7139}
2026/08/07 15:30:06 - __main__ - INFO - 586 - trainer - {'Best_epoch_HR@5': 5, 'Best_epoch_NDCG@5': 5, 'Best_epoch_HR@10': 5, 'Best_epoch_NDCG@10': 5, 'Best_epoch_HR@20': 5, 'Best_epoch_NDCG@20': 5}
2026/08/07 15:30:11 - __main__ - INFO - 543 - trainer - Epoch: 6
2026/08/07 15:30:16 - __main__ - INFO - 543 - trainer - Epoch: 7
2026/08/07 15:30:21 - __main__ - INFO - 543 - trainer - Epoch: 8
2026/08/07 15:30:25 - __main__ - INFO - 543 - trainer - Epoch: 9
2026/08/07 15:30:30 - __main__ - INFO - 543 - trainer - Epoch: 10
2026/08/07 15:30:30 - __main__ - INFO - 548 - trainer - start predicting: 2026-08-07 15:30:30.578035
2026/08/07 15:30:43 - __main__ - INFO - 585 - trainer - {'Best_HR@5': 46.4062, 'Best_NDCG@5': 35.6484, 'Best_HR@10': 57.1875, 'Best_NDCG@10': 39.1347, 'Best_HR@20': 68.4082, 'Best_NDCG@20': 41.9553}
2026/08/07 15:30:43 - __main__ - INFO - 586 - trainer - {'Best_epoch_HR@5': 10, 'Best_epoch_NDCG@5': 10, 'Best_epoch_HR@10': 10, 'Best_epoch_NDCG@10': 10, 'Best_epoch_HR@20': 10, 'Best_epoch_NDCG@20': 10}
2026/08/07 15:30:48 - __main__ - INFO - 543 - trainer - Epoch: 11
2026/08/07 15:30:52 - __main__ - INFO - 543 - trainer - Epoch: 12
2026/08/07 15:30:57 - __main__ - INFO - 543 - trainer - Epoch: 13
2026/08/07 15:31:02 - __main__ - INFO - 543 - trainer - Epoch: 14
2026/08/07 15:31:07 - __main__ - INFO - 543 - trainer - Epoch: 15
2026/08/07 15:31:07 - __main__ - INFO - 548 - trainer - start predicting: 2026-08-07 15:31:07.098942
2026/08/07 15:31:20 - __main__ - INFO - 585 - trainer - {'Best_HR@5': 49.0234, 'Best_NDCG@5': 37.3469, 'Best_HR@10': 59.9805, 'Best_NDCG@10': 40.903, 'Best_HR@20': 70.1172, 'Best_NDCG@20': 43.466}
2026/08/07 15:31:20 - __main__ - INFO - 586 - trainer - {'Best_epoch_HR@5': 15, 'Best_epoch_NDCG@5': 15, 'Best_epoch_HR@10': 15, 'Best_epoch_NDCG@10': 15, 'Best_epoch_HR@20': 15, 'Best_epoch_NDCG@20': 15}
2026/08/07 15:31:25 - __main__ - INFO - 543 - trainer - Epoch: 16
2026/08/07 15:31:29 - __main__ - INFO - 543 - trainer - Epoch: 17
2026/08/07 15:31:34 - __main__ - INFO - 543 - trainer - Epoch: 18
2026/08/07 15:31:39 - __main__ - INFO - 543 - trainer - Epoch: 19
2026/08/07 15:31:44 - __main__ - INFO - 543 - trainer - Epoch: 20
2026/08/07 15:31:44 - __main__ - INFO - 548 - trainer - start predicting: 2026-08-07 15:31:44.060338
2026/08/07 15:32:02 - __main__ - INFO - 543 - trainer - Epoch: 21
2026/08/07 15:32:07 - __main__ - INFO - 543 - trainer - Epoch: 22
2026/08/07 15:32:11 - __main__ - INFO - 543 - trainer - Epoch: 23
2026/08/07 15:32:16 - __main__ - INFO - 543 - trainer - Epoch: 24
2026/08/07 15:32:21 - __main__ - INFO - 543 - trainer - Epoch: 25
2026/08/07 15:32:21 - __main__ - INFO - 548 - trainer - start predicting: 2026-08-07 15:32:21.420517
2026/08/07 15:32:34 - __main__ - INFO - 600 - trainer - {'Best_HR@5': 49.0234, 'Best_NDCG@5': 37.3469, 'Best_HR@10': 59.9805, 'Best_NDCG@10': 40.903, 'Best_HR@20': 70.1172, 'Best_NDCG@20': 43.466}
2026/08/07 15:32:34 - __main__ - INFO - 601 - trainer - {'Best_epoch_HR@5': 15, 'Best_epoch_NDCG@5': 15, 'Best_epoch_HR@10': 15, 'Best_epoch_NDCG@10': 15, 'Best_epoch_HR@20': 15, 'Best_epoch_NDCG@20': 15}
2026/08/07 15:32:43 - __main__ - INFO - 945 - trainer - Test Overall------------------------------------------------------
2026/08/07 15:32:43 - __main__ - INFO - 949 - trainer - {'HR@5': 49.4531, 'NDCG@5': 37.971, 'HR@10': 60.1804, 'NDCG@10': 41.4482, 'HR@20': 70.1305, 'NDCG@20': 43.9634}
2026/08/07 15:32:43 - __main__ - INFO - 1065 - trainer - Best Eval---------------------------------------------------------
2026/08/07 15:32:43 - __main__ - INFO - 1068 - trainer - {'Best_HR@5': 49.0234, 'Best_NDCG@5': 37.3469, 'Best_HR@10': 59.9805, 'Best_NDCG@10': 40.903, 'Best_HR@20': 70.1172, 'Best_NDCG@20': 43.466}
2026/08/07 15:32:43 - __main__ - INFO - 1069 - trainer - {'Best_epoch_HR@5': 15, 'Best_epoch_NDCG@5': 15, 'Best_epoch_HR@10': 15, 'Best_epoch_NDCG@10': 15, 'Best_epoch_HR@20': 15, 'Best_epoch_NDCG@20': 15}
2026/08/07 15:32:44 - __main__ - INFO - 209 - main - Source-seq model saved at: ./saved_model/movie_video/source_seq_model.pth
2026/08/07 15:32:44 - __main__ - INFO - 543 - trainer - Epoch: 0
2026/08/07 15:32:45 - __main__ - INFO - 543 - trainer - Epoch: 1
2026/08/07 15:32:45 - __main__ - INFO - 548 - trainer - start predicting: 2026-08-07 15:32:45.473979
2026/08/07 15:32:47 - __main__ - INFO - 585 - trainer - {'Best_HR@5': 6.9336, 'Best_NDCG@5': 3.9897, 'Best_HR@10': 14.502, 'Best_NDCG@10': 6.3993, 'Best_HR@20': 27.0508, 'Best_NDCG@20': 9.5407}
2026/08/07 15:32:47 - __main__ - INFO - 586 - trainer - {'Best_epoch_HR@5': 1, 'Best_epoch_NDCG@5': 1, 'Best_epoch_HR@10': 1, 'Best_epoch_NDCG@10': 1, 'Best_epoch_HR@20': 1, 'Best_epoch_NDCG@20': 1}
2026/08/07 15:32:48 - __main__ - INFO - 543 - trainer - Epoch: 2
2026/08/07 15:32:48 - __main__ - INFO - 548 - trainer - start predicting: 2026-08-07 15:32:48.026666
2026/08/07 15:32:49 - __main__ - INFO - 585 - trainer - {'Best_HR@5': 12.8906, 'Best_NDCG@5': 8.2559, 'Best_HR@10': 22.0703, 'Best_NDCG@10': 11.1803, 'Best_HR@20': 37.5, 'Best_NDCG@20': 15.0458}
2026/08/07 15:32:49 - __main__ - INFO - 586 - trainer - {'Best_epoch_HR@5': 2, 'Best_epoch_NDCG@5': 2, 'Best_epoch_HR@10': 2, 'Best_epoch_NDCG@10': 2, 'Best_epoch_HR@20': 2, 'Best_epoch_NDCG@20': 2}
2026/08/07 15:32:50 - __main__ - INFO - 543 - trainer - Epoch: 3
2026/08/07 15:32:50 - __main__ - INFO - 548 - trainer - start predicting: 2026-08-07 15:32:50.553577
2026/08/07 15:32:52 - __main__ - INFO - 585 - trainer - {'Best_HR@5': 19.2871, 'Best_NDCG@5': 12.4643, 'Best_HR@10': 30.3711, 'Best_NDCG@10': 16.0262, 'Best_HR@20': 46.7285, 'Best_NDCG@20': 20.1595}
2026/08/07 15:32:52 - __main__ - INFO - 586 - trainer - {'Best_epoch_HR@5': 3, 'Best_epoch_NDCG@5': 3, 'Best_epoch_HR@10': 3, 'Best_epoch_NDCG@10': 3, 'Best_epoch_HR@20': 3, 'Best_epoch_NDCG@20': 3}
2026/08/07 15:32:53 - __main__ - INFO - 543 - trainer - Epoch: 4
2026/08/07 15:32:53 - __main__ - INFO - 548 - trainer - start predicting: 2026-08-07 15:32:53.140760
2026/08/07 15:32:55 - __main__ - INFO - 585 - trainer - {'Best_HR@5': 24.5605, 'Best_NDCG@5': 16.5547, 'Best_HR@10': 36.6211, 'Best_NDCG@10': 20.4236, 'Best_HR@20': 51.8555, 'Best_NDCG@20': 24.2538}
2026/08/07 15:32:55 - __main__ - INFO - 586 - trainer - {'Best_epoch_HR@5': 4, 'Best_epoch_NDCG@5': 4, 'Best_epoch_HR@10': 4, 'Best_epoch_NDCG@10': 4, 'Best_epoch_HR@20': 4, 'Best_epoch_NDCG@20': 4}
2026/08/07 15:32:55 - __main__ - INFO - 543 - trainer - Epoch: 5
2026/08/07 15:32:55 - __main__ - INFO - 548 - trainer - start predicting: 2026-08-07 15:32:55.647789
2026/08/07 15:32:57 - __main__ - INFO - 585 - trainer - {'Best_HR@5': 26.8555, 'Best_NDCG@5': 18.5658, 'Best_HR@10': 39.1113, 'Best_NDCG@10': 22.547, 'Best_HR@20': 55.0293, 'Best_NDCG@20': 26.5536}
2026/08/07 15:32:57 - __main__ - INFO - 586 - trainer - {'Best_epoch_HR@5': 5, 'Best_epoch_NDCG@5': 5, 'Best_epoch_HR@10': 5, 'Best_epoch_NDCG@10': 5, 'Best_epoch_HR@20': 5, 'Best_epoch_NDCG@20': 5}
2026/08/07 15:32:58 - __main__ - INFO - 543 - trainer - Epoch: 6
2026/08/07 15:32:58 - __main__ - INFO - 548 - trainer - start predicting: 2026-08-07 15:32:58.133311
2026/08/07 15:33:00 - __main__ - INFO - 585 - trainer - {'Best_HR@5': 29.6875, 'Best_NDCG@5': 21.1928, 'Best_HR@10': 41.6504, 'Best_NDCG@10': 25.0395, 'Best_HR@20': 57.2754, 'Best_NDCG@20': 28.9987}
2026/08/07 15:33:00 - __main__ - INFO - 586 - trainer - {'Best_epoch_HR@5': 6, 'Best_epoch_NDCG@5': 6, 'Best_epoch_HR@10': 6, 'Best_epoch_NDCG@10': 6, 'Best_epoch_HR@20': 6, 'Best_epoch_NDCG@20': 6}
2026/08/07 15:33:00 - __main__ - INFO - 543 - trainer - Epoch: 7
2026/08/07 15:33:00 - __main__ - INFO - 548 - trainer - start predicting: 2026-08-07 15:33:00.773684
2026/08/07 15:33:02 - __main__ - INFO - 585 - trainer - {'Best_HR@5': 32.2266, 'Best_NDCG@5': 23.2967, 'Best_HR@10': 43.8965, 'Best_NDCG@10': 27.0411, 'Best_HR@20': 58.3496, 'Best_NDCG@20': 30.6738}
2026/08/07 15:33:02 - __main__ - INFO - 586 - trainer - {'Best_epoch_HR@5': 7, 'Best_epoch_NDCG@5': 7, 'Best_epoch_HR@10': 7, 'Best_epoch_NDCG@10': 7, 'Best_epoch_HR@20': 7, 'Best_epoch_NDCG@20': 7}
2026/08/07 15:33:03 - __main__ - INFO - 543 - trainer - Epoch: 8
2026/08/07 15:33:03 - __main__ - INFO - 548 - trainer - start predicting: 2026-08-07 15:33:03.362952
2026/08/07 15:33:05 - __main__ - INFO - 585 - trainer - {'Best_HR@5': 33.8867, 'Best_NDCG@5': 24.6637, 'Best_HR@10': 45.7031, 'Best_NDCG@10': 28.4727, 'Best_HR@20': 59.1797, 'Best_NDCG@20': 31.8439}
2026/08/07 15:33:05 - __main__ - INFO - 586 - trainer - {'Best_epoch_HR@5': 8, 'Best_epoch_NDCG@5': 8, 'Best_epoch_HR@10': 8, 'Best_epoch_NDCG@10': 8, 'Best_epoch_HR@20': 8, 'Best_epoch_NDCG@20': 8}
2026/08/07 15:33:05 - __main__ - INFO - 543 - trainer - Epoch: 9
2026/08/07 15:33:05 - __main__ - INFO - 548 - trainer - start predicting: 2026-08-07 15:33:05.986999
2026/08/07 15:33:07 - __main__ - INFO - 585 - trainer - {'Best_HR@5': 35.8887, 'Best_NDCG@5': 26.2373, 'Best_HR@10': 46.6797, 'Best_NDCG@10': 29.7147, 'Best_HR@20': 59.6191, 'Best_NDCG@20': 32.9717}
2026/08/07 15:33:07 - __main__ - INFO - 586 - trainer - {'Best_epoch_HR@5': 9, 'Best_epoch_NDCG@5': 9, 'Best_epoch_HR@10': 9, 'Best_epoch_NDCG@10': 9, 'Best_epoch_HR@20': 9, 'Best_epoch_NDCG@20': 9}
2026/08/07 15:33:08 - __main__ - INFO - 543 - trainer - Epoch: 10
2026/08/07 15:33:08 - __main__ - INFO - 548 - trainer - start predicting: 2026-08-07 15:33:08.596007
2026/08/07 15:33:10 - __main__ - INFO - 585 - trainer - {'Best_HR@5': 36.2305, 'Best_NDCG@5': 26.6281, 'Best_HR@10': 47.4121, 'Best_NDCG@10': 30.2229, 'Best_HR@20': 59.6191, 'Best_NDCG@20': 33.2501}
2026/08/07 15:33:10 - __main__ - INFO - 586 - trainer - {'Best_epoch_HR@5': 10, 'Best_epoch_NDCG@5': 10, 'Best_epoch_HR@10': 10, 'Best_epoch_NDCG@10': 10, 'Best_epoch_HR@20': 9, 'Best_epoch_NDCG@20': 10}
2026/08/07 15:33:11 - __main__ - INFO - 543 - trainer - Epoch: 11
2026/08/07 15:33:11 - __main__ - INFO - 548 - trainer - start predicting: 2026-08-07 15:33:11.210226
2026/08/07 15:33:13 - __main__ - INFO - 585 - trainer - {'Best_HR@5': 36.7188, 'Best_NDCG@5': 27.0438, 'Best_HR@10': 47.9004, 'Best_NDCG@10': 30.6822, 'Best_HR@20': 60.1074, 'Best_NDCG@20': 33.7432}
2026/08/07 15:33:13 - __main__ - INFO - 586 - trainer - {'Best_epoch_HR@5': 11, 'Best_epoch_NDCG@5': 11, 'Best_epoch_HR@10': 11, 'Best_epoch_NDCG@10': 11, 'Best_epoch_HR@20': 11, 'Best_epoch_NDCG@20': 11}
2026/08/07 15:33:13 - __main__ - INFO - 543 - trainer - Epoch: 12
2026/08/07 15:33:13 - __main__ - INFO - 548 - trainer - start predicting: 2026-08-07 15:33:13.772025
2026/08/07 15:33:15 - __main__ - INFO - 585 - trainer - {'Best_HR@5': 37.5, 'Best_NDCG@5': 27.7178, 'Best_HR@10': 48.4863, 'Best_NDCG@10': 31.2573, 'Best_HR@20': 60.791, 'Best_NDCG@20': 34.3444}
2026/08/07 15:33:15 - __main__ - INFO - 586 - trainer - {'Best_epoch_HR@5': 12, 'Best_epoch_NDCG@5': 12, 'Best_epoch_HR@10': 12, 'Best_epoch_NDCG@10': 12, 'Best_epoch_HR@20': 12, 'Best_epoch_NDCG@20': 12}
2026/08/07 15:33:16 - __main__ - INFO - 543 - trainer - Epoch: 13
2026/08/07 15:33:16 - __main__ - INFO - 548 - trainer - start predicting: 2026-08-07 15:33:16.497529
2026/08/07 15:33:18 - __main__ - INFO - 585 - trainer - {'Best_HR@5': 37.5, 'Best_NDCG@5': 27.7178, 'Best_HR@10': 48.7793, 'Best_NDCG@10': 31.2573, 'Best_HR@20': 60.791, 'Best_NDCG@20': 34.3444}
2026/08/07 15:33:18 - __main__ - INFO - 586 - trainer - {'Best_epoch_HR@5': 12, 'Best_epoch_NDCG@5': 12, 'Best_epoch_HR@10': 13, 'Best_epoch_NDCG@10': 12, 'Best_epoch_HR@20': 12, 'Best_epoch_NDCG@20': 12}
2026/08/07 15:33:19 - __main__ - INFO - 543 - trainer - Epoch: 14
2026/08/07 15:33:19 - __main__ - INFO - 548 - trainer - start predicting: 2026-08-07 15:33:19.044893
2026/08/07 15:33:20 - __main__ - INFO - 585 - trainer - {'Best_HR@5': 38.0859, 'Best_NDCG@5': 27.7178, 'Best_HR@10': 49.0234, 'Best_NDCG@10': 31.2573, 'Best_HR@20': 60.791, 'Best_NDCG@20': 34.3444}
2026/08/07 15:33:20 - __main__ - INFO - 586 - trainer - {'Best_epoch_HR@5': 14, 'Best_epoch_NDCG@5': 12, 'Best_epoch_HR@10': 14, 'Best_epoch_NDCG@10': 12, 'Best_epoch_HR@20': 12, 'Best_epoch_NDCG@20': 12}
2026/08/07 15:33:21 - __main__ - INFO - 543 - trainer - Epoch: 15
2026/08/07 15:33:21 - __main__ - INFO - 548 - trainer - start predicting: 2026-08-07 15:33:21.623693
2026/08/07 15:33:23 - __main__ - INFO - 585 - trainer - {'Best_HR@5': 39.209, 'Best_NDCG@5': 28.7467, 'Best_HR@10': 49.0234, 'Best_NDCG@10': 31.7803, 'Best_HR@20': 60.791, 'Best_NDCG@20': 34.7903}
2026/08/07 15:33:23 - __main__ - INFO - 586 - trainer - {'Best_epoch_HR@5': 15, 'Best_epoch_NDCG@5': 15, 'Best_epoch_HR@10': 14, 'Best_epoch_NDCG@10': 15, 'Best_epoch_HR@20': 12, 'Best_epoch_NDCG@20': 15}
2026/08/07 15:33:24 - __main__ - INFO - 543 - trainer - Epoch: 16
2026/08/07 15:33:24 - __main__ - INFO - 548 - trainer - start predicting: 2026-08-07 15:33:24.298023
2026/08/07 15:33:26 - __main__ - INFO - 543 - trainer - Epoch: 17
2026/08/07 15:33:26 - __main__ - INFO - 548 - trainer - start predicting: 2026-08-07 15:33:26.995892
2026/08/07 15:33:29 - __main__ - INFO - 585 - trainer - {'Best_HR@5': 39.209, 'Best_NDCG@5': 28.7467, 'Best_HR@10': 49.0234, 'Best_NDCG@10': 31.7803, 'Best_HR@20': 61.1816, 'Best_NDCG@20': 34.7903}
2026/08/07 15:33:29 - __main__ - INFO - 586 - trainer - {'Best_epoch_HR@5': 15, 'Best_epoch_NDCG@5': 15, 'Best_epoch_HR@10': 14, 'Best_epoch_NDCG@10': 15, 'Best_epoch_HR@20': 17, 'Best_epoch_NDCG@20': 15}
2026/08/07 15:33:29 - __main__ - INFO - 543 - trainer - Epoch: 18
2026/08/07 15:33:29 - __main__ - INFO - 548 - trainer - start predicting: 2026-08-07 15:33:29.652138
2026/08/07 15:33:32 - __main__ - INFO - 543 - trainer - Epoch: 19
2026/08/07 15:33:32 - __main__ - INFO - 548 - trainer - start predicting: 2026-08-07 15:33:32.183554
2026/08/07 15:33:34 - __main__ - INFO - 585 - trainer - {'Best_HR@5': 39.209, 'Best_NDCG@5': 28.7467, 'Best_HR@10': 49.0723, 'Best_NDCG@10': 31.7803, 'Best_HR@20': 61.1816, 'Best_NDCG@20': 34.7903}
2026/08/07 15:33:34 - __main__ - INFO - 586 - trainer - {'Best_epoch_HR@5': 15, 'Best_epoch_NDCG@5': 15, 'Best_epoch_HR@10': 19, 'Best_epoch_NDCG@10': 15, 'Best_epoch_HR@20': 17, 'Best_epoch_NDCG@20': 15}
2026/08/07 15:33:34 - __main__ - INFO - 543 - trainer - Epoch: 20
2026/08/07 15:33:34 - __main__ - INFO - 548 - trainer - start predicting: 2026-08-07 15:33:34.707334
2026/08/07 15:33:36 - __main__ - INFO - 585 - trainer - {'Best_HR@5': 39.209, 'Best_NDCG@5': 28.7467, 'Best_HR@10': 49.0723, 'Best_NDCG@10': 31.7803, 'Best_HR@20': 61.2305, 'Best_NDCG@20': 34.7903}
2026/08/07 15:33:36 - __main__ - INFO - 586 - trainer - {'Best_epoch_HR@5': 15, 'Best_epoch_NDCG@5': 15, 'Best_epoch_HR@10': 19, 'Best_epoch_NDCG@10': 15, 'Best_epoch_HR@20': 20, 'Best_epoch_NDCG@20': 15}
2026/08/07 15:33:37 - __main__ - INFO - 543 - trainer - Epoch: 21
2026/08/07 15:33:37 - __main__ - INFO - 548 - trainer - start predicting: 2026-08-07 15:33:37.328350
2026/08/07 15:33:39 - __main__ - INFO - 585 - trainer - {'Best_HR@5': 39.209, 'Best_NDCG@5': 28.7467, 'Best_HR@10': 49.5117, 'Best_NDCG@10': 31.7803, 'Best_HR@20': 61.3281, 'Best_NDCG@20': 34.7903}
2026/08/07 15:33:39 - __main__ - INFO - 586 - trainer - {'Best_epoch_HR@5': 15, 'Best_epoch_NDCG@5': 15, 'Best_epoch_HR@10': 21, 'Best_epoch_NDCG@10': 15, 'Best_epoch_HR@20': 21, 'Best_epoch_NDCG@20': 15}
2026/08/07 15:33:39 - __main__ - INFO - 543 - trainer - Epoch: 22
2026/08/07 15:33:39 - __main__ - INFO - 548 - trainer - start predicting: 2026-08-07 15:33:39.883155
2026/08/07 15:33:41 - __main__ - INFO - 585 - trainer - {'Best_HR@5': 39.209, 'Best_NDCG@5': 28.7467, 'Best_HR@10': 49.5117, 'Best_NDCG@10': 31.7803, 'Best_HR@20': 61.377, 'Best_NDCG@20': 34.7903}
2026/08/07 15:33:41 - __main__ - INFO - 586 - trainer - {'Best_epoch_HR@5': 15, 'Best_epoch_NDCG@5': 15, 'Best_epoch_HR@10': 21, 'Best_epoch_NDCG@10': 15, 'Best_epoch_HR@20': 22, 'Best_epoch_NDCG@20': 15}
2026/08/07 15:33:42 - __main__ - INFO - 543 - trainer - Epoch: 23
2026/08/07 15:33:42 - __main__ - INFO - 548 - trainer - start predicting: 2026-08-07 15:33:42.554806
2026/08/07 15:33:45 - __main__ - INFO - 543 - trainer - Epoch: 24
2026/08/07 15:33:45 - __main__ - INFO - 548 - trainer - start predicting: 2026-08-07 15:33:45.138099
2026/08/07 15:33:47 - __main__ - INFO - 543 - trainer - Epoch: 25
2026/08/07 15:33:47 - __main__ - INFO - 548 - trainer - start predicting: 2026-08-07 15:33:47.793418
2026/08/07 15:33:50 - __main__ - INFO - 543 - trainer - Epoch: 26
2026/08/07 15:33:50 - __main__ - INFO - 548 - trainer - start predicting: 2026-08-07 15:33:50.324945
2026/08/07 15:33:52 - __main__ - INFO - 543 - trainer - Epoch: 27
2026/08/07 15:33:52 - __main__ - INFO - 548 - trainer - start predicting: 2026-08-07 15:33:52.908810
2026/08/07 15:33:54 - __main__ - INFO - 600 - trainer - {'Best_HR@5': 39.209, 'Best_NDCG@5': 28.7467, 'Best_HR@10': 49.5117, 'Best_NDCG@10': 31.7803, 'Best_HR@20': 61.377, 'Best_NDCG@20': 34.7903}
2026/08/07 15:33:54 - __main__ - INFO - 601 - trainer - {'Best_epoch_HR@5': 15, 'Best_epoch_NDCG@5': 15, 'Best_epoch_HR@10': 21, 'Best_epoch_NDCG@10': 15, 'Best_epoch_HR@20': 22, 'Best_epoch_NDCG@20': 15}
2026/08/07 15:33:54 - __main__ - INFO - 682 - trainer - Popularity Definition------------------------------------------------
2026/08/07 15:33:54 - __main__ - INFO - 686 - trainer - {'popular_ratio': 0.2, 'observed_train_items': 21856, 'popular_items': 4372, 'unpopular_seen_items': 17484, 'unseen_items_in_test': 'calculated from test ground truth'}
2026/08/07 15:33:56 - __main__ - INFO - 945 - trainer - Test Overall------------------------------------------------------
2026/08/07 15:33:56 - __main__ - INFO - 949 - trainer - {'HR@5': 37.6459, 'NDCG@5': 28.1163, 'HR@10': 49.9027, 'NDCG@10': 32.0955, 'HR@20': 62.3054, 'NDCG@20': 35.2349}
2026/08/07 15:33:56 - __main__ - INFO - 1034 - trainer - Test Group Size---------------------------------------------------
2026/08/07 15:33:56 - __main__ - INFO - 1038 - trainer - {'Overall_test_samples': 2056, 'Popular_test_samples': 1372, 'Unpopular_seen_test_samples': 505, 'Unseen_test_samples': 179, 'Grouped_test_samples': 2056}
2026/08/07 15:33:56 - __main__ - INFO - 1040 - trainer - Test Popular Ground Truth------------------------------------------
2026/08/07 15:33:56 - __main__ - INFO - 1044 - trainer - {'HR@5': 55.0292, 'NDCG@5': 41.3467, 'HR@10': 70.5539, 'NDCG@10': 46.4054, 'HR@20': 84.0379, 'NDCG@20': 49.8163}
2026/08/07 15:33:56 - __main__ - INFO - 1046 - trainer - Test Unpopular-Seen Ground Truth-----------------------------------
2026/08/07 15:33:56 - __main__ - INFO - 1050 - trainer - {'HR@5': 3.7624, 'NDCG@5': 2.1374, 'HR@10': 11.4851, 'NDCG@10': 4.5946, 'HR@20': 25.3465, 'NDCG@20': 8.1088}
2026/08/07 15:33:56 - __main__ - INFO - 1052 - trainer - Test Unseen Ground Truth-------------------------------------------
2026/08/07 15:33:56 - __main__ - INFO - 1056 - trainer - {'HR@5': 0.0, 'NDCG@5': 0.0, 'HR@10': 0.0, 'NDCG@10': 0.0, 'HR@20': 0.0, 'NDCG@20': 0.0}
2026/08/07 15:33:56 - __main__ - INFO - 1058 - trainer - Recommendation Popularity------------------------------------------
2026/08/07 15:33:56 - __main__ - INFO - 1062 - trainer - {'PopularRatio@5': 88.0058, 'PopularRatio@10': 75.535, 'PopularRatio@20': 57.9912}
2026/08/07 15:33:56 - __main__ - INFO - 1065 - trainer - Best Eval---------------------------------------------------------
2026/08/07 15:33:56 - __main__ - INFO - 1068 - trainer - {'Best_HR@5': 39.209, 'Best_NDCG@5': 28.7467, 'Best_HR@10': 49.5117, 'Best_NDCG@10': 31.7803, 'Best_HR@20': 61.377, 'Best_NDCG@20': 34.7903}
2026/08/07 15:33:56 - __main__ - INFO - 1069 - trainer - {'Best_epoch_HR@5': 15, 'Best_epoch_NDCG@5': 15, 'Best_epoch_HR@10': 21, 'Best_epoch_NDCG@10': 15, 'Best_epoch_HR@20': 22, 'Best_epoch_NDCG@20': 15}
2026/08/07 15:33:56 - __main__ - INFO - 271 - main - Target model saved at: ./saved_model/movie_video/source_seq_target_model.pth
