2026/08/26 13:51:48 - __main__ - INFO - 98 - main - Namespace(batch_size=512, decay_step=100, description='Diffu_norm_score', device='cuda', diffusion_steps=32, dropout=0.1, e_context_high_threshold=0.75, e_context_low_threshold=0.5, e_context_state='low', emb_dropout=0.3, epochs=100, eval_interval=5, gamma=0.1, group_alignment=1, group_alignment_mode='both', group_context_threshold=0.5, group_pop_weight=1.0, group_tail_weight=1.0, hidden_act='gelu', hidden_size=128, inspect_e_distribution=0, lambda_uncertainty=0.001, log_file='log/', loss_lambda=1, lr=0.001, max_len=8, metric_ks=[5, 10, 20], momentum=None, noise_schedule='trunc_lin', num_blocks=4, num_gpu=1, optimizer='Adam', p=0.3, patience=2, popular_ratio=0.2, random_seed=1997, rescale_timesteps=True, s_dataset='movie', schedule_sampler_name='lossaware', t_dataset='video', tail_aug_probability=0.5, tail_context_regulation=1, tail_drop_probability=0.2, tail_preserve_recent=2, w=1.0, weight_decay=0)
2026/08/26 13:51:51 - __main__ - INFO - 870 - trainer - Group-aware Alignment Definition------------------------------------
2026/08/26 13:51:51 - __main__ - INFO - 874 - trainer - {'group_alignment': True, 'alignment_mode': 'both', 'context_threshold': 0.5, 'popular_weight': 1.0, 'tail_weight': 1.0, 'source_popular_items': 17856, 'target_popular_items': 4372}
2026/08/26 13:51:51 - __main__ - INFO - 1157 - trainer - Group-aware Alignment Batch------------------------------------
2026/08/26 13:51:51 - __main__ - INFO - 1162 - trainer - {'Epoch': 0, 'Source Popular-context': 407, 'Source Tail-context': 75, 'Target Popular-context': 379, 'Target Tail-context': 87}
2026/08/26 13:51:56 - __main__ - INFO - 1173 - trainer - Epoch: 0
2026/08/26 13:51:56 - __main__ - INFO - 1157 - trainer - Group-aware Alignment Batch------------------------------------
2026/08/26 13:51:56 - __main__ - INFO - 1162 - trainer - {'Epoch': 1, 'Source Popular-context': 394, 'Source Tail-context': 77, 'Target Popular-context': 372, 'Target Tail-context': 83}
2026/08/26 13:52:01 - __main__ - INFO - 1173 - trainer - Epoch: 1
2026/08/26 13:52:01 - __main__ - INFO - 1157 - trainer - Group-aware Alignment Batch------------------------------------
2026/08/26 13:52:01 - __main__ - INFO - 1162 - trainer - {'Epoch': 2, 'Source Popular-context': 393, 'Source Tail-context': 73, 'Target Popular-context': 387, 'Target Tail-context': 77}
2026/08/26 13:52:05 - __main__ - INFO - 1173 - trainer - Epoch: 2
2026/08/26 13:52:05 - __main__ - INFO - 1157 - trainer - Group-aware Alignment Batch------------------------------------
2026/08/26 13:52:05 - __main__ - INFO - 1162 - trainer - {'Epoch': 3, 'Source Popular-context': 409, 'Source Tail-context': 56, 'Target Popular-context': 342, 'Target Tail-context': 98}
2026/08/26 13:52:09 - __main__ - INFO - 1173 - trainer - Epoch: 3
2026/08/26 13:52:09 - __main__ - INFO - 1157 - trainer - Group-aware Alignment Batch------------------------------------
2026/08/26 13:52:09 - __main__ - INFO - 1162 - trainer - {'Epoch': 4, 'Source Popular-context': 418, 'Source Tail-context': 59, 'Target Popular-context': 370, 'Target Tail-context': 79}
2026/08/26 13:52:14 - __main__ - INFO - 1173 - trainer - Epoch: 4
2026/08/26 13:52:14 - __main__ - INFO - 1157 - trainer - Group-aware Alignment Batch------------------------------------
2026/08/26 13:52:14 - __main__ - INFO - 1162 - trainer - {'Epoch': 5, 'Source Popular-context': 403, 'Source Tail-context': 59, 'Target Popular-context': 368, 'Target Tail-context': 85}
2026/08/26 13:52:18 - __main__ - INFO - 1173 - trainer - Epoch: 5
2026/08/26 13:52:18 - __main__ - INFO - 1178 - trainer - start predicting: 2026-08-26 13:52:18.789631
2026/08/26 13:52:30 - __main__ - INFO - 1215 - trainer - {'Best_HR@5': 38.6621, 'Best_NDCG@5': 29.8305, 'Best_HR@10': 49.1016, 'Best_NDCG@10': 33.2054, 'Best_HR@20': 61.8359, 'Best_NDCG@20': 36.4132}
2026/08/26 13:52:30 - __main__ - INFO - 1216 - trainer - {'Best_epoch_HR@5': 5, 'Best_epoch_NDCG@5': 5, 'Best_epoch_HR@10': 5, 'Best_epoch_NDCG@10': 5, 'Best_epoch_HR@20': 5, 'Best_epoch_NDCG@20': 5}
2026/08/26 13:52:30 - __main__ - INFO - 1157 - trainer - Group-aware Alignment Batch------------------------------------
2026/08/26 13:52:30 - __main__ - INFO - 1162 - trainer - {'Epoch': 6, 'Source Popular-context': 423, 'Source Tail-context': 54, 'Target Popular-context': 362, 'Target Tail-context': 95}
2026/08/26 13:52:35 - __main__ - INFO - 1173 - trainer - Epoch: 6
2026/08/26 13:52:35 - __main__ - INFO - 1157 - trainer - Group-aware Alignment Batch------------------------------------
2026/08/26 13:52:35 - __main__ - INFO - 1162 - trainer - {'Epoch': 7, 'Source Popular-context': 421, 'Source Tail-context': 63, 'Target Popular-context': 375, 'Target Tail-context': 85}
2026/08/26 13:52:39 - __main__ - INFO - 1173 - trainer - Epoch: 7
2026/08/26 13:52:39 - __main__ - INFO - 1157 - trainer - Group-aware Alignment Batch------------------------------------
2026/08/26 13:52:39 - __main__ - INFO - 1162 - trainer - {'Epoch': 8, 'Source Popular-context': 421, 'Source Tail-context': 59, 'Target Popular-context': 368, 'Target Tail-context': 94}
2026/08/26 13:52:44 - __main__ - INFO - 1173 - trainer - Epoch: 8
2026/08/26 13:52:44 - __main__ - INFO - 1157 - trainer - Group-aware Alignment Batch------------------------------------
2026/08/26 13:52:44 - __main__ - INFO - 1162 - trainer - {'Epoch': 9, 'Source Popular-context': 402, 'Source Tail-context': 78, 'Target Popular-context': 378, 'Target Tail-context': 85}
2026/08/26 13:52:48 - __main__ - INFO - 1173 - trainer - Epoch: 9
2026/08/26 13:52:48 - __main__ - INFO - 1157 - trainer - Group-aware Alignment Batch------------------------------------
2026/08/26 13:52:48 - __main__ - INFO - 1162 - trainer - {'Epoch': 10, 'Source Popular-context': 428, 'Source Tail-context': 46, 'Target Popular-context': 374, 'Target Tail-context': 78}
2026/08/26 13:52:53 - __main__ - INFO - 1173 - trainer - Epoch: 10
2026/08/26 13:52:53 - __main__ - INFO - 1178 - trainer - start predicting: 2026-08-26 13:52:53.516392
2026/08/26 13:53:05 - __main__ - INFO - 1215 - trainer - {'Best_HR@5': 48.2227, 'Best_NDCG@5': 36.8793, 'Best_HR@10': 58.877, 'Best_NDCG@10': 40.3294, 'Best_HR@20': 69.4629, 'Best_NDCG@20': 43.0071}
2026/08/26 13:53:05 - __main__ - INFO - 1216 - trainer - {'Best_epoch_HR@5': 10, 'Best_epoch_NDCG@5': 10, 'Best_epoch_HR@10': 10, 'Best_epoch_NDCG@10': 10, 'Best_epoch_HR@20': 10, 'Best_epoch_NDCG@20': 10}
2026/08/26 13:53:05 - __main__ - INFO - 1157 - trainer - Group-aware Alignment Batch------------------------------------
2026/08/26 13:53:05 - __main__ - INFO - 1162 - trainer - {'Epoch': 11, 'Source Popular-context': 413, 'Source Tail-context': 60, 'Target Popular-context': 381, 'Target Tail-context': 85}
2026/08/26 13:53:09 - __main__ - INFO - 1173 - trainer - Epoch: 11
2026/08/26 13:53:09 - __main__ - INFO - 1157 - trainer - Group-aware Alignment Batch------------------------------------
2026/08/26 13:53:09 - __main__ - INFO - 1162 - trainer - {'Epoch': 12, 'Source Popular-context': 424, 'Source Tail-context': 60, 'Target Popular-context': 372, 'Target Tail-context': 80}
2026/08/26 13:53:14 - __main__ - INFO - 1173 - trainer - Epoch: 12
2026/08/26 13:53:14 - __main__ - INFO - 1157 - trainer - Group-aware Alignment Batch------------------------------------
2026/08/26 13:53:14 - __main__ - INFO - 1162 - trainer - {'Epoch': 13, 'Source Popular-context': 411, 'Source Tail-context': 73, 'Target Popular-context': 382, 'Target Tail-context': 79}
2026/08/26 13:53:19 - __main__ - INFO - 1173 - trainer - Epoch: 13
2026/08/26 13:53:19 - __main__ - INFO - 1157 - trainer - Group-aware Alignment Batch------------------------------------
2026/08/26 13:53:19 - __main__ - INFO - 1162 - trainer - {'Epoch': 14, 'Source Popular-context': 423, 'Source Tail-context': 65, 'Target Popular-context': 379, 'Target Tail-context': 94}
2026/08/26 13:53:23 - __main__ - INFO - 1173 - trainer - Epoch: 14
2026/08/26 13:53:23 - __main__ - INFO - 1157 - trainer - Group-aware Alignment Batch------------------------------------
2026/08/26 13:53:23 - __main__ - INFO - 1162 - trainer - {'Epoch': 15, 'Source Popular-context': 422, 'Source Tail-context': 58, 'Target Popular-context': 373, 'Target Tail-context': 98}
2026/08/26 13:53:28 - __main__ - INFO - 1173 - trainer - Epoch: 15
2026/08/26 13:53:28 - __main__ - INFO - 1178 - trainer - start predicting: 2026-08-26 13:53:28.367797
2026/08/26 13:53:40 - __main__ - INFO - 1215 - trainer - {'Best_HR@5': 49.1797, 'Best_NDCG@5': 37.4333, 'Best_HR@10': 60.3223, 'Best_NDCG@10': 41.0498, 'Best_HR@20': 70.4297, 'Best_NDCG@20': 43.6145}
2026/08/26 13:53:40 - __main__ - INFO - 1216 - trainer - {'Best_epoch_HR@5': 15, 'Best_epoch_NDCG@5': 15, 'Best_epoch_HR@10': 15, 'Best_epoch_NDCG@10': 15, 'Best_epoch_HR@20': 15, 'Best_epoch_NDCG@20': 15}
2026/08/26 13:53:40 - __main__ - INFO - 1157 - trainer - Group-aware Alignment Batch------------------------------------
2026/08/26 13:53:40 - __main__ - INFO - 1162 - trainer - {'Epoch': 16, 'Source Popular-context': 403, 'Source Tail-context': 65, 'Target Popular-context': 374, 'Target Tail-context': 89}
2026/08/26 13:53:45 - __main__ - INFO - 1173 - trainer - Epoch: 16
2026/08/26 13:53:45 - __main__ - INFO - 1157 - trainer - Group-aware Alignment Batch------------------------------------
2026/08/26 13:53:45 - __main__ - INFO - 1162 - trainer - {'Epoch': 17, 'Source Popular-context': 423, 'Source Tail-context': 52, 'Target Popular-context': 355, 'Target Tail-context': 109}
2026/08/26 13:53:49 - __main__ - INFO - 1173 - trainer - Epoch: 17
2026/08/26 13:53:49 - __main__ - INFO - 1157 - trainer - Group-aware Alignment Batch------------------------------------
2026/08/26 13:53:49 - __main__ - INFO - 1162 - trainer - {'Epoch': 18, 'Source Popular-context': 413, 'Source Tail-context': 63, 'Target Popular-context': 386, 'Target Tail-context': 85}
2026/08/26 13:53:54 - __main__ - INFO - 1173 - trainer - Epoch: 18
2026/08/26 13:53:54 - __main__ - INFO - 1157 - trainer - Group-aware Alignment Batch------------------------------------
2026/08/26 13:53:54 - __main__ - INFO - 1162 - trainer - {'Epoch': 19, 'Source Popular-context': 402, 'Source Tail-context': 63, 'Target Popular-context': 367, 'Target Tail-context': 94}
2026/08/26 13:53:58 - __main__ - INFO - 1173 - trainer - Epoch: 19
2026/08/26 13:53:58 - __main__ - INFO - 1157 - trainer - Group-aware Alignment Batch------------------------------------
2026/08/26 13:53:58 - __main__ - INFO - 1162 - trainer - {'Epoch': 20, 'Source Popular-context': 409, 'Source Tail-context': 62, 'Target Popular-context': 373, 'Target Tail-context': 82}
2026/08/26 13:54:04 - __main__ - INFO - 1173 - trainer - Epoch: 20
2026/08/26 13:54:04 - __main__ - INFO - 1178 - trainer - start predicting: 2026-08-26 13:54:04.460475
2026/08/26 13:54:17 - __main__ - INFO - 1157 - trainer - Group-aware Alignment Batch------------------------------------
2026/08/26 13:54:17 - __main__ - INFO - 1162 - trainer - {'Epoch': 21, 'Source Popular-context': 404, 'Source Tail-context': 63, 'Target Popular-context': 372, 'Target Tail-context': 83}
2026/08/26 13:54:23 - __main__ - INFO - 1173 - trainer - Epoch: 21
2026/08/26 13:54:23 - __main__ - INFO - 1157 - trainer - Group-aware Alignment Batch------------------------------------
2026/08/26 13:54:23 - __main__ - INFO - 1162 - trainer - {'Epoch': 22, 'Source Popular-context': 416, 'Source Tail-context': 59, 'Target Popular-context': 370, 'Target Tail-context': 78}
2026/08/26 13:54:28 - __main__ - INFO - 1173 - trainer - Epoch: 22
2026/08/26 13:54:28 - __main__ - INFO - 1157 - trainer - Group-aware Alignment Batch------------------------------------
2026/08/26 13:54:28 - __main__ - INFO - 1162 - trainer - {'Epoch': 23, 'Source Popular-context': 404, 'Source Tail-context': 69, 'Target Popular-context': 385, 'Target Tail-context': 81}
2026/08/26 13:54:34 - __main__ - INFO - 1173 - trainer - Epoch: 23
2026/08/26 13:54:34 - __main__ - INFO - 1157 - trainer - Group-aware Alignment Batch------------------------------------
2026/08/26 13:54:34 - __main__ - INFO - 1162 - trainer - {'Epoch': 24, 'Source Popular-context': 400, 'Source Tail-context': 74, 'Target Popular-context': 373, 'Target Tail-context': 90}
2026/08/26 13:54:39 - __main__ - INFO - 1173 - trainer - Epoch: 24
2026/08/26 13:54:39 - __main__ - INFO - 1157 - trainer - Group-aware Alignment Batch------------------------------------
2026/08/26 13:54:39 - __main__ - INFO - 1162 - trainer - {'Epoch': 25, 'Source Popular-context': 415, 'Source Tail-context': 50, 'Target Popular-context': 382, 'Target Tail-context': 81}
2026/08/26 13:54:45 - __main__ - INFO - 1173 - trainer - Epoch: 25
2026/08/26 13:54:45 - __main__ - INFO - 1178 - trainer - start predicting: 2026-08-26 13:54:45.345167
2026/08/26 13:54:58 - __main__ - INFO - 1225 - trainer - {'Best_HR@5': 49.1797, 'Best_NDCG@5': 37.4333, 'Best_HR@10': 60.3223, 'Best_NDCG@10': 41.0498, 'Best_HR@20': 70.4297, 'Best_NDCG@20': 43.6145}
2026/08/26 13:54:58 - __main__ - INFO - 1226 - trainer - {'Best_epoch_HR@5': 15, 'Best_epoch_NDCG@5': 15, 'Best_epoch_HR@10': 15, 'Best_epoch_NDCG@10': 15, 'Best_epoch_HR@20': 15, 'Best_epoch_NDCG@20': 15}
2026/08/26 13:54:59 - __main__ - INFO - 1332 - trainer - Source Popularity Definition---------------------------------------------
2026/08/26 13:54:59 - __main__ - INFO - 1337 - trainer - {'domain': 'Source', 'popular_ratio': 0.2, 'observed_train_items': 89276, 'popular_items': 17856, 'unpopular_seen_items': 71420, 'unseen_items_in_test': 'calculated from test ground truth'}
2026/08/26 13:55:09 - __main__ - INFO - 1613 - trainer - %s Test Overall------------------------------------------------------
2026/08/26 13:55:09 - __main__ - INFO - 1617 - trainer - {'HR@5': 49.8753, 'NDCG@5': 38.1821, 'HR@10': 60.4107, 'NDCG@10': 41.608, 'HR@20': 70.1785, 'NDCG@20': 44.0883}
2026/08/26 13:55:09 - __main__ - INFO - 1708 - trainer - Source Test Group Size----------------------------------------------
2026/08/26 13:55:09 - __main__ - INFO - 1713 - trainer - {'domain': 'Source', 'Overall_test_samples': 10422, 'Popular_test_samples': 7854, 'Unpopular_seen_test_samples': 1824, 'Unseen_test_samples': 744, 'Grouped_test_samples': 10422}
2026/08/26 13:55:09 - __main__ - INFO - 1715 - trainer - Source Test Popular Ground Truth-------------------------------------
2026/08/26 13:55:09 - __main__ - INFO - 1720 - trainer - {'HR@5': 65.4826, 'NDCG@5': 50.336, 'HR@10': 78.2022, 'NDCG@10': 54.4832, 'HR@20': 87.9297, 'NDCG@20': 56.9665}
2026/08/26 13:55:09 - __main__ - INFO - 1722 - trainer - Source Test Unpopular-Seen Ground Truth------------------------------
2026/08/26 13:55:09 - __main__ - INFO - 1727 - trainer - {'HR@5': 3.0154, 'NDCG@5': 1.4225, 'HR@10': 8.443, 'NDCG@10': 3.1399, 'HR@20': 22.3684, 'NDCG@20': 6.6193}
2026/08/26 13:55:09 - __main__ - INFO - 1731 - trainer - Source Test Unseen Ground Truth--------------------------------------
2026/08/26 13:55:09 - __main__ - INFO - 1736 - trainer - {'HR@5': 0.0, 'NDCG@5': 0.0, 'HR@10': 0.0, 'NDCG@10': 0.0, 'HR@20': 0.0, 'NDCG@20': 0.0}
2026/08/26 13:55:09 - __main__ - INFO - 1738 - trainer - Source Recommendation Popularity-------------------------------------
2026/08/26 13:55:09 - __main__ - INFO - 1743 - trainer - {'PopularRatio@5': 93.5483, 'PopularRatio@10': 82.1061, 'PopularRatio@20': 61.7319}
2026/08/26 13:55:09 - __main__ - INFO - 1746 - trainer - Best Eval---------------------------------------------------------
2026/08/26 13:55:09 - __main__ - INFO - 1749 - trainer - {'Best_HR@5': 49.1797, 'Best_NDCG@5': 37.4333, 'Best_HR@10': 60.3223, 'Best_NDCG@10': 41.0498, 'Best_HR@20': 70.4297, 'Best_NDCG@20': 43.6145}
2026/08/26 13:55:09 - __main__ - INFO - 1750 - trainer - {'Best_epoch_HR@5': 15, 'Best_epoch_NDCG@5': 15, 'Best_epoch_HR@10': 15, 'Best_epoch_NDCG@10': 15, 'Best_epoch_HR@20': 15, 'Best_epoch_NDCG@20': 15}
2026/08/26 13:55:09 - __main__ - INFO - 957 - trainer - D2 Tail-target Context Regulation
2026/08/26 13:55:09 - __main__ - INFO - 961 - trainer - {'Experiment': 'E', 'Mechanism': 'M2 Representation Dominance', 'Action': 'D2 Sequence Regulation', 'Next_condition': 'Unpopular Next', 'Context_state': 'low', 'Low': 'SeqPopRatio < 0.5', 'Medium': '0.5 <= SeqPopRatio < 0.75', 'High': 'SeqPopRatio >= 0.75', 'augmentation_probability': 0.5, 'drop_probability': 0.2, 'preserve_recent': 2, 'popular_items': 4372, 'unpopular_seen_items': 17484}
2026/08/26 13:55:09 - __main__ - INFO - 1045 - trainer - D2 Context Regulation Batch Check
2026/08/26 13:55:09 - __main__ - INFO - 1049 - trainer - {'batch_size': 512, 'experiment_e_state': 'low', 'low_threshold': 0.5, 'high_threshold': 0.75, 'drop_probability': 0.2, 'unpopular_next_samples': 163, 'eligible_state_unpopnext': 61, 'augmented_samples': 28, 'eligible_ratio': 0.1191, 'augmentation_ratio_among_eligible': 0.459, 'avg_eligible_sequence_pop_ratio': 0.2121, 'dropped_items': 26}
2026/08/26 13:55:09 - __main__ - INFO - 1045 - trainer - D2 Context Regulation Batch Check
2026/08/26 13:55:09 - __main__ - INFO - 1049 - trainer - {'batch_size': 512, 'experiment_e_state': 'low', 'low_threshold': 0.5, 'high_threshold': 0.75, 'drop_probability': 0.2, 'unpopular_next_samples': 160, 'eligible_state_unpopnext': 42, 'augmented_samples': 21, 'eligible_ratio': 0.082, 'augmentation_ratio_among_eligible': 0.5, 'avg_eligible_sequence_pop_ratio': 0.1736, 'dropped_items': 18}
2026/08/26 13:55:09 - __main__ - INFO - 1045 - trainer - D2 Context Regulation Batch Check
2026/08/26 13:55:09 - __main__ - INFO - 1049 - trainer - {'batch_size': 512, 'experiment_e_state': 'low', 'low_threshold': 0.5, 'high_threshold': 0.75, 'drop_probability': 0.2, 'unpopular_next_samples': 145, 'eligible_state_unpopnext': 48, 'augmented_samples': 23, 'eligible_ratio': 0.0938, 'augmentation_ratio_among_eligible': 0.4792, 'avg_eligible_sequence_pop_ratio': 0.1913, 'dropped_items': 18}
2026/08/26 13:55:10 - __main__ - INFO - 1173 - trainer - Epoch: 0
2026/08/26 13:55:11 - __main__ - INFO - 1173 - trainer - Epoch: 1
2026/08/26 13:55:11 - __main__ - INFO - 1178 - trainer - start predicting: 2026-08-26 13:55:11.055360
2026/08/26 13:55:13 - __main__ - INFO - 1215 - trainer - {'Best_HR@5': 7.2266, 'Best_NDCG@5': 4.0054, 'Best_HR@10': 13.8672, 'Best_NDCG@10': 6.1457, 'Best_HR@20': 29.9805, 'Best_NDCG@20': 10.1936}
2026/08/26 13:55:13 - __main__ - INFO - 1216 - trainer - {'Best_epoch_HR@5': 1, 'Best_epoch_NDCG@5': 1, 'Best_epoch_HR@10': 1, 'Best_epoch_NDCG@10': 1, 'Best_epoch_HR@20': 1, 'Best_epoch_NDCG@20': 1}
2026/08/26 13:55:14 - __main__ - INFO - 1173 - trainer - Epoch: 2
2026/08/26 13:55:14 - __main__ - INFO - 1178 - trainer - start predicting: 2026-08-26 13:55:14.003396
2026/08/26 13:55:16 - __main__ - INFO - 1215 - trainer - {'Best_HR@5': 13.2324, 'Best_NDCG@5': 8.3443, 'Best_HR@10': 22.6562, 'Best_NDCG@10': 11.3403, 'Best_HR@20': 38.2324, 'Best_NDCG@20': 15.2557}
2026/08/26 13:55:16 - __main__ - INFO - 1216 - trainer - {'Best_epoch_HR@5': 2, 'Best_epoch_NDCG@5': 2, 'Best_epoch_HR@10': 2, 'Best_epoch_NDCG@10': 2, 'Best_epoch_HR@20': 2, 'Best_epoch_NDCG@20': 2}
2026/08/26 13:55:16 - __main__ - INFO - 1173 - trainer - Epoch: 3
2026/08/26 13:55:16 - __main__ - INFO - 1178 - trainer - start predicting: 2026-08-26 13:55:16.860141
2026/08/26 13:55:18 - __main__ - INFO - 1215 - trainer - {'Best_HR@5': 18.7012, 'Best_NDCG@5': 12.2991, 'Best_HR@10': 30.0293, 'Best_NDCG@10': 15.9331, 'Best_HR@20': 46.2891, 'Best_NDCG@20': 20.025}
2026/08/26 13:55:18 - __main__ - INFO - 1216 - trainer - {'Best_epoch_HR@5': 3, 'Best_epoch_NDCG@5': 3, 'Best_epoch_HR@10': 3, 'Best_epoch_NDCG@10': 3, 'Best_epoch_HR@20': 3, 'Best_epoch_NDCG@20': 3}
2026/08/26 13:55:19 - __main__ - INFO - 1173 - trainer - Epoch: 4
2026/08/26 13:55:19 - __main__ - INFO - 1178 - trainer - start predicting: 2026-08-26 13:55:19.572395
2026/08/26 13:55:21 - __main__ - INFO - 1215 - trainer - {'Best_HR@5': 24.5117, 'Best_NDCG@5': 16.3201, 'Best_HR@10': 35.1562, 'Best_NDCG@10': 19.7158, 'Best_HR@20': 50.6348, 'Best_NDCG@20': 23.6183}
2026/08/26 13:55:21 - __main__ - INFO - 1216 - trainer - {'Best_epoch_HR@5': 4, 'Best_epoch_NDCG@5': 4, 'Best_epoch_HR@10': 4, 'Best_epoch_NDCG@10': 4, 'Best_epoch_HR@20': 4, 'Best_epoch_NDCG@20': 4}
2026/08/26 13:55:22 - __main__ - INFO - 1173 - trainer - Epoch: 5
2026/08/26 13:55:22 - __main__ - INFO - 1178 - trainer - start predicting: 2026-08-26 13:55:22.340030
2026/08/26 13:55:23 - __main__ - INFO - 1215 - trainer - {'Best_HR@5': 26.8066, 'Best_NDCG@5': 18.559, 'Best_HR@10': 38.0371, 'Best_NDCG@10': 22.1927, 'Best_HR@20': 53.418, 'Best_NDCG@20': 26.0526}
2026/08/26 13:55:23 - __main__ - INFO - 1216 - trainer - {'Best_epoch_HR@5': 5, 'Best_epoch_NDCG@5': 5, 'Best_epoch_HR@10': 5, 'Best_epoch_NDCG@10': 5, 'Best_epoch_HR@20': 5, 'Best_epoch_NDCG@20': 5}
2026/08/26 13:55:24 - __main__ - INFO - 1173 - trainer - Epoch: 6
2026/08/26 13:55:24 - __main__ - INFO - 1178 - trainer - start predicting: 2026-08-26 13:55:24.590168
2026/08/26 13:55:26 - __main__ - INFO - 1215 - trainer - {'Best_HR@5': 30.2734, 'Best_NDCG@5': 21.3016, 'Best_HR@10': 40.2832, 'Best_NDCG@10': 24.5359, 'Best_HR@20': 55.5176, 'Best_NDCG@20': 28.3672}
2026/08/26 13:55:26 - __main__ - INFO - 1216 - trainer - {'Best_epoch_HR@5': 6, 'Best_epoch_NDCG@5': 6, 'Best_epoch_HR@10': 6, 'Best_epoch_NDCG@10': 6, 'Best_epoch_HR@20': 6, 'Best_epoch_NDCG@20': 6}
2026/08/26 13:55:27 - __main__ - INFO - 1173 - trainer - Epoch: 7
2026/08/26 13:55:27 - __main__ - INFO - 1178 - trainer - start predicting: 2026-08-26 13:55:27.025827
2026/08/26 13:55:28 - __main__ - INFO - 1215 - trainer - {'Best_HR@5': 32.0312, 'Best_NDCG@5': 23.1388, 'Best_HR@10': 41.9922, 'Best_NDCG@10': 26.3734, 'Best_HR@20': 56.6406, 'Best_NDCG@20': 30.0421}
2026/08/26 13:55:28 - __main__ - INFO - 1216 - trainer - {'Best_epoch_HR@5': 7, 'Best_epoch_NDCG@5': 7, 'Best_epoch_HR@10': 7, 'Best_epoch_NDCG@10': 7, 'Best_epoch_HR@20': 7, 'Best_epoch_NDCG@20': 7}
2026/08/26 13:55:29 - __main__ - INFO - 1173 - trainer - Epoch: 8
2026/08/26 13:55:29 - __main__ - INFO - 1178 - trainer - start predicting: 2026-08-26 13:55:29.434123
2026/08/26 13:55:30 - __main__ - INFO - 1215 - trainer - {'Best_HR@5': 32.9102, 'Best_NDCG@5': 24.865, 'Best_HR@10': 43.75, 'Best_NDCG@10': 28.3614, 'Best_HR@20': 57.5684, 'Best_NDCG@20': 31.8302}
2026/08/26 13:55:30 - __main__ - INFO - 1216 - trainer - {'Best_epoch_HR@5': 8, 'Best_epoch_NDCG@5': 8, 'Best_epoch_HR@10': 8, 'Best_epoch_NDCG@10': 8, 'Best_epoch_HR@20': 8, 'Best_epoch_NDCG@20': 8}
2026/08/26 13:55:31 - __main__ - INFO - 1173 - trainer - Epoch: 9
2026/08/26 13:55:31 - __main__ - INFO - 1178 - trainer - start predicting: 2026-08-26 13:55:31.596612
2026/08/26 13:55:33 - __main__ - INFO - 1215 - trainer - {'Best_HR@5': 34.8145, 'Best_NDCG@5': 25.7891, 'Best_HR@10': 44.3359, 'Best_NDCG@10': 28.8764, 'Best_HR@20': 57.666, 'Best_NDCG@20': 32.2521}
2026/08/26 13:55:33 - __main__ - INFO - 1216 - trainer - {'Best_epoch_HR@5': 9, 'Best_epoch_NDCG@5': 9, 'Best_epoch_HR@10': 9, 'Best_epoch_NDCG@10': 9, 'Best_epoch_HR@20': 9, 'Best_epoch_NDCG@20': 9}
2026/08/26 13:55:33 - __main__ - INFO - 1173 - trainer - Epoch: 10
2026/08/26 13:55:33 - __main__ - INFO - 1178 - trainer - start predicting: 2026-08-26 13:55:33.760011
2026/08/26 13:55:35 - __main__ - INFO - 1215 - trainer - {'Best_HR@5': 35.4004, 'Best_NDCG@5': 26.7665, 'Best_HR@10': 46.2402, 'Best_NDCG@10': 30.2508, 'Best_HR@20': 58.8867, 'Best_NDCG@20': 33.4169}
2026/08/26 13:55:35 - __main__ - INFO - 1216 - trainer - {'Best_epoch_HR@5': 10, 'Best_epoch_NDCG@5': 10, 'Best_epoch_HR@10': 10, 'Best_epoch_NDCG@10': 10, 'Best_epoch_HR@20': 10, 'Best_epoch_NDCG@20': 10}
2026/08/26 13:55:35 - __main__ - INFO - 1173 - trainer - Epoch: 11
2026/08/26 13:55:35 - __main__ - INFO - 1178 - trainer - start predicting: 2026-08-26 13:55:35.938787
2026/08/26 13:55:37 - __main__ - INFO - 1215 - trainer - {'Best_HR@5': 36.2793, 'Best_NDCG@5': 27.0061, 'Best_HR@10': 46.875, 'Best_NDCG@10': 30.4501, 'Best_HR@20': 59.7168, 'Best_NDCG@20': 33.6811}
2026/08/26 13:55:37 - __main__ - INFO - 1216 - trainer - {'Best_epoch_HR@5': 11, 'Best_epoch_NDCG@5': 11, 'Best_epoch_HR@10': 11, 'Best_epoch_NDCG@10': 11, 'Best_epoch_HR@20': 11, 'Best_epoch_NDCG@20': 11}
2026/08/26 13:55:38 - __main__ - INFO - 1173 - trainer - Epoch: 12
2026/08/26 13:55:38 - __main__ - INFO - 1178 - trainer - start predicting: 2026-08-26 13:55:38.116902
2026/08/26 13:55:39 - __main__ - INFO - 1215 - trainer - {'Best_HR@5': 37.0117, 'Best_NDCG@5': 27.2576, 'Best_HR@10': 47.7539, 'Best_NDCG@10': 30.7169, 'Best_HR@20': 59.7168, 'Best_NDCG@20': 33.7552}
2026/08/26 13:55:39 - __main__ - INFO - 1216 - trainer - {'Best_epoch_HR@5': 12, 'Best_epoch_NDCG@5': 12, 'Best_epoch_HR@10': 12, 'Best_epoch_NDCG@10': 12, 'Best_epoch_HR@20': 11, 'Best_epoch_NDCG@20': 12}
2026/08/26 13:55:40 - __main__ - INFO - 1173 - trainer - Epoch: 13
2026/08/26 13:55:40 - __main__ - INFO - 1178 - trainer - start predicting: 2026-08-26 13:55:40.344138
2026/08/26 13:55:41 - __main__ - INFO - 1215 - trainer - {'Best_HR@5': 37.0117, 'Best_NDCG@5': 27.5871, 'Best_HR@10': 47.7539, 'Best_NDCG@10': 31.0426, 'Best_HR@20': 59.7168, 'Best_NDCG@20': 34.0874}
2026/08/26 13:55:41 - __main__ - INFO - 1216 - trainer - {'Best_epoch_HR@5': 12, 'Best_epoch_NDCG@5': 13, 'Best_epoch_HR@10': 12, 'Best_epoch_NDCG@10': 13, 'Best_epoch_HR@20': 11, 'Best_epoch_NDCG@20': 13}
2026/08/26 13:55:42 - __main__ - INFO - 1173 - trainer - Epoch: 14
2026/08/26 13:55:42 - __main__ - INFO - 1178 - trainer - start predicting: 2026-08-26 13:55:42.518912
2026/08/26 13:55:44 - __main__ - INFO - 1215 - trainer - {'Best_HR@5': 37.8906, 'Best_NDCG@5': 27.9687, 'Best_HR@10': 47.7539, 'Best_NDCG@10': 31.136, 'Best_HR@20': 59.9121, 'Best_NDCG@20': 34.2364}
2026/08/26 13:55:44 - __main__ - INFO - 1216 - trainer - {'Best_epoch_HR@5': 14, 'Best_epoch_NDCG@5': 14, 'Best_epoch_HR@10': 12, 'Best_epoch_NDCG@10': 14, 'Best_epoch_HR@20': 14, 'Best_epoch_NDCG@20': 14}
2026/08/26 13:55:44 - __main__ - INFO - 1173 - trainer - Epoch: 15
2026/08/26 13:55:44 - __main__ - INFO - 1178 - trainer - start predicting: 2026-08-26 13:55:44.791024
2026/08/26 13:55:46 - __main__ - INFO - 1215 - trainer - {'Best_HR@5': 38.1348, 'Best_NDCG@5': 28.3269, 'Best_HR@10': 48.4863, 'Best_NDCG@10': 31.6663, 'Best_HR@20': 60.0098, 'Best_NDCG@20': 34.5702}
2026/08/26 13:55:46 - __main__ - INFO - 1216 - trainer - {'Best_epoch_HR@5': 15, 'Best_epoch_NDCG@5': 15, 'Best_epoch_HR@10': 15, 'Best_epoch_NDCG@10': 15, 'Best_epoch_HR@20': 15, 'Best_epoch_NDCG@20': 15}
2026/08/26 13:55:46 - __main__ - INFO - 1173 - trainer - Epoch: 16
2026/08/26 13:55:46 - __main__ - INFO - 1178 - trainer - start predicting: 2026-08-26 13:55:46.987167
2026/08/26 13:55:48 - __main__ - INFO - 1215 - trainer - {'Best_HR@5': 38.1836, 'Best_NDCG@5': 28.3269, 'Best_HR@10': 48.4863, 'Best_NDCG@10': 31.6663, 'Best_HR@20': 60.498, 'Best_NDCG@20': 34.5702}
2026/08/26 13:55:48 - __main__ - INFO - 1216 - trainer - {'Best_epoch_HR@5': 16, 'Best_epoch_NDCG@5': 15, 'Best_epoch_HR@10': 15, 'Best_epoch_NDCG@10': 15, 'Best_epoch_HR@20': 16, 'Best_epoch_NDCG@20': 15}
2026/08/26 13:55:49 - __main__ - INFO - 1173 - trainer - Epoch: 17
2026/08/26 13:55:49 - __main__ - INFO - 1178 - trainer - start predicting: 2026-08-26 13:55:49.275919
2026/08/26 13:55:51 - __main__ - INFO - 1173 - trainer - Epoch: 18
2026/08/26 13:55:51 - __main__ - INFO - 1178 - trainer - start predicting: 2026-08-26 13:55:51.523042
2026/08/26 13:55:53 - __main__ - INFO - 1215 - trainer - {'Best_HR@5': 38.6719, 'Best_NDCG@5': 28.3269, 'Best_HR@10': 48.6328, 'Best_NDCG@10': 31.6663, 'Best_HR@20': 60.498, 'Best_NDCG@20': 34.5702}
2026/08/26 13:55:53 - __main__ - INFO - 1216 - trainer - {'Best_epoch_HR@5': 18, 'Best_epoch_NDCG@5': 15, 'Best_epoch_HR@10': 18, 'Best_epoch_NDCG@10': 15, 'Best_epoch_HR@20': 16, 'Best_epoch_NDCG@20': 15}
2026/08/26 13:55:53 - __main__ - INFO - 1173 - trainer - Epoch: 19
2026/08/26 13:55:53 - __main__ - INFO - 1178 - trainer - start predicting: 2026-08-26 13:55:53.719765
2026/08/26 13:55:55 - __main__ - INFO - 1215 - trainer - {'Best_HR@5': 38.6719, 'Best_NDCG@5': 28.3269, 'Best_HR@10': 48.9746, 'Best_NDCG@10': 31.6663, 'Best_HR@20': 60.498, 'Best_NDCG@20': 34.5702}
2026/08/26 13:55:55 - __main__ - INFO - 1216 - trainer - {'Best_epoch_HR@5': 18, 'Best_epoch_NDCG@5': 15, 'Best_epoch_HR@10': 19, 'Best_epoch_NDCG@10': 15, 'Best_epoch_HR@20': 16, 'Best_epoch_NDCG@20': 15}
2026/08/26 13:55:55 - __main__ - INFO - 1173 - trainer - Epoch: 20
2026/08/26 13:55:55 - __main__ - INFO - 1178 - trainer - start predicting: 2026-08-26 13:55:55.908186
2026/08/26 13:55:58 - __main__ - INFO - 1173 - trainer - Epoch: 21
2026/08/26 13:55:58 - __main__ - INFO - 1178 - trainer - start predicting: 2026-08-26 13:55:58.099658
2026/08/26 13:56:00 - __main__ - INFO - 1173 - trainer - Epoch: 22
2026/08/26 13:56:00 - __main__ - INFO - 1178 - trainer - start predicting: 2026-08-26 13:56:00.318739
2026/08/26 13:56:02 - __main__ - INFO - 1173 - trainer - Epoch: 23
2026/08/26 13:56:02 - __main__ - INFO - 1178 - trainer - start predicting: 2026-08-26 13:56:02.533671
2026/08/26 13:56:04 - __main__ - INFO - 1173 - trainer - Epoch: 24
2026/08/26 13:56:04 - __main__ - INFO - 1178 - trainer - start predicting: 2026-08-26 13:56:04.770035
2026/08/26 13:56:06 - __main__ - INFO - 1225 - trainer - {'Best_HR@5': 38.6719, 'Best_NDCG@5': 28.3269, 'Best_HR@10': 48.9746, 'Best_NDCG@10': 31.6663, 'Best_HR@20': 60.498, 'Best_NDCG@20': 34.5702}
2026/08/26 13:56:06 - __main__ - INFO - 1226 - trainer - {'Best_epoch_HR@5': 18, 'Best_epoch_NDCG@5': 15, 'Best_epoch_HR@10': 19, 'Best_epoch_NDCG@10': 15, 'Best_epoch_HR@20': 16, 'Best_epoch_NDCG@20': 15}
2026/08/26 13:56:06 - __main__ - INFO - 1332 - trainer - Target Popularity Definition---------------------------------------------
2026/08/26 13:56:06 - __main__ - INFO - 1337 - trainer - {'domain': 'Target', 'popular_ratio': 0.2, 'observed_train_items': 21856, 'popular_items': 4372, 'unpopular_seen_items': 17484, 'unseen_items_in_test': 'calculated from test ground truth'}
2026/08/26 13:56:07 - __main__ - INFO - 1613 - trainer - %s Test Overall------------------------------------------------------
2026/08/26 13:56:07 - __main__ - INFO - 1617 - trainer - {'HR@5': 38.9591, 'NDCG@5': 28.8016, 'HR@10': 50.2432, 'NDCG@10': 32.4613, 'HR@20': 62.1109, 'NDCG@20': 35.4285}
2026/08/26 13:56:07 - __main__ - INFO - 1708 - trainer - Target Test Group Size----------------------------------------------
2026/08/26 13:56:07 - __main__ - INFO - 1713 - trainer - {'domain': 'Target', 'Overall_test_samples': 2056, 'Popular_test_samples': 1372, 'Unpopular_seen_test_samples': 505, 'Unseen_test_samples': 179, 'Grouped_test_samples': 2056}
2026/08/26 13:56:07 - __main__ - INFO - 1715 - trainer - Target Test Popular Ground Truth-------------------------------------
2026/08/26 13:56:07 - __main__ - INFO - 1720 - trainer - {'HR@5': 56.6327, 'NDCG@5': 42.2368, 'HR@10': 71.2099, 'NDCG@10': 46.9839, 'HR@20': 83.309, 'NDCG@20': 50.0138}
2026/08/26 13:56:07 - __main__ - INFO - 1722 - trainer - Target Test Unpopular-Seen Ground Truth------------------------------
2026/08/26 13:56:07 - __main__ - INFO - 1727 - trainer - {'HR@5': 4.7525, 'NDCG@5': 2.5095, 'HR@10': 11.0891, 'NDCG@10': 4.512, 'HR@20': 26.5347, 'NDCG@20': 8.3607}
2026/08/26 13:56:07 - __main__ - INFO - 1731 - trainer - Target Test Unseen Ground Truth--------------------------------------
2026/08/26 13:56:07 - __main__ - INFO - 1736 - trainer - {'HR@5': 0.0, 'NDCG@5': 0.0, 'HR@10': 0.0, 'NDCG@10': 0.0, 'HR@20': 0.0, 'NDCG@20': 0.0}
2026/08/26 13:56:07 - __main__ - INFO - 1738 - trainer - Target Recommendation Popularity-------------------------------------
2026/08/26 13:56:07 - __main__ - INFO - 1743 - trainer - {'PopularRatio@5': 88.2004, 'PopularRatio@10': 75.0827, 'PopularRatio@20': 56.8945}
2026/08/26 13:56:07 - __main__ - INFO - 1746 - trainer - Best Eval---------------------------------------------------------
2026/08/26 13:56:07 - __main__ - INFO - 1749 - trainer - {'Best_HR@5': 38.6719, 'Best_NDCG@5': 28.3269, 'Best_HR@10': 48.9746, 'Best_NDCG@10': 31.6663, 'Best_HR@20': 60.498, 'Best_NDCG@20': 34.5702}
2026/08/26 13:56:07 - __main__ - INFO - 1750 - trainer - {'Best_epoch_HR@5': 18, 'Best_epoch_NDCG@5': 15, 'Best_epoch_HR@10': 19, 'Best_epoch_NDCG@10': 15, 'Best_epoch_HR@20': 16, 'Best_epoch_NDCG@20': 15}
2026/08/26 13:56:08 - __main__ - INFO - 209 - main - Target model saved at: ./saved_model/movie_video/target_model.pth
