2026/08/25 15:06:22 - __main__ - INFO - 93 - main - Namespace(batch_size=512, decay_step=100, description='Diffu_norm_score', device='cuda', diffusion_steps=32, dropout=0.1, emb_dropout=0.3, epochs=100, eval_interval=5, gamma=0.1, group_alignment=1, group_alignment_mode='both', group_context_threshold=0.5, group_pop_weight=1.0, group_tail_weight=1.0, hidden_act='gelu', hidden_size=128, lambda_uncertainty=0.001, log_file='log/', loss_lambda=1, lr=0.001, max_len=8, metric_ks=[5, 10, 20], momentum=None, noise_schedule='trunc_lin', num_blocks=4, num_gpu=1, optimizer='Adam', p=0.3, patience=2, popular_ratio=0.2, random_seed=1997, rescale_timesteps=True, s_dataset='movie', schedule_sampler_name='lossaware', t_dataset='video', target_next_focus_bin='very_low', target_next_reweight_alpha=0.4, target_next_rule_reweight=1, w=1.0, weight_decay=0)
2026/08/25 15:06:26 - __main__ - INFO - 562 - trainer - Group-aware Alignment Definition------------------------------------
2026/08/25 15:06:26 - __main__ - INFO - 566 - trainer - {'group_alignment': True, 'alignment_mode': 'both', 'context_threshold': 0.5, 'popular_weight': 1.0, 'tail_weight': 1.0, 'source_popular_items': 17856, 'target_popular_items': 4372}
2026/08/25 15:06:26 - __main__ - INFO - 698 - trainer - Group-aware Alignment Batch------------------------------------
2026/08/25 15:06:26 - __main__ - INFO - 703 - trainer - {'Epoch': 0, 'Source Popular-context': 407, 'Source Tail-context': 75, 'Target Popular-context': 379, 'Target Tail-context': 87}
2026/08/25 15:06:31 - __main__ - INFO - 714 - trainer - Epoch: 0
2026/08/25 15:06:31 - __main__ - INFO - 698 - trainer - Group-aware Alignment Batch------------------------------------
2026/08/25 15:06:31 - __main__ - INFO - 703 - trainer - {'Epoch': 1, 'Source Popular-context': 394, 'Source Tail-context': 77, 'Target Popular-context': 372, 'Target Tail-context': 83}
2026/08/25 15:06:35 - __main__ - INFO - 714 - trainer - Epoch: 1
2026/08/25 15:06:35 - __main__ - INFO - 698 - trainer - Group-aware Alignment Batch------------------------------------
2026/08/25 15:06:35 - __main__ - INFO - 703 - trainer - {'Epoch': 2, 'Source Popular-context': 393, 'Source Tail-context': 73, 'Target Popular-context': 387, 'Target Tail-context': 77}
2026/08/25 15:06:40 - __main__ - INFO - 714 - trainer - Epoch: 2
2026/08/25 15:06:40 - __main__ - INFO - 698 - trainer - Group-aware Alignment Batch------------------------------------
2026/08/25 15:06:40 - __main__ - INFO - 703 - trainer - {'Epoch': 3, 'Source Popular-context': 409, 'Source Tail-context': 56, 'Target Popular-context': 342, 'Target Tail-context': 98}
2026/08/25 15:06:44 - __main__ - INFO - 714 - trainer - Epoch: 3
2026/08/25 15:06:44 - __main__ - INFO - 698 - trainer - Group-aware Alignment Batch------------------------------------
2026/08/25 15:06:44 - __main__ - INFO - 703 - trainer - {'Epoch': 4, 'Source Popular-context': 418, 'Source Tail-context': 59, 'Target Popular-context': 370, 'Target Tail-context': 79}
2026/08/25 15:06:49 - __main__ - INFO - 714 - trainer - Epoch: 4
2026/08/25 15:06:49 - __main__ - INFO - 698 - trainer - Group-aware Alignment Batch------------------------------------
2026/08/25 15:06:49 - __main__ - INFO - 703 - trainer - {'Epoch': 5, 'Source Popular-context': 403, 'Source Tail-context': 59, 'Target Popular-context': 368, 'Target Tail-context': 85}
2026/08/25 15:06:53 - __main__ - INFO - 714 - trainer - Epoch: 5
2026/08/25 15:06:53 - __main__ - INFO - 719 - trainer - start predicting: 2026-08-25 15:06:53.726359
2026/08/25 15:07:05 - __main__ - INFO - 756 - trainer - {'Best_HR@5': 38.6621, 'Best_NDCG@5': 29.8305, 'Best_HR@10': 49.1016, 'Best_NDCG@10': 33.2054, 'Best_HR@20': 61.8359, 'Best_NDCG@20': 36.4132}
2026/08/25 15:07:05 - __main__ - INFO - 757 - trainer - {'Best_epoch_HR@5': 5, 'Best_epoch_NDCG@5': 5, 'Best_epoch_HR@10': 5, 'Best_epoch_NDCG@10': 5, 'Best_epoch_HR@20': 5, 'Best_epoch_NDCG@20': 5}
2026/08/25 15:07:05 - __main__ - INFO - 698 - trainer - Group-aware Alignment Batch------------------------------------
2026/08/25 15:07:05 - __main__ - INFO - 703 - trainer - {'Epoch': 6, 'Source Popular-context': 423, 'Source Tail-context': 54, 'Target Popular-context': 362, 'Target Tail-context': 95}
2026/08/25 15:07:10 - __main__ - INFO - 714 - trainer - Epoch: 6
2026/08/25 15:07:10 - __main__ - INFO - 698 - trainer - Group-aware Alignment Batch------------------------------------
2026/08/25 15:07:10 - __main__ - INFO - 703 - trainer - {'Epoch': 7, 'Source Popular-context': 421, 'Source Tail-context': 63, 'Target Popular-context': 375, 'Target Tail-context': 85}
2026/08/25 15:07:14 - __main__ - INFO - 714 - trainer - Epoch: 7
2026/08/25 15:07:14 - __main__ - INFO - 698 - trainer - Group-aware Alignment Batch------------------------------------
2026/08/25 15:07:14 - __main__ - INFO - 703 - trainer - {'Epoch': 8, 'Source Popular-context': 421, 'Source Tail-context': 59, 'Target Popular-context': 368, 'Target Tail-context': 94}
2026/08/25 15:07:18 - __main__ - INFO - 714 - trainer - Epoch: 8
2026/08/25 15:07:18 - __main__ - INFO - 698 - trainer - Group-aware Alignment Batch------------------------------------
2026/08/25 15:07:18 - __main__ - INFO - 703 - trainer - {'Epoch': 9, 'Source Popular-context': 402, 'Source Tail-context': 78, 'Target Popular-context': 378, 'Target Tail-context': 85}
2026/08/25 15:07:23 - __main__ - INFO - 714 - trainer - Epoch: 9
2026/08/25 15:07:23 - __main__ - INFO - 698 - trainer - Group-aware Alignment Batch------------------------------------
2026/08/25 15:07:23 - __main__ - INFO - 703 - trainer - {'Epoch': 10, 'Source Popular-context': 428, 'Source Tail-context': 46, 'Target Popular-context': 374, 'Target Tail-context': 78}
2026/08/25 15:07:28 - __main__ - INFO - 714 - trainer - Epoch: 10
2026/08/25 15:07:28 - __main__ - INFO - 719 - trainer - start predicting: 2026-08-25 15:07:28.088331
2026/08/25 15:07:39 - __main__ - INFO - 756 - trainer - {'Best_HR@5': 48.2227, 'Best_NDCG@5': 36.8793, 'Best_HR@10': 58.877, 'Best_NDCG@10': 40.3294, 'Best_HR@20': 69.4629, 'Best_NDCG@20': 43.0071}
2026/08/25 15:07:39 - __main__ - INFO - 757 - trainer - {'Best_epoch_HR@5': 10, 'Best_epoch_NDCG@5': 10, 'Best_epoch_HR@10': 10, 'Best_epoch_NDCG@10': 10, 'Best_epoch_HR@20': 10, 'Best_epoch_NDCG@20': 10}
2026/08/25 15:07:39 - __main__ - INFO - 698 - trainer - Group-aware Alignment Batch------------------------------------
2026/08/25 15:07:39 - __main__ - INFO - 703 - trainer - {'Epoch': 11, 'Source Popular-context': 413, 'Source Tail-context': 60, 'Target Popular-context': 381, 'Target Tail-context': 85}
2026/08/25 15:07:44 - __main__ - INFO - 714 - trainer - Epoch: 11
2026/08/25 15:07:44 - __main__ - INFO - 698 - trainer - Group-aware Alignment Batch------------------------------------
2026/08/25 15:07:44 - __main__ - INFO - 703 - trainer - {'Epoch': 12, 'Source Popular-context': 424, 'Source Tail-context': 60, 'Target Popular-context': 372, 'Target Tail-context': 80}
2026/08/25 15:07:49 - __main__ - INFO - 714 - trainer - Epoch: 12
2026/08/25 15:07:49 - __main__ - INFO - 698 - trainer - Group-aware Alignment Batch------------------------------------
2026/08/25 15:07:49 - __main__ - INFO - 703 - trainer - {'Epoch': 13, 'Source Popular-context': 411, 'Source Tail-context': 73, 'Target Popular-context': 382, 'Target Tail-context': 79}
2026/08/25 15:07:53 - __main__ - INFO - 714 - trainer - Epoch: 13
2026/08/25 15:07:53 - __main__ - INFO - 698 - trainer - Group-aware Alignment Batch------------------------------------
2026/08/25 15:07:53 - __main__ - INFO - 703 - trainer - {'Epoch': 14, 'Source Popular-context': 423, 'Source Tail-context': 65, 'Target Popular-context': 379, 'Target Tail-context': 94}
2026/08/25 15:07:57 - __main__ - INFO - 714 - trainer - Epoch: 14
2026/08/25 15:07:57 - __main__ - INFO - 698 - trainer - Group-aware Alignment Batch------------------------------------
2026/08/25 15:07:57 - __main__ - INFO - 703 - trainer - {'Epoch': 15, 'Source Popular-context': 422, 'Source Tail-context': 58, 'Target Popular-context': 373, 'Target Tail-context': 98}
2026/08/25 15:08:02 - __main__ - INFO - 714 - trainer - Epoch: 15
2026/08/25 15:08:02 - __main__ - INFO - 719 - trainer - start predicting: 2026-08-25 15:08:02.158540
2026/08/25 15:08:13 - __main__ - INFO - 756 - trainer - {'Best_HR@5': 49.1797, 'Best_NDCG@5': 37.4333, 'Best_HR@10': 60.3223, 'Best_NDCG@10': 41.0498, 'Best_HR@20': 70.4297, 'Best_NDCG@20': 43.6145}
2026/08/25 15:08:13 - __main__ - INFO - 757 - trainer - {'Best_epoch_HR@5': 15, 'Best_epoch_NDCG@5': 15, 'Best_epoch_HR@10': 15, 'Best_epoch_NDCG@10': 15, 'Best_epoch_HR@20': 15, 'Best_epoch_NDCG@20': 15}
2026/08/25 15:08:13 - __main__ - INFO - 698 - trainer - Group-aware Alignment Batch------------------------------------
2026/08/25 15:08:13 - __main__ - INFO - 703 - trainer - {'Epoch': 16, 'Source Popular-context': 403, 'Source Tail-context': 65, 'Target Popular-context': 374, 'Target Tail-context': 89}
2026/08/25 15:08:18 - __main__ - INFO - 714 - trainer - Epoch: 16
2026/08/25 15:08:18 - __main__ - INFO - 698 - trainer - Group-aware Alignment Batch------------------------------------
2026/08/25 15:08:18 - __main__ - INFO - 703 - trainer - {'Epoch': 17, 'Source Popular-context': 423, 'Source Tail-context': 52, 'Target Popular-context': 355, 'Target Tail-context': 109}
2026/08/25 15:08:22 - __main__ - INFO - 714 - trainer - Epoch: 17
2026/08/25 15:08:22 - __main__ - INFO - 698 - trainer - Group-aware Alignment Batch------------------------------------
2026/08/25 15:08:22 - __main__ - INFO - 703 - trainer - {'Epoch': 18, 'Source Popular-context': 413, 'Source Tail-context': 63, 'Target Popular-context': 386, 'Target Tail-context': 85}
2026/08/25 15:08:26 - __main__ - INFO - 714 - trainer - Epoch: 18
2026/08/25 15:08:26 - __main__ - INFO - 698 - trainer - Group-aware Alignment Batch------------------------------------
2026/08/25 15:08:26 - __main__ - INFO - 703 - trainer - {'Epoch': 19, 'Source Popular-context': 402, 'Source Tail-context': 63, 'Target Popular-context': 367, 'Target Tail-context': 94}
2026/08/25 15:08:31 - __main__ - INFO - 714 - trainer - Epoch: 19
2026/08/25 15:08:31 - __main__ - INFO - 698 - trainer - Group-aware Alignment Batch------------------------------------
2026/08/25 15:08:31 - __main__ - INFO - 703 - trainer - {'Epoch': 20, 'Source Popular-context': 409, 'Source Tail-context': 62, 'Target Popular-context': 373, 'Target Tail-context': 82}
2026/08/25 15:08:35 - __main__ - INFO - 714 - trainer - Epoch: 20
2026/08/25 15:08:35 - __main__ - INFO - 719 - trainer - start predicting: 2026-08-25 15:08:35.755982
2026/08/25 15:08:47 - __main__ - INFO - 698 - trainer - Group-aware Alignment Batch------------------------------------
2026/08/25 15:08:47 - __main__ - INFO - 703 - trainer - {'Epoch': 21, 'Source Popular-context': 404, 'Source Tail-context': 63, 'Target Popular-context': 372, 'Target Tail-context': 83}
2026/08/25 15:08:52 - __main__ - INFO - 714 - trainer - Epoch: 21
2026/08/25 15:08:52 - __main__ - INFO - 698 - trainer - Group-aware Alignment Batch------------------------------------
2026/08/25 15:08:52 - __main__ - INFO - 703 - trainer - {'Epoch': 22, 'Source Popular-context': 416, 'Source Tail-context': 59, 'Target Popular-context': 370, 'Target Tail-context': 78}
2026/08/25 15:08:56 - __main__ - INFO - 714 - trainer - Epoch: 22
2026/08/25 15:08:56 - __main__ - INFO - 698 - trainer - Group-aware Alignment Batch------------------------------------
2026/08/25 15:08:56 - __main__ - INFO - 703 - trainer - {'Epoch': 23, 'Source Popular-context': 404, 'Source Tail-context': 69, 'Target Popular-context': 385, 'Target Tail-context': 81}
2026/08/25 15:09:01 - __main__ - INFO - 714 - trainer - Epoch: 23
2026/08/25 15:09:01 - __main__ - INFO - 698 - trainer - Group-aware Alignment Batch------------------------------------
2026/08/25 15:09:01 - __main__ - INFO - 703 - trainer - {'Epoch': 24, 'Source Popular-context': 400, 'Source Tail-context': 74, 'Target Popular-context': 373, 'Target Tail-context': 90}
2026/08/25 15:09:05 - __main__ - INFO - 714 - trainer - Epoch: 24
2026/08/25 15:09:05 - __main__ - INFO - 698 - trainer - Group-aware Alignment Batch------------------------------------
2026/08/25 15:09:05 - __main__ - INFO - 703 - trainer - {'Epoch': 25, 'Source Popular-context': 415, 'Source Tail-context': 50, 'Target Popular-context': 382, 'Target Tail-context': 81}
2026/08/25 15:09:10 - __main__ - INFO - 714 - trainer - Epoch: 25
2026/08/25 15:09:10 - __main__ - INFO - 719 - trainer - start predicting: 2026-08-25 15:09:10.165260
2026/08/25 15:09:21 - __main__ - INFO - 766 - trainer - {'Best_HR@5': 49.1797, 'Best_NDCG@5': 37.4333, 'Best_HR@10': 60.3223, 'Best_NDCG@10': 41.0498, 'Best_HR@20': 70.4297, 'Best_NDCG@20': 43.6145}
2026/08/25 15:09:21 - __main__ - INFO - 767 - trainer - {'Best_epoch_HR@5': 15, 'Best_epoch_NDCG@5': 15, 'Best_epoch_HR@10': 15, 'Best_epoch_NDCG@10': 15, 'Best_epoch_HR@20': 15, 'Best_epoch_NDCG@20': 15}
2026/08/25 15:09:21 - __main__ - INFO - 873 - trainer - Source Popularity Definition---------------------------------------------
2026/08/25 15:09:21 - __main__ - INFO - 878 - trainer - {'domain': 'Source', 'popular_ratio': 0.2, 'observed_train_items': 89276, 'popular_items': 17856, 'unpopular_seen_items': 71420, 'unseen_items_in_test': 'calculated from test ground truth'}
2026/08/25 15:09:28 - __main__ - INFO - 1154 - trainer - %s Test Overall------------------------------------------------------
2026/08/25 15:09:28 - __main__ - INFO - 1158 - trainer - {'HR@5': 49.8753, 'NDCG@5': 38.1821, 'HR@10': 60.4107, 'NDCG@10': 41.608, 'HR@20': 70.1785, 'NDCG@20': 44.0883}
2026/08/25 15:09:28 - __main__ - INFO - 1249 - trainer - Source Test Group Size----------------------------------------------
2026/08/25 15:09:28 - __main__ - INFO - 1254 - trainer - {'domain': 'Source', 'Overall_test_samples': 10422, 'Popular_test_samples': 7854, 'Unpopular_seen_test_samples': 1824, 'Unseen_test_samples': 744, 'Grouped_test_samples': 10422}
2026/08/25 15:09:28 - __main__ - INFO - 1256 - trainer - Source Test Popular Ground Truth-------------------------------------
2026/08/25 15:09:28 - __main__ - INFO - 1261 - trainer - {'HR@5': 65.4826, 'NDCG@5': 50.336, 'HR@10': 78.2022, 'NDCG@10': 54.4832, 'HR@20': 87.9297, 'NDCG@20': 56.9665}
2026/08/25 15:09:28 - __main__ - INFO - 1263 - trainer - Source Test Unpopular-Seen Ground Truth------------------------------
2026/08/25 15:09:28 - __main__ - INFO - 1268 - trainer - {'HR@5': 3.0154, 'NDCG@5': 1.4225, 'HR@10': 8.443, 'NDCG@10': 3.1399, 'HR@20': 22.3684, 'NDCG@20': 6.6193}
2026/08/25 15:09:28 - __main__ - INFO - 1272 - trainer - Source Test Unseen Ground Truth--------------------------------------
2026/08/25 15:09:28 - __main__ - INFO - 1277 - trainer - {'HR@5': 0.0, 'NDCG@5': 0.0, 'HR@10': 0.0, 'NDCG@10': 0.0, 'HR@20': 0.0, 'NDCG@20': 0.0}
2026/08/25 15:09:28 - __main__ - INFO - 1279 - trainer - Source Recommendation Popularity-------------------------------------
2026/08/25 15:09:28 - __main__ - INFO - 1284 - trainer - {'PopularRatio@5': 93.5483, 'PopularRatio@10': 82.1061, 'PopularRatio@20': 61.7319}
2026/08/25 15:09:28 - __main__ - INFO - 1287 - trainer - Best Eval---------------------------------------------------------
2026/08/25 15:09:28 - __main__ - INFO - 1290 - trainer - {'Best_HR@5': 49.1797, 'Best_NDCG@5': 37.4333, 'Best_HR@10': 60.3223, 'Best_NDCG@10': 41.0498, 'Best_HR@20': 70.4297, 'Best_NDCG@20': 43.6145}
2026/08/25 15:09:28 - __main__ - INFO - 1291 - trainer - {'Best_epoch_HR@5': 15, 'Best_epoch_NDCG@5': 15, 'Best_epoch_HR@10': 15, 'Best_epoch_NDCG@10': 15, 'Best_epoch_HR@20': 15, 'Best_epoch_NDCG@20': 15}
2026/08/25 15:09:28 - __main__ - INFO - 505 - trainer - D1 Sample-wise Target Next Regulation
2026/08/25 15:09:28 - __main__ - INFO - 508 - trainer - {'D1': 'Sample-wise Target Next Regulation', 'Popular Next Action': 'Normal', 'Unpopular Next Action': 'Reweight', 'Popular Next Samples': 11526, 'Unpopular Next Samples': 4912, 'Alpha': 0.4, 'Mean Unpopular Raw Weight': 1.1001}
2026/08/25 15:09:29 - __main__ - INFO - 714 - trainer - Epoch: 0
2026/08/25 15:09:29 - __main__ - INFO - 714 - trainer - Epoch: 1
2026/08/25 15:09:29 - __main__ - INFO - 719 - trainer - start predicting: 2026-08-25 15:09:29.831920
2026/08/25 15:09:31 - __main__ - INFO - 756 - trainer - {'Best_HR@5': 7.8125, 'Best_NDCG@5': 4.3038, 'Best_HR@10': 15.0879, 'Best_NDCG@10': 6.6035, 'Best_HR@20': 30.1758, 'Best_NDCG@20': 10.369}
2026/08/25 15:09:31 - __main__ - INFO - 757 - trainer - {'Best_epoch_HR@5': 1, 'Best_epoch_NDCG@5': 1, 'Best_epoch_HR@10': 1, 'Best_epoch_NDCG@10': 1, 'Best_epoch_HR@20': 1, 'Best_epoch_NDCG@20': 1}
2026/08/25 15:09:31 - __main__ - INFO - 714 - trainer - Epoch: 2
2026/08/25 15:09:31 - __main__ - INFO - 719 - trainer - start predicting: 2026-08-25 15:09:31.948952
2026/08/25 15:09:33 - __main__ - INFO - 756 - trainer - {'Best_HR@5': 13.1348, 'Best_NDCG@5': 8.1526, 'Best_HR@10': 22.4121, 'Best_NDCG@10': 11.103, 'Best_HR@20': 38.1836, 'Best_NDCG@20': 15.0468}
2026/08/25 15:09:33 - __main__ - INFO - 757 - trainer - {'Best_epoch_HR@5': 2, 'Best_epoch_NDCG@5': 2, 'Best_epoch_HR@10': 2, 'Best_epoch_NDCG@10': 2, 'Best_epoch_HR@20': 2, 'Best_epoch_NDCG@20': 2}
2026/08/25 15:09:34 - __main__ - INFO - 714 - trainer - Epoch: 3
2026/08/25 15:09:34 - __main__ - INFO - 719 - trainer - start predicting: 2026-08-25 15:09:34.094920
2026/08/25 15:09:35 - __main__ - INFO - 756 - trainer - {'Best_HR@5': 18.5059, 'Best_NDCG@5': 11.9466, 'Best_HR@10': 29.3457, 'Best_NDCG@10': 15.4295, 'Best_HR@20': 45.8496, 'Best_NDCG@20': 19.592}
2026/08/25 15:09:35 - __main__ - INFO - 757 - trainer - {'Best_epoch_HR@5': 3, 'Best_epoch_NDCG@5': 3, 'Best_epoch_HR@10': 3, 'Best_epoch_NDCG@10': 3, 'Best_epoch_HR@20': 3, 'Best_epoch_NDCG@20': 3}
2026/08/25 15:09:36 - __main__ - INFO - 714 - trainer - Epoch: 4
2026/08/25 15:09:36 - __main__ - INFO - 719 - trainer - start predicting: 2026-08-25 15:09:36.217908
2026/08/25 15:09:37 - __main__ - INFO - 756 - trainer - {'Best_HR@5': 23.877, 'Best_NDCG@5': 15.9575, 'Best_HR@10': 34.8145, 'Best_NDCG@10': 19.4528, 'Best_HR@20': 50.0977, 'Best_NDCG@20': 23.311}
2026/08/25 15:09:37 - __main__ - INFO - 757 - trainer - {'Best_epoch_HR@5': 4, 'Best_epoch_NDCG@5': 4, 'Best_epoch_HR@10': 4, 'Best_epoch_NDCG@10': 4, 'Best_epoch_HR@20': 4, 'Best_epoch_NDCG@20': 4}
2026/08/25 15:09:38 - __main__ - INFO - 714 - trainer - Epoch: 5
2026/08/25 15:09:38 - __main__ - INFO - 719 - trainer - start predicting: 2026-08-25 15:09:38.281184
2026/08/25 15:09:39 - __main__ - INFO - 756 - trainer - {'Best_HR@5': 25.2441, 'Best_NDCG@5': 17.7155, 'Best_HR@10': 37.5977, 'Best_NDCG@10': 21.7266, 'Best_HR@20': 53.0762, 'Best_NDCG@20': 25.6089}
2026/08/25 15:09:39 - __main__ - INFO - 757 - trainer - {'Best_epoch_HR@5': 5, 'Best_epoch_NDCG@5': 5, 'Best_epoch_HR@10': 5, 'Best_epoch_NDCG@10': 5, 'Best_epoch_HR@20': 5, 'Best_epoch_NDCG@20': 5}
2026/08/25 15:09:40 - __main__ - INFO - 714 - trainer - Epoch: 6
2026/08/25 15:09:40 - __main__ - INFO - 719 - trainer - start predicting: 2026-08-25 15:09:40.420208
2026/08/25 15:09:41 - __main__ - INFO - 756 - trainer - {'Best_HR@5': 29.834, 'Best_NDCG@5': 20.8242, 'Best_HR@10': 39.8438, 'Best_NDCG@10': 24.0497, 'Best_HR@20': 55.4688, 'Best_NDCG@20': 27.9832}
2026/08/25 15:09:41 - __main__ - INFO - 757 - trainer - {'Best_epoch_HR@5': 6, 'Best_epoch_NDCG@5': 6, 'Best_epoch_HR@10': 6, 'Best_epoch_NDCG@10': 6, 'Best_epoch_HR@20': 6, 'Best_epoch_NDCG@20': 6}
2026/08/25 15:09:42 - __main__ - INFO - 714 - trainer - Epoch: 7
2026/08/25 15:09:42 - __main__ - INFO - 719 - trainer - start predicting: 2026-08-25 15:09:42.494951
2026/08/25 15:09:44 - __main__ - INFO - 756 - trainer - {'Best_HR@5': 32.1777, 'Best_NDCG@5': 23.0277, 'Best_HR@10': 41.4062, 'Best_NDCG@10': 26.0017, 'Best_HR@20': 56.6406, 'Best_NDCG@20': 29.8142}
2026/08/25 15:09:44 - __main__ - INFO - 757 - trainer - {'Best_epoch_HR@5': 7, 'Best_epoch_NDCG@5': 7, 'Best_epoch_HR@10': 7, 'Best_epoch_NDCG@10': 7, 'Best_epoch_HR@20': 7, 'Best_epoch_NDCG@20': 7}
2026/08/25 15:09:44 - __main__ - INFO - 714 - trainer - Epoch: 8
2026/08/25 15:09:44 - __main__ - INFO - 719 - trainer - start predicting: 2026-08-25 15:09:44.607056
2026/08/25 15:09:46 - __main__ - INFO - 756 - trainer - {'Best_HR@5': 32.666, 'Best_NDCG@5': 24.6342, 'Best_HR@10': 42.9688, 'Best_NDCG@10': 27.955, 'Best_HR@20': 57.6172, 'Best_NDCG@20': 31.6476}
2026/08/25 15:09:46 - __main__ - INFO - 757 - trainer - {'Best_epoch_HR@5': 8, 'Best_epoch_NDCG@5': 8, 'Best_epoch_HR@10': 8, 'Best_epoch_NDCG@10': 8, 'Best_epoch_HR@20': 8, 'Best_epoch_NDCG@20': 8}
2026/08/25 15:09:46 - __main__ - INFO - 714 - trainer - Epoch: 9
2026/08/25 15:09:46 - __main__ - INFO - 719 - trainer - start predicting: 2026-08-25 15:09:46.726697
2026/08/25 15:09:48 - __main__ - INFO - 756 - trainer - {'Best_HR@5': 34.375, 'Best_NDCG@5': 25.5888, 'Best_HR@10': 44.4336, 'Best_NDCG@10': 28.8319, 'Best_HR@20': 57.666, 'Best_NDCG@20': 32.155}
2026/08/25 15:09:48 - __main__ - INFO - 757 - trainer - {'Best_epoch_HR@5': 9, 'Best_epoch_NDCG@5': 9, 'Best_epoch_HR@10': 9, 'Best_epoch_NDCG@10': 9, 'Best_epoch_HR@20': 9, 'Best_epoch_NDCG@20': 9}
2026/08/25 15:09:48 - __main__ - INFO - 714 - trainer - Epoch: 10
2026/08/25 15:09:48 - __main__ - INFO - 719 - trainer - start predicting: 2026-08-25 15:09:48.895895
2026/08/25 15:09:50 - __main__ - INFO - 756 - trainer - {'Best_HR@5': 35.2539, 'Best_NDCG@5': 26.6044, 'Best_HR@10': 45.2637, 'Best_NDCG@10': 29.8234, 'Best_HR@20': 58.4961, 'Best_NDCG@20': 33.1467}
2026/08/25 15:09:50 - __main__ - INFO - 757 - trainer - {'Best_epoch_HR@5': 10, 'Best_epoch_NDCG@5': 10, 'Best_epoch_HR@10': 10, 'Best_epoch_NDCG@10': 10, 'Best_epoch_HR@20': 10, 'Best_epoch_NDCG@20': 10}
2026/08/25 15:09:51 - __main__ - INFO - 714 - trainer - Epoch: 11
2026/08/25 15:09:51 - __main__ - INFO - 719 - trainer - start predicting: 2026-08-25 15:09:51.098305
2026/08/25 15:09:52 - __main__ - INFO - 756 - trainer - {'Best_HR@5': 36.4746, 'Best_NDCG@5': 27.0813, 'Best_HR@10': 46.1426, 'Best_NDCG@10': 30.2039, 'Best_HR@20': 59.6191, 'Best_NDCG@20': 33.605}
2026/08/25 15:09:52 - __main__ - INFO - 757 - trainer - {'Best_epoch_HR@5': 11, 'Best_epoch_NDCG@5': 11, 'Best_epoch_HR@10': 11, 'Best_epoch_NDCG@10': 11, 'Best_epoch_HR@20': 11, 'Best_epoch_NDCG@20': 11}
2026/08/25 15:09:53 - __main__ - INFO - 714 - trainer - Epoch: 12
2026/08/25 15:09:53 - __main__ - INFO - 719 - trainer - start predicting: 2026-08-25 15:09:53.172747
2026/08/25 15:09:54 - __main__ - INFO - 756 - trainer - {'Best_HR@5': 36.4746, 'Best_NDCG@5': 27.0813, 'Best_HR@10': 47.0703, 'Best_NDCG@10': 30.477, 'Best_HR@20': 59.6191, 'Best_NDCG@20': 33.6093}
2026/08/25 15:09:54 - __main__ - INFO - 757 - trainer - {'Best_epoch_HR@5': 11, 'Best_epoch_NDCG@5': 11, 'Best_epoch_HR@10': 12, 'Best_epoch_NDCG@10': 12, 'Best_epoch_HR@20': 11, 'Best_epoch_NDCG@20': 12}
2026/08/25 15:09:55 - __main__ - INFO - 714 - trainer - Epoch: 13
2026/08/25 15:09:55 - __main__ - INFO - 719 - trainer - start predicting: 2026-08-25 15:09:55.247703
2026/08/25 15:09:56 - __main__ - INFO - 756 - trainer - {'Best_HR@5': 36.4746, 'Best_NDCG@5': 27.2443, 'Best_HR@10': 47.3145, 'Best_NDCG@10': 30.8206, 'Best_HR@20': 59.6191, 'Best_NDCG@20': 33.8639}
2026/08/25 15:09:56 - __main__ - INFO - 757 - trainer - {'Best_epoch_HR@5': 11, 'Best_epoch_NDCG@5': 13, 'Best_epoch_HR@10': 13, 'Best_epoch_NDCG@10': 13, 'Best_epoch_HR@20': 11, 'Best_epoch_NDCG@20': 13}
2026/08/25 15:09:57 - __main__ - INFO - 714 - trainer - Epoch: 14
2026/08/25 15:09:57 - __main__ - INFO - 719 - trainer - start predicting: 2026-08-25 15:09:57.361453
2026/08/25 15:09:58 - __main__ - INFO - 756 - trainer - {'Best_HR@5': 37.2559, 'Best_NDCG@5': 27.6212, 'Best_HR@10': 47.4609, 'Best_NDCG@10': 30.9162, 'Best_HR@20': 59.6191, 'Best_NDCG@20': 33.9216}
2026/08/25 15:09:58 - __main__ - INFO - 757 - trainer - {'Best_epoch_HR@5': 14, 'Best_epoch_NDCG@5': 14, 'Best_epoch_HR@10': 14, 'Best_epoch_NDCG@10': 14, 'Best_epoch_HR@20': 11, 'Best_epoch_NDCG@20': 14}
2026/08/25 15:09:59 - __main__ - INFO - 714 - trainer - Epoch: 15
2026/08/25 15:09:59 - __main__ - INFO - 719 - trainer - start predicting: 2026-08-25 15:09:59.472670
2026/08/25 15:10:01 - __main__ - INFO - 756 - trainer - {'Best_HR@5': 37.5488, 'Best_NDCG@5': 27.9355, 'Best_HR@10': 48.1445, 'Best_NDCG@10': 31.3374, 'Best_HR@20': 60.4492, 'Best_NDCG@20': 34.4121}
2026/08/25 15:10:01 - __main__ - INFO - 757 - trainer - {'Best_epoch_HR@5': 15, 'Best_epoch_NDCG@5': 15, 'Best_epoch_HR@10': 15, 'Best_epoch_NDCG@10': 15, 'Best_epoch_HR@20': 15, 'Best_epoch_NDCG@20': 15}
2026/08/25 15:10:01 - __main__ - INFO - 714 - trainer - Epoch: 16
2026/08/25 15:10:01 - __main__ - INFO - 719 - trainer - start predicting: 2026-08-25 15:10:01.653802
2026/08/25 15:10:03 - __main__ - INFO - 756 - trainer - {'Best_HR@5': 37.8906, 'Best_NDCG@5': 28.034, 'Best_HR@10': 48.1445, 'Best_NDCG@10': 31.3374, 'Best_HR@20': 60.4492, 'Best_NDCG@20': 34.4121}
2026/08/25 15:10:03 - __main__ - INFO - 757 - trainer - {'Best_epoch_HR@5': 16, 'Best_epoch_NDCG@5': 16, 'Best_epoch_HR@10': 15, 'Best_epoch_NDCG@10': 15, 'Best_epoch_HR@20': 15, 'Best_epoch_NDCG@20': 15}
2026/08/25 15:10:03 - __main__ - INFO - 714 - trainer - Epoch: 17
2026/08/25 15:10:03 - __main__ - INFO - 719 - trainer - start predicting: 2026-08-25 15:10:03.751196
2026/08/25 15:10:05 - __main__ - INFO - 714 - trainer - Epoch: 18
2026/08/25 15:10:05 - __main__ - INFO - 719 - trainer - start predicting: 2026-08-25 15:10:05.878386
2026/08/25 15:10:07 - __main__ - INFO - 756 - trainer - {'Best_HR@5': 38.1348, 'Best_NDCG@5': 28.0447, 'Best_HR@10': 48.1445, 'Best_NDCG@10': 31.3374, 'Best_HR@20': 60.498, 'Best_NDCG@20': 34.4121}
2026/08/25 15:10:07 - __main__ - INFO - 757 - trainer - {'Best_epoch_HR@5': 18, 'Best_epoch_NDCG@5': 18, 'Best_epoch_HR@10': 15, 'Best_epoch_NDCG@10': 15, 'Best_epoch_HR@20': 18, 'Best_epoch_NDCG@20': 15}
2026/08/25 15:10:08 - __main__ - INFO - 714 - trainer - Epoch: 19
2026/08/25 15:10:08 - __main__ - INFO - 719 - trainer - start predicting: 2026-08-25 15:10:08.110925
2026/08/25 15:10:09 - __main__ - INFO - 756 - trainer - {'Best_HR@5': 38.1348, 'Best_NDCG@5': 28.0643, 'Best_HR@10': 48.584, 'Best_NDCG@10': 31.4614, 'Best_HR@20': 60.7422, 'Best_NDCG@20': 34.5068}
2026/08/25 15:10:09 - __main__ - INFO - 757 - trainer - {'Best_epoch_HR@5': 18, 'Best_epoch_NDCG@5': 19, 'Best_epoch_HR@10': 19, 'Best_epoch_NDCG@10': 19, 'Best_epoch_HR@20': 19, 'Best_epoch_NDCG@20': 19}
2026/08/25 15:10:10 - __main__ - INFO - 714 - trainer - Epoch: 20
2026/08/25 15:10:10 - __main__ - INFO - 719 - trainer - start predicting: 2026-08-25 15:10:10.220838
2026/08/25 15:10:12 - __main__ - INFO - 714 - trainer - Epoch: 21
2026/08/25 15:10:12 - __main__ - INFO - 719 - trainer - start predicting: 2026-08-25 15:10:12.328083
2026/08/25 15:10:13 - __main__ - INFO - 756 - trainer - {'Best_HR@5': 38.4277, 'Best_NDCG@5': 28.0643, 'Best_HR@10': 48.6328, 'Best_NDCG@10': 31.4614, 'Best_HR@20': 60.7422, 'Best_NDCG@20': 34.5068}
2026/08/25 15:10:13 - __main__ - INFO - 757 - trainer - {'Best_epoch_HR@5': 21, 'Best_epoch_NDCG@5': 19, 'Best_epoch_HR@10': 21, 'Best_epoch_NDCG@10': 19, 'Best_epoch_HR@20': 19, 'Best_epoch_NDCG@20': 19}
2026/08/25 15:10:14 - __main__ - INFO - 714 - trainer - Epoch: 22
2026/08/25 15:10:14 - __main__ - INFO - 719 - trainer - start predicting: 2026-08-25 15:10:14.460468
2026/08/25 15:10:16 - __main__ - INFO - 714 - trainer - Epoch: 23
2026/08/25 15:10:16 - __main__ - INFO - 719 - trainer - start predicting: 2026-08-25 15:10:16.592254
2026/08/25 15:10:18 - __main__ - INFO - 714 - trainer - Epoch: 24
2026/08/25 15:10:18 - __main__ - INFO - 719 - trainer - start predicting: 2026-08-25 15:10:18.767377
2026/08/25 15:10:20 - __main__ - INFO - 714 - trainer - Epoch: 25
2026/08/25 15:10:20 - __main__ - INFO - 719 - trainer - start predicting: 2026-08-25 15:10:20.865914
2026/08/25 15:10:22 - __main__ - INFO - 714 - trainer - Epoch: 26
2026/08/25 15:10:22 - __main__ - INFO - 719 - trainer - start predicting: 2026-08-25 15:10:22.991683
2026/08/25 15:10:24 - __main__ - INFO - 766 - trainer - {'Best_HR@5': 38.4277, 'Best_NDCG@5': 28.0643, 'Best_HR@10': 48.6328, 'Best_NDCG@10': 31.4614, 'Best_HR@20': 60.7422, 'Best_NDCG@20': 34.5068}
2026/08/25 15:10:24 - __main__ - INFO - 767 - trainer - {'Best_epoch_HR@5': 21, 'Best_epoch_NDCG@5': 19, 'Best_epoch_HR@10': 21, 'Best_epoch_NDCG@10': 19, 'Best_epoch_HR@20': 19, 'Best_epoch_NDCG@20': 19}
2026/08/25 15:10:24 - __main__ - INFO - 873 - trainer - Target Popularity Definition---------------------------------------------
2026/08/25 15:10:24 - __main__ - INFO - 878 - trainer - {'domain': 'Target', 'popular_ratio': 0.2, 'observed_train_items': 21856, 'popular_items': 4372, 'unpopular_seen_items': 17484, 'unseen_items_in_test': 'calculated from test ground truth'}
2026/08/25 15:10:26 - __main__ - INFO - 1154 - trainer - %s Test Overall------------------------------------------------------
2026/08/25 15:10:26 - __main__ - INFO - 1158 - trainer - {'HR@5': 38.6187, 'NDCG@5': 28.4028, 'HR@10': 49.5136, 'NDCG@10': 31.9275, 'HR@20': 62.2568, 'NDCG@20': 35.1315}
2026/08/25 15:10:26 - __main__ - INFO - 1249 - trainer - Target Test Group Size----------------------------------------------
2026/08/25 15:10:26 - __main__ - INFO - 1254 - trainer - {'domain': 'Target', 'Overall_test_samples': 2056, 'Popular_test_samples': 1372, 'Unpopular_seen_test_samples': 505, 'Unseen_test_samples': 179, 'Grouped_test_samples': 2056}
2026/08/25 15:10:26 - __main__ - INFO - 1256 - trainer - Target Test Popular Ground Truth-------------------------------------
2026/08/25 15:10:26 - __main__ - INFO - 1261 - trainer - {'HR@5': 55.9038, 'NDCG@5': 41.5946, 'HR@10': 70.0437, 'NDCG@10': 46.1841, 'HR@20': 83.5277, 'NDCG@20': 49.5808}
2026/08/25 15:10:26 - __main__ - INFO - 1263 - trainer - Target Test Unpopular-Seen Ground Truth------------------------------
2026/08/25 15:10:26 - __main__ - INFO - 1268 - trainer - {'HR@5': 5.3465, 'NDCG@5': 2.6304, 'HR@10': 11.2871, 'NDCG@10': 4.5116, 'HR@20': 26.5347, 'NDCG@20': 8.3277}
2026/08/25 15:10:26 - __main__ - INFO - 1272 - trainer - Target Test Unseen Ground Truth--------------------------------------
2026/08/25 15:10:26 - __main__ - INFO - 1277 - trainer - {'HR@5': 0.0, 'NDCG@5': 0.0, 'HR@10': 0.0, 'NDCG@10': 0.0, 'HR@20': 0.0, 'NDCG@20': 0.0}
2026/08/25 15:10:26 - __main__ - INFO - 1279 - trainer - Target Recommendation Popularity-------------------------------------
2026/08/25 15:10:26 - __main__ - INFO - 1284 - trainer - {'PopularRatio@5': 86.1868, 'PopularRatio@10': 72.6605, 'PopularRatio@20': 55.9946}
2026/08/25 15:10:26 - __main__ - INFO - 1287 - trainer - Best Eval---------------------------------------------------------
2026/08/25 15:10:26 - __main__ - INFO - 1290 - trainer - {'Best_HR@5': 38.4277, 'Best_NDCG@5': 28.0643, 'Best_HR@10': 48.6328, 'Best_NDCG@10': 31.4614, 'Best_HR@20': 60.7422, 'Best_NDCG@20': 34.5068}
2026/08/25 15:10:26 - __main__ - INFO - 1291 - trainer - {'Best_epoch_HR@5': 21, 'Best_epoch_NDCG@5': 19, 'Best_epoch_HR@10': 21, 'Best_epoch_NDCG@10': 19, 'Best_epoch_HR@20': 19, 'Best_epoch_NDCG@20': 19}
2026/08/25 15:10:26 - __main__ - INFO - 179 - main - Target model saved at: ./saved_model/movie_video/target_model.pth
