2026/08/26 14:04:46 - __main__ - INFO - 98 - main - Namespace(batch_size=512, decay_step=100, description='Diffu_norm_score', device='cuda', diffusion_steps=32, dropout=0.1, e_context_high_threshold=0.75, e_context_low_threshold=0.5, e_context_state='medium', emb_dropout=0.3, epochs=100, eval_interval=5, gamma=0.1, group_alignment=1, group_alignment_mode='both', group_context_threshold=0.5, group_pop_weight=1.0, group_tail_weight=1.0, hidden_act='gelu', hidden_size=128, inspect_e_distribution=0, lambda_uncertainty=0.001, log_file='log/', loss_lambda=1, lr=0.001, max_len=8, metric_ks=[5, 10, 20], momentum=None, noise_schedule='trunc_lin', num_blocks=4, num_gpu=1, optimizer='Adam', p=0.3, patience=2, popular_ratio=0.2, random_seed=1997, rescale_timesteps=True, s_dataset='movie', schedule_sampler_name='lossaware', t_dataset='video', tail_aug_probability=0.5, tail_context_regulation=1, tail_drop_probability=0.1, tail_preserve_recent=2, w=1.0, weight_decay=0)
2026/08/26 14:04:49 - __main__ - INFO - 870 - trainer - Group-aware Alignment Definition------------------------------------
2026/08/26 14:04:49 - __main__ - INFO - 874 - trainer - {'group_alignment': True, 'alignment_mode': 'both', 'context_threshold': 0.5, 'popular_weight': 1.0, 'tail_weight': 1.0, 'source_popular_items': 17856, 'target_popular_items': 4372}
2026/08/26 14:04:49 - __main__ - INFO - 1157 - trainer - Group-aware Alignment Batch------------------------------------
2026/08/26 14:04:49 - __main__ - INFO - 1162 - trainer - {'Epoch': 0, 'Source Popular-context': 407, 'Source Tail-context': 75, 'Target Popular-context': 379, 'Target Tail-context': 87}
2026/08/26 14:04:54 - __main__ - INFO - 1173 - trainer - Epoch: 0
2026/08/26 14:04:54 - __main__ - INFO - 1157 - trainer - Group-aware Alignment Batch------------------------------------
2026/08/26 14:04:54 - __main__ - INFO - 1162 - trainer - {'Epoch': 1, 'Source Popular-context': 394, 'Source Tail-context': 77, 'Target Popular-context': 372, 'Target Tail-context': 83}
2026/08/26 14:04:59 - __main__ - INFO - 1173 - trainer - Epoch: 1
2026/08/26 14:04:59 - __main__ - INFO - 1157 - trainer - Group-aware Alignment Batch------------------------------------
2026/08/26 14:04:59 - __main__ - INFO - 1162 - trainer - {'Epoch': 2, 'Source Popular-context': 393, 'Source Tail-context': 73, 'Target Popular-context': 387, 'Target Tail-context': 77}
2026/08/26 14:05:03 - __main__ - INFO - 1173 - trainer - Epoch: 2
2026/08/26 14:05:03 - __main__ - INFO - 1157 - trainer - Group-aware Alignment Batch------------------------------------
2026/08/26 14:05:03 - __main__ - INFO - 1162 - trainer - {'Epoch': 3, 'Source Popular-context': 409, 'Source Tail-context': 56, 'Target Popular-context': 342, 'Target Tail-context': 98}
2026/08/26 14:05:08 - __main__ - INFO - 1173 - trainer - Epoch: 3
2026/08/26 14:05:08 - __main__ - INFO - 1157 - trainer - Group-aware Alignment Batch------------------------------------
2026/08/26 14:05:08 - __main__ - INFO - 1162 - trainer - {'Epoch': 4, 'Source Popular-context': 418, 'Source Tail-context': 59, 'Target Popular-context': 370, 'Target Tail-context': 79}
2026/08/26 14:05:13 - __main__ - INFO - 1173 - trainer - Epoch: 4
2026/08/26 14:05:13 - __main__ - INFO - 1157 - trainer - Group-aware Alignment Batch------------------------------------
2026/08/26 14:05:13 - __main__ - INFO - 1162 - trainer - {'Epoch': 5, 'Source Popular-context': 403, 'Source Tail-context': 59, 'Target Popular-context': 368, 'Target Tail-context': 85}
2026/08/26 14:05:17 - __main__ - INFO - 1173 - trainer - Epoch: 5
2026/08/26 14:05:17 - __main__ - INFO - 1178 - trainer - start predicting: 2026-08-26 14:05:17.727862
2026/08/26 14:05:29 - __main__ - INFO - 1215 - trainer - {'Best_HR@5': 38.6621, 'Best_NDCG@5': 29.8305, 'Best_HR@10': 49.1016, 'Best_NDCG@10': 33.2054, 'Best_HR@20': 61.8359, 'Best_NDCG@20': 36.4132}
2026/08/26 14:05:29 - __main__ - INFO - 1216 - trainer - {'Best_epoch_HR@5': 5, 'Best_epoch_NDCG@5': 5, 'Best_epoch_HR@10': 5, 'Best_epoch_NDCG@10': 5, 'Best_epoch_HR@20': 5, 'Best_epoch_NDCG@20': 5}
2026/08/26 14:05:29 - __main__ - INFO - 1157 - trainer - Group-aware Alignment Batch------------------------------------
2026/08/26 14:05:29 - __main__ - INFO - 1162 - trainer - {'Epoch': 6, 'Source Popular-context': 423, 'Source Tail-context': 54, 'Target Popular-context': 362, 'Target Tail-context': 95}
2026/08/26 14:05:34 - __main__ - INFO - 1173 - trainer - Epoch: 6
2026/08/26 14:05:34 - __main__ - INFO - 1157 - trainer - Group-aware Alignment Batch------------------------------------
2026/08/26 14:05:34 - __main__ - INFO - 1162 - trainer - {'Epoch': 7, 'Source Popular-context': 421, 'Source Tail-context': 63, 'Target Popular-context': 375, 'Target Tail-context': 85}
2026/08/26 14:05:39 - __main__ - INFO - 1173 - trainer - Epoch: 7
2026/08/26 14:05:39 - __main__ - INFO - 1157 - trainer - Group-aware Alignment Batch------------------------------------
2026/08/26 14:05:39 - __main__ - INFO - 1162 - trainer - {'Epoch': 8, 'Source Popular-context': 421, 'Source Tail-context': 59, 'Target Popular-context': 368, 'Target Tail-context': 94}
2026/08/26 14:05:43 - __main__ - INFO - 1173 - trainer - Epoch: 8
2026/08/26 14:05:43 - __main__ - INFO - 1157 - trainer - Group-aware Alignment Batch------------------------------------
2026/08/26 14:05:43 - __main__ - INFO - 1162 - trainer - {'Epoch': 9, 'Source Popular-context': 402, 'Source Tail-context': 78, 'Target Popular-context': 378, 'Target Tail-context': 85}
2026/08/26 14:05:48 - __main__ - INFO - 1173 - trainer - Epoch: 9
2026/08/26 14:05:48 - __main__ - INFO - 1157 - trainer - Group-aware Alignment Batch------------------------------------
2026/08/26 14:05:48 - __main__ - INFO - 1162 - trainer - {'Epoch': 10, 'Source Popular-context': 428, 'Source Tail-context': 46, 'Target Popular-context': 374, 'Target Tail-context': 78}
2026/08/26 14:05:53 - __main__ - INFO - 1173 - trainer - Epoch: 10
2026/08/26 14:05:53 - __main__ - INFO - 1178 - trainer - start predicting: 2026-08-26 14:05:53.073535
2026/08/26 14:06:05 - __main__ - INFO - 1215 - trainer - {'Best_HR@5': 48.2227, 'Best_NDCG@5': 36.8793, 'Best_HR@10': 58.877, 'Best_NDCG@10': 40.3294, 'Best_HR@20': 69.4629, 'Best_NDCG@20': 43.0071}
2026/08/26 14:06:05 - __main__ - INFO - 1216 - trainer - {'Best_epoch_HR@5': 10, 'Best_epoch_NDCG@5': 10, 'Best_epoch_HR@10': 10, 'Best_epoch_NDCG@10': 10, 'Best_epoch_HR@20': 10, 'Best_epoch_NDCG@20': 10}
2026/08/26 14:06:05 - __main__ - INFO - 1157 - trainer - Group-aware Alignment Batch------------------------------------
2026/08/26 14:06:05 - __main__ - INFO - 1162 - trainer - {'Epoch': 11, 'Source Popular-context': 413, 'Source Tail-context': 60, 'Target Popular-context': 381, 'Target Tail-context': 85}
2026/08/26 14:06:09 - __main__ - INFO - 1173 - trainer - Epoch: 11
2026/08/26 14:06:09 - __main__ - INFO - 1157 - trainer - Group-aware Alignment Batch------------------------------------
2026/08/26 14:06:09 - __main__ - INFO - 1162 - trainer - {'Epoch': 12, 'Source Popular-context': 424, 'Source Tail-context': 60, 'Target Popular-context': 372, 'Target Tail-context': 80}
2026/08/26 14:06:14 - __main__ - INFO - 1173 - trainer - Epoch: 12
2026/08/26 14:06:14 - __main__ - INFO - 1157 - trainer - Group-aware Alignment Batch------------------------------------
2026/08/26 14:06:14 - __main__ - INFO - 1162 - trainer - {'Epoch': 13, 'Source Popular-context': 411, 'Source Tail-context': 73, 'Target Popular-context': 382, 'Target Tail-context': 79}
2026/08/26 14:06:18 - __main__ - INFO - 1173 - trainer - Epoch: 13
2026/08/26 14:06:18 - __main__ - INFO - 1157 - trainer - Group-aware Alignment Batch------------------------------------
2026/08/26 14:06:18 - __main__ - INFO - 1162 - trainer - {'Epoch': 14, 'Source Popular-context': 423, 'Source Tail-context': 65, 'Target Popular-context': 379, 'Target Tail-context': 94}
2026/08/26 14:06:22 - __main__ - INFO - 1173 - trainer - Epoch: 14
2026/08/26 14:06:22 - __main__ - INFO - 1157 - trainer - Group-aware Alignment Batch------------------------------------
2026/08/26 14:06:22 - __main__ - INFO - 1162 - trainer - {'Epoch': 15, 'Source Popular-context': 422, 'Source Tail-context': 58, 'Target Popular-context': 373, 'Target Tail-context': 98}
2026/08/26 14:06:27 - __main__ - INFO - 1173 - trainer - Epoch: 15
2026/08/26 14:06:27 - __main__ - INFO - 1178 - trainer - start predicting: 2026-08-26 14:06:27.239007
2026/08/26 14:06:38 - __main__ - INFO - 1215 - trainer - {'Best_HR@5': 49.1797, 'Best_NDCG@5': 37.4333, 'Best_HR@10': 60.3223, 'Best_NDCG@10': 41.0498, 'Best_HR@20': 70.4297, 'Best_NDCG@20': 43.6145}
2026/08/26 14:06:38 - __main__ - INFO - 1216 - trainer - {'Best_epoch_HR@5': 15, 'Best_epoch_NDCG@5': 15, 'Best_epoch_HR@10': 15, 'Best_epoch_NDCG@10': 15, 'Best_epoch_HR@20': 15, 'Best_epoch_NDCG@20': 15}
2026/08/26 14:06:39 - __main__ - INFO - 1157 - trainer - Group-aware Alignment Batch------------------------------------
2026/08/26 14:06:39 - __main__ - INFO - 1162 - trainer - {'Epoch': 16, 'Source Popular-context': 403, 'Source Tail-context': 65, 'Target Popular-context': 374, 'Target Tail-context': 89}
2026/08/26 14:06:43 - __main__ - INFO - 1173 - trainer - Epoch: 16
2026/08/26 14:06:43 - __main__ - INFO - 1157 - trainer - Group-aware Alignment Batch------------------------------------
2026/08/26 14:06:43 - __main__ - INFO - 1162 - trainer - {'Epoch': 17, 'Source Popular-context': 423, 'Source Tail-context': 52, 'Target Popular-context': 355, 'Target Tail-context': 109}
2026/08/26 14:06:47 - __main__ - INFO - 1173 - trainer - Epoch: 17
2026/08/26 14:06:47 - __main__ - INFO - 1157 - trainer - Group-aware Alignment Batch------------------------------------
2026/08/26 14:06:47 - __main__ - INFO - 1162 - trainer - {'Epoch': 18, 'Source Popular-context': 413, 'Source Tail-context': 63, 'Target Popular-context': 386, 'Target Tail-context': 85}
2026/08/26 14:06:52 - __main__ - INFO - 1173 - trainer - Epoch: 18
2026/08/26 14:06:52 - __main__ - INFO - 1157 - trainer - Group-aware Alignment Batch------------------------------------
2026/08/26 14:06:52 - __main__ - INFO - 1162 - trainer - {'Epoch': 19, 'Source Popular-context': 402, 'Source Tail-context': 63, 'Target Popular-context': 367, 'Target Tail-context': 94}
2026/08/26 14:06:56 - __main__ - INFO - 1173 - trainer - Epoch: 19
2026/08/26 14:06:56 - __main__ - INFO - 1157 - trainer - Group-aware Alignment Batch------------------------------------
2026/08/26 14:06:56 - __main__ - INFO - 1162 - trainer - {'Epoch': 20, 'Source Popular-context': 409, 'Source Tail-context': 62, 'Target Popular-context': 373, 'Target Tail-context': 82}
2026/08/26 14:07:01 - __main__ - INFO - 1173 - trainer - Epoch: 20
2026/08/26 14:07:01 - __main__ - INFO - 1178 - trainer - start predicting: 2026-08-26 14:07:01.270935
2026/08/26 14:07:13 - __main__ - INFO - 1157 - trainer - Group-aware Alignment Batch------------------------------------
2026/08/26 14:07:13 - __main__ - INFO - 1162 - trainer - {'Epoch': 21, 'Source Popular-context': 404, 'Source Tail-context': 63, 'Target Popular-context': 372, 'Target Tail-context': 83}
2026/08/26 14:07:17 - __main__ - INFO - 1173 - trainer - Epoch: 21
2026/08/26 14:07:17 - __main__ - INFO - 1157 - trainer - Group-aware Alignment Batch------------------------------------
2026/08/26 14:07:17 - __main__ - INFO - 1162 - trainer - {'Epoch': 22, 'Source Popular-context': 416, 'Source Tail-context': 59, 'Target Popular-context': 370, 'Target Tail-context': 78}
2026/08/26 14:07:21 - __main__ - INFO - 1173 - trainer - Epoch: 22
2026/08/26 14:07:21 - __main__ - INFO - 1157 - trainer - Group-aware Alignment Batch------------------------------------
2026/08/26 14:07:21 - __main__ - INFO - 1162 - trainer - {'Epoch': 23, 'Source Popular-context': 404, 'Source Tail-context': 69, 'Target Popular-context': 385, 'Target Tail-context': 81}
2026/08/26 14:07:26 - __main__ - INFO - 1173 - trainer - Epoch: 23
2026/08/26 14:07:26 - __main__ - INFO - 1157 - trainer - Group-aware Alignment Batch------------------------------------
2026/08/26 14:07:26 - __main__ - INFO - 1162 - trainer - {'Epoch': 24, 'Source Popular-context': 400, 'Source Tail-context': 74, 'Target Popular-context': 373, 'Target Tail-context': 90}
2026/08/26 14:07:30 - __main__ - INFO - 1173 - trainer - Epoch: 24
2026/08/26 14:07:30 - __main__ - INFO - 1157 - trainer - Group-aware Alignment Batch------------------------------------
2026/08/26 14:07:30 - __main__ - INFO - 1162 - trainer - {'Epoch': 25, 'Source Popular-context': 415, 'Source Tail-context': 50, 'Target Popular-context': 382, 'Target Tail-context': 81}
2026/08/26 14:07:35 - __main__ - INFO - 1173 - trainer - Epoch: 25
2026/08/26 14:07:35 - __main__ - INFO - 1178 - trainer - start predicting: 2026-08-26 14:07:35.333854
2026/08/26 14:07:47 - __main__ - INFO - 1225 - trainer - {'Best_HR@5': 49.1797, 'Best_NDCG@5': 37.4333, 'Best_HR@10': 60.3223, 'Best_NDCG@10': 41.0498, 'Best_HR@20': 70.4297, 'Best_NDCG@20': 43.6145}
2026/08/26 14:07:47 - __main__ - INFO - 1226 - trainer - {'Best_epoch_HR@5': 15, 'Best_epoch_NDCG@5': 15, 'Best_epoch_HR@10': 15, 'Best_epoch_NDCG@10': 15, 'Best_epoch_HR@20': 15, 'Best_epoch_NDCG@20': 15}
2026/08/26 14:07:47 - __main__ - INFO - 1332 - trainer - Source Popularity Definition---------------------------------------------
2026/08/26 14:07:47 - __main__ - INFO - 1337 - trainer - {'domain': 'Source', 'popular_ratio': 0.2, 'observed_train_items': 89276, 'popular_items': 17856, 'unpopular_seen_items': 71420, 'unseen_items_in_test': 'calculated from test ground truth'}
2026/08/26 14:07:54 - __main__ - INFO - 1613 - trainer - %s Test Overall------------------------------------------------------
2026/08/26 14:07:54 - __main__ - INFO - 1617 - trainer - {'HR@5': 49.8753, 'NDCG@5': 38.1821, 'HR@10': 60.4107, 'NDCG@10': 41.608, 'HR@20': 70.1785, 'NDCG@20': 44.0883}
2026/08/26 14:07:54 - __main__ - INFO - 1708 - trainer - Source Test Group Size----------------------------------------------
2026/08/26 14:07:54 - __main__ - INFO - 1713 - trainer - {'domain': 'Source', 'Overall_test_samples': 10422, 'Popular_test_samples': 7854, 'Unpopular_seen_test_samples': 1824, 'Unseen_test_samples': 744, 'Grouped_test_samples': 10422}
2026/08/26 14:07:54 - __main__ - INFO - 1715 - trainer - Source Test Popular Ground Truth-------------------------------------
2026/08/26 14:07:54 - __main__ - INFO - 1720 - trainer - {'HR@5': 65.4826, 'NDCG@5': 50.336, 'HR@10': 78.2022, 'NDCG@10': 54.4832, 'HR@20': 87.9297, 'NDCG@20': 56.9665}
2026/08/26 14:07:54 - __main__ - INFO - 1722 - trainer - Source Test Unpopular-Seen Ground Truth------------------------------
2026/08/26 14:07:54 - __main__ - INFO - 1727 - trainer - {'HR@5': 3.0154, 'NDCG@5': 1.4225, 'HR@10': 8.443, 'NDCG@10': 3.1399, 'HR@20': 22.3684, 'NDCG@20': 6.6193}
2026/08/26 14:07:54 - __main__ - INFO - 1731 - trainer - Source Test Unseen Ground Truth--------------------------------------
2026/08/26 14:07:54 - __main__ - INFO - 1736 - trainer - {'HR@5': 0.0, 'NDCG@5': 0.0, 'HR@10': 0.0, 'NDCG@10': 0.0, 'HR@20': 0.0, 'NDCG@20': 0.0}
2026/08/26 14:07:54 - __main__ - INFO - 1738 - trainer - Source Recommendation Popularity-------------------------------------
2026/08/26 14:07:54 - __main__ - INFO - 1743 - trainer - {'PopularRatio@5': 93.5483, 'PopularRatio@10': 82.1061, 'PopularRatio@20': 61.7319}
2026/08/26 14:07:54 - __main__ - INFO - 1746 - trainer - Best Eval---------------------------------------------------------
2026/08/26 14:07:54 - __main__ - INFO - 1749 - trainer - {'Best_HR@5': 49.1797, 'Best_NDCG@5': 37.4333, 'Best_HR@10': 60.3223, 'Best_NDCG@10': 41.0498, 'Best_HR@20': 70.4297, 'Best_NDCG@20': 43.6145}
2026/08/26 14:07:54 - __main__ - INFO - 1750 - trainer - {'Best_epoch_HR@5': 15, 'Best_epoch_NDCG@5': 15, 'Best_epoch_HR@10': 15, 'Best_epoch_NDCG@10': 15, 'Best_epoch_HR@20': 15, 'Best_epoch_NDCG@20': 15}
2026/08/26 14:07:54 - __main__ - INFO - 957 - trainer - D2 Tail-target Context Regulation
2026/08/26 14:07:54 - __main__ - INFO - 961 - trainer - {'Experiment': 'E', 'Mechanism': 'M2 Representation Dominance', 'Action': 'D2 Sequence Regulation', 'Next_condition': 'Unpopular Next', 'Context_state': 'medium', 'Low': 'SeqPopRatio < 0.5', 'Medium': '0.5 <= SeqPopRatio < 0.75', 'High': 'SeqPopRatio >= 0.75', 'augmentation_probability': 0.5, 'drop_probability': 0.1, 'preserve_recent': 2, 'popular_items': 4372, 'unpopular_seen_items': 17484}
2026/08/26 14:07:54 - __main__ - INFO - 1045 - trainer - D2 Context Regulation Batch Check
2026/08/26 14:07:54 - __main__ - INFO - 1049 - trainer - {'batch_size': 512, 'experiment_e_state': 'medium', 'low_threshold': 0.5, 'high_threshold': 0.75, 'drop_probability': 0.1, 'unpopular_next_samples': 163, 'eligible_state_unpopnext': 38, 'augmented_samples': 20, 'eligible_ratio': 0.0742, 'augmentation_ratio_among_eligible': 0.5263, 'avg_eligible_sequence_pop_ratio': 0.5466, 'dropped_items': 14}
2026/08/26 14:07:54 - __main__ - INFO - 1045 - trainer - D2 Context Regulation Batch Check
2026/08/26 14:07:54 - __main__ - INFO - 1049 - trainer - {'batch_size': 512, 'experiment_e_state': 'medium', 'low_threshold': 0.5, 'high_threshold': 0.75, 'drop_probability': 0.1, 'unpopular_next_samples': 160, 'eligible_state_unpopnext': 49, 'augmented_samples': 26, 'eligible_ratio': 0.0957, 'augmentation_ratio_among_eligible': 0.5306, 'avg_eligible_sequence_pop_ratio': 0.5655, 'dropped_items': 15}
2026/08/26 14:07:54 - __main__ - INFO - 1045 - trainer - D2 Context Regulation Batch Check
2026/08/26 14:07:54 - __main__ - INFO - 1049 - trainer - {'batch_size': 512, 'experiment_e_state': 'medium', 'low_threshold': 0.5, 'high_threshold': 0.75, 'drop_probability': 0.1, 'unpopular_next_samples': 145, 'eligible_state_unpopnext': 41, 'augmented_samples': 25, 'eligible_ratio': 0.0801, 'augmentation_ratio_among_eligible': 0.6098, 'avg_eligible_sequence_pop_ratio': 0.5742, 'dropped_items': 6}
2026/08/26 14:07:55 - __main__ - INFO - 1173 - trainer - Epoch: 0
2026/08/26 14:07:55 - __main__ - INFO - 1173 - trainer - Epoch: 1
2026/08/26 14:07:55 - __main__ - INFO - 1178 - trainer - start predicting: 2026-08-26 14:07:55.879614
2026/08/26 14:07:57 - __main__ - INFO - 1215 - trainer - {'Best_HR@5': 7.4707, 'Best_NDCG@5': 4.1436, 'Best_HR@10': 14.7461, 'Best_NDCG@10': 6.4677, 'Best_HR@20': 30.2734, 'Best_NDCG@20': 10.3481}
2026/08/26 14:07:57 - __main__ - INFO - 1216 - trainer - {'Best_epoch_HR@5': 1, 'Best_epoch_NDCG@5': 1, 'Best_epoch_HR@10': 1, 'Best_epoch_NDCG@10': 1, 'Best_epoch_HR@20': 1, 'Best_epoch_NDCG@20': 1}
2026/08/26 14:07:58 - __main__ - INFO - 1173 - trainer - Epoch: 2
2026/08/26 14:07:58 - __main__ - INFO - 1178 - trainer - start predicting: 2026-08-26 14:07:58.041689
2026/08/26 14:07:59 - __main__ - INFO - 1215 - trainer - {'Best_HR@5': 13.0371, 'Best_NDCG@5': 8.2149, 'Best_HR@10': 22.6562, 'Best_NDCG@10': 11.2911, 'Best_HR@20': 37.8906, 'Best_NDCG@20': 15.124}
2026/08/26 14:07:59 - __main__ - INFO - 1216 - trainer - {'Best_epoch_HR@5': 2, 'Best_epoch_NDCG@5': 2, 'Best_epoch_HR@10': 2, 'Best_epoch_NDCG@10': 2, 'Best_epoch_HR@20': 2, 'Best_epoch_NDCG@20': 2}
2026/08/26 14:08:00 - __main__ - INFO - 1173 - trainer - Epoch: 3
2026/08/26 14:08:00 - __main__ - INFO - 1178 - trainer - start predicting: 2026-08-26 14:08:00.283140
2026/08/26 14:08:01 - __main__ - INFO - 1215 - trainer - {'Best_HR@5': 18.6035, 'Best_NDCG@5': 12.0872, 'Best_HR@10': 29.4434, 'Best_NDCG@10': 15.5665, 'Best_HR@20': 45.8008, 'Best_NDCG@20': 19.6868}
2026/08/26 14:08:01 - __main__ - INFO - 1216 - trainer - {'Best_epoch_HR@5': 3, 'Best_epoch_NDCG@5': 3, 'Best_epoch_HR@10': 3, 'Best_epoch_NDCG@10': 3, 'Best_epoch_HR@20': 3, 'Best_epoch_NDCG@20': 3}
2026/08/26 14:08:02 - __main__ - INFO - 1173 - trainer - Epoch: 4
2026/08/26 14:08:02 - __main__ - INFO - 1178 - trainer - start predicting: 2026-08-26 14:08:02.508061
2026/08/26 14:08:04 - __main__ - INFO - 1215 - trainer - {'Best_HR@5': 23.584, 'Best_NDCG@5': 15.8775, 'Best_HR@10': 35.0586, 'Best_NDCG@10': 19.5646, 'Best_HR@20': 50.293, 'Best_NDCG@20': 23.4065}
2026/08/26 14:08:04 - __main__ - INFO - 1216 - trainer - {'Best_epoch_HR@5': 4, 'Best_epoch_NDCG@5': 4, 'Best_epoch_HR@10': 4, 'Best_epoch_NDCG@10': 4, 'Best_epoch_HR@20': 4, 'Best_epoch_NDCG@20': 4}
2026/08/26 14:08:04 - __main__ - INFO - 1173 - trainer - Epoch: 5
2026/08/26 14:08:04 - __main__ - INFO - 1178 - trainer - start predicting: 2026-08-26 14:08:04.674765
2026/08/26 14:08:06 - __main__ - INFO - 1215 - trainer - {'Best_HR@5': 25.9766, 'Best_NDCG@5': 17.9938, 'Best_HR@10': 38.2812, 'Best_NDCG@10': 21.9785, 'Best_HR@20': 53.5645, 'Best_NDCG@20': 25.7984}
2026/08/26 14:08:06 - __main__ - INFO - 1216 - trainer - {'Best_epoch_HR@5': 5, 'Best_epoch_NDCG@5': 5, 'Best_epoch_HR@10': 5, 'Best_epoch_NDCG@10': 5, 'Best_epoch_HR@20': 5, 'Best_epoch_NDCG@20': 5}
2026/08/26 14:08:06 - __main__ - INFO - 1173 - trainer - Epoch: 6
2026/08/26 14:08:06 - __main__ - INFO - 1178 - trainer - start predicting: 2026-08-26 14:08:06.881946
2026/08/26 14:08:08 - __main__ - INFO - 1215 - trainer - {'Best_HR@5': 29.8828, 'Best_NDCG@5': 21.0462, 'Best_HR@10': 40.4297, 'Best_NDCG@10': 24.4461, 'Best_HR@20': 55.3711, 'Best_NDCG@20': 28.202}
2026/08/26 14:08:08 - __main__ - INFO - 1216 - trainer - {'Best_epoch_HR@5': 6, 'Best_epoch_NDCG@5': 6, 'Best_epoch_HR@10': 6, 'Best_epoch_NDCG@10': 6, 'Best_epoch_HR@20': 6, 'Best_epoch_NDCG@20': 6}
2026/08/26 14:08:09 - __main__ - INFO - 1173 - trainer - Epoch: 7
2026/08/26 14:08:09 - __main__ - INFO - 1178 - trainer - start predicting: 2026-08-26 14:08:09.141687
2026/08/26 14:08:10 - __main__ - INFO - 1215 - trainer - {'Best_HR@5': 32.1777, 'Best_NDCG@5': 23.1019, 'Best_HR@10': 41.9434, 'Best_NDCG@10': 26.2582, 'Best_HR@20': 56.5918, 'Best_NDCG@20': 29.9208}
2026/08/26 14:08:10 - __main__ - INFO - 1216 - trainer - {'Best_epoch_HR@5': 7, 'Best_epoch_NDCG@5': 7, 'Best_epoch_HR@10': 7, 'Best_epoch_NDCG@10': 7, 'Best_epoch_HR@20': 7, 'Best_epoch_NDCG@20': 7}
2026/08/26 14:08:11 - __main__ - INFO - 1173 - trainer - Epoch: 8
2026/08/26 14:08:11 - __main__ - INFO - 1178 - trainer - start predicting: 2026-08-26 14:08:11.321512
2026/08/26 14:08:12 - __main__ - INFO - 1215 - trainer - {'Best_HR@5': 33.2031, 'Best_NDCG@5': 24.9065, 'Best_HR@10': 43.457, 'Best_NDCG@10': 28.2065, 'Best_HR@20': 57.6172, 'Best_NDCG@20': 31.7712}
2026/08/26 14:08:12 - __main__ - INFO - 1216 - trainer - {'Best_epoch_HR@5': 8, 'Best_epoch_NDCG@5': 8, 'Best_epoch_HR@10': 8, 'Best_epoch_NDCG@10': 8, 'Best_epoch_HR@20': 8, 'Best_epoch_NDCG@20': 8}
2026/08/26 14:08:13 - __main__ - INFO - 1173 - trainer - Epoch: 9
2026/08/26 14:08:13 - __main__ - INFO - 1178 - trainer - start predicting: 2026-08-26 14:08:13.565404
2026/08/26 14:08:15 - __main__ - INFO - 1215 - trainer - {'Best_HR@5': 34.668, 'Best_NDCG@5': 25.6364, 'Best_HR@10': 44.7754, 'Best_NDCG@10': 28.8973, 'Best_HR@20': 57.6172, 'Best_NDCG@20': 32.131}
2026/08/26 14:08:15 - __main__ - INFO - 1216 - trainer - {'Best_epoch_HR@5': 9, 'Best_epoch_NDCG@5': 9, 'Best_epoch_HR@10': 9, 'Best_epoch_NDCG@10': 9, 'Best_epoch_HR@20': 8, 'Best_epoch_NDCG@20': 9}
2026/08/26 14:08:15 - __main__ - INFO - 1173 - trainer - Epoch: 10
2026/08/26 14:08:15 - __main__ - INFO - 1178 - trainer - start predicting: 2026-08-26 14:08:15.718283
2026/08/26 14:08:17 - __main__ - INFO - 1215 - trainer - {'Best_HR@5': 35.4492, 'Best_NDCG@5': 26.7317, 'Best_HR@10': 45.7031, 'Best_NDCG@10': 30.0313, 'Best_HR@20': 58.5938, 'Best_NDCG@20': 33.2808}
2026/08/26 14:08:17 - __main__ - INFO - 1216 - trainer - {'Best_epoch_HR@5': 10, 'Best_epoch_NDCG@5': 10, 'Best_epoch_HR@10': 10, 'Best_epoch_NDCG@10': 10, 'Best_epoch_HR@20': 10, 'Best_epoch_NDCG@20': 10}
2026/08/26 14:08:17 - __main__ - INFO - 1173 - trainer - Epoch: 11
2026/08/26 14:08:17 - __main__ - INFO - 1178 - trainer - start predicting: 2026-08-26 14:08:17.933022
2026/08/26 14:08:19 - __main__ - INFO - 1215 - trainer - {'Best_HR@5': 35.9863, 'Best_NDCG@5': 26.8775, 'Best_HR@10': 46.7285, 'Best_NDCG@10': 30.3568, 'Best_HR@20': 59.7168, 'Best_NDCG@20': 33.6243}
2026/08/26 14:08:19 - __main__ - INFO - 1216 - trainer - {'Best_epoch_HR@5': 11, 'Best_epoch_NDCG@5': 11, 'Best_epoch_HR@10': 11, 'Best_epoch_NDCG@10': 11, 'Best_epoch_HR@20': 11, 'Best_epoch_NDCG@20': 11}
2026/08/26 14:08:20 - __main__ - INFO - 1173 - trainer - Epoch: 12
2026/08/26 14:08:20 - __main__ - INFO - 1178 - trainer - start predicting: 2026-08-26 14:08:20.200154
2026/08/26 14:08:21 - __main__ - INFO - 1215 - trainer - {'Best_HR@5': 36.2305, 'Best_NDCG@5': 26.8775, 'Best_HR@10': 47.9492, 'Best_NDCG@10': 30.6419, 'Best_HR@20': 59.7168, 'Best_NDCG@20': 33.6243}
2026/08/26 14:08:21 - __main__ - INFO - 1216 - trainer - {'Best_epoch_HR@5': 12, 'Best_epoch_NDCG@5': 11, 'Best_epoch_HR@10': 12, 'Best_epoch_NDCG@10': 12, 'Best_epoch_HR@20': 11, 'Best_epoch_NDCG@20': 11}
2026/08/26 14:08:22 - __main__ - INFO - 1173 - trainer - Epoch: 13
2026/08/26 14:08:22 - __main__ - INFO - 1178 - trainer - start predicting: 2026-08-26 14:08:22.387327
2026/08/26 14:08:23 - __main__ - INFO - 1215 - trainer - {'Best_HR@5': 37.1582, 'Best_NDCG@5': 27.5059, 'Best_HR@10': 47.9492, 'Best_NDCG@10': 30.8641, 'Best_HR@20': 59.7168, 'Best_NDCG@20': 33.892}
2026/08/26 14:08:23 - __main__ - INFO - 1216 - trainer - {'Best_epoch_HR@5': 13, 'Best_epoch_NDCG@5': 13, 'Best_epoch_HR@10': 12, 'Best_epoch_NDCG@10': 13, 'Best_epoch_HR@20': 11, 'Best_epoch_NDCG@20': 13}
2026/08/26 14:08:24 - __main__ - INFO - 1173 - trainer - Epoch: 14
2026/08/26 14:08:24 - __main__ - INFO - 1178 - trainer - start predicting: 2026-08-26 14:08:24.533512
2026/08/26 14:08:26 - __main__ - INFO - 1215 - trainer - {'Best_HR@5': 38.0859, 'Best_NDCG@5': 27.9087, 'Best_HR@10': 47.9492, 'Best_NDCG@10': 30.9445, 'Best_HR@20': 60.3027, 'Best_NDCG@20': 34.1663}
2026/08/26 14:08:26 - __main__ - INFO - 1216 - trainer - {'Best_epoch_HR@5': 14, 'Best_epoch_NDCG@5': 14, 'Best_epoch_HR@10': 12, 'Best_epoch_NDCG@10': 14, 'Best_epoch_HR@20': 14, 'Best_epoch_NDCG@20': 14}
2026/08/26 14:08:26 - __main__ - INFO - 1173 - trainer - Epoch: 15
2026/08/26 14:08:26 - __main__ - INFO - 1178 - trainer - start predicting: 2026-08-26 14:08:26.809728
2026/08/26 14:08:28 - __main__ - INFO - 1215 - trainer - {'Best_HR@5': 38.0859, 'Best_NDCG@5': 28.1366, 'Best_HR@10': 47.9492, 'Best_NDCG@10': 31.3234, 'Best_HR@20': 60.3027, 'Best_NDCG@20': 34.4599}
2026/08/26 14:08:28 - __main__ - INFO - 1216 - trainer - {'Best_epoch_HR@5': 14, 'Best_epoch_NDCG@5': 15, 'Best_epoch_HR@10': 12, 'Best_epoch_NDCG@10': 15, 'Best_epoch_HR@20': 14, 'Best_epoch_NDCG@20': 15}
2026/08/26 14:08:28 - __main__ - INFO - 1173 - trainer - Epoch: 16
2026/08/26 14:08:28 - __main__ - INFO - 1178 - trainer - start predicting: 2026-08-26 14:08:28.981404
2026/08/26 14:08:30 - __main__ - INFO - 1215 - trainer - {'Best_HR@5': 38.0859, 'Best_NDCG@5': 28.1366, 'Best_HR@10': 47.998, 'Best_NDCG@10': 31.3234, 'Best_HR@20': 60.498, 'Best_NDCG@20': 34.4599}
2026/08/26 14:08:30 - __main__ - INFO - 1216 - trainer - {'Best_epoch_HR@5': 14, 'Best_epoch_NDCG@5': 15, 'Best_epoch_HR@10': 16, 'Best_epoch_NDCG@10': 15, 'Best_epoch_HR@20': 16, 'Best_epoch_NDCG@20': 15}
2026/08/26 14:08:31 - __main__ - INFO - 1173 - trainer - Epoch: 17
2026/08/26 14:08:31 - __main__ - INFO - 1178 - trainer - start predicting: 2026-08-26 14:08:31.138038
2026/08/26 14:08:32 - __main__ - INFO - 1215 - trainer - {'Best_HR@5': 38.0859, 'Best_NDCG@5': 28.1366, 'Best_HR@10': 48.2422, 'Best_NDCG@10': 31.3234, 'Best_HR@20': 60.498, 'Best_NDCG@20': 34.4599}
2026/08/26 14:08:32 - __main__ - INFO - 1216 - trainer - {'Best_epoch_HR@5': 14, 'Best_epoch_NDCG@5': 15, 'Best_epoch_HR@10': 17, 'Best_epoch_NDCG@10': 15, 'Best_epoch_HR@20': 16, 'Best_epoch_NDCG@20': 15}
2026/08/26 14:08:33 - __main__ - INFO - 1173 - trainer - Epoch: 18
2026/08/26 14:08:33 - __main__ - INFO - 1178 - trainer - start predicting: 2026-08-26 14:08:33.302635
2026/08/26 14:08:34 - __main__ - INFO - 1215 - trainer - {'Best_HR@5': 38.0859, 'Best_NDCG@5': 28.1366, 'Best_HR@10': 48.3887, 'Best_NDCG@10': 31.3234, 'Best_HR@20': 60.498, 'Best_NDCG@20': 34.4599}
2026/08/26 14:08:34 - __main__ - INFO - 1216 - trainer - {'Best_epoch_HR@5': 14, 'Best_epoch_NDCG@5': 15, 'Best_epoch_HR@10': 18, 'Best_epoch_NDCG@10': 15, 'Best_epoch_HR@20': 16, 'Best_epoch_NDCG@20': 15}
2026/08/26 14:08:35 - __main__ - INFO - 1173 - trainer - Epoch: 19
2026/08/26 14:08:35 - __main__ - INFO - 1178 - trainer - start predicting: 2026-08-26 14:08:35.424263
2026/08/26 14:08:36 - __main__ - INFO - 1215 - trainer - {'Best_HR@5': 38.0859, 'Best_NDCG@5': 28.1366, 'Best_HR@10': 48.4375, 'Best_NDCG@10': 31.3234, 'Best_HR@20': 60.498, 'Best_NDCG@20': 34.4599}
2026/08/26 14:08:36 - __main__ - INFO - 1216 - trainer - {'Best_epoch_HR@5': 14, 'Best_epoch_NDCG@5': 15, 'Best_epoch_HR@10': 19, 'Best_epoch_NDCG@10': 15, 'Best_epoch_HR@20': 16, 'Best_epoch_NDCG@20': 15}
2026/08/26 14:08:37 - __main__ - INFO - 1173 - trainer - Epoch: 20
2026/08/26 14:08:37 - __main__ - INFO - 1178 - trainer - start predicting: 2026-08-26 14:08:37.583143
2026/08/26 14:08:39 - __main__ - INFO - 1215 - trainer - {'Best_HR@5': 38.0859, 'Best_NDCG@5': 28.1366, 'Best_HR@10': 49.0234, 'Best_NDCG@10': 31.414, 'Best_HR@20': 60.498, 'Best_NDCG@20': 34.4599}
2026/08/26 14:08:39 - __main__ - INFO - 1216 - trainer - {'Best_epoch_HR@5': 14, 'Best_epoch_NDCG@5': 15, 'Best_epoch_HR@10': 20, 'Best_epoch_NDCG@10': 20, 'Best_epoch_HR@20': 16, 'Best_epoch_NDCG@20': 15}
2026/08/26 14:08:39 - __main__ - INFO - 1173 - trainer - Epoch: 21
2026/08/26 14:08:39 - __main__ - INFO - 1178 - trainer - start predicting: 2026-08-26 14:08:39.725422
2026/08/26 14:08:41 - __main__ - INFO - 1215 - trainer - {'Best_HR@5': 38.4277, 'Best_NDCG@5': 28.1366, 'Best_HR@10': 49.0234, 'Best_NDCG@10': 31.414, 'Best_HR@20': 60.498, 'Best_NDCG@20': 34.4599}
2026/08/26 14:08:41 - __main__ - INFO - 1216 - trainer - {'Best_epoch_HR@5': 21, 'Best_epoch_NDCG@5': 15, 'Best_epoch_HR@10': 20, 'Best_epoch_NDCG@10': 20, 'Best_epoch_HR@20': 16, 'Best_epoch_NDCG@20': 15}
2026/08/26 14:08:41 - __main__ - INFO - 1173 - trainer - Epoch: 22
2026/08/26 14:08:41 - __main__ - INFO - 1178 - trainer - start predicting: 2026-08-26 14:08:41.900260
2026/08/26 14:08:44 - __main__ - INFO - 1173 - trainer - Epoch: 23
2026/08/26 14:08:44 - __main__ - INFO - 1178 - trainer - start predicting: 2026-08-26 14:08:44.055391
2026/08/26 14:08:46 - __main__ - INFO - 1173 - trainer - Epoch: 24
2026/08/26 14:08:46 - __main__ - INFO - 1178 - trainer - start predicting: 2026-08-26 14:08:46.215532
2026/08/26 14:08:48 - __main__ - INFO - 1173 - trainer - Epoch: 25
2026/08/26 14:08:48 - __main__ - INFO - 1178 - trainer - start predicting: 2026-08-26 14:08:48.366056
2026/08/26 14:08:50 - __main__ - INFO - 1173 - trainer - Epoch: 26
2026/08/26 14:08:50 - __main__ - INFO - 1178 - trainer - start predicting: 2026-08-26 14:08:50.494273
2026/08/26 14:08:52 - __main__ - INFO - 1225 - trainer - {'Best_HR@5': 38.4277, 'Best_NDCG@5': 28.1366, 'Best_HR@10': 49.0234, 'Best_NDCG@10': 31.414, 'Best_HR@20': 60.498, 'Best_NDCG@20': 34.4599}
2026/08/26 14:08:52 - __main__ - INFO - 1226 - trainer - {'Best_epoch_HR@5': 21, 'Best_epoch_NDCG@5': 15, 'Best_epoch_HR@10': 20, 'Best_epoch_NDCG@10': 20, 'Best_epoch_HR@20': 16, 'Best_epoch_NDCG@20': 15}
2026/08/26 14:08:52 - __main__ - INFO - 1332 - trainer - Target Popularity Definition---------------------------------------------
2026/08/26 14:08:52 - __main__ - INFO - 1337 - trainer - {'domain': 'Target', 'popular_ratio': 0.2, 'observed_train_items': 21856, 'popular_items': 4372, 'unpopular_seen_items': 17484, 'unseen_items_in_test': 'calculated from test ground truth'}
2026/08/26 14:08:53 - __main__ - INFO - 1613 - trainer - %s Test Overall------------------------------------------------------
2026/08/26 14:08:53 - __main__ - INFO - 1617 - trainer - {'HR@5': 38.6187, 'NDCG@5': 28.5158, 'HR@10': 50.0486, 'NDCG@10': 32.2034, 'HR@20': 62.1109, 'NDCG@20': 35.2476}
2026/08/26 14:08:53 - __main__ - INFO - 1708 - trainer - Target Test Group Size----------------------------------------------
2026/08/26 14:08:53 - __main__ - INFO - 1713 - trainer - {'domain': 'Target', 'Overall_test_samples': 2056, 'Popular_test_samples': 1372, 'Unpopular_seen_test_samples': 505, 'Unseen_test_samples': 179, 'Grouped_test_samples': 2056}
2026/08/26 14:08:53 - __main__ - INFO - 1715 - trainer - Target Test Popular Ground Truth-------------------------------------
2026/08/26 14:08:53 - __main__ - INFO - 1720 - trainer - {'HR@5': 56.2682, 'NDCG@5': 41.9067, 'HR@10': 70.7726, 'NDCG@10': 46.5993, 'HR@20': 83.8192, 'NDCG@20': 49.8882}
2026/08/26 14:08:53 - __main__ - INFO - 1722 - trainer - Target Test Unpopular-Seen Ground Truth------------------------------
2026/08/26 14:08:53 - __main__ - INFO - 1727 - trainer - {'HR@5': 4.3564, 'NDCG@5': 2.2424, 'HR@10': 11.4851, 'NDCG@10': 4.5069, 'HR@20': 25.1485, 'NDCG@20': 7.9654}
2026/08/26 14:08:53 - __main__ - INFO - 1731 - trainer - Target Test Unseen Ground Truth--------------------------------------
2026/08/26 14:08:53 - __main__ - INFO - 1736 - trainer - {'HR@5': 0.0, 'NDCG@5': 0.0, 'HR@10': 0.0, 'NDCG@10': 0.0, 'HR@20': 0.0, 'NDCG@20': 0.0}
2026/08/26 14:08:53 - __main__ - INFO - 1738 - trainer - Target Recommendation Popularity-------------------------------------
2026/08/26 14:08:53 - __main__ - INFO - 1743 - trainer - {'PopularRatio@5': 87.7335, 'PopularRatio@10': 74.6498, 'PopularRatio@20': 56.7996}
2026/08/26 14:08:53 - __main__ - INFO - 1746 - trainer - Best Eval---------------------------------------------------------
2026/08/26 14:08:53 - __main__ - INFO - 1749 - trainer - {'Best_HR@5': 38.4277, 'Best_NDCG@5': 28.1366, 'Best_HR@10': 49.0234, 'Best_NDCG@10': 31.414, 'Best_HR@20': 60.498, 'Best_NDCG@20': 34.4599}
2026/08/26 14:08:53 - __main__ - INFO - 1750 - trainer - {'Best_epoch_HR@5': 21, 'Best_epoch_NDCG@5': 15, 'Best_epoch_HR@10': 20, 'Best_epoch_NDCG@10': 20, 'Best_epoch_HR@20': 16, 'Best_epoch_NDCG@20': 15}
2026/08/26 14:08:53 - __main__ - INFO - 209 - main - Target model saved at: ./saved_model/movie_video/target_model.pth
