2026/08/25 15:16:41 - __main__ - INFO - 93 - main - Namespace(batch_size=512, decay_step=100, description='Diffu_norm_score', device='cuda', diffusion_steps=32, dropout=0.1, emb_dropout=0.3, epochs=100, eval_interval=5, gamma=0.1, group_alignment=1, group_alignment_mode='both', group_context_threshold=0.5, group_pop_weight=1.0, group_tail_weight=1.0, hidden_act='gelu', hidden_size=128, lambda_uncertainty=0.001, log_file='log/', loss_lambda=1, lr=0.001, max_len=8, metric_ks=[5, 10, 20], momentum=None, noise_schedule='trunc_lin', num_blocks=4, num_gpu=1, optimizer='Adam', p=0.3, patience=2, popular_ratio=0.2, random_seed=1997, rescale_timesteps=True, s_dataset='movie', schedule_sampler_name='lossaware', t_dataset='video', target_next_focus_bin='low', target_next_reweight_alpha=0.25, target_next_rule_reweight=1, w=1.0, weight_decay=0)
2026/08/25 15:16:45 - __main__ - INFO - 562 - trainer - Group-aware Alignment Definition------------------------------------
2026/08/25 15:16:45 - __main__ - INFO - 566 - trainer - {'group_alignment': True, 'alignment_mode': 'both', 'context_threshold': 0.5, 'popular_weight': 1.0, 'tail_weight': 1.0, 'source_popular_items': 17856, 'target_popular_items': 4372}
2026/08/25 15:16:45 - __main__ - INFO - 698 - trainer - Group-aware Alignment Batch------------------------------------
2026/08/25 15:16:45 - __main__ - INFO - 703 - trainer - {'Epoch': 0, 'Source Popular-context': 407, 'Source Tail-context': 75, 'Target Popular-context': 379, 'Target Tail-context': 87}
2026/08/25 15:16:50 - __main__ - INFO - 714 - trainer - Epoch: 0
2026/08/25 15:16:50 - __main__ - INFO - 698 - trainer - Group-aware Alignment Batch------------------------------------
2026/08/25 15:16:50 - __main__ - INFO - 703 - trainer - {'Epoch': 1, 'Source Popular-context': 394, 'Source Tail-context': 77, 'Target Popular-context': 372, 'Target Tail-context': 83}
2026/08/25 15:16:54 - __main__ - INFO - 714 - trainer - Epoch: 1
2026/08/25 15:16:54 - __main__ - INFO - 698 - trainer - Group-aware Alignment Batch------------------------------------
2026/08/25 15:16:54 - __main__ - INFO - 703 - trainer - {'Epoch': 2, 'Source Popular-context': 393, 'Source Tail-context': 73, 'Target Popular-context': 387, 'Target Tail-context': 77}
2026/08/25 15:16:59 - __main__ - INFO - 714 - trainer - Epoch: 2
2026/08/25 15:16:59 - __main__ - INFO - 698 - trainer - Group-aware Alignment Batch------------------------------------
2026/08/25 15:16:59 - __main__ - INFO - 703 - trainer - {'Epoch': 3, 'Source Popular-context': 409, 'Source Tail-context': 56, 'Target Popular-context': 342, 'Target Tail-context': 98}
2026/08/25 15:17:03 - __main__ - INFO - 714 - trainer - Epoch: 3
2026/08/25 15:17:03 - __main__ - INFO - 698 - trainer - Group-aware Alignment Batch------------------------------------
2026/08/25 15:17:03 - __main__ - INFO - 703 - trainer - {'Epoch': 4, 'Source Popular-context': 418, 'Source Tail-context': 59, 'Target Popular-context': 370, 'Target Tail-context': 79}
2026/08/25 15:17:08 - __main__ - INFO - 714 - trainer - Epoch: 4
2026/08/25 15:17:08 - __main__ - INFO - 698 - trainer - Group-aware Alignment Batch------------------------------------
2026/08/25 15:17:08 - __main__ - INFO - 703 - trainer - {'Epoch': 5, 'Source Popular-context': 403, 'Source Tail-context': 59, 'Target Popular-context': 368, 'Target Tail-context': 85}
2026/08/25 15:17:12 - __main__ - INFO - 714 - trainer - Epoch: 5
2026/08/25 15:17:12 - __main__ - INFO - 719 - trainer - start predicting: 2026-08-25 15:17:12.731868
2026/08/25 15:17:24 - __main__ - INFO - 756 - trainer - {'Best_HR@5': 38.6621, 'Best_NDCG@5': 29.8305, 'Best_HR@10': 49.1016, 'Best_NDCG@10': 33.2054, 'Best_HR@20': 61.8359, 'Best_NDCG@20': 36.4132}
2026/08/25 15:17:24 - __main__ - INFO - 757 - trainer - {'Best_epoch_HR@5': 5, 'Best_epoch_NDCG@5': 5, 'Best_epoch_HR@10': 5, 'Best_epoch_NDCG@10': 5, 'Best_epoch_HR@20': 5, 'Best_epoch_NDCG@20': 5}
2026/08/25 15:17:24 - __main__ - INFO - 698 - trainer - Group-aware Alignment Batch------------------------------------
2026/08/25 15:17:24 - __main__ - INFO - 703 - trainer - {'Epoch': 6, 'Source Popular-context': 423, 'Source Tail-context': 54, 'Target Popular-context': 362, 'Target Tail-context': 95}
2026/08/25 15:17:29 - __main__ - INFO - 714 - trainer - Epoch: 6
2026/08/25 15:17:29 - __main__ - INFO - 698 - trainer - Group-aware Alignment Batch------------------------------------
2026/08/25 15:17:29 - __main__ - INFO - 703 - trainer - {'Epoch': 7, 'Source Popular-context': 421, 'Source Tail-context': 63, 'Target Popular-context': 375, 'Target Tail-context': 85}
2026/08/25 15:17:33 - __main__ - INFO - 714 - trainer - Epoch: 7
2026/08/25 15:17:33 - __main__ - INFO - 698 - trainer - Group-aware Alignment Batch------------------------------------
2026/08/25 15:17:33 - __main__ - INFO - 703 - trainer - {'Epoch': 8, 'Source Popular-context': 421, 'Source Tail-context': 59, 'Target Popular-context': 368, 'Target Tail-context': 94}
2026/08/25 15:17:37 - __main__ - INFO - 714 - trainer - Epoch: 8
2026/08/25 15:17:37 - __main__ - INFO - 698 - trainer - Group-aware Alignment Batch------------------------------------
2026/08/25 15:17:37 - __main__ - INFO - 703 - trainer - {'Epoch': 9, 'Source Popular-context': 402, 'Source Tail-context': 78, 'Target Popular-context': 378, 'Target Tail-context': 85}
2026/08/25 15:17:41 - __main__ - INFO - 714 - trainer - Epoch: 9
2026/08/25 15:17:41 - __main__ - INFO - 698 - trainer - Group-aware Alignment Batch------------------------------------
2026/08/25 15:17:41 - __main__ - INFO - 703 - trainer - {'Epoch': 10, 'Source Popular-context': 428, 'Source Tail-context': 46, 'Target Popular-context': 374, 'Target Tail-context': 78}
2026/08/25 15:17:45 - __main__ - INFO - 714 - trainer - Epoch: 10
2026/08/25 15:17:45 - __main__ - INFO - 719 - trainer - start predicting: 2026-08-25 15:17:45.703914
2026/08/25 15:17:57 - __main__ - INFO - 756 - trainer - {'Best_HR@5': 48.2227, 'Best_NDCG@5': 36.8793, 'Best_HR@10': 58.877, 'Best_NDCG@10': 40.3294, 'Best_HR@20': 69.4629, 'Best_NDCG@20': 43.0071}
2026/08/25 15:17:57 - __main__ - INFO - 757 - trainer - {'Best_epoch_HR@5': 10, 'Best_epoch_NDCG@5': 10, 'Best_epoch_HR@10': 10, 'Best_epoch_NDCG@10': 10, 'Best_epoch_HR@20': 10, 'Best_epoch_NDCG@20': 10}
2026/08/25 15:17:57 - __main__ - INFO - 698 - trainer - Group-aware Alignment Batch------------------------------------
2026/08/25 15:17:57 - __main__ - INFO - 703 - trainer - {'Epoch': 11, 'Source Popular-context': 413, 'Source Tail-context': 60, 'Target Popular-context': 381, 'Target Tail-context': 85}
2026/08/25 15:18:02 - __main__ - INFO - 714 - trainer - Epoch: 11
2026/08/25 15:18:02 - __main__ - INFO - 698 - trainer - Group-aware Alignment Batch------------------------------------
2026/08/25 15:18:02 - __main__ - INFO - 703 - trainer - {'Epoch': 12, 'Source Popular-context': 424, 'Source Tail-context': 60, 'Target Popular-context': 372, 'Target Tail-context': 80}
2026/08/25 15:18:06 - __main__ - INFO - 714 - trainer - Epoch: 12
2026/08/25 15:18:06 - __main__ - INFO - 698 - trainer - Group-aware Alignment Batch------------------------------------
2026/08/25 15:18:06 - __main__ - INFO - 703 - trainer - {'Epoch': 13, 'Source Popular-context': 411, 'Source Tail-context': 73, 'Target Popular-context': 382, 'Target Tail-context': 79}
2026/08/25 15:18:11 - __main__ - INFO - 714 - trainer - Epoch: 13
2026/08/25 15:18:11 - __main__ - INFO - 698 - trainer - Group-aware Alignment Batch------------------------------------
2026/08/25 15:18:11 - __main__ - INFO - 703 - trainer - {'Epoch': 14, 'Source Popular-context': 423, 'Source Tail-context': 65, 'Target Popular-context': 379, 'Target Tail-context': 94}
2026/08/25 15:18:15 - __main__ - INFO - 714 - trainer - Epoch: 14
2026/08/25 15:18:15 - __main__ - INFO - 698 - trainer - Group-aware Alignment Batch------------------------------------
2026/08/25 15:18:15 - __main__ - INFO - 703 - trainer - {'Epoch': 15, 'Source Popular-context': 422, 'Source Tail-context': 58, 'Target Popular-context': 373, 'Target Tail-context': 98}
2026/08/25 15:18:20 - __main__ - INFO - 714 - trainer - Epoch: 15
2026/08/25 15:18:20 - __main__ - INFO - 719 - trainer - start predicting: 2026-08-25 15:18:20.079573
2026/08/25 15:18:31 - __main__ - INFO - 756 - trainer - {'Best_HR@5': 49.1797, 'Best_NDCG@5': 37.4333, 'Best_HR@10': 60.3223, 'Best_NDCG@10': 41.0498, 'Best_HR@20': 70.4297, 'Best_NDCG@20': 43.6145}
2026/08/25 15:18:31 - __main__ - INFO - 757 - trainer - {'Best_epoch_HR@5': 15, 'Best_epoch_NDCG@5': 15, 'Best_epoch_HR@10': 15, 'Best_epoch_NDCG@10': 15, 'Best_epoch_HR@20': 15, 'Best_epoch_NDCG@20': 15}
2026/08/25 15:18:32 - __main__ - INFO - 698 - trainer - Group-aware Alignment Batch------------------------------------
2026/08/25 15:18:32 - __main__ - INFO - 703 - trainer - {'Epoch': 16, 'Source Popular-context': 403, 'Source Tail-context': 65, 'Target Popular-context': 374, 'Target Tail-context': 89}
2026/08/25 15:18:36 - __main__ - INFO - 714 - trainer - Epoch: 16
2026/08/25 15:18:36 - __main__ - INFO - 698 - trainer - Group-aware Alignment Batch------------------------------------
2026/08/25 15:18:36 - __main__ - INFO - 703 - trainer - {'Epoch': 17, 'Source Popular-context': 423, 'Source Tail-context': 52, 'Target Popular-context': 355, 'Target Tail-context': 109}
2026/08/25 15:18:41 - __main__ - INFO - 714 - trainer - Epoch: 17
2026/08/25 15:18:41 - __main__ - INFO - 698 - trainer - Group-aware Alignment Batch------------------------------------
2026/08/25 15:18:41 - __main__ - INFO - 703 - trainer - {'Epoch': 18, 'Source Popular-context': 413, 'Source Tail-context': 63, 'Target Popular-context': 386, 'Target Tail-context': 85}
2026/08/25 15:18:45 - __main__ - INFO - 714 - trainer - Epoch: 18
2026/08/25 15:18:45 - __main__ - INFO - 698 - trainer - Group-aware Alignment Batch------------------------------------
2026/08/25 15:18:45 - __main__ - INFO - 703 - trainer - {'Epoch': 19, 'Source Popular-context': 402, 'Source Tail-context': 63, 'Target Popular-context': 367, 'Target Tail-context': 94}
2026/08/25 15:18:50 - __main__ - INFO - 714 - trainer - Epoch: 19
2026/08/25 15:18:50 - __main__ - INFO - 698 - trainer - Group-aware Alignment Batch------------------------------------
2026/08/25 15:18:50 - __main__ - INFO - 703 - trainer - {'Epoch': 20, 'Source Popular-context': 409, 'Source Tail-context': 62, 'Target Popular-context': 373, 'Target Tail-context': 82}
2026/08/25 15:18:54 - __main__ - INFO - 714 - trainer - Epoch: 20
2026/08/25 15:18:54 - __main__ - INFO - 719 - trainer - start predicting: 2026-08-25 15:18:54.735158
2026/08/25 15:19:06 - __main__ - INFO - 698 - trainer - Group-aware Alignment Batch------------------------------------
2026/08/25 15:19:06 - __main__ - INFO - 703 - trainer - {'Epoch': 21, 'Source Popular-context': 404, 'Source Tail-context': 63, 'Target Popular-context': 372, 'Target Tail-context': 83}
2026/08/25 15:19:10 - __main__ - INFO - 714 - trainer - Epoch: 21
2026/08/25 15:19:10 - __main__ - INFO - 698 - trainer - Group-aware Alignment Batch------------------------------------
2026/08/25 15:19:10 - __main__ - INFO - 703 - trainer - {'Epoch': 22, 'Source Popular-context': 416, 'Source Tail-context': 59, 'Target Popular-context': 370, 'Target Tail-context': 78}
2026/08/25 15:19:15 - __main__ - INFO - 714 - trainer - Epoch: 22
2026/08/25 15:19:15 - __main__ - INFO - 698 - trainer - Group-aware Alignment Batch------------------------------------
2026/08/25 15:19:15 - __main__ - INFO - 703 - trainer - {'Epoch': 23, 'Source Popular-context': 404, 'Source Tail-context': 69, 'Target Popular-context': 385, 'Target Tail-context': 81}
2026/08/25 15:19:19 - __main__ - INFO - 714 - trainer - Epoch: 23
2026/08/25 15:19:19 - __main__ - INFO - 698 - trainer - Group-aware Alignment Batch------------------------------------
2026/08/25 15:19:19 - __main__ - INFO - 703 - trainer - {'Epoch': 24, 'Source Popular-context': 400, 'Source Tail-context': 74, 'Target Popular-context': 373, 'Target Tail-context': 90}
2026/08/25 15:19:24 - __main__ - INFO - 714 - trainer - Epoch: 24
2026/08/25 15:19:24 - __main__ - INFO - 698 - trainer - Group-aware Alignment Batch------------------------------------
2026/08/25 15:19:24 - __main__ - INFO - 703 - trainer - {'Epoch': 25, 'Source Popular-context': 415, 'Source Tail-context': 50, 'Target Popular-context': 382, 'Target Tail-context': 81}
2026/08/25 15:19:28 - __main__ - INFO - 714 - trainer - Epoch: 25
2026/08/25 15:19:28 - __main__ - INFO - 719 - trainer - start predicting: 2026-08-25 15:19:28.615301
2026/08/25 15:19:40 - __main__ - INFO - 766 - trainer - {'Best_HR@5': 49.1797, 'Best_NDCG@5': 37.4333, 'Best_HR@10': 60.3223, 'Best_NDCG@10': 41.0498, 'Best_HR@20': 70.4297, 'Best_NDCG@20': 43.6145}
2026/08/25 15:19:40 - __main__ - INFO - 767 - trainer - {'Best_epoch_HR@5': 15, 'Best_epoch_NDCG@5': 15, 'Best_epoch_HR@10': 15, 'Best_epoch_NDCG@10': 15, 'Best_epoch_HR@20': 15, 'Best_epoch_NDCG@20': 15}
2026/08/25 15:19:40 - __main__ - INFO - 873 - trainer - Source Popularity Definition---------------------------------------------
2026/08/25 15:19:40 - __main__ - INFO - 878 - trainer - {'domain': 'Source', 'popular_ratio': 0.2, 'observed_train_items': 89276, 'popular_items': 17856, 'unpopular_seen_items': 71420, 'unseen_items_in_test': 'calculated from test ground truth'}
2026/08/25 15:19:47 - __main__ - INFO - 1154 - trainer - %s Test Overall------------------------------------------------------
2026/08/25 15:19:47 - __main__ - INFO - 1158 - trainer - {'HR@5': 49.8753, 'NDCG@5': 38.1821, 'HR@10': 60.4107, 'NDCG@10': 41.608, 'HR@20': 70.1785, 'NDCG@20': 44.0883}
2026/08/25 15:19:47 - __main__ - INFO - 1249 - trainer - Source Test Group Size----------------------------------------------
2026/08/25 15:19:47 - __main__ - INFO - 1254 - trainer - {'domain': 'Source', 'Overall_test_samples': 10422, 'Popular_test_samples': 7854, 'Unpopular_seen_test_samples': 1824, 'Unseen_test_samples': 744, 'Grouped_test_samples': 10422}
2026/08/25 15:19:47 - __main__ - INFO - 1256 - trainer - Source Test Popular Ground Truth-------------------------------------
2026/08/25 15:19:47 - __main__ - INFO - 1261 - trainer - {'HR@5': 65.4826, 'NDCG@5': 50.336, 'HR@10': 78.2022, 'NDCG@10': 54.4832, 'HR@20': 87.9297, 'NDCG@20': 56.9665}
2026/08/25 15:19:47 - __main__ - INFO - 1263 - trainer - Source Test Unpopular-Seen Ground Truth------------------------------
2026/08/25 15:19:47 - __main__ - INFO - 1268 - trainer - {'HR@5': 3.0154, 'NDCG@5': 1.4225, 'HR@10': 8.443, 'NDCG@10': 3.1399, 'HR@20': 22.3684, 'NDCG@20': 6.6193}
2026/08/25 15:19:47 - __main__ - INFO - 1272 - trainer - Source Test Unseen Ground Truth--------------------------------------
2026/08/25 15:19:47 - __main__ - INFO - 1277 - trainer - {'HR@5': 0.0, 'NDCG@5': 0.0, 'HR@10': 0.0, 'NDCG@10': 0.0, 'HR@20': 0.0, 'NDCG@20': 0.0}
2026/08/25 15:19:47 - __main__ - INFO - 1279 - trainer - Source Recommendation Popularity-------------------------------------
2026/08/25 15:19:47 - __main__ - INFO - 1284 - trainer - {'PopularRatio@5': 93.5483, 'PopularRatio@10': 82.1061, 'PopularRatio@20': 61.7319}
2026/08/25 15:19:47 - __main__ - INFO - 1287 - trainer - Best Eval---------------------------------------------------------
2026/08/25 15:19:47 - __main__ - INFO - 1290 - trainer - {'Best_HR@5': 49.1797, 'Best_NDCG@5': 37.4333, 'Best_HR@10': 60.3223, 'Best_NDCG@10': 41.0498, 'Best_HR@20': 70.4297, 'Best_NDCG@20': 43.6145}
2026/08/25 15:19:47 - __main__ - INFO - 1291 - trainer - {'Best_epoch_HR@5': 15, 'Best_epoch_NDCG@5': 15, 'Best_epoch_HR@10': 15, 'Best_epoch_NDCG@10': 15, 'Best_epoch_HR@20': 15, 'Best_epoch_NDCG@20': 15}
2026/08/25 15:19:47 - __main__ - INFO - 505 - trainer - D1 Sample-wise Target Next Regulation
2026/08/25 15:19:47 - __main__ - INFO - 508 - trainer - {'D1': 'Sample-wise Target Next Regulation', 'Popular Next Action': 'Normal', 'Unpopular Next Action': 'Reweight', 'Popular Next Samples': 11526, 'Unpopular Next Samples': 4912, 'Alpha': 0.25, 'Mean Unpopular Raw Weight': 1.0625}
2026/08/25 15:19:48 - __main__ - INFO - 714 - trainer - Epoch: 0
2026/08/25 15:19:48 - __main__ - INFO - 714 - trainer - Epoch: 1
2026/08/25 15:19:48 - __main__ - INFO - 719 - trainer - start predicting: 2026-08-25 15:19:48.658342
2026/08/25 15:19:50 - __main__ - INFO - 756 - trainer - {'Best_HR@5': 7.5684, 'Best_NDCG@5': 4.1282, 'Best_HR@10': 14.6484, 'Best_NDCG@10': 6.3806, 'Best_HR@20': 30.5176, 'Best_NDCG@20': 10.338}
2026/08/25 15:19:50 - __main__ - INFO - 757 - trainer - {'Best_epoch_HR@5': 1, 'Best_epoch_NDCG@5': 1, 'Best_epoch_HR@10': 1, 'Best_epoch_NDCG@10': 1, 'Best_epoch_HR@20': 1, 'Best_epoch_NDCG@20': 1}
2026/08/25 15:19:50 - __main__ - INFO - 714 - trainer - Epoch: 2
2026/08/25 15:19:50 - __main__ - INFO - 719 - trainer - start predicting: 2026-08-25 15:19:50.740137
2026/08/25 15:19:52 - __main__ - INFO - 756 - trainer - {'Best_HR@5': 13.1348, 'Best_NDCG@5': 8.1517, 'Best_HR@10': 22.6562, 'Best_NDCG@10': 11.1757, 'Best_HR@20': 37.8906, 'Best_NDCG@20': 14.9943}
2026/08/25 15:19:52 - __main__ - INFO - 757 - trainer - {'Best_epoch_HR@5': 2, 'Best_epoch_NDCG@5': 2, 'Best_epoch_HR@10': 2, 'Best_epoch_NDCG@10': 2, 'Best_epoch_HR@20': 2, 'Best_epoch_NDCG@20': 2}
2026/08/25 15:19:52 - __main__ - INFO - 714 - trainer - Epoch: 3
2026/08/25 15:19:52 - __main__ - INFO - 719 - trainer - start predicting: 2026-08-25 15:19:52.850208
2026/08/25 15:19:54 - __main__ - INFO - 756 - trainer - {'Best_HR@5': 18.2617, 'Best_NDCG@5': 11.9386, 'Best_HR@10': 29.0527, 'Best_NDCG@10': 15.4104, 'Best_HR@20': 45.7031, 'Best_NDCG@20': 19.6118}
2026/08/25 15:19:54 - __main__ - INFO - 757 - trainer - {'Best_epoch_HR@5': 3, 'Best_epoch_NDCG@5': 3, 'Best_epoch_HR@10': 3, 'Best_epoch_NDCG@10': 3, 'Best_epoch_HR@20': 3, 'Best_epoch_NDCG@20': 3}
2026/08/25 15:19:54 - __main__ - INFO - 714 - trainer - Epoch: 4
2026/08/25 15:19:54 - __main__ - INFO - 719 - trainer - start predicting: 2026-08-25 15:19:54.978602
2026/08/25 15:19:56 - __main__ - INFO - 756 - trainer - {'Best_HR@5': 23.3887, 'Best_NDCG@5': 15.6841, 'Best_HR@10': 35.1074, 'Best_NDCG@10': 19.4377, 'Best_HR@20': 49.9023, 'Best_NDCG@20': 23.1726}
2026/08/25 15:19:56 - __main__ - INFO - 757 - trainer - {'Best_epoch_HR@5': 4, 'Best_epoch_NDCG@5': 4, 'Best_epoch_HR@10': 4, 'Best_epoch_NDCG@10': 4, 'Best_epoch_HR@20': 4, 'Best_epoch_NDCG@20': 4}
2026/08/25 15:19:57 - __main__ - INFO - 714 - trainer - Epoch: 5
2026/08/25 15:19:57 - __main__ - INFO - 719 - trainer - start predicting: 2026-08-25 15:19:57.118358
2026/08/25 15:19:58 - __main__ - INFO - 756 - trainer - {'Best_HR@5': 25.9277, 'Best_NDCG@5': 17.8515, 'Best_HR@10': 37.9395, 'Best_NDCG@10': 21.7256, 'Best_HR@20': 53.1738, 'Best_NDCG@20': 25.5468}
2026/08/25 15:19:58 - __main__ - INFO - 757 - trainer - {'Best_epoch_HR@5': 5, 'Best_epoch_NDCG@5': 5, 'Best_epoch_HR@10': 5, 'Best_epoch_NDCG@10': 5, 'Best_epoch_HR@20': 5, 'Best_epoch_NDCG@20': 5}
2026/08/25 15:19:59 - __main__ - INFO - 714 - trainer - Epoch: 6
2026/08/25 15:19:59 - __main__ - INFO - 719 - trainer - start predicting: 2026-08-25 15:19:59.207176
2026/08/25 15:20:00 - __main__ - INFO - 756 - trainer - {'Best_HR@5': 29.3457, 'Best_NDCG@5': 20.7538, 'Best_HR@10': 40.4297, 'Best_NDCG@10': 24.3278, 'Best_HR@20': 55.3223, 'Best_NDCG@20': 28.0682}
2026/08/25 15:20:00 - __main__ - INFO - 757 - trainer - {'Best_epoch_HR@5': 6, 'Best_epoch_NDCG@5': 6, 'Best_epoch_HR@10': 6, 'Best_epoch_NDCG@10': 6, 'Best_epoch_HR@20': 6, 'Best_epoch_NDCG@20': 6}
2026/08/25 15:20:01 - __main__ - INFO - 714 - trainer - Epoch: 7
2026/08/25 15:20:01 - __main__ - INFO - 719 - trainer - start predicting: 2026-08-25 15:20:01.323561
2026/08/25 15:20:02 - __main__ - INFO - 756 - trainer - {'Best_HR@5': 32.0801, 'Best_NDCG@5': 22.8466, 'Best_HR@10': 41.7969, 'Best_NDCG@10': 25.9835, 'Best_HR@20': 56.1035, 'Best_NDCG@20': 29.5643}
2026/08/25 15:20:02 - __main__ - INFO - 757 - trainer - {'Best_epoch_HR@5': 7, 'Best_epoch_NDCG@5': 7, 'Best_epoch_HR@10': 7, 'Best_epoch_NDCG@10': 7, 'Best_epoch_HR@20': 7, 'Best_epoch_NDCG@20': 7}
2026/08/25 15:20:03 - __main__ - INFO - 714 - trainer - Epoch: 8
2026/08/25 15:20:03 - __main__ - INFO - 719 - trainer - start predicting: 2026-08-25 15:20:03.410589
2026/08/25 15:20:04 - __main__ - INFO - 756 - trainer - {'Best_HR@5': 32.9102, 'Best_NDCG@5': 24.728, 'Best_HR@10': 43.1641, 'Best_NDCG@10': 28.031, 'Best_HR@20': 57.2754, 'Best_NDCG@20': 31.5904}
2026/08/25 15:20:04 - __main__ - INFO - 757 - trainer - {'Best_epoch_HR@5': 8, 'Best_epoch_NDCG@5': 8, 'Best_epoch_HR@10': 8, 'Best_epoch_NDCG@10': 8, 'Best_epoch_HR@20': 8, 'Best_epoch_NDCG@20': 8}
2026/08/25 15:20:05 - __main__ - INFO - 714 - trainer - Epoch: 9
2026/08/25 15:20:05 - __main__ - INFO - 719 - trainer - start predicting: 2026-08-25 15:20:05.524059
2026/08/25 15:20:07 - __main__ - INFO - 756 - trainer - {'Best_HR@5': 34.3262, 'Best_NDCG@5': 25.5573, 'Best_HR@10': 43.7988, 'Best_NDCG@10': 28.6449, 'Best_HR@20': 57.6172, 'Best_NDCG@20': 32.1401}
2026/08/25 15:20:07 - __main__ - INFO - 757 - trainer - {'Best_epoch_HR@5': 9, 'Best_epoch_NDCG@5': 9, 'Best_epoch_HR@10': 9, 'Best_epoch_NDCG@10': 9, 'Best_epoch_HR@20': 9, 'Best_epoch_NDCG@20': 9}
2026/08/25 15:20:07 - __main__ - INFO - 714 - trainer - Epoch: 10
2026/08/25 15:20:07 - __main__ - INFO - 719 - trainer - start predicting: 2026-08-25 15:20:07.676256
2026/08/25 15:20:09 - __main__ - INFO - 756 - trainer - {'Best_HR@5': 35.3027, 'Best_NDCG@5': 26.5456, 'Best_HR@10': 45.4102, 'Best_NDCG@10': 29.7773, 'Best_HR@20': 58.252, 'Best_NDCG@20': 33.0107}
2026/08/25 15:20:09 - __main__ - INFO - 757 - trainer - {'Best_epoch_HR@5': 10, 'Best_epoch_NDCG@5': 10, 'Best_epoch_HR@10': 10, 'Best_epoch_NDCG@10': 10, 'Best_epoch_HR@20': 10, 'Best_epoch_NDCG@20': 10}
2026/08/25 15:20:09 - __main__ - INFO - 714 - trainer - Epoch: 11
2026/08/25 15:20:09 - __main__ - INFO - 719 - trainer - start predicting: 2026-08-25 15:20:09.823385
2026/08/25 15:20:11 - __main__ - INFO - 756 - trainer - {'Best_HR@5': 36.084, 'Best_NDCG@5': 26.9209, 'Best_HR@10': 46.1426, 'Best_NDCG@10': 30.1654, 'Best_HR@20': 59.8145, 'Best_NDCG@20': 33.6069}
2026/08/25 15:20:11 - __main__ - INFO - 757 - trainer - {'Best_epoch_HR@5': 11, 'Best_epoch_NDCG@5': 11, 'Best_epoch_HR@10': 11, 'Best_epoch_NDCG@10': 11, 'Best_epoch_HR@20': 11, 'Best_epoch_NDCG@20': 11}
2026/08/25 15:20:11 - __main__ - INFO - 714 - trainer - Epoch: 12
2026/08/25 15:20:11 - __main__ - INFO - 719 - trainer - start predicting: 2026-08-25 15:20:11.978312
2026/08/25 15:20:13 - __main__ - INFO - 756 - trainer - {'Best_HR@5': 36.2305, 'Best_NDCG@5': 26.9209, 'Best_HR@10': 47.3145, 'Best_NDCG@10': 30.3255, 'Best_HR@20': 59.8145, 'Best_NDCG@20': 33.6069}
2026/08/25 15:20:13 - __main__ - INFO - 757 - trainer - {'Best_epoch_HR@5': 12, 'Best_epoch_NDCG@5': 11, 'Best_epoch_HR@10': 12, 'Best_epoch_NDCG@10': 12, 'Best_epoch_HR@20': 11, 'Best_epoch_NDCG@20': 11}
2026/08/25 15:20:14 - __main__ - INFO - 714 - trainer - Epoch: 13
2026/08/25 15:20:14 - __main__ - INFO - 719 - trainer - start predicting: 2026-08-25 15:20:14.131865
2026/08/25 15:20:15 - __main__ - INFO - 756 - trainer - {'Best_HR@5': 37.0605, 'Best_NDCG@5': 27.3117, 'Best_HR@10': 47.3145, 'Best_NDCG@10': 30.5899, 'Best_HR@20': 59.8145, 'Best_NDCG@20': 33.6258}
2026/08/25 15:20:15 - __main__ - INFO - 757 - trainer - {'Best_epoch_HR@5': 13, 'Best_epoch_NDCG@5': 13, 'Best_epoch_HR@10': 12, 'Best_epoch_NDCG@10': 13, 'Best_epoch_HR@20': 11, 'Best_epoch_NDCG@20': 13}
2026/08/25 15:20:16 - __main__ - INFO - 714 - trainer - Epoch: 14
2026/08/25 15:20:16 - __main__ - INFO - 719 - trainer - start predicting: 2026-08-25 15:20:16.273497
2026/08/25 15:20:17 - __main__ - INFO - 756 - trainer - {'Best_HR@5': 37.5977, 'Best_NDCG@5': 27.6121, 'Best_HR@10': 47.3145, 'Best_NDCG@10': 30.7181, 'Best_HR@20': 60.0098, 'Best_NDCG@20': 33.923}
2026/08/25 15:20:17 - __main__ - INFO - 757 - trainer - {'Best_epoch_HR@5': 14, 'Best_epoch_NDCG@5': 14, 'Best_epoch_HR@10': 12, 'Best_epoch_NDCG@10': 14, 'Best_epoch_HR@20': 14, 'Best_epoch_NDCG@20': 14}
2026/08/25 15:20:18 - __main__ - INFO - 714 - trainer - Epoch: 15
2026/08/25 15:20:18 - __main__ - INFO - 719 - trainer - start predicting: 2026-08-25 15:20:18.438311
2026/08/25 15:20:20 - __main__ - INFO - 756 - trainer - {'Best_HR@5': 37.5977, 'Best_NDCG@5': 27.6768, 'Best_HR@10': 47.5586, 'Best_NDCG@10': 30.9305, 'Best_HR@20': 60.1562, 'Best_NDCG@20': 34.1024}
2026/08/25 15:20:20 - __main__ - INFO - 757 - trainer - {'Best_epoch_HR@5': 14, 'Best_epoch_NDCG@5': 15, 'Best_epoch_HR@10': 15, 'Best_epoch_NDCG@10': 15, 'Best_epoch_HR@20': 15, 'Best_epoch_NDCG@20': 15}
2026/08/25 15:20:20 - __main__ - INFO - 714 - trainer - Epoch: 16
2026/08/25 15:20:20 - __main__ - INFO - 719 - trainer - start predicting: 2026-08-25 15:20:20.654627
2026/08/25 15:20:22 - __main__ - INFO - 756 - trainer - {'Best_HR@5': 37.5977, 'Best_NDCG@5': 27.7472, 'Best_HR@10': 47.6074, 'Best_NDCG@10': 31.0211, 'Best_HR@20': 60.3027, 'Best_NDCG@20': 34.2308}
2026/08/25 15:20:22 - __main__ - INFO - 757 - trainer - {'Best_epoch_HR@5': 14, 'Best_epoch_NDCG@5': 16, 'Best_epoch_HR@10': 16, 'Best_epoch_NDCG@10': 16, 'Best_epoch_HR@20': 16, 'Best_epoch_NDCG@20': 16}
2026/08/25 15:20:22 - __main__ - INFO - 714 - trainer - Epoch: 17
2026/08/25 15:20:22 - __main__ - INFO - 719 - trainer - start predicting: 2026-08-25 15:20:22.885585
2026/08/25 15:20:24 - __main__ - INFO - 756 - trainer - {'Best_HR@5': 37.5977, 'Best_NDCG@5': 27.7472, 'Best_HR@10': 47.7539, 'Best_NDCG@10': 31.0211, 'Best_HR@20': 60.3027, 'Best_NDCG@20': 34.2308}
2026/08/25 15:20:24 - __main__ - INFO - 757 - trainer - {'Best_epoch_HR@5': 14, 'Best_epoch_NDCG@5': 16, 'Best_epoch_HR@10': 17, 'Best_epoch_NDCG@10': 16, 'Best_epoch_HR@20': 16, 'Best_epoch_NDCG@20': 16}
2026/08/25 15:20:25 - __main__ - INFO - 714 - trainer - Epoch: 18
2026/08/25 15:20:25 - __main__ - INFO - 719 - trainer - start predicting: 2026-08-25 15:20:25.006819
2026/08/25 15:20:26 - __main__ - INFO - 756 - trainer - {'Best_HR@5': 38.0859, 'Best_NDCG@5': 27.8364, 'Best_HR@10': 47.9004, 'Best_NDCG@10': 31.0211, 'Best_HR@20': 60.3027, 'Best_NDCG@20': 34.2308}
2026/08/25 15:20:26 - __main__ - INFO - 757 - trainer - {'Best_epoch_HR@5': 18, 'Best_epoch_NDCG@5': 18, 'Best_epoch_HR@10': 18, 'Best_epoch_NDCG@10': 16, 'Best_epoch_HR@20': 16, 'Best_epoch_NDCG@20': 16}
2026/08/25 15:20:27 - __main__ - INFO - 714 - trainer - Epoch: 19
2026/08/25 15:20:27 - __main__ - INFO - 719 - trainer - start predicting: 2026-08-25 15:20:27.112184
2026/08/25 15:20:28 - __main__ - INFO - 756 - trainer - {'Best_HR@5': 38.0859, 'Best_NDCG@5': 27.8364, 'Best_HR@10': 47.9004, 'Best_NDCG@10': 31.0862, 'Best_HR@20': 60.3027, 'Best_NDCG@20': 34.2308}
2026/08/25 15:20:28 - __main__ - INFO - 757 - trainer - {'Best_epoch_HR@5': 18, 'Best_epoch_NDCG@5': 18, 'Best_epoch_HR@10': 18, 'Best_epoch_NDCG@10': 19, 'Best_epoch_HR@20': 16, 'Best_epoch_NDCG@20': 16}
2026/08/25 15:20:29 - __main__ - INFO - 714 - trainer - Epoch: 20
2026/08/25 15:20:29 - __main__ - INFO - 719 - trainer - start predicting: 2026-08-25 15:20:29.194407
2026/08/25 15:20:30 - __main__ - INFO - 756 - trainer - {'Best_HR@5': 38.0859, 'Best_NDCG@5': 27.8364, 'Best_HR@10': 48.3887, 'Best_NDCG@10': 31.1489, 'Best_HR@20': 60.5469, 'Best_NDCG@20': 34.2308}
2026/08/25 15:20:30 - __main__ - INFO - 757 - trainer - {'Best_epoch_HR@5': 18, 'Best_epoch_NDCG@5': 18, 'Best_epoch_HR@10': 20, 'Best_epoch_NDCG@10': 20, 'Best_epoch_HR@20': 20, 'Best_epoch_NDCG@20': 16}
2026/08/25 15:20:31 - __main__ - INFO - 714 - trainer - Epoch: 21
2026/08/25 15:20:31 - __main__ - INFO - 719 - trainer - start predicting: 2026-08-25 15:20:31.335170
2026/08/25 15:20:32 - __main__ - INFO - 756 - trainer - {'Best_HR@5': 38.623, 'Best_NDCG@5': 27.944, 'Best_HR@10': 48.3887, 'Best_NDCG@10': 31.1489, 'Best_HR@20': 60.5957, 'Best_NDCG@20': 34.2308}
2026/08/25 15:20:32 - __main__ - INFO - 757 - trainer - {'Best_epoch_HR@5': 21, 'Best_epoch_NDCG@5': 21, 'Best_epoch_HR@10': 20, 'Best_epoch_NDCG@10': 20, 'Best_epoch_HR@20': 21, 'Best_epoch_NDCG@20': 16}
2026/08/25 15:20:33 - __main__ - INFO - 714 - trainer - Epoch: 22
2026/08/25 15:20:33 - __main__ - INFO - 719 - trainer - start predicting: 2026-08-25 15:20:33.491384
2026/08/25 15:20:35 - __main__ - INFO - 714 - trainer - Epoch: 23
2026/08/25 15:20:35 - __main__ - INFO - 719 - trainer - start predicting: 2026-08-25 15:20:35.648231
2026/08/25 15:20:37 - __main__ - INFO - 714 - trainer - Epoch: 24
2026/08/25 15:20:37 - __main__ - INFO - 719 - trainer - start predicting: 2026-08-25 15:20:37.736410
2026/08/25 15:20:39 - __main__ - INFO - 714 - trainer - Epoch: 25
2026/08/25 15:20:39 - __main__ - INFO - 719 - trainer - start predicting: 2026-08-25 15:20:39.822038
2026/08/25 15:20:41 - __main__ - INFO - 714 - trainer - Epoch: 26
2026/08/25 15:20:41 - __main__ - INFO - 719 - trainer - start predicting: 2026-08-25 15:20:41.946384
2026/08/25 15:20:43 - __main__ - INFO - 766 - trainer - {'Best_HR@5': 38.623, 'Best_NDCG@5': 27.944, 'Best_HR@10': 48.3887, 'Best_NDCG@10': 31.1489, 'Best_HR@20': 60.5957, 'Best_NDCG@20': 34.2308}
2026/08/25 15:20:43 - __main__ - INFO - 767 - trainer - {'Best_epoch_HR@5': 21, 'Best_epoch_NDCG@5': 21, 'Best_epoch_HR@10': 20, 'Best_epoch_NDCG@10': 20, 'Best_epoch_HR@20': 21, 'Best_epoch_NDCG@20': 16}
2026/08/25 15:20:43 - __main__ - INFO - 873 - trainer - Target Popularity Definition---------------------------------------------
2026/08/25 15:20:43 - __main__ - INFO - 878 - trainer - {'domain': 'Target', 'popular_ratio': 0.2, 'observed_train_items': 21856, 'popular_items': 4372, 'unpopular_seen_items': 17484, 'unseen_items_in_test': 'calculated from test ground truth'}
2026/08/25 15:20:45 - __main__ - INFO - 1154 - trainer - %s Test Overall------------------------------------------------------
2026/08/25 15:20:45 - __main__ - INFO - 1158 - trainer - {'HR@5': 37.9377, 'NDCG@5': 27.7119, 'HR@10': 49.465, 'NDCG@10': 31.4637, 'HR@20': 61.7218, 'NDCG@20': 34.5548}
2026/08/25 15:20:45 - __main__ - INFO - 1249 - trainer - Target Test Group Size----------------------------------------------
2026/08/25 15:20:45 - __main__ - INFO - 1254 - trainer - {'domain': 'Target', 'Overall_test_samples': 2056, 'Popular_test_samples': 1372, 'Unpopular_seen_test_samples': 505, 'Unseen_test_samples': 179, 'Grouped_test_samples': 2056}
2026/08/25 15:20:45 - __main__ - INFO - 1256 - trainer - Target Test Popular Ground Truth-------------------------------------
2026/08/25 15:20:45 - __main__ - INFO - 1261 - trainer - {'HR@5': 55.5394, 'NDCG@5': 40.9569, 'HR@10': 70.1895, 'NDCG@10': 45.7466, 'HR@20': 83.3819, 'NDCG@20': 49.079}
2026/08/25 15:20:45 - __main__ - INFO - 1263 - trainer - Target Test Unpopular-Seen Ground Truth------------------------------
2026/08/25 15:20:45 - __main__ - INFO - 1268 - trainer - {'HR@5': 3.5644, 'NDCG@5': 1.55, 'HR@10': 10.6931, 'NDCG@10': 3.8122, 'HR@20': 24.7525, 'NDCG@20': 7.3429}
2026/08/25 15:20:45 - __main__ - INFO - 1272 - trainer - Target Test Unseen Ground Truth--------------------------------------
2026/08/25 15:20:45 - __main__ - INFO - 1277 - trainer - {'HR@5': 0.0, 'NDCG@5': 0.0, 'HR@10': 0.0, 'NDCG@10': 0.0, 'HR@20': 0.0, 'NDCG@20': 0.0}
2026/08/25 15:20:45 - __main__ - INFO - 1279 - trainer - Target Recommendation Popularity-------------------------------------
2026/08/25 15:20:45 - __main__ - INFO - 1284 - trainer - {'PopularRatio@5': 85.963, 'PopularRatio@10': 72.2617, 'PopularRatio@20': 55.9703}
2026/08/25 15:20:45 - __main__ - INFO - 1287 - trainer - Best Eval---------------------------------------------------------
2026/08/25 15:20:45 - __main__ - INFO - 1290 - trainer - {'Best_HR@5': 38.623, 'Best_NDCG@5': 27.944, 'Best_HR@10': 48.3887, 'Best_NDCG@10': 31.1489, 'Best_HR@20': 60.5957, 'Best_NDCG@20': 34.2308}
2026/08/25 15:20:45 - __main__ - INFO - 1291 - trainer - {'Best_epoch_HR@5': 21, 'Best_epoch_NDCG@5': 21, 'Best_epoch_HR@10': 20, 'Best_epoch_NDCG@10': 20, 'Best_epoch_HR@20': 21, 'Best_epoch_NDCG@20': 16}
2026/08/25 15:20:45 - __main__ - INFO - 179 - main - Target model saved at: ./saved_model/movie_video/target_model.pth
