2026/08/19 10:42:01 - __main__ - INFO - 90 - main - Namespace(batch_size=512, decay_step=100, description='Diffu_norm_score', device='cuda', diffusion_steps=32, dropout=0.1, emb_dropout=0.3, epochs=100, eval_interval=5, gamma=0.1, group_alignment=1, group_alignment_mode='both', group_context_threshold=0.5, group_pop_weight=1.0, group_tail_weight=1.0, hidden_act='gelu', hidden_size=128, lambda_uncertainty=0.001, log_file='log/', loss_lambda=1, lr=0.001, max_len=8, metric_ks=[5, 10, 20], momentum=None, noise_schedule='trunc_lin', num_blocks=4, num_gpu=1, optimizer='Adam', p=0.3, patience=2, popular_ratio=0.2, random_seed=1997, rescale_timesteps=True, s_dataset='movie', schedule_sampler_name='lossaware', t_dataset='video', w=1.0, weight_decay=0)
2026/08/19 10:42:05 - __main__ - INFO - 355 - trainer - Group-aware Alignment Definition------------------------------------
2026/08/19 10:42:05 - __main__ - INFO - 359 - trainer - {'group_alignment': True, 'alignment_mode': 'both', 'context_threshold': 0.5, 'popular_weight': 1.0, 'tail_weight': 1.0, 'source_popular_items': 17856, 'target_popular_items': 4372}
2026/08/19 10:42:05 - __main__ - INFO - 471 - trainer - Group-aware Alignment Batch------------------------------------
2026/08/19 10:42:05 - __main__ - INFO - 476 - trainer - {'Epoch': 0, 'Source Popular-context': 407, 'Source Tail-context': 75, 'Target Popular-context': 379, 'Target Tail-context': 87}
2026/08/19 10:42:11 - __main__ - INFO - 487 - trainer - Epoch: 0
2026/08/19 10:42:11 - __main__ - INFO - 471 - trainer - Group-aware Alignment Batch------------------------------------
2026/08/19 10:42:11 - __main__ - INFO - 476 - trainer - {'Epoch': 1, 'Source Popular-context': 394, 'Source Tail-context': 77, 'Target Popular-context': 372, 'Target Tail-context': 83}
2026/08/19 10:42:17 - __main__ - INFO - 487 - trainer - Epoch: 1
2026/08/19 10:42:17 - __main__ - INFO - 471 - trainer - Group-aware Alignment Batch------------------------------------
2026/08/19 10:42:17 - __main__ - INFO - 476 - trainer - {'Epoch': 2, 'Source Popular-context': 393, 'Source Tail-context': 73, 'Target Popular-context': 387, 'Target Tail-context': 77}
2026/08/19 10:42:23 - __main__ - INFO - 487 - trainer - Epoch: 2
2026/08/19 10:42:23 - __main__ - INFO - 471 - trainer - Group-aware Alignment Batch------------------------------------
2026/08/19 10:42:23 - __main__ - INFO - 476 - trainer - {'Epoch': 3, 'Source Popular-context': 409, 'Source Tail-context': 56, 'Target Popular-context': 342, 'Target Tail-context': 98}
2026/08/19 10:42:28 - __main__ - INFO - 487 - trainer - Epoch: 3
2026/08/19 10:42:28 - __main__ - INFO - 471 - trainer - Group-aware Alignment Batch------------------------------------
2026/08/19 10:42:28 - __main__ - INFO - 476 - trainer - {'Epoch': 4, 'Source Popular-context': 418, 'Source Tail-context': 59, 'Target Popular-context': 370, 'Target Tail-context': 79}
2026/08/19 10:42:34 - __main__ - INFO - 487 - trainer - Epoch: 4
2026/08/19 10:42:34 - __main__ - INFO - 471 - trainer - Group-aware Alignment Batch------------------------------------
2026/08/19 10:42:34 - __main__ - INFO - 476 - trainer - {'Epoch': 5, 'Source Popular-context': 403, 'Source Tail-context': 59, 'Target Popular-context': 368, 'Target Tail-context': 85}
2026/08/19 10:42:40 - __main__ - INFO - 487 - trainer - Epoch: 5
2026/08/19 10:42:40 - __main__ - INFO - 492 - trainer - start predicting: 2026-08-19 10:42:40.167509
2026/08/19 10:42:52 - __main__ - INFO - 529 - trainer - {'Best_HR@5': 38.6621, 'Best_NDCG@5': 29.8305, 'Best_HR@10': 49.1016, 'Best_NDCG@10': 33.2054, 'Best_HR@20': 61.8359, 'Best_NDCG@20': 36.4132}
2026/08/19 10:42:52 - __main__ - INFO - 530 - trainer - {'Best_epoch_HR@5': 5, 'Best_epoch_NDCG@5': 5, 'Best_epoch_HR@10': 5, 'Best_epoch_NDCG@10': 5, 'Best_epoch_HR@20': 5, 'Best_epoch_NDCG@20': 5}
2026/08/19 10:42:53 - __main__ - INFO - 471 - trainer - Group-aware Alignment Batch------------------------------------
2026/08/19 10:42:53 - __main__ - INFO - 476 - trainer - {'Epoch': 6, 'Source Popular-context': 423, 'Source Tail-context': 54, 'Target Popular-context': 362, 'Target Tail-context': 95}
2026/08/19 10:42:58 - __main__ - INFO - 487 - trainer - Epoch: 6
2026/08/19 10:42:58 - __main__ - INFO - 471 - trainer - Group-aware Alignment Batch------------------------------------
2026/08/19 10:42:58 - __main__ - INFO - 476 - trainer - {'Epoch': 7, 'Source Popular-context': 421, 'Source Tail-context': 63, 'Target Popular-context': 375, 'Target Tail-context': 85}
2026/08/19 10:43:03 - __main__ - INFO - 487 - trainer - Epoch: 7
2026/08/19 10:43:03 - __main__ - INFO - 471 - trainer - Group-aware Alignment Batch------------------------------------
2026/08/19 10:43:03 - __main__ - INFO - 476 - trainer - {'Epoch': 8, 'Source Popular-context': 421, 'Source Tail-context': 59, 'Target Popular-context': 368, 'Target Tail-context': 94}
2026/08/19 10:43:09 - __main__ - INFO - 487 - trainer - Epoch: 8
2026/08/19 10:43:09 - __main__ - INFO - 471 - trainer - Group-aware Alignment Batch------------------------------------
2026/08/19 10:43:09 - __main__ - INFO - 476 - trainer - {'Epoch': 9, 'Source Popular-context': 402, 'Source Tail-context': 78, 'Target Popular-context': 378, 'Target Tail-context': 85}
2026/08/19 10:43:15 - __main__ - INFO - 487 - trainer - Epoch: 9
2026/08/19 10:43:15 - __main__ - INFO - 471 - trainer - Group-aware Alignment Batch------------------------------------
2026/08/19 10:43:15 - __main__ - INFO - 476 - trainer - {'Epoch': 10, 'Source Popular-context': 428, 'Source Tail-context': 46, 'Target Popular-context': 374, 'Target Tail-context': 78}
2026/08/19 10:43:20 - __main__ - INFO - 487 - trainer - Epoch: 10
2026/08/19 10:43:20 - __main__ - INFO - 492 - trainer - start predicting: 2026-08-19 10:43:20.690812
2026/08/19 10:43:33 - __main__ - INFO - 529 - trainer - {'Best_HR@5': 48.2227, 'Best_NDCG@5': 36.8793, 'Best_HR@10': 58.877, 'Best_NDCG@10': 40.3294, 'Best_HR@20': 69.4629, 'Best_NDCG@20': 43.0071}
2026/08/19 10:43:33 - __main__ - INFO - 530 - trainer - {'Best_epoch_HR@5': 10, 'Best_epoch_NDCG@5': 10, 'Best_epoch_HR@10': 10, 'Best_epoch_NDCG@10': 10, 'Best_epoch_HR@20': 10, 'Best_epoch_NDCG@20': 10}
2026/08/19 10:43:33 - __main__ - INFO - 471 - trainer - Group-aware Alignment Batch------------------------------------
2026/08/19 10:43:33 - __main__ - INFO - 476 - trainer - {'Epoch': 11, 'Source Popular-context': 413, 'Source Tail-context': 60, 'Target Popular-context': 381, 'Target Tail-context': 85}
2026/08/19 10:43:39 - __main__ - INFO - 487 - trainer - Epoch: 11
2026/08/19 10:43:39 - __main__ - INFO - 471 - trainer - Group-aware Alignment Batch------------------------------------
2026/08/19 10:43:39 - __main__ - INFO - 476 - trainer - {'Epoch': 12, 'Source Popular-context': 424, 'Source Tail-context': 60, 'Target Popular-context': 372, 'Target Tail-context': 80}
2026/08/19 10:43:45 - __main__ - INFO - 487 - trainer - Epoch: 12
2026/08/19 10:43:45 - __main__ - INFO - 471 - trainer - Group-aware Alignment Batch------------------------------------
2026/08/19 10:43:45 - __main__ - INFO - 476 - trainer - {'Epoch': 13, 'Source Popular-context': 411, 'Source Tail-context': 73, 'Target Popular-context': 382, 'Target Tail-context': 79}
2026/08/19 10:43:50 - __main__ - INFO - 487 - trainer - Epoch: 13
2026/08/19 10:43:50 - __main__ - INFO - 471 - trainer - Group-aware Alignment Batch------------------------------------
2026/08/19 10:43:50 - __main__ - INFO - 476 - trainer - {'Epoch': 14, 'Source Popular-context': 423, 'Source Tail-context': 65, 'Target Popular-context': 379, 'Target Tail-context': 94}
2026/08/19 10:43:56 - __main__ - INFO - 487 - trainer - Epoch: 14
2026/08/19 10:43:56 - __main__ - INFO - 471 - trainer - Group-aware Alignment Batch------------------------------------
2026/08/19 10:43:56 - __main__ - INFO - 476 - trainer - {'Epoch': 15, 'Source Popular-context': 422, 'Source Tail-context': 58, 'Target Popular-context': 373, 'Target Tail-context': 98}
2026/08/19 10:44:01 - __main__ - INFO - 487 - trainer - Epoch: 15
2026/08/19 10:44:01 - __main__ - INFO - 492 - trainer - start predicting: 2026-08-19 10:44:01.861685
2026/08/19 10:44:14 - __main__ - INFO - 529 - trainer - {'Best_HR@5': 49.1797, 'Best_NDCG@5': 37.4333, 'Best_HR@10': 60.3223, 'Best_NDCG@10': 41.0498, 'Best_HR@20': 70.4297, 'Best_NDCG@20': 43.6145}
2026/08/19 10:44:14 - __main__ - INFO - 530 - trainer - {'Best_epoch_HR@5': 15, 'Best_epoch_NDCG@5': 15, 'Best_epoch_HR@10': 15, 'Best_epoch_NDCG@10': 15, 'Best_epoch_HR@20': 15, 'Best_epoch_NDCG@20': 15}
2026/08/19 10:44:15 - __main__ - INFO - 471 - trainer - Group-aware Alignment Batch------------------------------------
2026/08/19 10:44:15 - __main__ - INFO - 476 - trainer - {'Epoch': 16, 'Source Popular-context': 403, 'Source Tail-context': 65, 'Target Popular-context': 374, 'Target Tail-context': 89}
2026/08/19 10:44:20 - __main__ - INFO - 487 - trainer - Epoch: 16
2026/08/19 10:44:20 - __main__ - INFO - 471 - trainer - Group-aware Alignment Batch------------------------------------
2026/08/19 10:44:20 - __main__ - INFO - 476 - trainer - {'Epoch': 17, 'Source Popular-context': 423, 'Source Tail-context': 52, 'Target Popular-context': 355, 'Target Tail-context': 109}
2026/08/19 10:44:26 - __main__ - INFO - 487 - trainer - Epoch: 17
2026/08/19 10:44:26 - __main__ - INFO - 471 - trainer - Group-aware Alignment Batch------------------------------------
2026/08/19 10:44:26 - __main__ - INFO - 476 - trainer - {'Epoch': 18, 'Source Popular-context': 413, 'Source Tail-context': 63, 'Target Popular-context': 386, 'Target Tail-context': 85}
2026/08/19 10:44:32 - __main__ - INFO - 487 - trainer - Epoch: 18
2026/08/19 10:44:32 - __main__ - INFO - 471 - trainer - Group-aware Alignment Batch------------------------------------
2026/08/19 10:44:32 - __main__ - INFO - 476 - trainer - {'Epoch': 19, 'Source Popular-context': 402, 'Source Tail-context': 63, 'Target Popular-context': 367, 'Target Tail-context': 94}
2026/08/19 10:44:38 - __main__ - INFO - 487 - trainer - Epoch: 19
2026/08/19 10:44:38 - __main__ - INFO - 471 - trainer - Group-aware Alignment Batch------------------------------------
2026/08/19 10:44:38 - __main__ - INFO - 476 - trainer - {'Epoch': 20, 'Source Popular-context': 409, 'Source Tail-context': 62, 'Target Popular-context': 373, 'Target Tail-context': 82}
2026/08/19 10:44:44 - __main__ - INFO - 487 - trainer - Epoch: 20
2026/08/19 10:44:44 - __main__ - INFO - 492 - trainer - start predicting: 2026-08-19 10:44:44.090228
2026/08/19 10:44:57 - __main__ - INFO - 471 - trainer - Group-aware Alignment Batch------------------------------------
2026/08/19 10:44:57 - __main__ - INFO - 476 - trainer - {'Epoch': 21, 'Source Popular-context': 404, 'Source Tail-context': 63, 'Target Popular-context': 372, 'Target Tail-context': 83}
2026/08/19 10:45:03 - __main__ - INFO - 487 - trainer - Epoch: 21
2026/08/19 10:45:03 - __main__ - INFO - 471 - trainer - Group-aware Alignment Batch------------------------------------
2026/08/19 10:45:03 - __main__ - INFO - 476 - trainer - {'Epoch': 22, 'Source Popular-context': 416, 'Source Tail-context': 59, 'Target Popular-context': 370, 'Target Tail-context': 78}
2026/08/19 10:45:09 - __main__ - INFO - 487 - trainer - Epoch: 22
2026/08/19 10:45:09 - __main__ - INFO - 471 - trainer - Group-aware Alignment Batch------------------------------------
2026/08/19 10:45:09 - __main__ - INFO - 476 - trainer - {'Epoch': 23, 'Source Popular-context': 404, 'Source Tail-context': 69, 'Target Popular-context': 385, 'Target Tail-context': 81}
2026/08/19 10:45:14 - __main__ - INFO - 487 - trainer - Epoch: 23
2026/08/19 10:45:14 - __main__ - INFO - 471 - trainer - Group-aware Alignment Batch------------------------------------
2026/08/19 10:45:14 - __main__ - INFO - 476 - trainer - {'Epoch': 24, 'Source Popular-context': 400, 'Source Tail-context': 74, 'Target Popular-context': 373, 'Target Tail-context': 90}
2026/08/19 10:45:20 - __main__ - INFO - 487 - trainer - Epoch: 24
2026/08/19 10:45:20 - __main__ - INFO - 471 - trainer - Group-aware Alignment Batch------------------------------------
2026/08/19 10:45:20 - __main__ - INFO - 476 - trainer - {'Epoch': 25, 'Source Popular-context': 415, 'Source Tail-context': 50, 'Target Popular-context': 382, 'Target Tail-context': 81}
2026/08/19 10:45:25 - __main__ - INFO - 487 - trainer - Epoch: 25
2026/08/19 10:45:25 - __main__ - INFO - 492 - trainer - start predicting: 2026-08-19 10:45:25.942965
2026/08/19 10:45:39 - __main__ - INFO - 539 - trainer - {'Best_HR@5': 49.1797, 'Best_NDCG@5': 37.4333, 'Best_HR@10': 60.3223, 'Best_NDCG@10': 41.0498, 'Best_HR@20': 70.4297, 'Best_NDCG@20': 43.6145}
2026/08/19 10:45:39 - __main__ - INFO - 540 - trainer - {'Best_epoch_HR@5': 15, 'Best_epoch_NDCG@5': 15, 'Best_epoch_HR@10': 15, 'Best_epoch_NDCG@10': 15, 'Best_epoch_HR@20': 15, 'Best_epoch_NDCG@20': 15}
2026/08/19 10:45:39 - __main__ - INFO - 646 - trainer - Source Popularity Definition---------------------------------------------
2026/08/19 10:45:39 - __main__ - INFO - 651 - trainer - {'domain': 'Source', 'popular_ratio': 0.2, 'observed_train_items': 89276, 'popular_items': 17856, 'unpopular_seen_items': 71420, 'unseen_items_in_test': 'calculated from test ground truth'}
2026/08/19 10:45:48 - __main__ - INFO - 927 - trainer - %s Test Overall------------------------------------------------------
2026/08/19 10:45:48 - __main__ - INFO - 931 - trainer - {'HR@5': 49.8753, 'NDCG@5': 38.1821, 'HR@10': 60.4107, 'NDCG@10': 41.608, 'HR@20': 70.1785, 'NDCG@20': 44.0883}
2026/08/19 10:45:48 - __main__ - INFO - 1022 - trainer - Source Test Group Size----------------------------------------------
2026/08/19 10:45:48 - __main__ - INFO - 1027 - trainer - {'domain': 'Source', 'Overall_test_samples': 10422, 'Popular_test_samples': 7854, 'Unpopular_seen_test_samples': 1824, 'Unseen_test_samples': 744, 'Grouped_test_samples': 10422}
2026/08/19 10:45:48 - __main__ - INFO - 1029 - trainer - Source Test Popular Ground Truth-------------------------------------
2026/08/19 10:45:48 - __main__ - INFO - 1034 - trainer - {'HR@5': 65.4826, 'NDCG@5': 50.336, 'HR@10': 78.2022, 'NDCG@10': 54.4832, 'HR@20': 87.9297, 'NDCG@20': 56.9665}
2026/08/19 10:45:48 - __main__ - INFO - 1036 - trainer - Source Test Unpopular-Seen Ground Truth------------------------------
2026/08/19 10:45:48 - __main__ - INFO - 1041 - trainer - {'HR@5': 3.0154, 'NDCG@5': 1.4225, 'HR@10': 8.443, 'NDCG@10': 3.1399, 'HR@20': 22.3684, 'NDCG@20': 6.6193}
2026/08/19 10:45:48 - __main__ - INFO - 1045 - trainer - Source Test Unseen Ground Truth--------------------------------------
2026/08/19 10:45:48 - __main__ - INFO - 1050 - trainer - {'HR@5': 0.0, 'NDCG@5': 0.0, 'HR@10': 0.0, 'NDCG@10': 0.0, 'HR@20': 0.0, 'NDCG@20': 0.0}
2026/08/19 10:45:48 - __main__ - INFO - 1052 - trainer - Source Recommendation Popularity-------------------------------------
2026/08/19 10:45:48 - __main__ - INFO - 1057 - trainer - {'PopularRatio@5': 93.5483, 'PopularRatio@10': 82.1061, 'PopularRatio@20': 61.7319}
2026/08/19 10:45:48 - __main__ - INFO - 1193 - trainer - Best Eval---------------------------------------------------------
2026/08/19 10:45:48 - __main__ - INFO - 1196 - trainer - {'Best_HR@5': 49.1797, 'Best_NDCG@5': 37.4333, 'Best_HR@10': 60.3223, 'Best_NDCG@10': 41.0498, 'Best_HR@20': 70.4297, 'Best_NDCG@20': 43.6145}
2026/08/19 10:45:48 - __main__ - INFO - 1197 - trainer - {'Best_epoch_HR@5': 15, 'Best_epoch_NDCG@5': 15, 'Best_epoch_HR@10': 15, 'Best_epoch_NDCG@10': 15, 'Best_epoch_HR@20': 15, 'Best_epoch_NDCG@20': 15}
2026/08/19 10:45:48 - __main__ - INFO - 487 - trainer - Epoch: 0
2026/08/19 10:45:49 - __main__ - INFO - 487 - trainer - Epoch: 1
2026/08/19 10:45:49 - __main__ - INFO - 492 - trainer - start predicting: 2026-08-19 10:45:49.411708
2026/08/19 10:45:51 - __main__ - INFO - 529 - trainer - {'Best_HR@5': 7.959, 'Best_NDCG@5': 4.3934, 'Best_HR@10': 14.8926, 'Best_NDCG@10': 6.5971, 'Best_HR@20': 30.4199, 'Best_NDCG@20': 10.4777}
2026/08/19 10:45:51 - __main__ - INFO - 530 - trainer - {'Best_epoch_HR@5': 1, 'Best_epoch_NDCG@5': 1, 'Best_epoch_HR@10': 1, 'Best_epoch_NDCG@10': 1, 'Best_epoch_HR@20': 1, 'Best_epoch_NDCG@20': 1}
2026/08/19 10:45:51 - __main__ - INFO - 487 - trainer - Epoch: 2
2026/08/19 10:45:51 - __main__ - INFO - 492 - trainer - start predicting: 2026-08-19 10:45:51.947225
2026/08/19 10:45:54 - __main__ - INFO - 529 - trainer - {'Best_HR@5': 13.2812, 'Best_NDCG@5': 8.259, 'Best_HR@10': 22.3145, 'Best_NDCG@10': 11.145, 'Best_HR@20': 38.8672, 'Best_NDCG@20': 15.2893}
2026/08/19 10:45:54 - __main__ - INFO - 530 - trainer - {'Best_epoch_HR@5': 2, 'Best_epoch_NDCG@5': 2, 'Best_epoch_HR@10': 2, 'Best_epoch_NDCG@10': 2, 'Best_epoch_HR@20': 2, 'Best_epoch_NDCG@20': 2}
2026/08/19 10:45:54 - __main__ - INFO - 487 - trainer - Epoch: 3
2026/08/19 10:45:54 - __main__ - INFO - 492 - trainer - start predicting: 2026-08-19 10:45:54.658441
2026/08/19 10:45:56 - __main__ - INFO - 529 - trainer - {'Best_HR@5': 18.8477, 'Best_NDCG@5': 12.1329, 'Best_HR@10': 29.8828, 'Best_NDCG@10': 15.6651, 'Best_HR@20': 45.9961, 'Best_NDCG@20': 19.7202}
2026/08/19 10:45:56 - __main__ - INFO - 530 - trainer - {'Best_epoch_HR@5': 3, 'Best_epoch_NDCG@5': 3, 'Best_epoch_HR@10': 3, 'Best_epoch_NDCG@10': 3, 'Best_epoch_HR@20': 3, 'Best_epoch_NDCG@20': 3}
2026/08/19 10:45:57 - __main__ - INFO - 487 - trainer - Epoch: 4
2026/08/19 10:45:57 - __main__ - INFO - 492 - trainer - start predicting: 2026-08-19 10:45:57.346859
2026/08/19 10:45:59 - __main__ - INFO - 529 - trainer - {'Best_HR@5': 24.0723, 'Best_NDCG@5': 16.0868, 'Best_HR@10': 35.0586, 'Best_NDCG@10': 19.6019, 'Best_HR@20': 50.3906, 'Best_NDCG@20': 23.4747}
2026/08/19 10:45:59 - __main__ - INFO - 530 - trainer - {'Best_epoch_HR@5': 4, 'Best_epoch_NDCG@5': 4, 'Best_epoch_HR@10': 4, 'Best_epoch_NDCG@10': 4, 'Best_epoch_HR@20': 4, 'Best_epoch_NDCG@20': 4}
2026/08/19 10:46:00 - __main__ - INFO - 487 - trainer - Epoch: 5
2026/08/19 10:46:00 - __main__ - INFO - 492 - trainer - start predicting: 2026-08-19 10:46:00.004326
2026/08/19 10:46:01 - __main__ - INFO - 529 - trainer - {'Best_HR@5': 25.9277, 'Best_NDCG@5': 18.1389, 'Best_HR@10': 38.2324, 'Best_NDCG@10': 22.1233, 'Best_HR@20': 53.2715, 'Best_NDCG@20': 25.8961}
2026/08/19 10:46:01 - __main__ - INFO - 530 - trainer - {'Best_epoch_HR@5': 5, 'Best_epoch_NDCG@5': 5, 'Best_epoch_HR@10': 5, 'Best_epoch_NDCG@10': 5, 'Best_epoch_HR@20': 5, 'Best_epoch_NDCG@20': 5}
2026/08/19 10:46:02 - __main__ - INFO - 487 - trainer - Epoch: 6
2026/08/19 10:46:02 - __main__ - INFO - 492 - trainer - start predicting: 2026-08-19 10:46:02.604674
2026/08/19 10:46:04 - __main__ - INFO - 529 - trainer - {'Best_HR@5': 30.127, 'Best_NDCG@5': 21.2217, 'Best_HR@10': 40.1367, 'Best_NDCG@10': 24.4555, 'Best_HR@20': 55.9082, 'Best_NDCG@20': 28.4269}
2026/08/19 10:46:04 - __main__ - INFO - 530 - trainer - {'Best_epoch_HR@5': 6, 'Best_epoch_NDCG@5': 6, 'Best_epoch_HR@10': 6, 'Best_epoch_NDCG@10': 6, 'Best_epoch_HR@20': 6, 'Best_epoch_NDCG@20': 6}
2026/08/19 10:46:05 - __main__ - INFO - 487 - trainer - Epoch: 7
2026/08/19 10:46:05 - __main__ - INFO - 492 - trainer - start predicting: 2026-08-19 10:46:05.200413
2026/08/19 10:46:07 - __main__ - INFO - 529 - trainer - {'Best_HR@5': 32.3242, 'Best_NDCG@5': 23.1505, 'Best_HR@10': 41.7969, 'Best_NDCG@10': 26.2113, 'Best_HR@20': 56.8848, 'Best_NDCG@20': 29.9893}
2026/08/19 10:46:07 - __main__ - INFO - 530 - trainer - {'Best_epoch_HR@5': 7, 'Best_epoch_NDCG@5': 7, 'Best_epoch_HR@10': 7, 'Best_epoch_NDCG@10': 7, 'Best_epoch_HR@20': 7, 'Best_epoch_NDCG@20': 7}
2026/08/19 10:46:07 - __main__ - INFO - 487 - trainer - Epoch: 8
2026/08/19 10:46:07 - __main__ - INFO - 492 - trainer - start predicting: 2026-08-19 10:46:07.739613
2026/08/19 10:46:09 - __main__ - INFO - 529 - trainer - {'Best_HR@5': 33.1055, 'Best_NDCG@5': 24.9198, 'Best_HR@10': 43.4082, 'Best_NDCG@10': 28.2392, 'Best_HR@20': 57.959, 'Best_NDCG@20': 31.9074}
2026/08/19 10:46:09 - __main__ - INFO - 530 - trainer - {'Best_epoch_HR@5': 8, 'Best_epoch_NDCG@5': 8, 'Best_epoch_HR@10': 8, 'Best_epoch_NDCG@10': 8, 'Best_epoch_HR@20': 8, 'Best_epoch_NDCG@20': 8}
2026/08/19 10:46:10 - __main__ - INFO - 487 - trainer - Epoch: 9
2026/08/19 10:46:10 - __main__ - INFO - 492 - trainer - start predicting: 2026-08-19 10:46:10.302572
2026/08/19 10:46:12 - __main__ - INFO - 529 - trainer - {'Best_HR@5': 34.5215, 'Best_NDCG@5': 25.7821, 'Best_HR@10': 44.8242, 'Best_NDCG@10': 29.0949, 'Best_HR@20': 58.0078, 'Best_NDCG@20': 32.406}
2026/08/19 10:46:12 - __main__ - INFO - 530 - trainer - {'Best_epoch_HR@5': 9, 'Best_epoch_NDCG@5': 9, 'Best_epoch_HR@10': 9, 'Best_epoch_NDCG@10': 9, 'Best_epoch_HR@20': 9, 'Best_epoch_NDCG@20': 9}
2026/08/19 10:46:12 - __main__ - INFO - 487 - trainer - Epoch: 10
2026/08/19 10:46:12 - __main__ - INFO - 492 - trainer - start predicting: 2026-08-19 10:46:12.916553
2026/08/19 10:46:15 - __main__ - INFO - 529 - trainer - {'Best_HR@5': 35.7422, 'Best_NDCG@5': 26.9585, 'Best_HR@10': 46.0938, 'Best_NDCG@10': 30.2758, 'Best_HR@20': 58.7402, 'Best_NDCG@20': 33.4498}
2026/08/19 10:46:15 - __main__ - INFO - 530 - trainer - {'Best_epoch_HR@5': 10, 'Best_epoch_NDCG@5': 10, 'Best_epoch_HR@10': 10, 'Best_epoch_NDCG@10': 10, 'Best_epoch_HR@20': 10, 'Best_epoch_NDCG@20': 10}
2026/08/19 10:46:15 - __main__ - INFO - 487 - trainer - Epoch: 11
2026/08/19 10:46:15 - __main__ - INFO - 492 - trainer - start predicting: 2026-08-19 10:46:15.714978
2026/08/19 10:46:17 - __main__ - INFO - 529 - trainer - {'Best_HR@5': 36.7188, 'Best_NDCG@5': 27.3142, 'Best_HR@10': 46.6797, 'Best_NDCG@10': 30.5569, 'Best_HR@20': 59.8633, 'Best_NDCG@20': 33.8862}
2026/08/19 10:46:17 - __main__ - INFO - 530 - trainer - {'Best_epoch_HR@5': 11, 'Best_epoch_NDCG@5': 11, 'Best_epoch_HR@10': 11, 'Best_epoch_NDCG@10': 11, 'Best_epoch_HR@20': 11, 'Best_epoch_NDCG@20': 11}
2026/08/19 10:46:18 - __main__ - INFO - 487 - trainer - Epoch: 12
2026/08/19 10:46:18 - __main__ - INFO - 492 - trainer - start predicting: 2026-08-19 10:46:18.376695
2026/08/19 10:46:20 - __main__ - INFO - 529 - trainer - {'Best_HR@5': 36.7188, 'Best_NDCG@5': 27.3142, 'Best_HR@10': 48.0957, 'Best_NDCG@10': 30.9262, 'Best_HR@20': 59.8633, 'Best_NDCG@20': 33.8862}
2026/08/19 10:46:20 - __main__ - INFO - 530 - trainer - {'Best_epoch_HR@5': 11, 'Best_epoch_NDCG@5': 11, 'Best_epoch_HR@10': 12, 'Best_epoch_NDCG@10': 12, 'Best_epoch_HR@20': 11, 'Best_epoch_NDCG@20': 11}
2026/08/19 10:46:20 - __main__ - INFO - 487 - trainer - Epoch: 13
2026/08/19 10:46:20 - __main__ - INFO - 492 - trainer - start predicting: 2026-08-19 10:46:20.939298
2026/08/19 10:46:22 - __main__ - INFO - 529 - trainer - {'Best_HR@5': 36.7188, 'Best_NDCG@5': 27.4436, 'Best_HR@10': 48.0957, 'Best_NDCG@10': 31.0499, 'Best_HR@20': 59.8633, 'Best_NDCG@20': 34.0004}
2026/08/19 10:46:22 - __main__ - INFO - 530 - trainer - {'Best_epoch_HR@5': 11, 'Best_epoch_NDCG@5': 13, 'Best_epoch_HR@10': 12, 'Best_epoch_NDCG@10': 13, 'Best_epoch_HR@20': 11, 'Best_epoch_NDCG@20': 13}
2026/08/19 10:46:23 - __main__ - INFO - 487 - trainer - Epoch: 14
2026/08/19 10:46:23 - __main__ - INFO - 492 - trainer - start predicting: 2026-08-19 10:46:23.413551
2026/08/19 10:46:25 - __main__ - INFO - 529 - trainer - {'Best_HR@5': 37.6465, 'Best_NDCG@5': 27.8709, 'Best_HR@10': 48.0957, 'Best_NDCG@10': 31.0794, 'Best_HR@20': 60.1074, 'Best_NDCG@20': 34.2326}
2026/08/19 10:46:25 - __main__ - INFO - 530 - trainer - {'Best_epoch_HR@5': 14, 'Best_epoch_NDCG@5': 14, 'Best_epoch_HR@10': 12, 'Best_epoch_NDCG@10': 14, 'Best_epoch_HR@20': 14, 'Best_epoch_NDCG@20': 14}
2026/08/19 10:46:26 - __main__ - INFO - 487 - trainer - Epoch: 15
2026/08/19 10:46:26 - __main__ - INFO - 492 - trainer - start predicting: 2026-08-19 10:46:26.053344
2026/08/19 10:46:27 - __main__ - INFO - 529 - trainer - {'Best_HR@5': 37.6465, 'Best_NDCG@5': 28.0164, 'Best_HR@10': 48.1934, 'Best_NDCG@10': 31.4194, 'Best_HR@20': 60.6934, 'Best_NDCG@20': 34.5515}
2026/08/19 10:46:27 - __main__ - INFO - 530 - trainer - {'Best_epoch_HR@5': 14, 'Best_epoch_NDCG@5': 15, 'Best_epoch_HR@10': 15, 'Best_epoch_NDCG@10': 15, 'Best_epoch_HR@20': 15, 'Best_epoch_NDCG@20': 15}
2026/08/19 10:46:28 - __main__ - INFO - 487 - trainer - Epoch: 16
2026/08/19 10:46:28 - __main__ - INFO - 492 - trainer - start predicting: 2026-08-19 10:46:28.554882
2026/08/19 10:46:31 - __main__ - INFO - 487 - trainer - Epoch: 17
2026/08/19 10:46:31 - __main__ - INFO - 492 - trainer - start predicting: 2026-08-19 10:46:31.119019
2026/08/19 10:46:33 - __main__ - INFO - 529 - trainer - {'Best_HR@5': 38.2812, 'Best_NDCG@5': 28.1086, 'Best_HR@10': 48.1934, 'Best_NDCG@10': 31.4194, 'Best_HR@20': 60.6934, 'Best_NDCG@20': 34.5515}
2026/08/19 10:46:33 - __main__ - INFO - 530 - trainer - {'Best_epoch_HR@5': 17, 'Best_epoch_NDCG@5': 17, 'Best_epoch_HR@10': 15, 'Best_epoch_NDCG@10': 15, 'Best_epoch_HR@20': 15, 'Best_epoch_NDCG@20': 15}
2026/08/19 10:46:33 - __main__ - INFO - 487 - trainer - Epoch: 18
2026/08/19 10:46:33 - __main__ - INFO - 492 - trainer - start predicting: 2026-08-19 10:46:33.613799
2026/08/19 10:46:35 - __main__ - INFO - 529 - trainer - {'Best_HR@5': 38.5254, 'Best_NDCG@5': 28.2679, 'Best_HR@10': 48.3398, 'Best_NDCG@10': 31.4221, 'Best_HR@20': 60.6934, 'Best_NDCG@20': 34.5515}
2026/08/19 10:46:35 - __main__ - INFO - 530 - trainer - {'Best_epoch_HR@5': 18, 'Best_epoch_NDCG@5': 18, 'Best_epoch_HR@10': 18, 'Best_epoch_NDCG@10': 18, 'Best_epoch_HR@20': 15, 'Best_epoch_NDCG@20': 15}
2026/08/19 10:46:36 - __main__ - INFO - 487 - trainer - Epoch: 19
2026/08/19 10:46:36 - __main__ - INFO - 492 - trainer - start predicting: 2026-08-19 10:46:36.168050
2026/08/19 10:46:38 - __main__ - INFO - 529 - trainer - {'Best_HR@5': 38.5254, 'Best_NDCG@5': 28.3445, 'Best_HR@10': 49.0234, 'Best_NDCG@10': 31.7772, 'Best_HR@20': 60.6934, 'Best_NDCG@20': 34.6871}
2026/08/19 10:46:38 - __main__ - INFO - 530 - trainer - {'Best_epoch_HR@5': 18, 'Best_epoch_NDCG@5': 19, 'Best_epoch_HR@10': 19, 'Best_epoch_NDCG@10': 19, 'Best_epoch_HR@20': 15, 'Best_epoch_NDCG@20': 19}
2026/08/19 10:46:38 - __main__ - INFO - 487 - trainer - Epoch: 20
2026/08/19 10:46:38 - __main__ - INFO - 492 - trainer - start predicting: 2026-08-19 10:46:38.696487
2026/08/19 10:46:40 - __main__ - INFO - 529 - trainer - {'Best_HR@5': 38.5254, 'Best_NDCG@5': 28.3445, 'Best_HR@10': 49.1211, 'Best_NDCG@10': 31.7772, 'Best_HR@20': 60.6934, 'Best_NDCG@20': 34.6871}
2026/08/19 10:46:40 - __main__ - INFO - 530 - trainer - {'Best_epoch_HR@5': 18, 'Best_epoch_NDCG@5': 19, 'Best_epoch_HR@10': 20, 'Best_epoch_NDCG@10': 19, 'Best_epoch_HR@20': 15, 'Best_epoch_NDCG@20': 19}
2026/08/19 10:46:41 - __main__ - INFO - 487 - trainer - Epoch: 21
2026/08/19 10:46:41 - __main__ - INFO - 492 - trainer - start predicting: 2026-08-19 10:46:41.252469
2026/08/19 10:46:43 - __main__ - INFO - 529 - trainer - {'Best_HR@5': 38.9648, 'Best_NDCG@5': 28.3445, 'Best_HR@10': 49.1211, 'Best_NDCG@10': 31.7772, 'Best_HR@20': 60.6934, 'Best_NDCG@20': 34.6871}
2026/08/19 10:46:43 - __main__ - INFO - 530 - trainer - {'Best_epoch_HR@5': 21, 'Best_epoch_NDCG@5': 19, 'Best_epoch_HR@10': 20, 'Best_epoch_NDCG@10': 19, 'Best_epoch_HR@20': 15, 'Best_epoch_NDCG@20': 19}
2026/08/19 10:46:43 - __main__ - INFO - 487 - trainer - Epoch: 22
2026/08/19 10:46:43 - __main__ - INFO - 492 - trainer - start predicting: 2026-08-19 10:46:43.736581
2026/08/19 10:46:45 - __main__ - INFO - 529 - trainer - {'Best_HR@5': 38.9648, 'Best_NDCG@5': 28.3445, 'Best_HR@10': 49.1211, 'Best_NDCG@10': 31.7772, 'Best_HR@20': 60.7422, 'Best_NDCG@20': 34.6871}
2026/08/19 10:46:45 - __main__ - INFO - 530 - trainer - {'Best_epoch_HR@5': 21, 'Best_epoch_NDCG@5': 19, 'Best_epoch_HR@10': 20, 'Best_epoch_NDCG@10': 19, 'Best_epoch_HR@20': 22, 'Best_epoch_NDCG@20': 19}
2026/08/19 10:46:46 - __main__ - INFO - 487 - trainer - Epoch: 23
2026/08/19 10:46:46 - __main__ - INFO - 492 - trainer - start predicting: 2026-08-19 10:46:46.213393
2026/08/19 10:46:48 - __main__ - INFO - 487 - trainer - Epoch: 24
2026/08/19 10:46:48 - __main__ - INFO - 492 - trainer - start predicting: 2026-08-19 10:46:48.776497
2026/08/19 10:46:51 - __main__ - INFO - 487 - trainer - Epoch: 25
2026/08/19 10:46:51 - __main__ - INFO - 492 - trainer - start predicting: 2026-08-19 10:46:51.274260
2026/08/19 10:46:53 - __main__ - INFO - 487 - trainer - Epoch: 26
2026/08/19 10:46:53 - __main__ - INFO - 492 - trainer - start predicting: 2026-08-19 10:46:53.879334
2026/08/19 10:46:56 - __main__ - INFO - 487 - trainer - Epoch: 27
2026/08/19 10:46:56 - __main__ - INFO - 492 - trainer - start predicting: 2026-08-19 10:46:56.342864
2026/08/19 10:46:58 - __main__ - INFO - 539 - trainer - {'Best_HR@5': 38.9648, 'Best_NDCG@5': 28.3445, 'Best_HR@10': 49.1211, 'Best_NDCG@10': 31.7772, 'Best_HR@20': 60.7422, 'Best_NDCG@20': 34.6871}
2026/08/19 10:46:58 - __main__ - INFO - 540 - trainer - {'Best_epoch_HR@5': 21, 'Best_epoch_NDCG@5': 19, 'Best_epoch_HR@10': 20, 'Best_epoch_NDCG@10': 19, 'Best_epoch_HR@20': 22, 'Best_epoch_NDCG@20': 19}
2026/08/19 10:46:58 - __main__ - INFO - 646 - trainer - Target Popularity Definition---------------------------------------------
2026/08/19 10:46:58 - __main__ - INFO - 651 - trainer - {'domain': 'Target', 'popular_ratio': 0.2, 'observed_train_items': 21856, 'popular_items': 4372, 'unpopular_seen_items': 17484, 'unseen_items_in_test': 'calculated from test ground truth'}
2026/08/19 10:47:00 - __main__ - INFO - 927 - trainer - %s Test Overall------------------------------------------------------
2026/08/19 10:47:00 - __main__ - INFO - 931 - trainer - {'HR@5': 39.251, 'NDCG@5': 28.64, 'HR@10': 50.535, 'NDCG@10': 32.2852, 'HR@20': 62.4027, 'NDCG@20': 35.264}
2026/08/19 10:47:00 - __main__ - INFO - 1022 - trainer - Target Test Group Size----------------------------------------------
2026/08/19 10:47:00 - __main__ - INFO - 1027 - trainer - {'domain': 'Target', 'Overall_test_samples': 2056, 'Popular_test_samples': 1372, 'Unpopular_seen_test_samples': 505, 'Unseen_test_samples': 179, 'Grouped_test_samples': 2056}
2026/08/19 10:47:00 - __main__ - INFO - 1029 - trainer - Target Test Popular Ground Truth-------------------------------------
2026/08/19 10:47:00 - __main__ - INFO - 1034 - trainer - {'HR@5': 56.9971, 'NDCG@5': 42.0065, 'HR@10': 71.3557, 'NDCG@10': 46.6583, 'HR@20': 83.8921, 'NDCG@20': 49.8228}
2026/08/19 10:47:00 - __main__ - INFO - 1036 - trainer - Target Test Unpopular-Seen Ground Truth------------------------------
2026/08/19 10:47:00 - __main__ - INFO - 1041 - trainer - {'HR@5': 4.9505, 'NDCG@5': 2.4771, 'HR@10': 11.8812, 'NDCG@10': 4.6796, 'HR@20': 26.1386, 'NDCG@20': 8.2098}
2026/08/19 10:47:00 - __main__ - INFO - 1045 - trainer - Target Test Unseen Ground Truth--------------------------------------
2026/08/19 10:47:00 - __main__ - INFO - 1050 - trainer - {'HR@5': 0.0, 'NDCG@5': 0.0, 'HR@10': 0.0, 'NDCG@10': 0.0, 'HR@20': 0.0, 'NDCG@20': 0.0}
2026/08/19 10:47:00 - __main__ - INFO - 1052 - trainer - Target Recommendation Popularity-------------------------------------
2026/08/19 10:47:00 - __main__ - INFO - 1057 - trainer - {'PopularRatio@5': 87.5973, 'PopularRatio@10': 74.8784, 'PopularRatio@20': 57.1911}
2026/08/19 10:47:00 - __main__ - INFO - 1193 - trainer - Best Eval---------------------------------------------------------
2026/08/19 10:47:00 - __main__ - INFO - 1196 - trainer - {'Best_HR@5': 38.9648, 'Best_NDCG@5': 28.3445, 'Best_HR@10': 49.1211, 'Best_NDCG@10': 31.7772, 'Best_HR@20': 60.7422, 'Best_NDCG@20': 34.6871}
2026/08/19 10:47:00 - __main__ - INFO - 1197 - trainer - {'Best_epoch_HR@5': 21, 'Best_epoch_NDCG@5': 19, 'Best_epoch_HR@10': 20, 'Best_epoch_NDCG@10': 19, 'Best_epoch_HR@20': 22, 'Best_epoch_NDCG@20': 19}
2026/08/19 10:47:00 - __main__ - INFO - 176 - main - Target model saved at: ./saved_model/movie_video/target_model.pth
