2026/08/25 15:35:32 - __main__ - INFO - 93 - main - Namespace(batch_size=512, decay_step=100, description='Diffu_norm_score', device='cuda', diffusion_steps=32, dropout=0.1, emb_dropout=0.3, epochs=100, eval_interval=5, gamma=0.1, group_alignment=1, group_alignment_mode='both', group_context_threshold=0.5, group_pop_weight=1.0, group_tail_weight=1.0, hidden_act='gelu', hidden_size=128, lambda_uncertainty=0.001, log_file='log/', loss_lambda=1, lr=0.001, max_len=8, metric_ks=[5, 10, 20], momentum=None, noise_schedule='trunc_lin', num_blocks=4, num_gpu=1, optimizer='Adam', p=0.3, patience=2, popular_ratio=0.2, random_seed=1997, rescale_timesteps=True, s_dataset='movie', schedule_sampler_name='lossaware', t_dataset='video', target_next_focus_bin='medium', target_next_reweight_alpha=0.25, target_next_rule_reweight=1, w=1.0, weight_decay=0)
2026/08/25 15:35:35 - __main__ - INFO - 562 - trainer - Group-aware Alignment Definition------------------------------------
2026/08/25 15:35:35 - __main__ - INFO - 566 - trainer - {'group_alignment': True, 'alignment_mode': 'both', 'context_threshold': 0.5, 'popular_weight': 1.0, 'tail_weight': 1.0, 'source_popular_items': 17856, 'target_popular_items': 4372}
2026/08/25 15:35:35 - __main__ - INFO - 698 - trainer - Group-aware Alignment Batch------------------------------------
2026/08/25 15:35:35 - __main__ - INFO - 703 - trainer - {'Epoch': 0, 'Source Popular-context': 407, 'Source Tail-context': 75, 'Target Popular-context': 379, 'Target Tail-context': 87}
2026/08/25 15:35:40 - __main__ - INFO - 714 - trainer - Epoch: 0
2026/08/25 15:35:40 - __main__ - INFO - 698 - trainer - Group-aware Alignment Batch------------------------------------
2026/08/25 15:35:40 - __main__ - INFO - 703 - trainer - {'Epoch': 1, 'Source Popular-context': 394, 'Source Tail-context': 77, 'Target Popular-context': 372, 'Target Tail-context': 83}
2026/08/25 15:35:45 - __main__ - INFO - 714 - trainer - Epoch: 1
2026/08/25 15:35:45 - __main__ - INFO - 698 - trainer - Group-aware Alignment Batch------------------------------------
2026/08/25 15:35:45 - __main__ - INFO - 703 - trainer - {'Epoch': 2, 'Source Popular-context': 393, 'Source Tail-context': 73, 'Target Popular-context': 387, 'Target Tail-context': 77}
2026/08/25 15:35:49 - __main__ - INFO - 714 - trainer - Epoch: 2
2026/08/25 15:35:49 - __main__ - INFO - 698 - trainer - Group-aware Alignment Batch------------------------------------
2026/08/25 15:35:49 - __main__ - INFO - 703 - trainer - {'Epoch': 3, 'Source Popular-context': 409, 'Source Tail-context': 56, 'Target Popular-context': 342, 'Target Tail-context': 98}
2026/08/25 15:35:54 - __main__ - INFO - 714 - trainer - Epoch: 3
2026/08/25 15:35:54 - __main__ - INFO - 698 - trainer - Group-aware Alignment Batch------------------------------------
2026/08/25 15:35:54 - __main__ - INFO - 703 - trainer - {'Epoch': 4, 'Source Popular-context': 418, 'Source Tail-context': 59, 'Target Popular-context': 370, 'Target Tail-context': 79}
2026/08/25 15:35:58 - __main__ - INFO - 714 - trainer - Epoch: 4
2026/08/25 15:35:58 - __main__ - INFO - 698 - trainer - Group-aware Alignment Batch------------------------------------
2026/08/25 15:35:58 - __main__ - INFO - 703 - trainer - {'Epoch': 5, 'Source Popular-context': 403, 'Source Tail-context': 59, 'Target Popular-context': 368, 'Target Tail-context': 85}
2026/08/25 15:36:03 - __main__ - INFO - 714 - trainer - Epoch: 5
2026/08/25 15:36:03 - __main__ - INFO - 719 - trainer - start predicting: 2026-08-25 15:36:03.204166
2026/08/25 15:36:14 - __main__ - INFO - 756 - trainer - {'Best_HR@5': 38.6621, 'Best_NDCG@5': 29.8305, 'Best_HR@10': 49.1016, 'Best_NDCG@10': 33.2054, 'Best_HR@20': 61.8359, 'Best_NDCG@20': 36.4132}
2026/08/25 15:36:14 - __main__ - INFO - 757 - trainer - {'Best_epoch_HR@5': 5, 'Best_epoch_NDCG@5': 5, 'Best_epoch_HR@10': 5, 'Best_epoch_NDCG@10': 5, 'Best_epoch_HR@20': 5, 'Best_epoch_NDCG@20': 5}
2026/08/25 15:36:14 - __main__ - INFO - 698 - trainer - Group-aware Alignment Batch------------------------------------
2026/08/25 15:36:14 - __main__ - INFO - 703 - trainer - {'Epoch': 6, 'Source Popular-context': 423, 'Source Tail-context': 54, 'Target Popular-context': 362, 'Target Tail-context': 95}
2026/08/25 15:36:19 - __main__ - INFO - 714 - trainer - Epoch: 6
2026/08/25 15:36:19 - __main__ - INFO - 698 - trainer - Group-aware Alignment Batch------------------------------------
2026/08/25 15:36:19 - __main__ - INFO - 703 - trainer - {'Epoch': 7, 'Source Popular-context': 421, 'Source Tail-context': 63, 'Target Popular-context': 375, 'Target Tail-context': 85}
2026/08/25 15:36:23 - __main__ - INFO - 714 - trainer - Epoch: 7
2026/08/25 15:36:23 - __main__ - INFO - 698 - trainer - Group-aware Alignment Batch------------------------------------
2026/08/25 15:36:23 - __main__ - INFO - 703 - trainer - {'Epoch': 8, 'Source Popular-context': 421, 'Source Tail-context': 59, 'Target Popular-context': 368, 'Target Tail-context': 94}
2026/08/25 15:36:27 - __main__ - INFO - 714 - trainer - Epoch: 8
2026/08/25 15:36:27 - __main__ - INFO - 698 - trainer - Group-aware Alignment Batch------------------------------------
2026/08/25 15:36:27 - __main__ - INFO - 703 - trainer - {'Epoch': 9, 'Source Popular-context': 402, 'Source Tail-context': 78, 'Target Popular-context': 378, 'Target Tail-context': 85}
2026/08/25 15:36:32 - __main__ - INFO - 714 - trainer - Epoch: 9
2026/08/25 15:36:32 - __main__ - INFO - 698 - trainer - Group-aware Alignment Batch------------------------------------
2026/08/25 15:36:32 - __main__ - INFO - 703 - trainer - {'Epoch': 10, 'Source Popular-context': 428, 'Source Tail-context': 46, 'Target Popular-context': 374, 'Target Tail-context': 78}
2026/08/25 15:36:36 - __main__ - INFO - 714 - trainer - Epoch: 10
2026/08/25 15:36:36 - __main__ - INFO - 719 - trainer - start predicting: 2026-08-25 15:36:36.808298
2026/08/25 15:36:48 - __main__ - INFO - 756 - trainer - {'Best_HR@5': 48.2227, 'Best_NDCG@5': 36.8793, 'Best_HR@10': 58.877, 'Best_NDCG@10': 40.3294, 'Best_HR@20': 69.4629, 'Best_NDCG@20': 43.0071}
2026/08/25 15:36:48 - __main__ - INFO - 757 - trainer - {'Best_epoch_HR@5': 10, 'Best_epoch_NDCG@5': 10, 'Best_epoch_HR@10': 10, 'Best_epoch_NDCG@10': 10, 'Best_epoch_HR@20': 10, 'Best_epoch_NDCG@20': 10}
2026/08/25 15:36:48 - __main__ - INFO - 698 - trainer - Group-aware Alignment Batch------------------------------------
2026/08/25 15:36:48 - __main__ - INFO - 703 - trainer - {'Epoch': 11, 'Source Popular-context': 413, 'Source Tail-context': 60, 'Target Popular-context': 381, 'Target Tail-context': 85}
2026/08/25 15:36:52 - __main__ - INFO - 714 - trainer - Epoch: 11
2026/08/25 15:36:52 - __main__ - INFO - 698 - trainer - Group-aware Alignment Batch------------------------------------
2026/08/25 15:36:52 - __main__ - INFO - 703 - trainer - {'Epoch': 12, 'Source Popular-context': 424, 'Source Tail-context': 60, 'Target Popular-context': 372, 'Target Tail-context': 80}
2026/08/25 15:36:57 - __main__ - INFO - 714 - trainer - Epoch: 12
2026/08/25 15:36:57 - __main__ - INFO - 698 - trainer - Group-aware Alignment Batch------------------------------------
2026/08/25 15:36:57 - __main__ - INFO - 703 - trainer - {'Epoch': 13, 'Source Popular-context': 411, 'Source Tail-context': 73, 'Target Popular-context': 382, 'Target Tail-context': 79}
2026/08/25 15:37:01 - __main__ - INFO - 714 - trainer - Epoch: 13
2026/08/25 15:37:01 - __main__ - INFO - 698 - trainer - Group-aware Alignment Batch------------------------------------
2026/08/25 15:37:01 - __main__ - INFO - 703 - trainer - {'Epoch': 14, 'Source Popular-context': 423, 'Source Tail-context': 65, 'Target Popular-context': 379, 'Target Tail-context': 94}
2026/08/25 15:37:06 - __main__ - INFO - 714 - trainer - Epoch: 14
2026/08/25 15:37:06 - __main__ - INFO - 698 - trainer - Group-aware Alignment Batch------------------------------------
2026/08/25 15:37:06 - __main__ - INFO - 703 - trainer - {'Epoch': 15, 'Source Popular-context': 422, 'Source Tail-context': 58, 'Target Popular-context': 373, 'Target Tail-context': 98}
2026/08/25 15:37:10 - __main__ - INFO - 714 - trainer - Epoch: 15
2026/08/25 15:37:10 - __main__ - INFO - 719 - trainer - start predicting: 2026-08-25 15:37:10.652944
2026/08/25 15:37:22 - __main__ - INFO - 756 - trainer - {'Best_HR@5': 49.1797, 'Best_NDCG@5': 37.4333, 'Best_HR@10': 60.3223, 'Best_NDCG@10': 41.0498, 'Best_HR@20': 70.4297, 'Best_NDCG@20': 43.6145}
2026/08/25 15:37:22 - __main__ - INFO - 757 - trainer - {'Best_epoch_HR@5': 15, 'Best_epoch_NDCG@5': 15, 'Best_epoch_HR@10': 15, 'Best_epoch_NDCG@10': 15, 'Best_epoch_HR@20': 15, 'Best_epoch_NDCG@20': 15}
2026/08/25 15:37:22 - __main__ - INFO - 698 - trainer - Group-aware Alignment Batch------------------------------------
2026/08/25 15:37:22 - __main__ - INFO - 703 - trainer - {'Epoch': 16, 'Source Popular-context': 403, 'Source Tail-context': 65, 'Target Popular-context': 374, 'Target Tail-context': 89}
2026/08/25 15:37:27 - __main__ - INFO - 714 - trainer - Epoch: 16
2026/08/25 15:37:27 - __main__ - INFO - 698 - trainer - Group-aware Alignment Batch------------------------------------
2026/08/25 15:37:27 - __main__ - INFO - 703 - trainer - {'Epoch': 17, 'Source Popular-context': 423, 'Source Tail-context': 52, 'Target Popular-context': 355, 'Target Tail-context': 109}
2026/08/25 15:37:31 - __main__ - INFO - 714 - trainer - Epoch: 17
2026/08/25 15:37:31 - __main__ - INFO - 698 - trainer - Group-aware Alignment Batch------------------------------------
2026/08/25 15:37:31 - __main__ - INFO - 703 - trainer - {'Epoch': 18, 'Source Popular-context': 413, 'Source Tail-context': 63, 'Target Popular-context': 386, 'Target Tail-context': 85}
2026/08/25 15:37:36 - __main__ - INFO - 714 - trainer - Epoch: 18
2026/08/25 15:37:36 - __main__ - INFO - 698 - trainer - Group-aware Alignment Batch------------------------------------
2026/08/25 15:37:36 - __main__ - INFO - 703 - trainer - {'Epoch': 19, 'Source Popular-context': 402, 'Source Tail-context': 63, 'Target Popular-context': 367, 'Target Tail-context': 94}
2026/08/25 15:37:40 - __main__ - INFO - 714 - trainer - Epoch: 19
2026/08/25 15:37:40 - __main__ - INFO - 698 - trainer - Group-aware Alignment Batch------------------------------------
2026/08/25 15:37:40 - __main__ - INFO - 703 - trainer - {'Epoch': 20, 'Source Popular-context': 409, 'Source Tail-context': 62, 'Target Popular-context': 373, 'Target Tail-context': 82}
2026/08/25 15:37:44 - __main__ - INFO - 714 - trainer - Epoch: 20
2026/08/25 15:37:44 - __main__ - INFO - 719 - trainer - start predicting: 2026-08-25 15:37:44.863092
2026/08/25 15:37:56 - __main__ - INFO - 698 - trainer - Group-aware Alignment Batch------------------------------------
2026/08/25 15:37:56 - __main__ - INFO - 703 - trainer - {'Epoch': 21, 'Source Popular-context': 404, 'Source Tail-context': 63, 'Target Popular-context': 372, 'Target Tail-context': 83}
2026/08/25 15:38:01 - __main__ - INFO - 714 - trainer - Epoch: 21
2026/08/25 15:38:01 - __main__ - INFO - 698 - trainer - Group-aware Alignment Batch------------------------------------
2026/08/25 15:38:01 - __main__ - INFO - 703 - trainer - {'Epoch': 22, 'Source Popular-context': 416, 'Source Tail-context': 59, 'Target Popular-context': 370, 'Target Tail-context': 78}
2026/08/25 15:38:05 - __main__ - INFO - 714 - trainer - Epoch: 22
2026/08/25 15:38:05 - __main__ - INFO - 698 - trainer - Group-aware Alignment Batch------------------------------------
2026/08/25 15:38:05 - __main__ - INFO - 703 - trainer - {'Epoch': 23, 'Source Popular-context': 404, 'Source Tail-context': 69, 'Target Popular-context': 385, 'Target Tail-context': 81}
2026/08/25 15:38:10 - __main__ - INFO - 714 - trainer - Epoch: 23
2026/08/25 15:38:10 - __main__ - INFO - 698 - trainer - Group-aware Alignment Batch------------------------------------
2026/08/25 15:38:10 - __main__ - INFO - 703 - trainer - {'Epoch': 24, 'Source Popular-context': 400, 'Source Tail-context': 74, 'Target Popular-context': 373, 'Target Tail-context': 90}
2026/08/25 15:38:14 - __main__ - INFO - 714 - trainer - Epoch: 24
2026/08/25 15:38:14 - __main__ - INFO - 698 - trainer - Group-aware Alignment Batch------------------------------------
2026/08/25 15:38:14 - __main__ - INFO - 703 - trainer - {'Epoch': 25, 'Source Popular-context': 415, 'Source Tail-context': 50, 'Target Popular-context': 382, 'Target Tail-context': 81}
2026/08/25 15:38:18 - __main__ - INFO - 714 - trainer - Epoch: 25
2026/08/25 15:38:18 - __main__ - INFO - 719 - trainer - start predicting: 2026-08-25 15:38:18.708532
2026/08/25 15:38:30 - __main__ - INFO - 766 - trainer - {'Best_HR@5': 49.1797, 'Best_NDCG@5': 37.4333, 'Best_HR@10': 60.3223, 'Best_NDCG@10': 41.0498, 'Best_HR@20': 70.4297, 'Best_NDCG@20': 43.6145}
2026/08/25 15:38:30 - __main__ - INFO - 767 - trainer - {'Best_epoch_HR@5': 15, 'Best_epoch_NDCG@5': 15, 'Best_epoch_HR@10': 15, 'Best_epoch_NDCG@10': 15, 'Best_epoch_HR@20': 15, 'Best_epoch_NDCG@20': 15}
2026/08/25 15:38:30 - __main__ - INFO - 873 - trainer - Source Popularity Definition---------------------------------------------
2026/08/25 15:38:30 - __main__ - INFO - 878 - trainer - {'domain': 'Source', 'popular_ratio': 0.2, 'observed_train_items': 89276, 'popular_items': 17856, 'unpopular_seen_items': 71420, 'unseen_items_in_test': 'calculated from test ground truth'}
2026/08/25 15:38:37 - __main__ - INFO - 1154 - trainer - %s Test Overall------------------------------------------------------
2026/08/25 15:38:37 - __main__ - INFO - 1158 - trainer - {'HR@5': 49.8753, 'NDCG@5': 38.1821, 'HR@10': 60.4107, 'NDCG@10': 41.608, 'HR@20': 70.1785, 'NDCG@20': 44.0883}
2026/08/25 15:38:37 - __main__ - INFO - 1249 - trainer - Source Test Group Size----------------------------------------------
2026/08/25 15:38:37 - __main__ - INFO - 1254 - trainer - {'domain': 'Source', 'Overall_test_samples': 10422, 'Popular_test_samples': 7854, 'Unpopular_seen_test_samples': 1824, 'Unseen_test_samples': 744, 'Grouped_test_samples': 10422}
2026/08/25 15:38:37 - __main__ - INFO - 1256 - trainer - Source Test Popular Ground Truth-------------------------------------
2026/08/25 15:38:37 - __main__ - INFO - 1261 - trainer - {'HR@5': 65.4826, 'NDCG@5': 50.336, 'HR@10': 78.2022, 'NDCG@10': 54.4832, 'HR@20': 87.9297, 'NDCG@20': 56.9665}
2026/08/25 15:38:37 - __main__ - INFO - 1263 - trainer - Source Test Unpopular-Seen Ground Truth------------------------------
2026/08/25 15:38:37 - __main__ - INFO - 1268 - trainer - {'HR@5': 3.0154, 'NDCG@5': 1.4225, 'HR@10': 8.443, 'NDCG@10': 3.1399, 'HR@20': 22.3684, 'NDCG@20': 6.6193}
2026/08/25 15:38:37 - __main__ - INFO - 1272 - trainer - Source Test Unseen Ground Truth--------------------------------------
2026/08/25 15:38:37 - __main__ - INFO - 1277 - trainer - {'HR@5': 0.0, 'NDCG@5': 0.0, 'HR@10': 0.0, 'NDCG@10': 0.0, 'HR@20': 0.0, 'NDCG@20': 0.0}
2026/08/25 15:38:37 - __main__ - INFO - 1279 - trainer - Source Recommendation Popularity-------------------------------------
2026/08/25 15:38:37 - __main__ - INFO - 1284 - trainer - {'PopularRatio@5': 93.5483, 'PopularRatio@10': 82.1061, 'PopularRatio@20': 61.7319}
2026/08/25 15:38:37 - __main__ - INFO - 1287 - trainer - Best Eval---------------------------------------------------------
2026/08/25 15:38:37 - __main__ - INFO - 1290 - trainer - {'Best_HR@5': 49.1797, 'Best_NDCG@5': 37.4333, 'Best_HR@10': 60.3223, 'Best_NDCG@10': 41.0498, 'Best_HR@20': 70.4297, 'Best_NDCG@20': 43.6145}
2026/08/25 15:38:37 - __main__ - INFO - 1291 - trainer - {'Best_epoch_HR@5': 15, 'Best_epoch_NDCG@5': 15, 'Best_epoch_HR@10': 15, 'Best_epoch_NDCG@10': 15, 'Best_epoch_HR@20': 15, 'Best_epoch_NDCG@20': 15}
2026/08/25 15:38:37 - __main__ - INFO - 505 - trainer - D1 Sample-wise Target Next Regulation
2026/08/25 15:38:37 - __main__ - INFO - 508 - trainer - {'D1': 'Sample-wise Target Next Regulation', 'Popular Next Action': 'Normal', 'Unpopular Next Action': 'Reweight', 'Popular Next Samples': 11526, 'Unpopular Next Samples': 4912, 'Alpha': 0.25, 'Mean Unpopular Raw Weight': 1.0625}
2026/08/25 15:38:38 - __main__ - INFO - 714 - trainer - Epoch: 0
2026/08/25 15:38:38 - __main__ - INFO - 714 - trainer - Epoch: 1
2026/08/25 15:38:38 - __main__ - INFO - 719 - trainer - start predicting: 2026-08-25 15:38:38.826302
2026/08/25 15:38:40 - __main__ - INFO - 756 - trainer - {'Best_HR@5': 7.7148, 'Best_NDCG@5': 4.288, 'Best_HR@10': 14.502, 'Best_NDCG@10': 6.4601, 'Best_HR@20': 29.7852, 'Best_NDCG@20': 10.2942}
2026/08/25 15:38:40 - __main__ - INFO - 757 - trainer - {'Best_epoch_HR@5': 1, 'Best_epoch_NDCG@5': 1, 'Best_epoch_HR@10': 1, 'Best_epoch_NDCG@10': 1, 'Best_epoch_HR@20': 1, 'Best_epoch_NDCG@20': 1}
2026/08/25 15:38:40 - __main__ - INFO - 714 - trainer - Epoch: 2
2026/08/25 15:38:40 - __main__ - INFO - 719 - trainer - start predicting: 2026-08-25 15:38:40.986548
2026/08/25 15:38:42 - __main__ - INFO - 756 - trainer - {'Best_HR@5': 12.6953, 'Best_NDCG@5': 7.9199, 'Best_HR@10': 22.4121, 'Best_NDCG@10': 11.0263, 'Best_HR@20': 37.8906, 'Best_NDCG@20': 14.9214}
2026/08/25 15:38:42 - __main__ - INFO - 757 - trainer - {'Best_epoch_HR@5': 2, 'Best_epoch_NDCG@5': 2, 'Best_epoch_HR@10': 2, 'Best_epoch_NDCG@10': 2, 'Best_epoch_HR@20': 2, 'Best_epoch_NDCG@20': 2}
2026/08/25 15:38:43 - __main__ - INFO - 714 - trainer - Epoch: 3
2026/08/25 15:38:43 - __main__ - INFO - 719 - trainer - start predicting: 2026-08-25 15:38:43.097904
2026/08/25 15:38:44 - __main__ - INFO - 756 - trainer - {'Best_HR@5': 18.2617, 'Best_NDCG@5': 11.8265, 'Best_HR@10': 29.3457, 'Best_NDCG@10': 15.3728, 'Best_HR@20': 45.9961, 'Best_NDCG@20': 19.5679}
2026/08/25 15:38:44 - __main__ - INFO - 757 - trainer - {'Best_epoch_HR@5': 3, 'Best_epoch_NDCG@5': 3, 'Best_epoch_HR@10': 3, 'Best_epoch_NDCG@10': 3, 'Best_epoch_HR@20': 3, 'Best_epoch_NDCG@20': 3}
2026/08/25 15:38:45 - __main__ - INFO - 714 - trainer - Epoch: 4
2026/08/25 15:38:45 - __main__ - INFO - 719 - trainer - start predicting: 2026-08-25 15:38:45.267724
2026/08/25 15:38:46 - __main__ - INFO - 756 - trainer - {'Best_HR@5': 23.2422, 'Best_NDCG@5': 15.5688, 'Best_HR@10': 35.0586, 'Best_NDCG@10': 19.3559, 'Best_HR@20': 50.1465, 'Best_NDCG@20': 23.1618}
2026/08/25 15:38:46 - __main__ - INFO - 757 - trainer - {'Best_epoch_HR@5': 4, 'Best_epoch_NDCG@5': 4, 'Best_epoch_HR@10': 4, 'Best_epoch_NDCG@10': 4, 'Best_epoch_HR@20': 4, 'Best_epoch_NDCG@20': 4}
2026/08/25 15:38:47 - __main__ - INFO - 714 - trainer - Epoch: 5
2026/08/25 15:38:47 - __main__ - INFO - 719 - trainer - start predicting: 2026-08-25 15:38:47.410692
2026/08/25 15:38:49 - __main__ - INFO - 756 - trainer - {'Best_HR@5': 25.5859, 'Best_NDCG@5': 17.7148, 'Best_HR@10': 37.7441, 'Best_NDCG@10': 21.6713, 'Best_HR@20': 53.2227, 'Best_NDCG@20': 25.5585}
2026/08/25 15:38:49 - __main__ - INFO - 757 - trainer - {'Best_epoch_HR@5': 5, 'Best_epoch_NDCG@5': 5, 'Best_epoch_HR@10': 5, 'Best_epoch_NDCG@10': 5, 'Best_epoch_HR@20': 5, 'Best_epoch_NDCG@20': 5}
2026/08/25 15:38:49 - __main__ - INFO - 714 - trainer - Epoch: 6
2026/08/25 15:38:49 - __main__ - INFO - 719 - trainer - start predicting: 2026-08-25 15:38:49.546864
2026/08/25 15:38:51 - __main__ - INFO - 756 - trainer - {'Best_HR@5': 29.6387, 'Best_NDCG@5': 20.7916, 'Best_HR@10': 40.2344, 'Best_NDCG@10': 24.2026, 'Best_HR@20': 55.127, 'Best_NDCG@20': 27.9451}
2026/08/25 15:38:51 - __main__ - INFO - 757 - trainer - {'Best_epoch_HR@5': 6, 'Best_epoch_NDCG@5': 6, 'Best_epoch_HR@10': 6, 'Best_epoch_NDCG@10': 6, 'Best_epoch_HR@20': 6, 'Best_epoch_NDCG@20': 6}
2026/08/25 15:38:51 - __main__ - INFO - 714 - trainer - Epoch: 7
2026/08/25 15:38:51 - __main__ - INFO - 719 - trainer - start predicting: 2026-08-25 15:38:51.690040
2026/08/25 15:38:53 - __main__ - INFO - 756 - trainer - {'Best_HR@5': 31.6406, 'Best_NDCG@5': 22.7065, 'Best_HR@10': 41.6016, 'Best_NDCG@10': 25.938, 'Best_HR@20': 56.25, 'Best_NDCG@20': 29.6099}
2026/08/25 15:38:53 - __main__ - INFO - 757 - trainer - {'Best_epoch_HR@5': 7, 'Best_epoch_NDCG@5': 7, 'Best_epoch_HR@10': 7, 'Best_epoch_NDCG@10': 7, 'Best_epoch_HR@20': 7, 'Best_epoch_NDCG@20': 7}
2026/08/25 15:38:54 - __main__ - INFO - 714 - trainer - Epoch: 8
2026/08/25 15:38:54 - __main__ - INFO - 719 - trainer - start predicting: 2026-08-25 15:38:54.004656
2026/08/25 15:38:55 - __main__ - INFO - 756 - trainer - {'Best_HR@5': 32.8125, 'Best_NDCG@5': 24.6468, 'Best_HR@10': 43.4082, 'Best_NDCG@10': 28.0626, 'Best_HR@20': 57.4219, 'Best_NDCG@20': 31.5866}
2026/08/25 15:38:55 - __main__ - INFO - 757 - trainer - {'Best_epoch_HR@5': 8, 'Best_epoch_NDCG@5': 8, 'Best_epoch_HR@10': 8, 'Best_epoch_NDCG@10': 8, 'Best_epoch_HR@20': 8, 'Best_epoch_NDCG@20': 8}
2026/08/25 15:38:56 - __main__ - INFO - 714 - trainer - Epoch: 9
2026/08/25 15:38:56 - __main__ - INFO - 719 - trainer - start predicting: 2026-08-25 15:38:56.100120
2026/08/25 15:38:57 - __main__ - INFO - 756 - trainer - {'Best_HR@5': 34.2285, 'Best_NDCG@5': 25.5271, 'Best_HR@10': 43.8477, 'Best_NDCG@10': 28.6597, 'Best_HR@20': 57.7637, 'Best_NDCG@20': 32.1734}
2026/08/25 15:38:57 - __main__ - INFO - 757 - trainer - {'Best_epoch_HR@5': 9, 'Best_epoch_NDCG@5': 9, 'Best_epoch_HR@10': 9, 'Best_epoch_NDCG@10': 9, 'Best_epoch_HR@20': 9, 'Best_epoch_NDCG@20': 9}
2026/08/25 15:38:58 - __main__ - INFO - 714 - trainer - Epoch: 10
2026/08/25 15:38:58 - __main__ - INFO - 719 - trainer - start predicting: 2026-08-25 15:38:58.178608
2026/08/25 15:38:59 - __main__ - INFO - 756 - trainer - {'Best_HR@5': 35.3516, 'Best_NDCG@5': 26.5606, 'Best_HR@10': 45.2148, 'Best_NDCG@10': 29.7162, 'Best_HR@20': 58.3984, 'Best_NDCG@20': 33.0382}
2026/08/25 15:38:59 - __main__ - INFO - 757 - trainer - {'Best_epoch_HR@5': 10, 'Best_epoch_NDCG@5': 10, 'Best_epoch_HR@10': 10, 'Best_epoch_NDCG@10': 10, 'Best_epoch_HR@20': 10, 'Best_epoch_NDCG@20': 10}
2026/08/25 15:39:00 - __main__ - INFO - 714 - trainer - Epoch: 11
2026/08/25 15:39:00 - __main__ - INFO - 719 - trainer - start predicting: 2026-08-25 15:39:00.271438
2026/08/25 15:39:01 - __main__ - INFO - 756 - trainer - {'Best_HR@5': 35.6934, 'Best_NDCG@5': 26.7599, 'Best_HR@10': 45.9473, 'Best_NDCG@10': 30.0928, 'Best_HR@20': 59.4238, 'Best_NDCG@20': 33.4937}
2026/08/25 15:39:01 - __main__ - INFO - 757 - trainer - {'Best_epoch_HR@5': 11, 'Best_epoch_NDCG@5': 11, 'Best_epoch_HR@10': 11, 'Best_epoch_NDCG@10': 11, 'Best_epoch_HR@20': 11, 'Best_epoch_NDCG@20': 11}
2026/08/25 15:39:02 - __main__ - INFO - 714 - trainer - Epoch: 12
2026/08/25 15:39:02 - __main__ - INFO - 719 - trainer - start predicting: 2026-08-25 15:39:02.366233
2026/08/25 15:39:03 - __main__ - INFO - 756 - trainer - {'Best_HR@5': 36.084, 'Best_NDCG@5': 26.8284, 'Best_HR@10': 47.2656, 'Best_NDCG@10': 30.4383, 'Best_HR@20': 59.668, 'Best_NDCG@20': 33.5631}
2026/08/25 15:39:03 - __main__ - INFO - 757 - trainer - {'Best_epoch_HR@5': 12, 'Best_epoch_NDCG@5': 12, 'Best_epoch_HR@10': 12, 'Best_epoch_NDCG@10': 12, 'Best_epoch_HR@20': 12, 'Best_epoch_NDCG@20': 12}
2026/08/25 15:39:04 - __main__ - INFO - 714 - trainer - Epoch: 13
2026/08/25 15:39:04 - __main__ - INFO - 719 - trainer - start predicting: 2026-08-25 15:39:04.485675
2026/08/25 15:39:06 - __main__ - INFO - 756 - trainer - {'Best_HR@5': 37.0117, 'Best_NDCG@5': 27.3609, 'Best_HR@10': 47.2656, 'Best_NDCG@10': 30.6375, 'Best_HR@20': 59.668, 'Best_NDCG@20': 33.7558}
2026/08/25 15:39:06 - __main__ - INFO - 757 - trainer - {'Best_epoch_HR@5': 13, 'Best_epoch_NDCG@5': 13, 'Best_epoch_HR@10': 12, 'Best_epoch_NDCG@10': 13, 'Best_epoch_HR@20': 12, 'Best_epoch_NDCG@20': 13}
2026/08/25 15:39:06 - __main__ - INFO - 714 - trainer - Epoch: 14
2026/08/25 15:39:06 - __main__ - INFO - 719 - trainer - start predicting: 2026-08-25 15:39:06.549407
2026/08/25 15:39:08 - __main__ - INFO - 756 - trainer - {'Best_HR@5': 37.8418, 'Best_NDCG@5': 27.6988, 'Best_HR@10': 47.3633, 'Best_NDCG@10': 30.7892, 'Best_HR@20': 59.8145, 'Best_NDCG@20': 33.9084}
2026/08/25 15:39:08 - __main__ - INFO - 757 - trainer - {'Best_epoch_HR@5': 14, 'Best_epoch_NDCG@5': 14, 'Best_epoch_HR@10': 14, 'Best_epoch_NDCG@10': 14, 'Best_epoch_HR@20': 14, 'Best_epoch_NDCG@20': 14}
2026/08/25 15:39:08 - __main__ - INFO - 714 - trainer - Epoch: 15
2026/08/25 15:39:08 - __main__ - INFO - 719 - trainer - start predicting: 2026-08-25 15:39:08.621916
2026/08/25 15:39:10 - __main__ - INFO - 756 - trainer - {'Best_HR@5': 37.8418, 'Best_NDCG@5': 27.6988, 'Best_HR@10': 47.9004, 'Best_NDCG@10': 31.138, 'Best_HR@20': 60.1074, 'Best_NDCG@20': 34.2032}
2026/08/25 15:39:10 - __main__ - INFO - 757 - trainer - {'Best_epoch_HR@5': 14, 'Best_epoch_NDCG@5': 14, 'Best_epoch_HR@10': 15, 'Best_epoch_NDCG@10': 15, 'Best_epoch_HR@20': 15, 'Best_epoch_NDCG@20': 15}
2026/08/25 15:39:10 - __main__ - INFO - 714 - trainer - Epoch: 16
2026/08/25 15:39:10 - __main__ - INFO - 719 - trainer - start predicting: 2026-08-25 15:39:10.756044
2026/08/25 15:39:12 - __main__ - INFO - 756 - trainer - {'Best_HR@5': 37.8418, 'Best_NDCG@5': 27.901, 'Best_HR@10': 47.9004, 'Best_NDCG@10': 31.1467, 'Best_HR@20': 60.3516, 'Best_NDCG@20': 34.2946}
2026/08/25 15:39:12 - __main__ - INFO - 757 - trainer - {'Best_epoch_HR@5': 14, 'Best_epoch_NDCG@5': 16, 'Best_epoch_HR@10': 15, 'Best_epoch_NDCG@10': 16, 'Best_epoch_HR@20': 16, 'Best_epoch_NDCG@20': 16}
2026/08/25 15:39:12 - __main__ - INFO - 714 - trainer - Epoch: 17
2026/08/25 15:39:12 - __main__ - INFO - 719 - trainer - start predicting: 2026-08-25 15:39:12.938508
2026/08/25 15:39:15 - __main__ - INFO - 714 - trainer - Epoch: 18
2026/08/25 15:39:15 - __main__ - INFO - 719 - trainer - start predicting: 2026-08-25 15:39:15.034989
2026/08/25 15:39:16 - __main__ - INFO - 756 - trainer - {'Best_HR@5': 38.1836, 'Best_NDCG@5': 27.901, 'Best_HR@10': 47.998, 'Best_NDCG@10': 31.1467, 'Best_HR@20': 60.3516, 'Best_NDCG@20': 34.2946}
2026/08/25 15:39:16 - __main__ - INFO - 757 - trainer - {'Best_epoch_HR@5': 18, 'Best_epoch_NDCG@5': 16, 'Best_epoch_HR@10': 18, 'Best_epoch_NDCG@10': 16, 'Best_epoch_HR@20': 16, 'Best_epoch_NDCG@20': 16}
2026/08/25 15:39:17 - __main__ - INFO - 714 - trainer - Epoch: 19
2026/08/25 15:39:17 - __main__ - INFO - 719 - trainer - start predicting: 2026-08-25 15:39:17.145787
2026/08/25 15:39:18 - __main__ - INFO - 756 - trainer - {'Best_HR@5': 38.1836, 'Best_NDCG@5': 27.901, 'Best_HR@10': 48.1445, 'Best_NDCG@10': 31.1467, 'Best_HR@20': 60.4004, 'Best_NDCG@20': 34.2946}
2026/08/25 15:39:18 - __main__ - INFO - 757 - trainer - {'Best_epoch_HR@5': 18, 'Best_epoch_NDCG@5': 16, 'Best_epoch_HR@10': 19, 'Best_epoch_NDCG@10': 16, 'Best_epoch_HR@20': 19, 'Best_epoch_NDCG@20': 16}
2026/08/25 15:39:19 - __main__ - INFO - 714 - trainer - Epoch: 20
2026/08/25 15:39:19 - __main__ - INFO - 719 - trainer - start predicting: 2026-08-25 15:39:19.267545
2026/08/25 15:39:20 - __main__ - INFO - 756 - trainer - {'Best_HR@5': 38.1836, 'Best_NDCG@5': 27.901, 'Best_HR@10': 48.6328, 'Best_NDCG@10': 31.1467, 'Best_HR@20': 60.4004, 'Best_NDCG@20': 34.2946}
2026/08/25 15:39:20 - __main__ - INFO - 757 - trainer - {'Best_epoch_HR@5': 18, 'Best_epoch_NDCG@5': 16, 'Best_epoch_HR@10': 20, 'Best_epoch_NDCG@10': 16, 'Best_epoch_HR@20': 19, 'Best_epoch_NDCG@20': 16}
2026/08/25 15:39:21 - __main__ - INFO - 714 - trainer - Epoch: 21
2026/08/25 15:39:21 - __main__ - INFO - 719 - trainer - start predicting: 2026-08-25 15:39:21.347431
2026/08/25 15:39:22 - __main__ - INFO - 756 - trainer - {'Best_HR@5': 38.7695, 'Best_NDCG@5': 27.901, 'Best_HR@10': 48.6328, 'Best_NDCG@10': 31.1467, 'Best_HR@20': 60.4004, 'Best_NDCG@20': 34.2946}
2026/08/25 15:39:22 - __main__ - INFO - 757 - trainer - {'Best_epoch_HR@5': 21, 'Best_epoch_NDCG@5': 16, 'Best_epoch_HR@10': 20, 'Best_epoch_NDCG@10': 16, 'Best_epoch_HR@20': 19, 'Best_epoch_NDCG@20': 16}
2026/08/25 15:39:23 - __main__ - INFO - 714 - trainer - Epoch: 22
2026/08/25 15:39:23 - __main__ - INFO - 719 - trainer - start predicting: 2026-08-25 15:39:23.469131
2026/08/25 15:39:25 - __main__ - INFO - 714 - trainer - Epoch: 23
2026/08/25 15:39:25 - __main__ - INFO - 719 - trainer - start predicting: 2026-08-25 15:39:25.569182
2026/08/25 15:39:27 - __main__ - INFO - 714 - trainer - Epoch: 24
2026/08/25 15:39:27 - __main__ - INFO - 719 - trainer - start predicting: 2026-08-25 15:39:27.694915
2026/08/25 15:39:29 - __main__ - INFO - 714 - trainer - Epoch: 25
2026/08/25 15:39:29 - __main__ - INFO - 719 - trainer - start predicting: 2026-08-25 15:39:29.789070
2026/08/25 15:39:31 - __main__ - INFO - 714 - trainer - Epoch: 26
2026/08/25 15:39:32 - __main__ - INFO - 719 - trainer - start predicting: 2026-08-25 15:39:32.000051
2026/08/25 15:39:33 - __main__ - INFO - 766 - trainer - {'Best_HR@5': 38.7695, 'Best_NDCG@5': 27.901, 'Best_HR@10': 48.6328, 'Best_NDCG@10': 31.1467, 'Best_HR@20': 60.4004, 'Best_NDCG@20': 34.2946}
2026/08/25 15:39:33 - __main__ - INFO - 767 - trainer - {'Best_epoch_HR@5': 21, 'Best_epoch_NDCG@5': 16, 'Best_epoch_HR@10': 20, 'Best_epoch_NDCG@10': 16, 'Best_epoch_HR@20': 19, 'Best_epoch_NDCG@20': 16}
2026/08/25 15:39:33 - __main__ - INFO - 873 - trainer - Target Popularity Definition---------------------------------------------
2026/08/25 15:39:33 - __main__ - INFO - 878 - trainer - {'domain': 'Target', 'popular_ratio': 0.2, 'observed_train_items': 21856, 'popular_items': 4372, 'unpopular_seen_items': 17484, 'unseen_items_in_test': 'calculated from test ground truth'}
2026/08/25 15:39:35 - __main__ - INFO - 1154 - trainer - %s Test Overall------------------------------------------------------
2026/08/25 15:39:35 - __main__ - INFO - 1158 - trainer - {'HR@5': 38.7646, 'NDCG@5': 28.6795, 'HR@10': 50.0486, 'NDCG@10': 32.3324, 'HR@20': 61.9163, 'NDCG@20': 35.3245}
2026/08/25 15:39:35 - __main__ - INFO - 1249 - trainer - Target Test Group Size----------------------------------------------
2026/08/25 15:39:35 - __main__ - INFO - 1254 - trainer - {'domain': 'Target', 'Overall_test_samples': 2056, 'Popular_test_samples': 1372, 'Unpopular_seen_test_samples': 505, 'Unseen_test_samples': 179, 'Grouped_test_samples': 2056}
2026/08/25 15:39:35 - __main__ - INFO - 1256 - trainer - Target Test Popular Ground Truth-------------------------------------
2026/08/25 15:39:35 - __main__ - INFO - 1261 - trainer - {'HR@5': 56.3411, 'NDCG@5': 42.0282, 'HR@10': 70.7726, 'NDCG@10': 46.7264, 'HR@20': 83.0175, 'NDCG@20': 49.8116}
2026/08/25 15:39:35 - __main__ - INFO - 1263 - trainer - Target Test Unpopular-Seen Ground Truth------------------------------
2026/08/25 15:39:35 - __main__ - INFO - 1268 - trainer - {'HR@5': 4.7525, 'NDCG@5': 2.5791, 'HR@10': 11.4851, 'NDCG@10': 4.6864, 'HR@20': 26.5347, 'NDCG@20': 8.4866}
2026/08/25 15:39:35 - __main__ - INFO - 1272 - trainer - Target Test Unseen Ground Truth--------------------------------------
2026/08/25 15:39:35 - __main__ - INFO - 1277 - trainer - {'HR@5': 0.0, 'NDCG@5': 0.0, 'HR@10': 0.0, 'NDCG@10': 0.0, 'HR@20': 0.0, 'NDCG@20': 0.0}
2026/08/25 15:39:35 - __main__ - INFO - 1279 - trainer - Target Recommendation Popularity-------------------------------------
2026/08/25 15:39:35 - __main__ - INFO - 1284 - trainer - {'PopularRatio@5': 87.7432, 'PopularRatio@10': 73.6965, 'PopularRatio@20': 56.25}
2026/08/25 15:39:35 - __main__ - INFO - 1287 - trainer - Best Eval---------------------------------------------------------
2026/08/25 15:39:35 - __main__ - INFO - 1290 - trainer - {'Best_HR@5': 38.7695, 'Best_NDCG@5': 27.901, 'Best_HR@10': 48.6328, 'Best_NDCG@10': 31.1467, 'Best_HR@20': 60.4004, 'Best_NDCG@20': 34.2946}
2026/08/25 15:39:35 - __main__ - INFO - 1291 - trainer - {'Best_epoch_HR@5': 21, 'Best_epoch_NDCG@5': 16, 'Best_epoch_HR@10': 20, 'Best_epoch_NDCG@10': 16, 'Best_epoch_HR@20': 19, 'Best_epoch_NDCG@20': 16}
2026/08/25 15:39:35 - __main__ - INFO - 179 - main - Target model saved at: ./saved_model/movie_video/target_model.pth
