2026/08/20 11:44:55 - __main__ - INFO - 92 - main - Namespace(batch_size=512, decay_step=100, description='Diffu_norm_score', device='cuda', diffusion_steps=32, dropout=0.1, emb_dropout=0.3, epochs=100, eval_interval=5, gamma=0.1, group_alignment=1, group_alignment_mode='both', group_context_threshold=0.5, group_pop_weight=1.0, group_tail_weight=1.0, hidden_act='gelu', hidden_size=128, lambda_uncertainty=0.001, log_file='log/', loss_lambda=1, lr=0.001, max_len=8, metric_ks=[5, 10, 20], momentum=None, noise_schedule='trunc_lin', num_blocks=4, num_gpu=1, optimizer='Adam', p=0.3, patience=2, popular_ratio=0.2, random_seed=1997, rescale_timesteps=True, s_dataset='movie', schedule_sampler_name='lossaware', t_dataset='video', target_next_reweight_alpha=1.0, target_next_rule_reweight=1, w=1.0, weight_decay=0)
2026/08/20 11:44:59 - __main__ - INFO - 496 - trainer - Group-aware Alignment Definition------------------------------------
2026/08/20 11:44:59 - __main__ - INFO - 500 - trainer - {'group_alignment': True, 'alignment_mode': 'both', 'context_threshold': 0.5, 'popular_weight': 1.0, 'tail_weight': 1.0, 'source_popular_items': 17856, 'target_popular_items': 4372}
2026/08/20 11:44:59 - __main__ - INFO - 632 - trainer - Group-aware Alignment Batch------------------------------------
2026/08/20 11:44:59 - __main__ - INFO - 637 - trainer - {'Epoch': 0, 'Source Popular-context': 407, 'Source Tail-context': 75, 'Target Popular-context': 379, 'Target Tail-context': 87}
2026/08/20 11:45:04 - __main__ - INFO - 648 - trainer - Epoch: 0
2026/08/20 11:45:04 - __main__ - INFO - 632 - trainer - Group-aware Alignment Batch------------------------------------
2026/08/20 11:45:04 - __main__ - INFO - 637 - trainer - {'Epoch': 1, 'Source Popular-context': 394, 'Source Tail-context': 77, 'Target Popular-context': 372, 'Target Tail-context': 83}
2026/08/20 11:45:08 - __main__ - INFO - 648 - trainer - Epoch: 1
2026/08/20 11:45:08 - __main__ - INFO - 632 - trainer - Group-aware Alignment Batch------------------------------------
2026/08/20 11:45:08 - __main__ - INFO - 637 - trainer - {'Epoch': 2, 'Source Popular-context': 393, 'Source Tail-context': 73, 'Target Popular-context': 387, 'Target Tail-context': 77}
2026/08/20 11:45:13 - __main__ - INFO - 648 - trainer - Epoch: 2
2026/08/20 11:45:13 - __main__ - INFO - 632 - trainer - Group-aware Alignment Batch------------------------------------
2026/08/20 11:45:13 - __main__ - INFO - 637 - trainer - {'Epoch': 3, 'Source Popular-context': 409, 'Source Tail-context': 56, 'Target Popular-context': 342, 'Target Tail-context': 98}
2026/08/20 11:45:17 - __main__ - INFO - 648 - trainer - Epoch: 3
2026/08/20 11:45:17 - __main__ - INFO - 632 - trainer - Group-aware Alignment Batch------------------------------------
2026/08/20 11:45:17 - __main__ - INFO - 637 - trainer - {'Epoch': 4, 'Source Popular-context': 418, 'Source Tail-context': 59, 'Target Popular-context': 370, 'Target Tail-context': 79}
2026/08/20 11:45:22 - __main__ - INFO - 648 - trainer - Epoch: 4
2026/08/20 11:45:22 - __main__ - INFO - 632 - trainer - Group-aware Alignment Batch------------------------------------
2026/08/20 11:45:22 - __main__ - INFO - 637 - trainer - {'Epoch': 5, 'Source Popular-context': 403, 'Source Tail-context': 59, 'Target Popular-context': 368, 'Target Tail-context': 85}
2026/08/20 11:45:26 - __main__ - INFO - 648 - trainer - Epoch: 5
2026/08/20 11:45:26 - __main__ - INFO - 653 - trainer - start predicting: 2026-08-20 11:45:26.351686
2026/08/20 11:45:37 - __main__ - INFO - 690 - trainer - {'Best_HR@5': 38.6621, 'Best_NDCG@5': 29.8305, 'Best_HR@10': 49.1016, 'Best_NDCG@10': 33.2054, 'Best_HR@20': 61.8359, 'Best_NDCG@20': 36.4132}
2026/08/20 11:45:37 - __main__ - INFO - 691 - trainer - {'Best_epoch_HR@5': 5, 'Best_epoch_NDCG@5': 5, 'Best_epoch_HR@10': 5, 'Best_epoch_NDCG@10': 5, 'Best_epoch_HR@20': 5, 'Best_epoch_NDCG@20': 5}
2026/08/20 11:45:38 - __main__ - INFO - 632 - trainer - Group-aware Alignment Batch------------------------------------
2026/08/20 11:45:38 - __main__ - INFO - 637 - trainer - {'Epoch': 6, 'Source Popular-context': 423, 'Source Tail-context': 54, 'Target Popular-context': 362, 'Target Tail-context': 95}
2026/08/20 11:45:42 - __main__ - INFO - 648 - trainer - Epoch: 6
2026/08/20 11:45:42 - __main__ - INFO - 632 - trainer - Group-aware Alignment Batch------------------------------------
2026/08/20 11:45:42 - __main__ - INFO - 637 - trainer - {'Epoch': 7, 'Source Popular-context': 421, 'Source Tail-context': 63, 'Target Popular-context': 375, 'Target Tail-context': 85}
2026/08/20 11:45:47 - __main__ - INFO - 648 - trainer - Epoch: 7
2026/08/20 11:45:47 - __main__ - INFO - 632 - trainer - Group-aware Alignment Batch------------------------------------
2026/08/20 11:45:47 - __main__ - INFO - 637 - trainer - {'Epoch': 8, 'Source Popular-context': 421, 'Source Tail-context': 59, 'Target Popular-context': 368, 'Target Tail-context': 94}
2026/08/20 11:45:51 - __main__ - INFO - 648 - trainer - Epoch: 8
2026/08/20 11:45:51 - __main__ - INFO - 632 - trainer - Group-aware Alignment Batch------------------------------------
2026/08/20 11:45:51 - __main__ - INFO - 637 - trainer - {'Epoch': 9, 'Source Popular-context': 402, 'Source Tail-context': 78, 'Target Popular-context': 378, 'Target Tail-context': 85}
2026/08/20 11:45:56 - __main__ - INFO - 648 - trainer - Epoch: 9
2026/08/20 11:45:56 - __main__ - INFO - 632 - trainer - Group-aware Alignment Batch------------------------------------
2026/08/20 11:45:56 - __main__ - INFO - 637 - trainer - {'Epoch': 10, 'Source Popular-context': 428, 'Source Tail-context': 46, 'Target Popular-context': 374, 'Target Tail-context': 78}
2026/08/20 11:46:00 - __main__ - INFO - 648 - trainer - Epoch: 10
2026/08/20 11:46:00 - __main__ - INFO - 653 - trainer - start predicting: 2026-08-20 11:46:00.563868
2026/08/20 11:46:11 - __main__ - INFO - 690 - trainer - {'Best_HR@5': 48.2227, 'Best_NDCG@5': 36.8793, 'Best_HR@10': 58.877, 'Best_NDCG@10': 40.3294, 'Best_HR@20': 69.4629, 'Best_NDCG@20': 43.0071}
2026/08/20 11:46:11 - __main__ - INFO - 691 - trainer - {'Best_epoch_HR@5': 10, 'Best_epoch_NDCG@5': 10, 'Best_epoch_HR@10': 10, 'Best_epoch_NDCG@10': 10, 'Best_epoch_HR@20': 10, 'Best_epoch_NDCG@20': 10}
2026/08/20 11:46:12 - __main__ - INFO - 632 - trainer - Group-aware Alignment Batch------------------------------------
2026/08/20 11:46:12 - __main__ - INFO - 637 - trainer - {'Epoch': 11, 'Source Popular-context': 413, 'Source Tail-context': 60, 'Target Popular-context': 381, 'Target Tail-context': 85}
2026/08/20 11:46:16 - __main__ - INFO - 648 - trainer - Epoch: 11
2026/08/20 11:46:16 - __main__ - INFO - 632 - trainer - Group-aware Alignment Batch------------------------------------
2026/08/20 11:46:16 - __main__ - INFO - 637 - trainer - {'Epoch': 12, 'Source Popular-context': 424, 'Source Tail-context': 60, 'Target Popular-context': 372, 'Target Tail-context': 80}
2026/08/20 11:46:21 - __main__ - INFO - 648 - trainer - Epoch: 12
2026/08/20 11:46:21 - __main__ - INFO - 632 - trainer - Group-aware Alignment Batch------------------------------------
2026/08/20 11:46:21 - __main__ - INFO - 637 - trainer - {'Epoch': 13, 'Source Popular-context': 411, 'Source Tail-context': 73, 'Target Popular-context': 382, 'Target Tail-context': 79}
2026/08/20 11:46:26 - __main__ - INFO - 648 - trainer - Epoch: 13
2026/08/20 11:46:26 - __main__ - INFO - 632 - trainer - Group-aware Alignment Batch------------------------------------
2026/08/20 11:46:26 - __main__ - INFO - 637 - trainer - {'Epoch': 14, 'Source Popular-context': 423, 'Source Tail-context': 65, 'Target Popular-context': 379, 'Target Tail-context': 94}
2026/08/20 11:46:30 - __main__ - INFO - 648 - trainer - Epoch: 14
2026/08/20 11:46:30 - __main__ - INFO - 632 - trainer - Group-aware Alignment Batch------------------------------------
2026/08/20 11:46:30 - __main__ - INFO - 637 - trainer - {'Epoch': 15, 'Source Popular-context': 422, 'Source Tail-context': 58, 'Target Popular-context': 373, 'Target Tail-context': 98}
2026/08/20 11:46:34 - __main__ - INFO - 648 - trainer - Epoch: 15
2026/08/20 11:46:34 - __main__ - INFO - 653 - trainer - start predicting: 2026-08-20 11:46:34.708276
2026/08/20 11:46:46 - __main__ - INFO - 690 - trainer - {'Best_HR@5': 49.1797, 'Best_NDCG@5': 37.4333, 'Best_HR@10': 60.3223, 'Best_NDCG@10': 41.0498, 'Best_HR@20': 70.4297, 'Best_NDCG@20': 43.6145}
2026/08/20 11:46:46 - __main__ - INFO - 691 - trainer - {'Best_epoch_HR@5': 15, 'Best_epoch_NDCG@5': 15, 'Best_epoch_HR@10': 15, 'Best_epoch_NDCG@10': 15, 'Best_epoch_HR@20': 15, 'Best_epoch_NDCG@20': 15}
2026/08/20 11:46:46 - __main__ - INFO - 632 - trainer - Group-aware Alignment Batch------------------------------------
2026/08/20 11:46:46 - __main__ - INFO - 637 - trainer - {'Epoch': 16, 'Source Popular-context': 403, 'Source Tail-context': 65, 'Target Popular-context': 374, 'Target Tail-context': 89}
2026/08/20 11:46:51 - __main__ - INFO - 648 - trainer - Epoch: 16
2026/08/20 11:46:51 - __main__ - INFO - 632 - trainer - Group-aware Alignment Batch------------------------------------
2026/08/20 11:46:51 - __main__ - INFO - 637 - trainer - {'Epoch': 17, 'Source Popular-context': 423, 'Source Tail-context': 52, 'Target Popular-context': 355, 'Target Tail-context': 109}
2026/08/20 11:46:56 - __main__ - INFO - 648 - trainer - Epoch: 17
2026/08/20 11:46:56 - __main__ - INFO - 632 - trainer - Group-aware Alignment Batch------------------------------------
2026/08/20 11:46:56 - __main__ - INFO - 637 - trainer - {'Epoch': 18, 'Source Popular-context': 413, 'Source Tail-context': 63, 'Target Popular-context': 386, 'Target Tail-context': 85}
2026/08/20 11:47:00 - __main__ - INFO - 648 - trainer - Epoch: 18
2026/08/20 11:47:00 - __main__ - INFO - 632 - trainer - Group-aware Alignment Batch------------------------------------
2026/08/20 11:47:00 - __main__ - INFO - 637 - trainer - {'Epoch': 19, 'Source Popular-context': 402, 'Source Tail-context': 63, 'Target Popular-context': 367, 'Target Tail-context': 94}
2026/08/20 11:47:04 - __main__ - INFO - 648 - trainer - Epoch: 19
2026/08/20 11:47:04 - __main__ - INFO - 632 - trainer - Group-aware Alignment Batch------------------------------------
2026/08/20 11:47:04 - __main__ - INFO - 637 - trainer - {'Epoch': 20, 'Source Popular-context': 409, 'Source Tail-context': 62, 'Target Popular-context': 373, 'Target Tail-context': 82}
2026/08/20 11:47:08 - __main__ - INFO - 648 - trainer - Epoch: 20
2026/08/20 11:47:08 - __main__ - INFO - 653 - trainer - start predicting: 2026-08-20 11:47:08.788306
2026/08/20 11:47:20 - __main__ - INFO - 632 - trainer - Group-aware Alignment Batch------------------------------------
2026/08/20 11:47:20 - __main__ - INFO - 637 - trainer - {'Epoch': 21, 'Source Popular-context': 404, 'Source Tail-context': 63, 'Target Popular-context': 372, 'Target Tail-context': 83}
2026/08/20 11:47:24 - __main__ - INFO - 648 - trainer - Epoch: 21
2026/08/20 11:47:24 - __main__ - INFO - 632 - trainer - Group-aware Alignment Batch------------------------------------
2026/08/20 11:47:24 - __main__ - INFO - 637 - trainer - {'Epoch': 22, 'Source Popular-context': 416, 'Source Tail-context': 59, 'Target Popular-context': 370, 'Target Tail-context': 78}
2026/08/20 11:47:29 - __main__ - INFO - 648 - trainer - Epoch: 22
2026/08/20 11:47:29 - __main__ - INFO - 632 - trainer - Group-aware Alignment Batch------------------------------------
2026/08/20 11:47:29 - __main__ - INFO - 637 - trainer - {'Epoch': 23, 'Source Popular-context': 404, 'Source Tail-context': 69, 'Target Popular-context': 385, 'Target Tail-context': 81}
2026/08/20 11:47:33 - __main__ - INFO - 648 - trainer - Epoch: 23
2026/08/20 11:47:33 - __main__ - INFO - 632 - trainer - Group-aware Alignment Batch------------------------------------
2026/08/20 11:47:33 - __main__ - INFO - 637 - trainer - {'Epoch': 24, 'Source Popular-context': 400, 'Source Tail-context': 74, 'Target Popular-context': 373, 'Target Tail-context': 90}
2026/08/20 11:47:38 - __main__ - INFO - 648 - trainer - Epoch: 24
2026/08/20 11:47:38 - __main__ - INFO - 632 - trainer - Group-aware Alignment Batch------------------------------------
2026/08/20 11:47:38 - __main__ - INFO - 637 - trainer - {'Epoch': 25, 'Source Popular-context': 415, 'Source Tail-context': 50, 'Target Popular-context': 382, 'Target Tail-context': 81}
2026/08/20 11:47:42 - __main__ - INFO - 648 - trainer - Epoch: 25
2026/08/20 11:47:42 - __main__ - INFO - 653 - trainer - start predicting: 2026-08-20 11:47:42.733175
2026/08/20 11:47:54 - __main__ - INFO - 700 - trainer - {'Best_HR@5': 49.1797, 'Best_NDCG@5': 37.4333, 'Best_HR@10': 60.3223, 'Best_NDCG@10': 41.0498, 'Best_HR@20': 70.4297, 'Best_NDCG@20': 43.6145}
2026/08/20 11:47:54 - __main__ - INFO - 701 - trainer - {'Best_epoch_HR@5': 15, 'Best_epoch_NDCG@5': 15, 'Best_epoch_HR@10': 15, 'Best_epoch_NDCG@10': 15, 'Best_epoch_HR@20': 15, 'Best_epoch_NDCG@20': 15}
2026/08/20 11:47:54 - __main__ - INFO - 807 - trainer - Source Popularity Definition---------------------------------------------
2026/08/20 11:47:54 - __main__ - INFO - 812 - trainer - {'domain': 'Source', 'popular_ratio': 0.2, 'observed_train_items': 89276, 'popular_items': 17856, 'unpopular_seen_items': 71420, 'unseen_items_in_test': 'calculated from test ground truth'}
2026/08/20 11:48:01 - __main__ - INFO - 1088 - trainer - %s Test Overall------------------------------------------------------
2026/08/20 11:48:01 - __main__ - INFO - 1092 - trainer - {'HR@5': 49.8753, 'NDCG@5': 38.1821, 'HR@10': 60.4107, 'NDCG@10': 41.608, 'HR@20': 70.1785, 'NDCG@20': 44.0883}
2026/08/20 11:48:01 - __main__ - INFO - 1183 - trainer - Source Test Group Size----------------------------------------------
2026/08/20 11:48:01 - __main__ - INFO - 1188 - trainer - {'domain': 'Source', 'Overall_test_samples': 10422, 'Popular_test_samples': 7854, 'Unpopular_seen_test_samples': 1824, 'Unseen_test_samples': 744, 'Grouped_test_samples': 10422}
2026/08/20 11:48:01 - __main__ - INFO - 1190 - trainer - Source Test Popular Ground Truth-------------------------------------
2026/08/20 11:48:01 - __main__ - INFO - 1195 - trainer - {'HR@5': 65.4826, 'NDCG@5': 50.336, 'HR@10': 78.2022, 'NDCG@10': 54.4832, 'HR@20': 87.9297, 'NDCG@20': 56.9665}
2026/08/20 11:48:01 - __main__ - INFO - 1197 - trainer - Source Test Unpopular-Seen Ground Truth------------------------------
2026/08/20 11:48:01 - __main__ - INFO - 1202 - trainer - {'HR@5': 3.0154, 'NDCG@5': 1.4225, 'HR@10': 8.443, 'NDCG@10': 3.1399, 'HR@20': 22.3684, 'NDCG@20': 6.6193}
2026/08/20 11:48:01 - __main__ - INFO - 1206 - trainer - Source Test Unseen Ground Truth--------------------------------------
2026/08/20 11:48:01 - __main__ - INFO - 1211 - trainer - {'HR@5': 0.0, 'NDCG@5': 0.0, 'HR@10': 0.0, 'NDCG@10': 0.0, 'HR@20': 0.0, 'NDCG@20': 0.0}
2026/08/20 11:48:01 - __main__ - INFO - 1213 - trainer - Source Recommendation Popularity-------------------------------------
2026/08/20 11:48:01 - __main__ - INFO - 1218 - trainer - {'PopularRatio@5': 93.5483, 'PopularRatio@10': 82.1061, 'PopularRatio@20': 61.7319}
2026/08/20 11:48:01 - __main__ - INFO - 1221 - trainer - Best Eval---------------------------------------------------------
2026/08/20 11:48:01 - __main__ - INFO - 1224 - trainer - {'Best_HR@5': 49.1797, 'Best_NDCG@5': 37.4333, 'Best_HR@10': 60.3223, 'Best_NDCG@10': 41.0498, 'Best_HR@20': 70.4297, 'Best_NDCG@20': 43.6145}
2026/08/20 11:48:01 - __main__ - INFO - 1225 - trainer - {'Best_epoch_HR@5': 15, 'Best_epoch_NDCG@5': 15, 'Best_epoch_HR@10': 15, 'Best_epoch_NDCG@10': 15, 'Best_epoch_HR@20': 15, 'Best_epoch_NDCG@20': 15}
2026/08/20 11:48:01 - __main__ - INFO - 439 - trainer - D1 Sample-wise Target Next Regulation
2026/08/20 11:48:01 - __main__ - INFO - 442 - trainer - {'D1': 'Sample-wise Target Next Regulation', 'Popular Next Action': 'Normal', 'Unpopular Next Action': 'Reweight', 'Popular Next Samples': 11526, 'Unpopular Next Samples': 4912, 'Alpha': 1.0, 'Mean Unpopular Raw Weight': 1.8405}
2026/08/20 11:48:01 - __main__ - INFO - 648 - trainer - Epoch: 0
2026/08/20 11:48:02 - __main__ - INFO - 648 - trainer - Epoch: 1
2026/08/20 11:48:02 - __main__ - INFO - 653 - trainer - start predicting: 2026-08-20 11:48:02.487408
2026/08/20 11:48:04 - __main__ - INFO - 690 - trainer - {'Best_HR@5': 7.1777, 'Best_NDCG@5': 3.8633, 'Best_HR@10': 13.4766, 'Best_NDCG@10': 5.8759, 'Best_HR@20': 29.3945, 'Best_NDCG@20': 9.8477}
2026/08/20 11:48:04 - __main__ - INFO - 691 - trainer - {'Best_epoch_HR@5': 1, 'Best_epoch_NDCG@5': 1, 'Best_epoch_HR@10': 1, 'Best_epoch_NDCG@10': 1, 'Best_epoch_HR@20': 1, 'Best_epoch_NDCG@20': 1}
2026/08/20 11:48:04 - __main__ - INFO - 648 - trainer - Epoch: 2
2026/08/20 11:48:04 - __main__ - INFO - 653 - trainer - start predicting: 2026-08-20 11:48:04.545815
2026/08/20 11:48:06 - __main__ - INFO - 690 - trainer - {'Best_HR@5': 12.207, 'Best_NDCG@5': 7.3404, 'Best_HR@10': 20.752, 'Best_NDCG@10': 10.0578, 'Best_HR@20': 36.1328, 'Best_NDCG@20': 13.9332}
2026/08/20 11:48:06 - __main__ - INFO - 691 - trainer - {'Best_epoch_HR@5': 2, 'Best_epoch_NDCG@5': 2, 'Best_epoch_HR@10': 2, 'Best_epoch_NDCG@10': 2, 'Best_epoch_HR@20': 2, 'Best_epoch_NDCG@20': 2}
2026/08/20 11:48:06 - __main__ - INFO - 648 - trainer - Epoch: 3
2026/08/20 11:48:06 - __main__ - INFO - 653 - trainer - start predicting: 2026-08-20 11:48:06.601144
2026/08/20 11:48:08 - __main__ - INFO - 690 - trainer - {'Best_HR@5': 16.3086, 'Best_NDCG@5': 10.3673, 'Best_HR@10': 26.8555, 'Best_NDCG@10': 13.759, 'Best_HR@20': 44.3848, 'Best_NDCG@20': 18.1502}
2026/08/20 11:48:08 - __main__ - INFO - 691 - trainer - {'Best_epoch_HR@5': 3, 'Best_epoch_NDCG@5': 3, 'Best_epoch_HR@10': 3, 'Best_epoch_NDCG@10': 3, 'Best_epoch_HR@20': 3, 'Best_epoch_NDCG@20': 3}
2026/08/20 11:48:08 - __main__ - INFO - 648 - trainer - Epoch: 4
2026/08/20 11:48:08 - __main__ - INFO - 653 - trainer - start predicting: 2026-08-20 11:48:08.682530
2026/08/20 11:48:10 - __main__ - INFO - 690 - trainer - {'Best_HR@5': 20.9473, 'Best_NDCG@5': 13.6955, 'Best_HR@10': 32.4219, 'Best_NDCG@10': 17.4102, 'Best_HR@20': 48.1934, 'Best_NDCG@20': 21.3914}
2026/08/20 11:48:10 - __main__ - INFO - 691 - trainer - {'Best_epoch_HR@5': 4, 'Best_epoch_NDCG@5': 4, 'Best_epoch_HR@10': 4, 'Best_epoch_NDCG@10': 4, 'Best_epoch_HR@20': 4, 'Best_epoch_NDCG@20': 4}
2026/08/20 11:48:10 - __main__ - INFO - 648 - trainer - Epoch: 5
2026/08/20 11:48:10 - __main__ - INFO - 653 - trainer - start predicting: 2026-08-20 11:48:10.722322
2026/08/20 11:48:12 - __main__ - INFO - 690 - trainer - {'Best_HR@5': 23.0957, 'Best_NDCG@5': 15.6085, 'Best_HR@10': 35.7422, 'Best_NDCG@10': 19.654, 'Best_HR@20': 50.8789, 'Best_NDCG@20': 23.4409}
2026/08/20 11:48:12 - __main__ - INFO - 691 - trainer - {'Best_epoch_HR@5': 5, 'Best_epoch_NDCG@5': 5, 'Best_epoch_HR@10': 5, 'Best_epoch_NDCG@10': 5, 'Best_epoch_HR@20': 5, 'Best_epoch_NDCG@20': 5}
2026/08/20 11:48:12 - __main__ - INFO - 648 - trainer - Epoch: 6
2026/08/20 11:48:12 - __main__ - INFO - 653 - trainer - start predicting: 2026-08-20 11:48:12.799973
2026/08/20 11:48:14 - __main__ - INFO - 690 - trainer - {'Best_HR@5': 25.7324, 'Best_NDCG@5': 17.7544, 'Best_HR@10': 37.5488, 'Best_NDCG@10': 21.5528, 'Best_HR@20': 53.6133, 'Best_NDCG@20': 25.5936}
2026/08/20 11:48:14 - __main__ - INFO - 691 - trainer - {'Best_epoch_HR@5': 6, 'Best_epoch_NDCG@5': 6, 'Best_epoch_HR@10': 6, 'Best_epoch_NDCG@10': 6, 'Best_epoch_HR@20': 6, 'Best_epoch_NDCG@20': 6}
2026/08/20 11:48:14 - __main__ - INFO - 648 - trainer - Epoch: 7
2026/08/20 11:48:14 - __main__ - INFO - 653 - trainer - start predicting: 2026-08-20 11:48:14.937837
2026/08/20 11:48:16 - __main__ - INFO - 690 - trainer - {'Best_HR@5': 29.1504, 'Best_NDCG@5': 20.5336, 'Best_HR@10': 39.209, 'Best_NDCG@10': 23.7632, 'Best_HR@20': 54.5898, 'Best_NDCG@20': 27.5895}
2026/08/20 11:48:16 - __main__ - INFO - 691 - trainer - {'Best_epoch_HR@5': 7, 'Best_epoch_NDCG@5': 7, 'Best_epoch_HR@10': 7, 'Best_epoch_NDCG@10': 7, 'Best_epoch_HR@20': 7, 'Best_epoch_NDCG@20': 7}
2026/08/20 11:48:17 - __main__ - INFO - 648 - trainer - Epoch: 8
2026/08/20 11:48:17 - __main__ - INFO - 653 - trainer - start predicting: 2026-08-20 11:48:17.009036
2026/08/20 11:48:18 - __main__ - INFO - 690 - trainer - {'Best_HR@5': 29.8828, 'Best_NDCG@5': 22.0415, 'Best_HR@10': 40.2832, 'Best_NDCG@10': 25.3681, 'Best_HR@20': 55.6641, 'Best_NDCG@20': 29.2343}
2026/08/20 11:48:18 - __main__ - INFO - 691 - trainer - {'Best_epoch_HR@5': 8, 'Best_epoch_NDCG@5': 8, 'Best_epoch_HR@10': 8, 'Best_epoch_NDCG@10': 8, 'Best_epoch_HR@20': 8, 'Best_epoch_NDCG@20': 8}
2026/08/20 11:48:19 - __main__ - INFO - 648 - trainer - Epoch: 9
2026/08/20 11:48:19 - __main__ - INFO - 653 - trainer - start predicting: 2026-08-20 11:48:19.112902
2026/08/20 11:48:20 - __main__ - INFO - 690 - trainer - {'Best_HR@5': 31.0059, 'Best_NDCG@5': 23.1135, 'Best_HR@10': 41.0645, 'Best_NDCG@10': 26.3706, 'Best_HR@20': 56.0059, 'Best_NDCG@20': 30.1107}
2026/08/20 11:48:20 - __main__ - INFO - 691 - trainer - {'Best_epoch_HR@5': 9, 'Best_epoch_NDCG@5': 9, 'Best_epoch_HR@10': 9, 'Best_epoch_NDCG@10': 9, 'Best_epoch_HR@20': 9, 'Best_epoch_NDCG@20': 9}
2026/08/20 11:48:21 - __main__ - INFO - 648 - trainer - Epoch: 10
2026/08/20 11:48:21 - __main__ - INFO - 653 - trainer - start predicting: 2026-08-20 11:48:21.224264
2026/08/20 11:48:22 - __main__ - INFO - 690 - trainer - {'Best_HR@5': 32.5684, 'Best_NDCG@5': 24.6533, 'Best_HR@10': 41.8945, 'Best_NDCG@10': 27.6303, 'Best_HR@20': 56.4941, 'Best_NDCG@20': 31.2929}
2026/08/20 11:48:22 - __main__ - INFO - 691 - trainer - {'Best_epoch_HR@5': 10, 'Best_epoch_NDCG@5': 10, 'Best_epoch_HR@10': 10, 'Best_epoch_NDCG@10': 10, 'Best_epoch_HR@20': 10, 'Best_epoch_NDCG@20': 10}
2026/08/20 11:48:23 - __main__ - INFO - 648 - trainer - Epoch: 11
2026/08/20 11:48:23 - __main__ - INFO - 653 - trainer - start predicting: 2026-08-20 11:48:23.313094
2026/08/20 11:48:24 - __main__ - INFO - 690 - trainer - {'Best_HR@5': 33.0566, 'Best_NDCG@5': 24.8775, 'Best_HR@10': 43.3594, 'Best_NDCG@10': 28.195, 'Best_HR@20': 57.7148, 'Best_NDCG@20': 31.7737}
2026/08/20 11:48:24 - __main__ - INFO - 691 - trainer - {'Best_epoch_HR@5': 11, 'Best_epoch_NDCG@5': 11, 'Best_epoch_HR@10': 11, 'Best_epoch_NDCG@10': 11, 'Best_epoch_HR@20': 11, 'Best_epoch_NDCG@20': 11}
2026/08/20 11:48:25 - __main__ - INFO - 648 - trainer - Epoch: 12
2026/08/20 11:48:25 - __main__ - INFO - 653 - trainer - start predicting: 2026-08-20 11:48:25.412232
2026/08/20 11:48:26 - __main__ - INFO - 690 - trainer - {'Best_HR@5': 33.7891, 'Best_NDCG@5': 25.4153, 'Best_HR@10': 43.457, 'Best_NDCG@10': 28.5195, 'Best_HR@20': 57.7148, 'Best_NDCG@20': 32.0746}
2026/08/20 11:48:26 - __main__ - INFO - 691 - trainer - {'Best_epoch_HR@5': 12, 'Best_epoch_NDCG@5': 12, 'Best_epoch_HR@10': 12, 'Best_epoch_NDCG@10': 12, 'Best_epoch_HR@20': 11, 'Best_epoch_NDCG@20': 12}
2026/08/20 11:48:27 - __main__ - INFO - 648 - trainer - Epoch: 13
2026/08/20 11:48:27 - __main__ - INFO - 653 - trainer - start predicting: 2026-08-20 11:48:27.534762
2026/08/20 11:48:29 - __main__ - INFO - 690 - trainer - {'Best_HR@5': 33.7891, 'Best_NDCG@5': 25.5607, 'Best_HR@10': 43.457, 'Best_NDCG@10': 28.712, 'Best_HR@20': 57.7148, 'Best_NDCG@20': 32.1945}
2026/08/20 11:48:29 - __main__ - INFO - 691 - trainer - {'Best_epoch_HR@5': 12, 'Best_epoch_NDCG@5': 13, 'Best_epoch_HR@10': 12, 'Best_epoch_NDCG@10': 13, 'Best_epoch_HR@20': 11, 'Best_epoch_NDCG@20': 13}
2026/08/20 11:48:29 - __main__ - INFO - 648 - trainer - Epoch: 14
2026/08/20 11:48:29 - __main__ - INFO - 653 - trainer - start predicting: 2026-08-20 11:48:29.592108
2026/08/20 11:48:31 - __main__ - INFO - 690 - trainer - {'Best_HR@5': 34.5703, 'Best_NDCG@5': 25.8973, 'Best_HR@10': 43.5059, 'Best_NDCG@10': 28.783, 'Best_HR@20': 57.7148, 'Best_NDCG@20': 32.1945}
2026/08/20 11:48:31 - __main__ - INFO - 691 - trainer - {'Best_epoch_HR@5': 14, 'Best_epoch_NDCG@5': 14, 'Best_epoch_HR@10': 14, 'Best_epoch_NDCG@10': 14, 'Best_epoch_HR@20': 11, 'Best_epoch_NDCG@20': 13}
2026/08/20 11:48:31 - __main__ - INFO - 648 - trainer - Epoch: 15
2026/08/20 11:48:31 - __main__ - INFO - 653 - trainer - start predicting: 2026-08-20 11:48:31.686617
2026/08/20 11:48:33 - __main__ - INFO - 690 - trainer - {'Best_HR@5': 34.8145, 'Best_NDCG@5': 26.1341, 'Best_HR@10': 44.4336, 'Best_NDCG@10': 29.2215, 'Best_HR@20': 57.7148, 'Best_NDCG@20': 32.4884}
2026/08/20 11:48:33 - __main__ - INFO - 691 - trainer - {'Best_epoch_HR@5': 15, 'Best_epoch_NDCG@5': 15, 'Best_epoch_HR@10': 15, 'Best_epoch_NDCG@10': 15, 'Best_epoch_HR@20': 11, 'Best_epoch_NDCG@20': 15}
2026/08/20 11:48:33 - __main__ - INFO - 648 - trainer - Epoch: 16
2026/08/20 11:48:33 - __main__ - INFO - 653 - trainer - start predicting: 2026-08-20 11:48:33.786905
2026/08/20 11:48:35 - __main__ - INFO - 690 - trainer - {'Best_HR@5': 34.8145, 'Best_NDCG@5': 26.1341, 'Best_HR@10': 44.4824, 'Best_NDCG@10': 29.2392, 'Best_HR@20': 57.7148, 'Best_NDCG@20': 32.4884}
2026/08/20 11:48:35 - __main__ - INFO - 691 - trainer - {'Best_epoch_HR@5': 15, 'Best_epoch_NDCG@5': 15, 'Best_epoch_HR@10': 16, 'Best_epoch_NDCG@10': 16, 'Best_epoch_HR@20': 11, 'Best_epoch_NDCG@20': 15}
2026/08/20 11:48:35 - __main__ - INFO - 648 - trainer - Epoch: 17
2026/08/20 11:48:35 - __main__ - INFO - 653 - trainer - start predicting: 2026-08-20 11:48:35.864739
2026/08/20 11:48:37 - __main__ - INFO - 648 - trainer - Epoch: 18
2026/08/20 11:48:37 - __main__ - INFO - 653 - trainer - start predicting: 2026-08-20 11:48:37.941747
2026/08/20 11:48:39 - __main__ - INFO - 690 - trainer - {'Best_HR@5': 34.8145, 'Best_NDCG@5': 26.1341, 'Best_HR@10': 44.6289, 'Best_NDCG@10': 29.2392, 'Best_HR@20': 57.7148, 'Best_NDCG@20': 32.4884}
2026/08/20 11:48:39 - __main__ - INFO - 691 - trainer - {'Best_epoch_HR@5': 15, 'Best_epoch_NDCG@5': 15, 'Best_epoch_HR@10': 18, 'Best_epoch_NDCG@10': 16, 'Best_epoch_HR@20': 11, 'Best_epoch_NDCG@20': 15}
2026/08/20 11:48:40 - __main__ - INFO - 648 - trainer - Epoch: 19
2026/08/20 11:48:40 - __main__ - INFO - 653 - trainer - start predicting: 2026-08-20 11:48:40.019871
2026/08/20 11:48:41 - __main__ - INFO - 690 - trainer - {'Best_HR@5': 35.4004, 'Best_NDCG@5': 26.3137, 'Best_HR@10': 44.9707, 'Best_NDCG@10': 29.4106, 'Best_HR@20': 57.7148, 'Best_NDCG@20': 32.5501}
2026/08/20 11:48:41 - __main__ - INFO - 691 - trainer - {'Best_epoch_HR@5': 19, 'Best_epoch_NDCG@5': 19, 'Best_epoch_HR@10': 19, 'Best_epoch_NDCG@10': 19, 'Best_epoch_HR@20': 11, 'Best_epoch_NDCG@20': 19}
2026/08/20 11:48:42 - __main__ - INFO - 648 - trainer - Epoch: 20
2026/08/20 11:48:42 - __main__ - INFO - 653 - trainer - start predicting: 2026-08-20 11:48:42.173075
2026/08/20 11:48:44 - __main__ - INFO - 648 - trainer - Epoch: 21
2026/08/20 11:48:44 - __main__ - INFO - 653 - trainer - start predicting: 2026-08-20 11:48:44.276482
2026/08/20 11:48:45 - __main__ - INFO - 690 - trainer - {'Best_HR@5': 35.6445, 'Best_NDCG@5': 26.3137, 'Best_HR@10': 45.3613, 'Best_NDCG@10': 29.4106, 'Best_HR@20': 57.959, 'Best_NDCG@20': 32.5501}
2026/08/20 11:48:45 - __main__ - INFO - 691 - trainer - {'Best_epoch_HR@5': 21, 'Best_epoch_NDCG@5': 19, 'Best_epoch_HR@10': 21, 'Best_epoch_NDCG@10': 19, 'Best_epoch_HR@20': 21, 'Best_epoch_NDCG@20': 19}
2026/08/20 11:48:46 - __main__ - INFO - 648 - trainer - Epoch: 22
2026/08/20 11:48:46 - __main__ - INFO - 653 - trainer - start predicting: 2026-08-20 11:48:46.439208
2026/08/20 11:48:48 - __main__ - INFO - 648 - trainer - Epoch: 23
2026/08/20 11:48:48 - __main__ - INFO - 653 - trainer - start predicting: 2026-08-20 11:48:48.508950
2026/08/20 11:48:50 - __main__ - INFO - 648 - trainer - Epoch: 24
2026/08/20 11:48:50 - __main__ - INFO - 653 - trainer - start predicting: 2026-08-20 11:48:50.618209
2026/08/20 11:48:52 - __main__ - INFO - 648 - trainer - Epoch: 25
2026/08/20 11:48:52 - __main__ - INFO - 653 - trainer - start predicting: 2026-08-20 11:48:52.723709
2026/08/20 11:48:54 - __main__ - INFO - 648 - trainer - Epoch: 26
2026/08/20 11:48:54 - __main__ - INFO - 653 - trainer - start predicting: 2026-08-20 11:48:54.846567
2026/08/20 11:48:56 - __main__ - INFO - 700 - trainer - {'Best_HR@5': 35.6445, 'Best_NDCG@5': 26.3137, 'Best_HR@10': 45.3613, 'Best_NDCG@10': 29.4106, 'Best_HR@20': 57.959, 'Best_NDCG@20': 32.5501}
2026/08/20 11:48:56 - __main__ - INFO - 701 - trainer - {'Best_epoch_HR@5': 21, 'Best_epoch_NDCG@5': 19, 'Best_epoch_HR@10': 21, 'Best_epoch_NDCG@10': 19, 'Best_epoch_HR@20': 21, 'Best_epoch_NDCG@20': 19}
2026/08/20 11:48:56 - __main__ - INFO - 807 - trainer - Target Popularity Definition---------------------------------------------
2026/08/20 11:48:56 - __main__ - INFO - 812 - trainer - {'domain': 'Target', 'popular_ratio': 0.2, 'observed_train_items': 21856, 'popular_items': 4372, 'unpopular_seen_items': 17484, 'unseen_items_in_test': 'calculated from test ground truth'}
2026/08/20 11:48:57 - __main__ - INFO - 1088 - trainer - %s Test Overall------------------------------------------------------
2026/08/20 11:48:57 - __main__ - INFO - 1092 - trainer - {'HR@5': 35.214, 'NDCG@5': 26.1297, 'HR@10': 46.2062, 'NDCG@10': 29.6813, 'HR@20': 59.2412, 'NDCG@20': 32.9402}
2026/08/20 11:48:57 - __main__ - INFO - 1183 - trainer - Target Test Group Size----------------------------------------------
2026/08/20 11:48:57 - __main__ - INFO - 1188 - trainer - {'domain': 'Target', 'Overall_test_samples': 2056, 'Popular_test_samples': 1372, 'Unpopular_seen_test_samples': 505, 'Unseen_test_samples': 179, 'Grouped_test_samples': 2056}
2026/08/20 11:48:57 - __main__ - INFO - 1190 - trainer - Target Test Popular Ground Truth-------------------------------------
2026/08/20 11:48:57 - __main__ - INFO - 1195 - trainer - {'HR@5': 50.4373, 'NDCG@5': 37.9174, 'HR@10': 64.0671, 'NDCG@10': 42.3286, 'HR@20': 78.0612, 'NDCG@20': 45.8395}
2026/08/20 11:48:57 - __main__ - INFO - 1197 - trainer - Target Test Unpopular-Seen Ground Truth------------------------------
2026/08/20 11:48:57 - __main__ - INFO - 1202 - trainer - {'HR@5': 6.3366, 'NDCG@5': 3.3664, 'HR@10': 14.0594, 'NDCG@10': 5.8413, 'HR@20': 29.1089, 'NDCG@20': 9.5708}
2026/08/20 11:48:57 - __main__ - INFO - 1206 - trainer - Target Test Unseen Ground Truth--------------------------------------
2026/08/20 11:48:57 - __main__ - INFO - 1211 - trainer - {'HR@5': 0.0, 'NDCG@5': 0.0, 'HR@10': 0.0, 'NDCG@10': 0.0, 'HR@20': 0.0, 'NDCG@20': 0.0}
2026/08/20 11:48:57 - __main__ - INFO - 1213 - trainer - Target Recommendation Popularity-------------------------------------
2026/08/20 11:48:57 - __main__ - INFO - 1218 - trainer - {'PopularRatio@5': 69.2704, 'PopularRatio@10': 57.9037, 'PopularRatio@20': 48.5141}
2026/08/20 11:48:57 - __main__ - INFO - 1221 - trainer - Best Eval---------------------------------------------------------
2026/08/20 11:48:57 - __main__ - INFO - 1224 - trainer - {'Best_HR@5': 35.6445, 'Best_NDCG@5': 26.3137, 'Best_HR@10': 45.3613, 'Best_NDCG@10': 29.4106, 'Best_HR@20': 57.959, 'Best_NDCG@20': 32.5501}
2026/08/20 11:48:57 - __main__ - INFO - 1225 - trainer - {'Best_epoch_HR@5': 21, 'Best_epoch_NDCG@5': 19, 'Best_epoch_HR@10': 21, 'Best_epoch_NDCG@10': 19, 'Best_epoch_HR@20': 21, 'Best_epoch_NDCG@20': 19}
2026/08/20 11:48:58 - __main__ - INFO - 178 - main - Target model saved at: ./saved_model/movie_video/target_model.pth
