2026/09/26 16:33:37 - __main__ - INFO - 100 - main - Namespace(batch_size=512, decay_step=100, description='Diffu_norm_score', device='cuda', diffusion_steps=32, dropout=0.1, e_context_high_threshold=0.75, e_context_low_threshold=0.5, e_context_state='high', emb_dropout=0.3, epochs=100, eval_interval=5, gamma=0.1, group_alignment=1, group_alignment_mode='both', group_context_threshold=0.5, group_pop_weight=1.0, group_tail_weight=1.0, hidden_act='gelu', hidden_size=128, inspect_e_distribution=0, lambda_uncertainty=0.001, log_file='log/', loss_lambda=1, lr=0.001, max_len=8, metric_ks=[5, 10, 20], momentum=None, noise_schedule='trunc_lin', num_blocks=4, num_gpu=1, optimizer='Adam', p=0.3, patience=2, popular_ratio=0.2, random_seed=1997, rescale_timesteps=True, s_dataset='movie', schedule_sampler_name='lossaware', t_dataset='video', tail_aug_probability=1.0, tail_context_regulation=1, tail_drop_probability=0.2, tail_history_window=16, tail_preserve_recent=2, tail_sampling_ratio=0.5, w=1.0, weight_decay=0)
2026/09/26 16:33:40 - __main__ - INFO - 980 - trainer - Group-aware Alignment Definition------------------------------------
2026/09/26 16:33:40 - __main__ - INFO - 984 - trainer - {'group_alignment': True, 'alignment_mode': 'both', 'context_threshold': 0.5, 'popular_weight': 1.0, 'tail_weight': 1.0, 'source_popular_items': 17856, 'target_popular_items': 4372}
2026/09/26 16:33:40 - __main__ - INFO - 1264 - trainer - Group-aware Alignment Batch------------------------------------
2026/09/26 16:33:40 - __main__ - INFO - 1269 - trainer - {'Epoch': 0, 'Source Popular-context': 407, 'Source Tail-context': 75, 'Target Popular-context': 379, 'Target Tail-context': 87}
2026/09/26 16:33:45 - __main__ - INFO - 1280 - trainer - Epoch: 0
2026/09/26 16:33:45 - __main__ - INFO - 1264 - trainer - Group-aware Alignment Batch------------------------------------
2026/09/26 16:33:45 - __main__ - INFO - 1269 - trainer - {'Epoch': 1, 'Source Popular-context': 394, 'Source Tail-context': 77, 'Target Popular-context': 372, 'Target Tail-context': 83}
2026/09/26 16:33:50 - __main__ - INFO - 1280 - trainer - Epoch: 1
2026/09/26 16:33:50 - __main__ - INFO - 1264 - trainer - Group-aware Alignment Batch------------------------------------
2026/09/26 16:33:50 - __main__ - INFO - 1269 - trainer - {'Epoch': 2, 'Source Popular-context': 393, 'Source Tail-context': 73, 'Target Popular-context': 387, 'Target Tail-context': 77}
2026/09/26 16:33:54 - __main__ - INFO - 1280 - trainer - Epoch: 2
2026/09/26 16:33:54 - __main__ - INFO - 1264 - trainer - Group-aware Alignment Batch------------------------------------
2026/09/26 16:33:54 - __main__ - INFO - 1269 - trainer - {'Epoch': 3, 'Source Popular-context': 409, 'Source Tail-context': 56, 'Target Popular-context': 342, 'Target Tail-context': 98}
2026/09/26 16:33:59 - __main__ - INFO - 1280 - trainer - Epoch: 3
2026/09/26 16:33:59 - __main__ - INFO - 1264 - trainer - Group-aware Alignment Batch------------------------------------
2026/09/26 16:33:59 - __main__ - INFO - 1269 - trainer - {'Epoch': 4, 'Source Popular-context': 418, 'Source Tail-context': 59, 'Target Popular-context': 370, 'Target Tail-context': 79}
2026/09/26 16:34:03 - __main__ - INFO - 1280 - trainer - Epoch: 4
2026/09/26 16:34:03 - __main__ - INFO - 1264 - trainer - Group-aware Alignment Batch------------------------------------
2026/09/26 16:34:03 - __main__ - INFO - 1269 - trainer - {'Epoch': 5, 'Source Popular-context': 403, 'Source Tail-context': 59, 'Target Popular-context': 368, 'Target Tail-context': 85}
2026/09/26 16:34:08 - __main__ - INFO - 1280 - trainer - Epoch: 5
2026/09/26 16:34:08 - __main__ - INFO - 1285 - trainer - start predicting: 2026-09-26 16:34:08.316269
2026/09/26 16:34:20 - __main__ - INFO - 1322 - trainer - {'Best_HR@5': 38.7793, 'Best_NDCG@5': 29.9369, 'Best_HR@10': 49.4824, 'Best_NDCG@10': 33.3818, 'Best_HR@20': 62.0313, 'Best_NDCG@20': 36.529}
2026/09/26 16:34:20 - __main__ - INFO - 1323 - trainer - {'Best_epoch_HR@5': 5, 'Best_epoch_NDCG@5': 5, 'Best_epoch_HR@10': 5, 'Best_epoch_NDCG@10': 5, 'Best_epoch_HR@20': 5, 'Best_epoch_NDCG@20': 5}
2026/09/26 16:34:20 - __main__ - INFO - 1264 - trainer - Group-aware Alignment Batch------------------------------------
2026/09/26 16:34:20 - __main__ - INFO - 1269 - trainer - {'Epoch': 6, 'Source Popular-context': 423, 'Source Tail-context': 54, 'Target Popular-context': 362, 'Target Tail-context': 95}
2026/09/26 16:34:24 - __main__ - INFO - 1280 - trainer - Epoch: 6
2026/09/26 16:34:24 - __main__ - INFO - 1264 - trainer - Group-aware Alignment Batch------------------------------------
2026/09/26 16:34:24 - __main__ - INFO - 1269 - trainer - {'Epoch': 7, 'Source Popular-context': 421, 'Source Tail-context': 63, 'Target Popular-context': 375, 'Target Tail-context': 85}
2026/09/26 16:34:29 - __main__ - INFO - 1280 - trainer - Epoch: 7
2026/09/26 16:34:29 - __main__ - INFO - 1264 - trainer - Group-aware Alignment Batch------------------------------------
2026/09/26 16:34:29 - __main__ - INFO - 1269 - trainer - {'Epoch': 8, 'Source Popular-context': 421, 'Source Tail-context': 59, 'Target Popular-context': 368, 'Target Tail-context': 94}
2026/09/26 16:34:33 - __main__ - INFO - 1280 - trainer - Epoch: 8
2026/09/26 16:34:33 - __main__ - INFO - 1264 - trainer - Group-aware Alignment Batch------------------------------------
2026/09/26 16:34:33 - __main__ - INFO - 1269 - trainer - {'Epoch': 9, 'Source Popular-context': 402, 'Source Tail-context': 78, 'Target Popular-context': 378, 'Target Tail-context': 85}
2026/09/26 16:34:38 - __main__ - INFO - 1280 - trainer - Epoch: 9
2026/09/26 16:34:38 - __main__ - INFO - 1264 - trainer - Group-aware Alignment Batch------------------------------------
2026/09/26 16:34:38 - __main__ - INFO - 1269 - trainer - {'Epoch': 10, 'Source Popular-context': 428, 'Source Tail-context': 46, 'Target Popular-context': 374, 'Target Tail-context': 78}
2026/09/26 16:34:43 - __main__ - INFO - 1280 - trainer - Epoch: 10
2026/09/26 16:34:43 - __main__ - INFO - 1285 - trainer - start predicting: 2026-09-26 16:34:43.053812
2026/09/26 16:34:54 - __main__ - INFO - 1322 - trainer - {'Best_HR@5': 48.418, 'Best_NDCG@5': 36.9735, 'Best_HR@10': 58.9648, 'Best_NDCG@10': 40.3781, 'Best_HR@20': 69.5898, 'Best_NDCG@20': 43.0669}
2026/09/26 16:34:54 - __main__ - INFO - 1323 - trainer - {'Best_epoch_HR@5': 10, 'Best_epoch_NDCG@5': 10, 'Best_epoch_HR@10': 10, 'Best_epoch_NDCG@10': 10, 'Best_epoch_HR@20': 10, 'Best_epoch_NDCG@20': 10}
2026/09/26 16:34:55 - __main__ - INFO - 1264 - trainer - Group-aware Alignment Batch------------------------------------
2026/09/26 16:34:55 - __main__ - INFO - 1269 - trainer - {'Epoch': 11, 'Source Popular-context': 413, 'Source Tail-context': 60, 'Target Popular-context': 381, 'Target Tail-context': 85}
2026/09/26 16:34:59 - __main__ - INFO - 1280 - trainer - Epoch: 11
2026/09/26 16:34:59 - __main__ - INFO - 1264 - trainer - Group-aware Alignment Batch------------------------------------
2026/09/26 16:34:59 - __main__ - INFO - 1269 - trainer - {'Epoch': 12, 'Source Popular-context': 424, 'Source Tail-context': 60, 'Target Popular-context': 372, 'Target Tail-context': 80}
2026/09/26 16:35:04 - __main__ - INFO - 1280 - trainer - Epoch: 12
2026/09/26 16:35:04 - __main__ - INFO - 1264 - trainer - Group-aware Alignment Batch------------------------------------
2026/09/26 16:35:04 - __main__ - INFO - 1269 - trainer - {'Epoch': 13, 'Source Popular-context': 411, 'Source Tail-context': 73, 'Target Popular-context': 382, 'Target Tail-context': 79}
2026/09/26 16:35:09 - __main__ - INFO - 1280 - trainer - Epoch: 13
2026/09/26 16:35:09 - __main__ - INFO - 1264 - trainer - Group-aware Alignment Batch------------------------------------
2026/09/26 16:35:09 - __main__ - INFO - 1269 - trainer - {'Epoch': 14, 'Source Popular-context': 423, 'Source Tail-context': 65, 'Target Popular-context': 379, 'Target Tail-context': 94}
2026/09/26 16:35:14 - __main__ - INFO - 1280 - trainer - Epoch: 14
2026/09/26 16:35:14 - __main__ - INFO - 1264 - trainer - Group-aware Alignment Batch------------------------------------
2026/09/26 16:35:14 - __main__ - INFO - 1269 - trainer - {'Epoch': 15, 'Source Popular-context': 422, 'Source Tail-context': 58, 'Target Popular-context': 373, 'Target Tail-context': 98}
2026/09/26 16:35:19 - __main__ - INFO - 1280 - trainer - Epoch: 15
2026/09/26 16:35:19 - __main__ - INFO - 1285 - trainer - start predicting: 2026-09-26 16:35:19.012144
2026/09/26 16:35:31 - __main__ - INFO - 1322 - trainer - {'Best_HR@5': 49.4531, 'Best_NDCG@5': 37.5251, 'Best_HR@10': 60.625, 'Best_NDCG@10': 41.1341, 'Best_HR@20': 70.5859, 'Best_NDCG@20': 43.6558}
2026/09/26 16:35:31 - __main__ - INFO - 1323 - trainer - {'Best_epoch_HR@5': 15, 'Best_epoch_NDCG@5': 15, 'Best_epoch_HR@10': 15, 'Best_epoch_NDCG@10': 15, 'Best_epoch_HR@20': 15, 'Best_epoch_NDCG@20': 15}
2026/09/26 16:35:31 - __main__ - INFO - 1264 - trainer - Group-aware Alignment Batch------------------------------------
2026/09/26 16:35:31 - __main__ - INFO - 1269 - trainer - {'Epoch': 16, 'Source Popular-context': 403, 'Source Tail-context': 65, 'Target Popular-context': 374, 'Target Tail-context': 89}
2026/09/26 16:35:35 - __main__ - INFO - 1280 - trainer - Epoch: 16
2026/09/26 16:35:35 - __main__ - INFO - 1264 - trainer - Group-aware Alignment Batch------------------------------------
2026/09/26 16:35:35 - __main__ - INFO - 1269 - trainer - {'Epoch': 17, 'Source Popular-context': 423, 'Source Tail-context': 52, 'Target Popular-context': 355, 'Target Tail-context': 109}
2026/09/26 16:35:40 - __main__ - INFO - 1280 - trainer - Epoch: 17
2026/09/26 16:35:40 - __main__ - INFO - 1264 - trainer - Group-aware Alignment Batch------------------------------------
2026/09/26 16:35:40 - __main__ - INFO - 1269 - trainer - {'Epoch': 18, 'Source Popular-context': 413, 'Source Tail-context': 63, 'Target Popular-context': 386, 'Target Tail-context': 85}
2026/09/26 16:35:44 - __main__ - INFO - 1280 - trainer - Epoch: 18
2026/09/26 16:35:44 - __main__ - INFO - 1264 - trainer - Group-aware Alignment Batch------------------------------------
2026/09/26 16:35:44 - __main__ - INFO - 1269 - trainer - {'Epoch': 19, 'Source Popular-context': 402, 'Source Tail-context': 63, 'Target Popular-context': 367, 'Target Tail-context': 94}
2026/09/26 16:35:49 - __main__ - INFO - 1280 - trainer - Epoch: 19
2026/09/26 16:35:49 - __main__ - INFO - 1264 - trainer - Group-aware Alignment Batch------------------------------------
2026/09/26 16:35:49 - __main__ - INFO - 1269 - trainer - {'Epoch': 20, 'Source Popular-context': 409, 'Source Tail-context': 62, 'Target Popular-context': 373, 'Target Tail-context': 82}
2026/09/26 16:35:54 - __main__ - INFO - 1280 - trainer - Epoch: 20
2026/09/26 16:35:54 - __main__ - INFO - 1285 - trainer - start predicting: 2026-09-26 16:35:54.296910
2026/09/26 16:36:05 - __main__ - INFO - 1264 - trainer - Group-aware Alignment Batch------------------------------------
2026/09/26 16:36:05 - __main__ - INFO - 1269 - trainer - {'Epoch': 21, 'Source Popular-context': 404, 'Source Tail-context': 63, 'Target Popular-context': 372, 'Target Tail-context': 83}
2026/09/26 16:36:10 - __main__ - INFO - 1280 - trainer - Epoch: 21
2026/09/26 16:36:10 - __main__ - INFO - 1264 - trainer - Group-aware Alignment Batch------------------------------------
2026/09/26 16:36:10 - __main__ - INFO - 1269 - trainer - {'Epoch': 22, 'Source Popular-context': 416, 'Source Tail-context': 59, 'Target Popular-context': 370, 'Target Tail-context': 78}
2026/09/26 16:36:15 - __main__ - INFO - 1280 - trainer - Epoch: 22
2026/09/26 16:36:15 - __main__ - INFO - 1264 - trainer - Group-aware Alignment Batch------------------------------------
2026/09/26 16:36:15 - __main__ - INFO - 1269 - trainer - {'Epoch': 23, 'Source Popular-context': 404, 'Source Tail-context': 69, 'Target Popular-context': 385, 'Target Tail-context': 81}
2026/09/26 16:36:19 - __main__ - INFO - 1280 - trainer - Epoch: 23
2026/09/26 16:36:19 - __main__ - INFO - 1264 - trainer - Group-aware Alignment Batch------------------------------------
2026/09/26 16:36:19 - __main__ - INFO - 1269 - trainer - {'Epoch': 24, 'Source Popular-context': 400, 'Source Tail-context': 74, 'Target Popular-context': 373, 'Target Tail-context': 90}
2026/09/26 16:36:24 - __main__ - INFO - 1280 - trainer - Epoch: 24
2026/09/26 16:36:24 - __main__ - INFO - 1264 - trainer - Group-aware Alignment Batch------------------------------------
2026/09/26 16:36:24 - __main__ - INFO - 1269 - trainer - {'Epoch': 25, 'Source Popular-context': 415, 'Source Tail-context': 50, 'Target Popular-context': 382, 'Target Tail-context': 81}
2026/09/26 16:36:29 - __main__ - INFO - 1280 - trainer - Epoch: 25
2026/09/26 16:36:29 - __main__ - INFO - 1285 - trainer - start predicting: 2026-09-26 16:36:29.408060
2026/09/26 16:36:41 - __main__ - INFO - 1332 - trainer - {'Best_HR@5': 49.4531, 'Best_NDCG@5': 37.5251, 'Best_HR@10': 60.625, 'Best_NDCG@10': 41.1341, 'Best_HR@20': 70.5859, 'Best_NDCG@20': 43.6558}
2026/09/26 16:36:41 - __main__ - INFO - 1333 - trainer - {'Best_epoch_HR@5': 15, 'Best_epoch_NDCG@5': 15, 'Best_epoch_HR@10': 15, 'Best_epoch_NDCG@10': 15, 'Best_epoch_HR@20': 15, 'Best_epoch_NDCG@20': 15}
2026/09/26 16:36:41 - __main__ - INFO - 1439 - trainer - Source Popularity Definition---------------------------------------------
2026/09/26 16:36:41 - __main__ - INFO - 1444 - trainer - {'domain': 'Source', 'popular_ratio': 0.2, 'observed_train_items': 89276, 'popular_items': 17856, 'unpopular_seen_items': 71420, 'unseen_items_in_test': 'calculated from test ground truth'}
2026/09/26 16:36:48 - __main__ - INFO - 1720 - trainer - %s Test Overall------------------------------------------------------
2026/09/26 16:36:48 - __main__ - INFO - 1724 - trainer - {'HR@5': 49.9136, 'NDCG@5': 38.1646, 'HR@10': 60.4586, 'NDCG@10': 41.5905, 'HR@20': 70.3512, 'NDCG@20': 44.1024}
2026/09/26 16:36:48 - __main__ - INFO - 1815 - trainer - Source Test Group Size----------------------------------------------
2026/09/26 16:36:48 - __main__ - INFO - 1820 - trainer - {'domain': 'Source', 'Overall_test_samples': 10422, 'Popular_test_samples': 7854, 'Unpopular_seen_test_samples': 1824, 'Unseen_test_samples': 744, 'Grouped_test_samples': 10422}
2026/09/26 16:36:48 - __main__ - INFO - 1822 - trainer - Source Test Popular Ground Truth-------------------------------------
2026/09/26 16:36:48 - __main__ - INFO - 1827 - trainer - {'HR@5': 65.5844, 'NDCG@5': 50.3352, 'HR@10': 78.1767, 'NDCG@10': 54.4395, 'HR@20': 88.2353, 'NDCG@20': 57.0076}
2026/09/26 16:36:48 - __main__ - INFO - 1829 - trainer - Source Test Unpopular-Seen Ground Truth------------------------------
2026/09/26 16:36:48 - __main__ - INFO - 1834 - trainer - {'HR@5': 2.7961, 'NDCG@5': 1.326, 'HR@10': 8.8268, 'NDCG@10': 3.2279, 'HR@20': 22.0395, 'NDCG@20': 6.5224}
2026/09/26 16:36:48 - __main__ - INFO - 1838 - trainer - Source Test Unseen Ground Truth--------------------------------------
2026/09/26 16:36:48 - __main__ - INFO - 1843 - trainer - {'HR@5': 0.0, 'NDCG@5': 0.0, 'HR@10': 0.0, 'NDCG@10': 0.0, 'HR@20': 0.0, 'NDCG@20': 0.0}
2026/09/26 16:36:48 - __main__ - INFO - 1845 - trainer - Source Recommendation Popularity-------------------------------------
2026/09/26 16:36:48 - __main__ - INFO - 1850 - trainer - {'PopularRatio@5': 93.6461, 'PopularRatio@10': 82.2894, 'PopularRatio@20': 61.8269}
2026/09/26 16:36:48 - __main__ - INFO - 1853 - trainer - Best Eval---------------------------------------------------------
2026/09/26 16:36:48 - __main__ - INFO - 1856 - trainer - {'Best_HR@5': 49.4531, 'Best_NDCG@5': 37.5251, 'Best_HR@10': 60.625, 'Best_NDCG@10': 41.1341, 'Best_HR@20': 70.5859, 'Best_NDCG@20': 43.6558}
2026/09/26 16:36:48 - __main__ - INFO - 1857 - trainer - {'Best_epoch_HR@5': 15, 'Best_epoch_NDCG@5': 15, 'Best_epoch_HR@10': 15, 'Best_epoch_NDCG@10': 15, 'Best_epoch_HR@20': 15, 'Best_epoch_NDCG@20': 15}
2026/09/26 16:36:48 - __main__ - INFO - 1066 - trainer - D2 Tail-target Context Regulation
2026/09/26 16:36:48 - __main__ - INFO - 1070 - trainer - {'Experiment': 'E-v3', 'Mechanism': 'M2 Tail Information Enrichment', 'Action': 'D2 Tail-aware Historical Sampling', 'Decision_input': 'Sequence Popularity Only', 'Next_condition': 'None', 'Context_state': 'high', 'Low': 'SeqPopRatio < 0.5', 'Medium': '0.5 <= SeqPopRatio < 0.75', 'High': 'SeqPopRatio >= 0.75', 'augmentation_probability': 1.0, 'popular_drop_probability': 0.2, 'preserve_recent': 2, 'popular_items': 4372}
