2026/07/23 14:22:07 - __main__ - INFO - 87 - main - Namespace(batch_size=512, decay_step=100, description='Diffu_norm_score', device='cuda', diffusion_steps=32, dropout=0.1, emb_dropout=0.3, epochs=100, eval_interval=5, gamma=0.1, hidden_act='gelu', hidden_size=128, lambda_uncertainty=0.001, log_file='log/', loss_lambda=1, lr=0.001, max_len=8, metric_ks=[5, 10, 20], momentum=None, noise_schedule='trunc_lin', num_blocks=4, num_gpu=1, optimizer='Adam', p=0.3, patience=2, popular_ratio=0.2, random_seed=1997, rescale_timesteps=True, s_dataset='movie', schedule_sampler_name='lossaware', t_dataset='video', tail_batch_ratio=0.5, use_tail_sampling=False, w=1.0, weight_decay=0)
2026/07/23 14:22:15 - __main__ - INFO - 560 - trainer - Epoch: 0
2026/07/23 14:22:19 - __main__ - INFO - 560 - trainer - Epoch: 1
2026/07/23 14:22:23 - __main__ - INFO - 560 - trainer - Epoch: 2
2026/07/23 14:22:26 - __main__ - INFO - 560 - trainer - Epoch: 3
2026/07/23 14:22:30 - __main__ - INFO - 560 - trainer - Epoch: 4
2026/07/23 14:22:34 - __main__ - INFO - 560 - trainer - Epoch: 5
2026/07/23 14:22:34 - __main__ - INFO - 565 - trainer - start predicting: 2026-07-23 14:22:34.834910
2026/07/23 14:22:45 - __main__ - INFO - 602 - trainer - {'Best_HR@5': 40.1758, 'Best_NDCG@5': 30.8723, 'Best_HR@10': 51.1133, 'Best_NDCG@10': 34.403, 'Best_HR@20': 64.0234, 'Best_NDCG@20': 37.6423}
2026/07/23 14:22:45 - __main__ - INFO - 603 - trainer - {'Best_epoch_HR@5': 5, 'Best_epoch_NDCG@5': 5, 'Best_epoch_HR@10': 5, 'Best_epoch_NDCG@10': 5, 'Best_epoch_HR@20': 5, 'Best_epoch_NDCG@20': 5}
2026/07/23 14:22:50 - __main__ - INFO - 560 - trainer - Epoch: 6
2026/07/23 14:22:54 - __main__ - INFO - 560 - trainer - Epoch: 7
2026/07/23 14:22:57 - __main__ - INFO - 560 - trainer - Epoch: 8
2026/07/23 14:23:01 - __main__ - INFO - 560 - trainer - Epoch: 9
2026/07/23 14:23:05 - __main__ - INFO - 560 - trainer - Epoch: 10
2026/07/23 14:23:05 - __main__ - INFO - 565 - trainer - start predicting: 2026-07-23 14:23:05.646703
2026/07/23 14:23:17 - __main__ - INFO - 602 - trainer - {'Best_HR@5': 48.1934, 'Best_NDCG@5': 36.8794, 'Best_HR@10': 58.9258, 'Best_NDCG@10': 40.3526, 'Best_HR@20': 69.6777, 'Best_NDCG@20': 43.0709}
2026/07/23 14:23:17 - __main__ - INFO - 603 - trainer - {'Best_epoch_HR@5': 10, 'Best_epoch_NDCG@5': 10, 'Best_epoch_HR@10': 10, 'Best_epoch_NDCG@10': 10, 'Best_epoch_HR@20': 10, 'Best_epoch_NDCG@20': 10}
2026/07/23 14:23:21 - __main__ - INFO - 560 - trainer - Epoch: 11
2026/07/23 14:23:25 - __main__ - INFO - 560 - trainer - Epoch: 12
2026/07/23 14:23:29 - __main__ - INFO - 560 - trainer - Epoch: 13
2026/07/23 14:23:33 - __main__ - INFO - 560 - trainer - Epoch: 14
2026/07/23 14:23:36 - __main__ - INFO - 560 - trainer - Epoch: 15
2026/07/23 14:23:36 - __main__ - INFO - 565 - trainer - start predicting: 2026-07-23 14:23:36.867522
2026/07/23 14:23:48 - __main__ - INFO - 602 - trainer - {'Best_HR@5': 49.2383, 'Best_NDCG@5': 37.3975, 'Best_HR@10': 60.293, 'Best_NDCG@10': 40.979, 'Best_HR@20': 70.4785, 'Best_NDCG@20': 43.563}
2026/07/23 14:23:48 - __main__ - INFO - 603 - trainer - {'Best_epoch_HR@5': 15, 'Best_epoch_NDCG@5': 15, 'Best_epoch_HR@10': 15, 'Best_epoch_NDCG@10': 15, 'Best_epoch_HR@20': 15, 'Best_epoch_NDCG@20': 15}
2026/07/23 14:23:52 - __main__ - INFO - 560 - trainer - Epoch: 16
2026/07/23 14:23:56 - __main__ - INFO - 560 - trainer - Epoch: 17
2026/07/23 14:24:00 - __main__ - INFO - 560 - trainer - Epoch: 18
2026/07/23 14:24:04 - __main__ - INFO - 560 - trainer - Epoch: 19
2026/07/23 14:24:08 - __main__ - INFO - 560 - trainer - Epoch: 20
2026/07/23 14:24:08 - __main__ - INFO - 565 - trainer - start predicting: 2026-07-23 14:24:08.420574
2026/07/23 14:24:23 - __main__ - INFO - 560 - trainer - Epoch: 21
2026/07/23 14:24:27 - __main__ - INFO - 560 - trainer - Epoch: 22
2026/07/23 14:24:31 - __main__ - INFO - 560 - trainer - Epoch: 23
2026/07/23 14:24:35 - __main__ - INFO - 560 - trainer - Epoch: 24
2026/07/23 14:24:39 - __main__ - INFO - 560 - trainer - Epoch: 25
2026/07/23 14:24:39 - __main__ - INFO - 565 - trainer - start predicting: 2026-07-23 14:24:39.650727
2026/07/23 14:24:51 - __main__ - INFO - 612 - trainer - {'Best_HR@5': 49.2383, 'Best_NDCG@5': 37.3975, 'Best_HR@10': 60.293, 'Best_NDCG@10': 40.979, 'Best_HR@20': 70.4785, 'Best_NDCG@20': 43.563}
2026/07/23 14:24:51 - __main__ - INFO - 613 - trainer - {'Best_epoch_HR@5': 15, 'Best_epoch_NDCG@5': 15, 'Best_epoch_HR@10': 15, 'Best_epoch_NDCG@10': 15, 'Best_epoch_HR@20': 15, 'Best_epoch_NDCG@20': 15}
2026/07/23 14:24:57 - __main__ - INFO - 957 - trainer - Test Overall------------------------------------------------------
2026/07/23 14:24:57 - __main__ - INFO - 961 - trainer - {'HR@5': 49.7601, 'NDCG@5': 38.0527, 'HR@10': 60.4395, 'NDCG@10': 41.516, 'HR@20': 70.332, 'NDCG@20': 44.0201}
2026/07/23 14:24:57 - __main__ - INFO - 1077 - trainer - Best Eval---------------------------------------------------------
2026/07/23 14:24:57 - __main__ - INFO - 1080 - trainer - {'Best_HR@5': 49.2383, 'Best_NDCG@5': 37.3975, 'Best_HR@10': 60.293, 'Best_NDCG@10': 40.979, 'Best_HR@20': 70.4785, 'Best_NDCG@20': 43.563}
2026/07/23 14:24:57 - __main__ - INFO - 1081 - trainer - {'Best_epoch_HR@5': 15, 'Best_epoch_NDCG@5': 15, 'Best_epoch_HR@10': 15, 'Best_epoch_NDCG@10': 15, 'Best_epoch_HR@20': 15, 'Best_epoch_NDCG@20': 15}
2026/07/23 14:24:57 - __main__ - INFO - 428 - trainer - Training Target Distribution-----------------------------------------
2026/07/23 14:24:57 - __main__ - INFO - 432 - trainer - {'training_samples': 16438, 'popular_items': 4372, 'unpopular_seen_items': 17484, 'popular_target_samples': 11526, 'unpopular_seen_target_samples': 4912, 'original_popular_target_ratio': 0.7012, 'original_unpopular_seen_target_ratio': 0.2988, 'use_tail_sampling': False, 'requested_tail_batch_ratio': None}
2026/07/23 14:24:58 - __main__ - INFO - 560 - trainer - Epoch: 0
2026/07/23 14:24:58 - __main__ - INFO - 560 - trainer - Epoch: 1
2026/07/23 14:24:58 - __main__ - INFO - 565 - trainer - start predicting: 2026-07-23 14:24:58.971098
2026/07/23 14:25:00 - __main__ - INFO - 602 - trainer - {'Best_HR@5': 7.2754, 'Best_NDCG@5': 4.176, 'Best_HR@10': 15.0391, 'Best_NDCG@10': 6.6638, 'Best_HR@20': 30.3223, 'Best_NDCG@20': 10.4901}
2026/07/23 14:25:00 - __main__ - INFO - 603 - trainer - {'Best_epoch_HR@5': 1, 'Best_epoch_NDCG@5': 1, 'Best_epoch_HR@10': 1, 'Best_epoch_NDCG@10': 1, 'Best_epoch_HR@20': 1, 'Best_epoch_NDCG@20': 1}
2026/07/23 14:25:01 - __main__ - INFO - 560 - trainer - Epoch: 2
2026/07/23 14:25:01 - __main__ - INFO - 565 - trainer - start predicting: 2026-07-23 14:25:01.077272
2026/07/23 14:25:02 - __main__ - INFO - 602 - trainer - {'Best_HR@5': 13.2324, 'Best_NDCG@5': 8.2956, 'Best_HR@10': 22.6074, 'Best_NDCG@10': 11.2981, 'Best_HR@20': 38.5742, 'Best_NDCG@20': 15.2853}
2026/07/23 14:25:02 - __main__ - INFO - 603 - trainer - {'Best_epoch_HR@5': 2, 'Best_epoch_NDCG@5': 2, 'Best_epoch_HR@10': 2, 'Best_epoch_NDCG@10': 2, 'Best_epoch_HR@20': 2, 'Best_epoch_NDCG@20': 2}
2026/07/23 14:25:03 - __main__ - INFO - 560 - trainer - Epoch: 3
2026/07/23 14:25:03 - __main__ - INFO - 565 - trainer - start predicting: 2026-07-23 14:25:03.188876
2026/07/23 14:25:04 - __main__ - INFO - 602 - trainer - {'Best_HR@5': 19.5312, 'Best_NDCG@5': 12.5822, 'Best_HR@10': 30.8105, 'Best_NDCG@10': 16.2076, 'Best_HR@20': 46.582, 'Best_NDCG@20': 20.1757}
2026/07/23 14:25:04 - __main__ - INFO - 603 - trainer - {'Best_epoch_HR@5': 3, 'Best_epoch_NDCG@5': 3, 'Best_epoch_HR@10': 3, 'Best_epoch_NDCG@10': 3, 'Best_epoch_HR@20': 3, 'Best_epoch_NDCG@20': 3}
2026/07/23 14:25:05 - __main__ - INFO - 560 - trainer - Epoch: 4
2026/07/23 14:25:05 - __main__ - INFO - 565 - trainer - start predicting: 2026-07-23 14:25:05.295031
2026/07/23 14:25:06 - __main__ - INFO - 602 - trainer - {'Best_HR@5': 25.1953, 'Best_NDCG@5': 17.0094, 'Best_HR@10': 35.7422, 'Best_NDCG@10': 20.3914, 'Best_HR@20': 50.5859, 'Best_NDCG@20': 24.1347}
2026/07/23 14:25:06 - __main__ - INFO - 603 - trainer - {'Best_epoch_HR@5': 4, 'Best_epoch_NDCG@5': 4, 'Best_epoch_HR@10': 4, 'Best_epoch_NDCG@10': 4, 'Best_epoch_HR@20': 4, 'Best_epoch_NDCG@20': 4}
2026/07/23 14:25:07 - __main__ - INFO - 560 - trainer - Epoch: 5
2026/07/23 14:25:07 - __main__ - INFO - 565 - trainer - start predicting: 2026-07-23 14:25:07.411943
2026/07/23 14:25:08 - __main__ - INFO - 602 - trainer - {'Best_HR@5': 28.0273, 'Best_NDCG@5': 19.5612, 'Best_HR@10': 38.5742, 'Best_NDCG@10': 22.9493, 'Best_HR@20': 53.8086, 'Best_NDCG@20': 26.7636}
2026/07/23 14:25:08 - __main__ - INFO - 603 - trainer - {'Best_epoch_HR@5': 5, 'Best_epoch_NDCG@5': 5, 'Best_epoch_HR@10': 5, 'Best_epoch_NDCG@10': 5, 'Best_epoch_HR@20': 5, 'Best_epoch_NDCG@20': 5}
2026/07/23 14:25:09 - __main__ - INFO - 560 - trainer - Epoch: 6
2026/07/23 14:25:09 - __main__ - INFO - 565 - trainer - start predicting: 2026-07-23 14:25:09.502459
2026/07/23 14:25:11 - __main__ - INFO - 602 - trainer - {'Best_HR@5': 31.1523, 'Best_NDCG@5': 21.9714, 'Best_HR@10': 40.6738, 'Best_NDCG@10': 25.0272, 'Best_HR@20': 55.7617, 'Best_NDCG@20': 28.8197}
2026/07/23 14:25:11 - __main__ - INFO - 603 - trainer - {'Best_epoch_HR@5': 6, 'Best_epoch_NDCG@5': 6, 'Best_epoch_HR@10': 6, 'Best_epoch_NDCG@10': 6, 'Best_epoch_HR@20': 6, 'Best_epoch_NDCG@20': 6}
2026/07/23 14:25:11 - __main__ - INFO - 560 - trainer - Epoch: 7
2026/07/23 14:25:11 - __main__ - INFO - 565 - trainer - start predicting: 2026-07-23 14:25:11.627160
2026/07/23 14:25:13 - __main__ - INFO - 602 - trainer - {'Best_HR@5': 32.8125, 'Best_NDCG@5': 23.8209, 'Best_HR@10': 42.1875, 'Best_NDCG@10': 26.8218, 'Best_HR@20': 57.1777, 'Best_NDCG@20': 30.5856}
2026/07/23 14:25:13 - __main__ - INFO - 603 - trainer - {'Best_epoch_HR@5': 7, 'Best_epoch_NDCG@5': 7, 'Best_epoch_HR@10': 7, 'Best_epoch_NDCG@10': 7, 'Best_epoch_HR@20': 7, 'Best_epoch_NDCG@20': 7}
2026/07/23 14:25:13 - __main__ - INFO - 560 - trainer - Epoch: 8
2026/07/23 14:25:13 - __main__ - INFO - 565 - trainer - start predicting: 2026-07-23 14:25:13.701917
2026/07/23 14:25:15 - __main__ - INFO - 602 - trainer - {'Best_HR@5': 33.3984, 'Best_NDCG@5': 25.2609, 'Best_HR@10': 43.8965, 'Best_NDCG@10': 28.6417, 'Best_HR@20': 57.5684, 'Best_NDCG@20': 32.0997}
2026/07/23 14:25:15 - __main__ - INFO - 603 - trainer - {'Best_epoch_HR@5': 8, 'Best_epoch_NDCG@5': 8, 'Best_epoch_HR@10': 8, 'Best_epoch_NDCG@10': 8, 'Best_epoch_HR@20': 8, 'Best_epoch_NDCG@20': 8}
2026/07/23 14:25:15 - __main__ - INFO - 560 - trainer - Epoch: 9
2026/07/23 14:25:15 - __main__ - INFO - 565 - trainer - start predicting: 2026-07-23 14:25:15.791689
2026/07/23 14:25:17 - __main__ - INFO - 602 - trainer - {'Best_HR@5': 34.6191, 'Best_NDCG@5': 26.0073, 'Best_HR@10': 44.8242, 'Best_NDCG@10': 29.3276, 'Best_HR@20': 58.1055, 'Best_NDCG@20': 32.6853}
2026/07/23 14:25:17 - __main__ - INFO - 603 - trainer - {'Best_epoch_HR@5': 9, 'Best_epoch_NDCG@5': 9, 'Best_epoch_HR@10': 9, 'Best_epoch_NDCG@10': 9, 'Best_epoch_HR@20': 9, 'Best_epoch_NDCG@20': 9}
2026/07/23 14:25:17 - __main__ - INFO - 560 - trainer - Epoch: 10
2026/07/23 14:25:17 - __main__ - INFO - 565 - trainer - start predicting: 2026-07-23 14:25:17.893158
2026/07/23 14:25:19 - __main__ - INFO - 602 - trainer - {'Best_HR@5': 35.5469, 'Best_NDCG@5': 26.6057, 'Best_HR@10': 46.1914, 'Best_NDCG@10': 30.035, 'Best_HR@20': 58.8867, 'Best_NDCG@20': 33.2284}
2026/07/23 14:25:19 - __main__ - INFO - 603 - trainer - {'Best_epoch_HR@5': 10, 'Best_epoch_NDCG@5': 10, 'Best_epoch_HR@10': 10, 'Best_epoch_NDCG@10': 10, 'Best_epoch_HR@20': 10, 'Best_epoch_NDCG@20': 10}
2026/07/23 14:25:19 - __main__ - INFO - 560 - trainer - Epoch: 11
2026/07/23 14:25:19 - __main__ - INFO - 565 - trainer - start predicting: 2026-07-23 14:25:19.971686
2026/07/23 14:25:21 - __main__ - INFO - 602 - trainer - {'Best_HR@5': 36.377, 'Best_NDCG@5': 27.0589, 'Best_HR@10': 47.2656, 'Best_NDCG@10': 30.5711, 'Best_HR@20': 59.8633, 'Best_NDCG@20': 33.7329}
2026/07/23 14:25:21 - __main__ - INFO - 603 - trainer - {'Best_epoch_HR@5': 11, 'Best_epoch_NDCG@5': 11, 'Best_epoch_HR@10': 11, 'Best_epoch_NDCG@10': 11, 'Best_epoch_HR@20': 11, 'Best_epoch_NDCG@20': 11}
2026/07/23 14:25:22 - __main__ - INFO - 560 - trainer - Epoch: 12
2026/07/23 14:25:22 - __main__ - INFO - 565 - trainer - start predicting: 2026-07-23 14:25:22.089111
2026/07/23 14:25:23 - __main__ - INFO - 602 - trainer - {'Best_HR@5': 36.5723, 'Best_NDCG@5': 27.3223, 'Best_HR@10': 47.9004, 'Best_NDCG@10': 30.9779, 'Best_HR@20': 59.8633, 'Best_NDCG@20': 33.9912}
2026/07/23 14:25:23 - __main__ - INFO - 603 - trainer - {'Best_epoch_HR@5': 12, 'Best_epoch_NDCG@5': 12, 'Best_epoch_HR@10': 12, 'Best_epoch_NDCG@10': 12, 'Best_epoch_HR@20': 11, 'Best_epoch_NDCG@20': 12}
2026/07/23 14:25:24 - __main__ - INFO - 560 - trainer - Epoch: 13
2026/07/23 14:25:24 - __main__ - INFO - 565 - trainer - start predicting: 2026-07-23 14:25:24.163153
2026/07/23 14:25:25 - __main__ - INFO - 602 - trainer - {'Best_HR@5': 36.9141, 'Best_NDCG@5': 27.547, 'Best_HR@10': 47.9004, 'Best_NDCG@10': 31.0446, 'Best_HR@20': 59.8633, 'Best_NDCG@20': 34.0539}
2026/07/23 14:25:25 - __main__ - INFO - 603 - trainer - {'Best_epoch_HR@5': 13, 'Best_epoch_NDCG@5': 13, 'Best_epoch_HR@10': 12, 'Best_epoch_NDCG@10': 13, 'Best_epoch_HR@20': 11, 'Best_epoch_NDCG@20': 13}
2026/07/23 14:25:26 - __main__ - INFO - 560 - trainer - Epoch: 14
2026/07/23 14:25:26 - __main__ - INFO - 565 - trainer - start predicting: 2026-07-23 14:25:26.473700
2026/07/23 14:25:28 - __main__ - INFO - 602 - trainer - {'Best_HR@5': 37.793, 'Best_NDCG@5': 27.6484, 'Best_HR@10': 47.9004, 'Best_NDCG@10': 31.0446, 'Best_HR@20': 59.8633, 'Best_NDCG@20': 34.0539}
2026/07/23 14:25:28 - __main__ - INFO - 603 - trainer - {'Best_epoch_HR@5': 14, 'Best_epoch_NDCG@5': 14, 'Best_epoch_HR@10': 12, 'Best_epoch_NDCG@10': 13, 'Best_epoch_HR@20': 11, 'Best_epoch_NDCG@20': 13}
2026/07/23 14:25:28 - __main__ - INFO - 560 - trainer - Epoch: 15
2026/07/23 14:25:28 - __main__ - INFO - 565 - trainer - start predicting: 2026-07-23 14:25:28.711438
2026/07/23 14:25:30 - __main__ - INFO - 602 - trainer - {'Best_HR@5': 37.793, 'Best_NDCG@5': 28.1745, 'Best_HR@10': 47.9004, 'Best_NDCG@10': 31.4953, 'Best_HR@20': 60.6445, 'Best_NDCG@20': 34.6965}
2026/07/23 14:25:30 - __main__ - INFO - 603 - trainer - {'Best_epoch_HR@5': 14, 'Best_epoch_NDCG@5': 15, 'Best_epoch_HR@10': 12, 'Best_epoch_NDCG@10': 15, 'Best_epoch_HR@20': 15, 'Best_epoch_NDCG@20': 15}
2026/07/23 14:25:30 - __main__ - INFO - 560 - trainer - Epoch: 16
2026/07/23 14:25:30 - __main__ - INFO - 565 - trainer - start predicting: 2026-07-23 14:25:30.834907
2026/07/23 14:25:32 - __main__ - INFO - 602 - trainer - {'Best_HR@5': 37.9395, 'Best_NDCG@5': 28.1745, 'Best_HR@10': 48.0469, 'Best_NDCG@10': 31.4953, 'Best_HR@20': 60.6445, 'Best_NDCG@20': 34.6965}
2026/07/23 14:25:32 - __main__ - INFO - 603 - trainer - {'Best_epoch_HR@5': 16, 'Best_epoch_NDCG@5': 15, 'Best_epoch_HR@10': 16, 'Best_epoch_NDCG@10': 15, 'Best_epoch_HR@20': 15, 'Best_epoch_NDCG@20': 15}
2026/07/23 14:25:33 - __main__ - INFO - 560 - trainer - Epoch: 17
2026/07/23 14:25:33 - __main__ - INFO - 565 - trainer - start predicting: 2026-07-23 14:25:33.042543
2026/07/23 14:25:34 - __main__ - INFO - 602 - trainer - {'Best_HR@5': 37.9395, 'Best_NDCG@5': 28.2068, 'Best_HR@10': 48.0469, 'Best_NDCG@10': 31.555, 'Best_HR@20': 60.6445, 'Best_NDCG@20': 34.6965}
2026/07/23 14:25:34 - __main__ - INFO - 603 - trainer - {'Best_epoch_HR@5': 16, 'Best_epoch_NDCG@5': 17, 'Best_epoch_HR@10': 16, 'Best_epoch_NDCG@10': 17, 'Best_epoch_HR@20': 15, 'Best_epoch_NDCG@20': 15}
2026/07/23 14:25:35 - __main__ - INFO - 560 - trainer - Epoch: 18
2026/07/23 14:25:35 - __main__ - INFO - 565 - trainer - start predicting: 2026-07-23 14:25:35.244514
2026/07/23 14:25:36 - __main__ - INFO - 602 - trainer - {'Best_HR@5': 38.0371, 'Best_NDCG@5': 28.2068, 'Best_HR@10': 48.877, 'Best_NDCG@10': 31.6159, 'Best_HR@20': 60.6445, 'Best_NDCG@20': 34.6965}
2026/07/23 14:25:36 - __main__ - INFO - 603 - trainer - {'Best_epoch_HR@5': 18, 'Best_epoch_NDCG@5': 17, 'Best_epoch_HR@10': 18, 'Best_epoch_NDCG@10': 18, 'Best_epoch_HR@20': 15, 'Best_epoch_NDCG@20': 15}
2026/07/23 14:25:37 - __main__ - INFO - 560 - trainer - Epoch: 19
2026/07/23 14:25:37 - __main__ - INFO - 565 - trainer - start predicting: 2026-07-23 14:25:37.508522
2026/07/23 14:25:39 - __main__ - INFO - 602 - trainer - {'Best_HR@5': 38.2812, 'Best_NDCG@5': 28.2068, 'Best_HR@10': 48.877, 'Best_NDCG@10': 31.6159, 'Best_HR@20': 60.6445, 'Best_NDCG@20': 34.6965}
2026/07/23 14:25:39 - __main__ - INFO - 603 - trainer - {'Best_epoch_HR@5': 19, 'Best_epoch_NDCG@5': 17, 'Best_epoch_HR@10': 18, 'Best_epoch_NDCG@10': 18, 'Best_epoch_HR@20': 15, 'Best_epoch_NDCG@20': 15}
2026/07/23 14:25:39 - __main__ - INFO - 560 - trainer - Epoch: 20
2026/07/23 14:25:39 - __main__ - INFO - 565 - trainer - start predicting: 2026-07-23 14:25:39.613613
2026/07/23 14:25:41 - __main__ - INFO - 560 - trainer - Epoch: 21
2026/07/23 14:25:41 - __main__ - INFO - 565 - trainer - start predicting: 2026-07-23 14:25:41.769932
2026/07/23 14:25:43 - __main__ - INFO - 560 - trainer - Epoch: 22
2026/07/23 14:25:43 - __main__ - INFO - 565 - trainer - start predicting: 2026-07-23 14:25:43.901037
2026/07/23 14:25:46 - __main__ - INFO - 560 - trainer - Epoch: 23
2026/07/23 14:25:46 - __main__ - INFO - 565 - trainer - start predicting: 2026-07-23 14:25:46.028928
2026/07/23 14:25:48 - __main__ - INFO - 560 - trainer - Epoch: 24
2026/07/23 14:25:48 - __main__ - INFO - 565 - trainer - start predicting: 2026-07-23 14:25:48.170805
2026/07/23 14:25:49 - __main__ - INFO - 612 - trainer - {'Best_HR@5': 38.2812, 'Best_NDCG@5': 28.2068, 'Best_HR@10': 48.877, 'Best_NDCG@10': 31.6159, 'Best_HR@20': 60.6445, 'Best_NDCG@20': 34.6965}
2026/07/23 14:25:49 - __main__ - INFO - 613 - trainer - {'Best_epoch_HR@5': 19, 'Best_epoch_NDCG@5': 17, 'Best_epoch_HR@10': 18, 'Best_epoch_NDCG@10': 18, 'Best_epoch_HR@20': 15, 'Best_epoch_NDCG@20': 15}
2026/07/23 14:25:49 - __main__ - INFO - 694 - trainer - Popularity Definition------------------------------------------------
2026/07/23 14:25:49 - __main__ - INFO - 698 - trainer - {'popular_ratio': 0.2, 'observed_train_items': 21856, 'popular_items': 4372, 'unpopular_seen_items': 17484, 'unseen_items_in_test': 'calculated from test ground truth'}
2026/07/23 14:25:51 - __main__ - INFO - 957 - trainer - Test Overall------------------------------------------------------
2026/07/23 14:25:51 - __main__ - INFO - 961 - trainer - {'HR@5': 39.0078, 'NDCG@5': 28.5276, 'HR@10': 50.1946, 'NDCG@10': 32.163, 'HR@20': 61.5272, 'NDCG@20': 35.0298}
2026/07/23 14:25:51 - __main__ - INFO - 1046 - trainer - Test Group Size---------------------------------------------------
2026/07/23 14:25:51 - __main__ - INFO - 1050 - trainer - {'Overall_test_samples': 2056, 'Popular_test_samples': 1372, 'Unpopular_seen_test_samples': 505, 'Unseen_test_samples': 179, 'Grouped_test_samples': 2056}
2026/07/23 14:25:51 - __main__ - INFO - 1052 - trainer - Test Popular Ground Truth------------------------------------------
2026/07/23 14:25:51 - __main__ - INFO - 1056 - trainer - {'HR@5': 56.6327, 'NDCG@5': 41.8468, 'HR@10': 71.0641, 'NDCG@10': 46.5497, 'HR@20': 83.3819, 'NDCG@20': 49.6792}
2026/07/23 14:25:51 - __main__ - INFO - 1058 - trainer - Test Unpopular-Seen Ground Truth-----------------------------------
2026/07/23 14:25:51 - __main__ - INFO - 1062 - trainer - {'HR@5': 4.9505, 'NDCG@5': 2.4534, 'HR@10': 11.2871, 'NDCG@10': 4.4769, 'HR@20': 23.9604, 'NDCG@20': 7.6462}
2026/07/23 14:25:51 - __main__ - INFO - 1064 - trainer - Test Unseen Ground Truth-------------------------------------------
2026/07/23 14:25:51 - __main__ - INFO - 1068 - trainer - {'HR@5': 0.0, 'NDCG@5': 0.0, 'HR@10': 0.0, 'NDCG@10': 0.0, 'HR@20': 0.0, 'NDCG@20': 0.0}
2026/07/23 14:25:51 - __main__ - INFO - 1070 - trainer - Recommendation Popularity------------------------------------------
2026/07/23 14:25:51 - __main__ - INFO - 1074 - trainer - {'PopularRatio@5': 88.5895, 'PopularRatio@10': 75.8171, 'PopularRatio@20': 57.427}
2026/07/23 14:25:51 - __main__ - INFO - 1077 - trainer - Best Eval---------------------------------------------------------
2026/07/23 14:25:51 - __main__ - INFO - 1080 - trainer - {'Best_HR@5': 38.2812, 'Best_NDCG@5': 28.2068, 'Best_HR@10': 48.877, 'Best_NDCG@10': 31.6159, 'Best_HR@20': 60.6445, 'Best_NDCG@20': 34.6965}
2026/07/23 14:25:51 - __main__ - INFO - 1081 - trainer - {'Best_epoch_HR@5': 19, 'Best_epoch_NDCG@5': 17, 'Best_epoch_HR@10': 18, 'Best_epoch_NDCG@10': 18, 'Best_epoch_HR@20': 15, 'Best_epoch_NDCG@20': 15}
2026/07/23 14:25:51 - __main__ - INFO - 173 - main - Target model saved at: ./saved_model/movie_video/target_model.pth
