2026/08/26 10:37:57 - __main__ - INFO - 93 - main - Namespace(batch_size=512, decay_step=100, description='Diffu_norm_score', device='cuda', diffusion_steps=32, dropout=0.1, emb_dropout=0.3, epochs=100, eval_interval=5, gamma=0.1, group_alignment=1, group_alignment_mode='both', group_context_threshold=0.5, group_pop_weight=1.0, group_tail_weight=1.0, hidden_act='gelu', hidden_size=128, lambda_uncertainty=0.001, log_file='log/', loss_lambda=1, lr=0.001, max_len=8, metric_ks=[5, 10, 20], momentum=None, noise_schedule='trunc_lin', num_blocks=4, num_gpu=1, optimizer='Adam', p=0.3, patience=2, popular_ratio=0.2, random_seed=1997, rescale_timesteps=True, s_dataset='movie', schedule_sampler_name='lossaware', t_dataset='video', target_next_focus_bin='singleton', target_next_reweight_alpha=0.1, target_next_rule_reweight=1, w=1.0, weight_decay=0)
2026/08/26 10:38:01 - __main__ - INFO - 779 - trainer - Group-aware Alignment Definition------------------------------------
2026/08/26 10:38:01 - __main__ - INFO - 783 - trainer - {'group_alignment': True, 'alignment_mode': 'both', 'context_threshold': 0.5, 'popular_weight': 1.0, 'tail_weight': 1.0, 'source_popular_items': 17856, 'target_popular_items': 4372}
2026/08/26 10:38:01 - __main__ - INFO - 915 - trainer - Group-aware Alignment Batch------------------------------------
2026/08/26 10:38:01 - __main__ - INFO - 920 - trainer - {'Epoch': 0, 'Source Popular-context': 407, 'Source Tail-context': 75, 'Target Popular-context': 379, 'Target Tail-context': 87}
2026/08/26 10:38:06 - __main__ - INFO - 931 - trainer - Epoch: 0
2026/08/26 10:38:06 - __main__ - INFO - 915 - trainer - Group-aware Alignment Batch------------------------------------
2026/08/26 10:38:06 - __main__ - INFO - 920 - trainer - {'Epoch': 1, 'Source Popular-context': 394, 'Source Tail-context': 77, 'Target Popular-context': 372, 'Target Tail-context': 83}
2026/08/26 10:38:10 - __main__ - INFO - 931 - trainer - Epoch: 1
2026/08/26 10:38:10 - __main__ - INFO - 915 - trainer - Group-aware Alignment Batch------------------------------------
2026/08/26 10:38:10 - __main__ - INFO - 920 - trainer - {'Epoch': 2, 'Source Popular-context': 393, 'Source Tail-context': 73, 'Target Popular-context': 387, 'Target Tail-context': 77}
2026/08/26 10:38:15 - __main__ - INFO - 931 - trainer - Epoch: 2
2026/08/26 10:38:15 - __main__ - INFO - 915 - trainer - Group-aware Alignment Batch------------------------------------
2026/08/26 10:38:15 - __main__ - INFO - 920 - trainer - {'Epoch': 3, 'Source Popular-context': 409, 'Source Tail-context': 56, 'Target Popular-context': 342, 'Target Tail-context': 98}
2026/08/26 10:38:19 - __main__ - INFO - 931 - trainer - Epoch: 3
2026/08/26 10:38:19 - __main__ - INFO - 915 - trainer - Group-aware Alignment Batch------------------------------------
2026/08/26 10:38:19 - __main__ - INFO - 920 - trainer - {'Epoch': 4, 'Source Popular-context': 418, 'Source Tail-context': 59, 'Target Popular-context': 370, 'Target Tail-context': 79}
2026/08/26 10:38:24 - __main__ - INFO - 931 - trainer - Epoch: 4
2026/08/26 10:38:24 - __main__ - INFO - 915 - trainer - Group-aware Alignment Batch------------------------------------
2026/08/26 10:38:24 - __main__ - INFO - 920 - trainer - {'Epoch': 5, 'Source Popular-context': 403, 'Source Tail-context': 59, 'Target Popular-context': 368, 'Target Tail-context': 85}
2026/08/26 10:38:28 - __main__ - INFO - 931 - trainer - Epoch: 5
2026/08/26 10:38:28 - __main__ - INFO - 936 - trainer - start predicting: 2026-08-26 10:38:28.772353
2026/08/26 10:38:40 - __main__ - INFO - 973 - trainer - {'Best_HR@5': 38.6621, 'Best_NDCG@5': 29.8305, 'Best_HR@10': 49.1016, 'Best_NDCG@10': 33.2054, 'Best_HR@20': 61.8359, 'Best_NDCG@20': 36.4132}
2026/08/26 10:38:40 - __main__ - INFO - 974 - trainer - {'Best_epoch_HR@5': 5, 'Best_epoch_NDCG@5': 5, 'Best_epoch_HR@10': 5, 'Best_epoch_NDCG@10': 5, 'Best_epoch_HR@20': 5, 'Best_epoch_NDCG@20': 5}
2026/08/26 10:38:40 - __main__ - INFO - 915 - trainer - Group-aware Alignment Batch------------------------------------
2026/08/26 10:38:40 - __main__ - INFO - 920 - trainer - {'Epoch': 6, 'Source Popular-context': 423, 'Source Tail-context': 54, 'Target Popular-context': 362, 'Target Tail-context': 95}
2026/08/26 10:38:45 - __main__ - INFO - 931 - trainer - Epoch: 6
2026/08/26 10:38:45 - __main__ - INFO - 915 - trainer - Group-aware Alignment Batch------------------------------------
2026/08/26 10:38:45 - __main__ - INFO - 920 - trainer - {'Epoch': 7, 'Source Popular-context': 421, 'Source Tail-context': 63, 'Target Popular-context': 375, 'Target Tail-context': 85}
2026/08/26 10:38:49 - __main__ - INFO - 931 - trainer - Epoch: 7
2026/08/26 10:38:49 - __main__ - INFO - 915 - trainer - Group-aware Alignment Batch------------------------------------
2026/08/26 10:38:49 - __main__ - INFO - 920 - trainer - {'Epoch': 8, 'Source Popular-context': 421, 'Source Tail-context': 59, 'Target Popular-context': 368, 'Target Tail-context': 94}
2026/08/26 10:38:53 - __main__ - INFO - 931 - trainer - Epoch: 8
2026/08/26 10:38:53 - __main__ - INFO - 915 - trainer - Group-aware Alignment Batch------------------------------------
2026/08/26 10:38:53 - __main__ - INFO - 920 - trainer - {'Epoch': 9, 'Source Popular-context': 402, 'Source Tail-context': 78, 'Target Popular-context': 378, 'Target Tail-context': 85}
2026/08/26 10:38:57 - __main__ - INFO - 931 - trainer - Epoch: 9
2026/08/26 10:38:57 - __main__ - INFO - 915 - trainer - Group-aware Alignment Batch------------------------------------
2026/08/26 10:38:57 - __main__ - INFO - 920 - trainer - {'Epoch': 10, 'Source Popular-context': 428, 'Source Tail-context': 46, 'Target Popular-context': 374, 'Target Tail-context': 78}
2026/08/26 10:39:02 - __main__ - INFO - 931 - trainer - Epoch: 10
2026/08/26 10:39:02 - __main__ - INFO - 936 - trainer - start predicting: 2026-08-26 10:39:02.320299
2026/08/26 10:39:14 - __main__ - INFO - 973 - trainer - {'Best_HR@5': 48.2227, 'Best_NDCG@5': 36.8793, 'Best_HR@10': 58.877, 'Best_NDCG@10': 40.3294, 'Best_HR@20': 69.4629, 'Best_NDCG@20': 43.0071}
2026/08/26 10:39:14 - __main__ - INFO - 974 - trainer - {'Best_epoch_HR@5': 10, 'Best_epoch_NDCG@5': 10, 'Best_epoch_HR@10': 10, 'Best_epoch_NDCG@10': 10, 'Best_epoch_HR@20': 10, 'Best_epoch_NDCG@20': 10}
2026/08/26 10:39:14 - __main__ - INFO - 915 - trainer - Group-aware Alignment Batch------------------------------------
2026/08/26 10:39:14 - __main__ - INFO - 920 - trainer - {'Epoch': 11, 'Source Popular-context': 413, 'Source Tail-context': 60, 'Target Popular-context': 381, 'Target Tail-context': 85}
2026/08/26 10:39:18 - __main__ - INFO - 931 - trainer - Epoch: 11
2026/08/26 10:39:18 - __main__ - INFO - 915 - trainer - Group-aware Alignment Batch------------------------------------
2026/08/26 10:39:18 - __main__ - INFO - 920 - trainer - {'Epoch': 12, 'Source Popular-context': 424, 'Source Tail-context': 60, 'Target Popular-context': 372, 'Target Tail-context': 80}
2026/08/26 10:39:22 - __main__ - INFO - 931 - trainer - Epoch: 12
2026/08/26 10:39:22 - __main__ - INFO - 915 - trainer - Group-aware Alignment Batch------------------------------------
2026/08/26 10:39:22 - __main__ - INFO - 920 - trainer - {'Epoch': 13, 'Source Popular-context': 411, 'Source Tail-context': 73, 'Target Popular-context': 382, 'Target Tail-context': 79}
2026/08/26 10:39:27 - __main__ - INFO - 931 - trainer - Epoch: 13
2026/08/26 10:39:27 - __main__ - INFO - 915 - trainer - Group-aware Alignment Batch------------------------------------
2026/08/26 10:39:27 - __main__ - INFO - 920 - trainer - {'Epoch': 14, 'Source Popular-context': 423, 'Source Tail-context': 65, 'Target Popular-context': 379, 'Target Tail-context': 94}
2026/08/26 10:39:31 - __main__ - INFO - 931 - trainer - Epoch: 14
2026/08/26 10:39:31 - __main__ - INFO - 915 - trainer - Group-aware Alignment Batch------------------------------------
2026/08/26 10:39:31 - __main__ - INFO - 920 - trainer - {'Epoch': 15, 'Source Popular-context': 422, 'Source Tail-context': 58, 'Target Popular-context': 373, 'Target Tail-context': 98}
2026/08/26 10:39:35 - __main__ - INFO - 931 - trainer - Epoch: 15
2026/08/26 10:39:35 - __main__ - INFO - 936 - trainer - start predicting: 2026-08-26 10:39:35.809932
2026/08/26 10:39:47 - __main__ - INFO - 973 - trainer - {'Best_HR@5': 49.1797, 'Best_NDCG@5': 37.4333, 'Best_HR@10': 60.3223, 'Best_NDCG@10': 41.0498, 'Best_HR@20': 70.4297, 'Best_NDCG@20': 43.6145}
2026/08/26 10:39:47 - __main__ - INFO - 974 - trainer - {'Best_epoch_HR@5': 15, 'Best_epoch_NDCG@5': 15, 'Best_epoch_HR@10': 15, 'Best_epoch_NDCG@10': 15, 'Best_epoch_HR@20': 15, 'Best_epoch_NDCG@20': 15}
2026/08/26 10:39:47 - __main__ - INFO - 915 - trainer - Group-aware Alignment Batch------------------------------------
2026/08/26 10:39:47 - __main__ - INFO - 920 - trainer - {'Epoch': 16, 'Source Popular-context': 403, 'Source Tail-context': 65, 'Target Popular-context': 374, 'Target Tail-context': 89}
2026/08/26 10:39:52 - __main__ - INFO - 931 - trainer - Epoch: 16
2026/08/26 10:39:52 - __main__ - INFO - 915 - trainer - Group-aware Alignment Batch------------------------------------
2026/08/26 10:39:52 - __main__ - INFO - 920 - trainer - {'Epoch': 17, 'Source Popular-context': 423, 'Source Tail-context': 52, 'Target Popular-context': 355, 'Target Tail-context': 109}
2026/08/26 10:39:57 - __main__ - INFO - 931 - trainer - Epoch: 17
2026/08/26 10:39:57 - __main__ - INFO - 915 - trainer - Group-aware Alignment Batch------------------------------------
2026/08/26 10:39:57 - __main__ - INFO - 920 - trainer - {'Epoch': 18, 'Source Popular-context': 413, 'Source Tail-context': 63, 'Target Popular-context': 386, 'Target Tail-context': 85}
2026/08/26 10:40:01 - __main__ - INFO - 931 - trainer - Epoch: 18
2026/08/26 10:40:01 - __main__ - INFO - 915 - trainer - Group-aware Alignment Batch------------------------------------
2026/08/26 10:40:01 - __main__ - INFO - 920 - trainer - {'Epoch': 19, 'Source Popular-context': 402, 'Source Tail-context': 63, 'Target Popular-context': 367, 'Target Tail-context': 94}
2026/08/26 10:40:06 - __main__ - INFO - 931 - trainer - Epoch: 19
2026/08/26 10:40:06 - __main__ - INFO - 915 - trainer - Group-aware Alignment Batch------------------------------------
2026/08/26 10:40:06 - __main__ - INFO - 920 - trainer - {'Epoch': 20, 'Source Popular-context': 409, 'Source Tail-context': 62, 'Target Popular-context': 373, 'Target Tail-context': 82}
2026/08/26 10:40:10 - __main__ - INFO - 931 - trainer - Epoch: 20
2026/08/26 10:40:10 - __main__ - INFO - 936 - trainer - start predicting: 2026-08-26 10:40:10.766179
2026/08/26 10:40:22 - __main__ - INFO - 915 - trainer - Group-aware Alignment Batch------------------------------------
2026/08/26 10:40:22 - __main__ - INFO - 920 - trainer - {'Epoch': 21, 'Source Popular-context': 404, 'Source Tail-context': 63, 'Target Popular-context': 372, 'Target Tail-context': 83}
2026/08/26 10:40:26 - __main__ - INFO - 931 - trainer - Epoch: 21
2026/08/26 10:40:26 - __main__ - INFO - 915 - trainer - Group-aware Alignment Batch------------------------------------
2026/08/26 10:40:26 - __main__ - INFO - 920 - trainer - {'Epoch': 22, 'Source Popular-context': 416, 'Source Tail-context': 59, 'Target Popular-context': 370, 'Target Tail-context': 78}
2026/08/26 10:40:30 - __main__ - INFO - 931 - trainer - Epoch: 22
2026/08/26 10:40:31 - __main__ - INFO - 915 - trainer - Group-aware Alignment Batch------------------------------------
2026/08/26 10:40:31 - __main__ - INFO - 920 - trainer - {'Epoch': 23, 'Source Popular-context': 404, 'Source Tail-context': 69, 'Target Popular-context': 385, 'Target Tail-context': 81}
2026/08/26 10:40:35 - __main__ - INFO - 931 - trainer - Epoch: 23
2026/08/26 10:40:35 - __main__ - INFO - 915 - trainer - Group-aware Alignment Batch------------------------------------
2026/08/26 10:40:35 - __main__ - INFO - 920 - trainer - {'Epoch': 24, 'Source Popular-context': 400, 'Source Tail-context': 74, 'Target Popular-context': 373, 'Target Tail-context': 90}
2026/08/26 10:40:39 - __main__ - INFO - 931 - trainer - Epoch: 24
2026/08/26 10:40:39 - __main__ - INFO - 915 - trainer - Group-aware Alignment Batch------------------------------------
2026/08/26 10:40:39 - __main__ - INFO - 920 - trainer - {'Epoch': 25, 'Source Popular-context': 415, 'Source Tail-context': 50, 'Target Popular-context': 382, 'Target Tail-context': 81}
2026/08/26 10:40:43 - __main__ - INFO - 931 - trainer - Epoch: 25
2026/08/26 10:40:43 - __main__ - INFO - 936 - trainer - start predicting: 2026-08-26 10:40:43.908440
2026/08/26 10:40:55 - __main__ - INFO - 983 - trainer - {'Best_HR@5': 49.1797, 'Best_NDCG@5': 37.4333, 'Best_HR@10': 60.3223, 'Best_NDCG@10': 41.0498, 'Best_HR@20': 70.4297, 'Best_NDCG@20': 43.6145}
2026/08/26 10:40:55 - __main__ - INFO - 984 - trainer - {'Best_epoch_HR@5': 15, 'Best_epoch_NDCG@5': 15, 'Best_epoch_HR@10': 15, 'Best_epoch_NDCG@10': 15, 'Best_epoch_HR@20': 15, 'Best_epoch_NDCG@20': 15}
2026/08/26 10:40:55 - __main__ - INFO - 1090 - trainer - Source Popularity Definition---------------------------------------------
2026/08/26 10:40:55 - __main__ - INFO - 1095 - trainer - {'domain': 'Source', 'popular_ratio': 0.2, 'observed_train_items': 89276, 'popular_items': 17856, 'unpopular_seen_items': 71420, 'unseen_items_in_test': 'calculated from test ground truth'}
2026/08/26 10:41:02 - __main__ - INFO - 1371 - trainer - %s Test Overall------------------------------------------------------
2026/08/26 10:41:02 - __main__ - INFO - 1375 - trainer - {'HR@5': 49.8753, 'NDCG@5': 38.1821, 'HR@10': 60.4107, 'NDCG@10': 41.608, 'HR@20': 70.1785, 'NDCG@20': 44.0883}
2026/08/26 10:41:02 - __main__ - INFO - 1466 - trainer - Source Test Group Size----------------------------------------------
2026/08/26 10:41:02 - __main__ - INFO - 1471 - trainer - {'domain': 'Source', 'Overall_test_samples': 10422, 'Popular_test_samples': 7854, 'Unpopular_seen_test_samples': 1824, 'Unseen_test_samples': 744, 'Grouped_test_samples': 10422}
2026/08/26 10:41:02 - __main__ - INFO - 1473 - trainer - Source Test Popular Ground Truth-------------------------------------
2026/08/26 10:41:02 - __main__ - INFO - 1478 - trainer - {'HR@5': 65.4826, 'NDCG@5': 50.336, 'HR@10': 78.2022, 'NDCG@10': 54.4832, 'HR@20': 87.9297, 'NDCG@20': 56.9665}
2026/08/26 10:41:02 - __main__ - INFO - 1480 - trainer - Source Test Unpopular-Seen Ground Truth------------------------------
2026/08/26 10:41:02 - __main__ - INFO - 1485 - trainer - {'HR@5': 3.0154, 'NDCG@5': 1.4225, 'HR@10': 8.443, 'NDCG@10': 3.1399, 'HR@20': 22.3684, 'NDCG@20': 6.6193}
2026/08/26 10:41:02 - __main__ - INFO - 1489 - trainer - Source Test Unseen Ground Truth--------------------------------------
2026/08/26 10:41:02 - __main__ - INFO - 1494 - trainer - {'HR@5': 0.0, 'NDCG@5': 0.0, 'HR@10': 0.0, 'NDCG@10': 0.0, 'HR@20': 0.0, 'NDCG@20': 0.0}
2026/08/26 10:41:02 - __main__ - INFO - 1496 - trainer - Source Recommendation Popularity-------------------------------------
2026/08/26 10:41:02 - __main__ - INFO - 1501 - trainer - {'PopularRatio@5': 93.5483, 'PopularRatio@10': 82.1061, 'PopularRatio@20': 61.7319}
2026/08/26 10:41:02 - __main__ - INFO - 1504 - trainer - Best Eval---------------------------------------------------------
2026/08/26 10:41:02 - __main__ - INFO - 1507 - trainer - {'Best_HR@5': 49.1797, 'Best_NDCG@5': 37.4333, 'Best_HR@10': 60.3223, 'Best_NDCG@10': 41.0498, 'Best_HR@20': 70.4297, 'Best_NDCG@20': 43.6145}
2026/08/26 10:41:02 - __main__ - INFO - 1508 - trainer - {'Best_epoch_HR@5': 15, 'Best_epoch_NDCG@5': 15, 'Best_epoch_HR@10': 15, 'Best_epoch_NDCG@10': 15, 'Best_epoch_HR@20': 15, 'Best_epoch_NDCG@20': 15}
2026/08/26 10:41:02 - __main__ - INFO - 697 - trainer - D1 Sample-wise Target Next Regulation
2026/08/26 10:41:02 - __main__ - INFO - 700 - trainer - {'Experiment': 'D', 'State Characteristic': 'Unpopular Next Supervision Exposure', 'Focus State': 'singleton', 'Action': 'D1 Target Next Reweighting', 'Alpha': 0.1, 'Applied Weight': 1.1, 'Popular Next Samples': 11526, 'Unpopular Next Samples': 4912}
2026/08/26 10:41:02 - __main__ - INFO - 701 - trainer - Experiment D Frequency State Distribution---------------------------------------------
2026/08/26 10:41:02 - __main__ - INFO - 711 - trainer - {'State': 'singleton', 'Unique Items': 3592, 'Training Samples': 3592, 'Min Next Frequency': 1, 'Max Next Frequency': 1, 'Mean Next Frequency': 1.0}
2026/08/26 10:41:02 - __main__ - INFO - 711 - trainer - {'State': 'low_repeat', 'Unique Items': 466, 'Training Samples': 932, 'Min Next Frequency': 2, 'Max Next Frequency': 2, 'Mean Next Frequency': 2.0}
2026/08/26 10:41:02 - __main__ - INFO - 711 - trainer - {'State': 'higher_repeat', 'Unique Items': 119, 'Training Samples': 388, 'Min Next Frequency': 3, 'Max Next Frequency': 5, 'Mean Next Frequency': 3.2605}
2026/08/26 10:41:02 - __main__ - INFO - 719 - trainer - Unpopular Next Actual Frequency Distribution---------------------------------------------
2026/08/26 10:41:02 - __main__ - INFO - 725 - trainer - {'Next Frequency': 1, 'Unique Items': 3592, 'Training Samples': 3592}
2026/08/26 10:41:02 - __main__ - INFO - 725 - trainer - {'Next Frequency': 2, 'Unique Items': 466, 'Training Samples': 932}
2026/08/26 10:41:02 - __main__ - INFO - 725 - trainer - {'Next Frequency': 3, 'Unique Items': 94, 'Training Samples': 282}
2026/08/26 10:41:02 - __main__ - INFO - 725 - trainer - {'Next Frequency': 4, 'Unique Items': 19, 'Training Samples': 76}
2026/08/26 10:41:02 - __main__ - INFO - 725 - trainer - {'Next Frequency': 5, 'Unique Items': 6, 'Training Samples': 30}
2026/08/26 10:41:02 - __main__ - INFO - 931 - trainer - Epoch: 0
2026/08/26 10:41:03 - __main__ - INFO - 931 - trainer - Epoch: 1
2026/08/26 10:41:03 - __main__ - INFO - 936 - trainer - start predicting: 2026-08-26 10:41:03.412980
2026/08/26 10:41:05 - __main__ - INFO - 973 - trainer - {'Best_HR@5': 7.1289, 'Best_NDCG@5': 3.5769, 'Best_HR@10': 14.7461, 'Best_NDCG@10': 5.9901, 'Best_HR@20': 29.1016, 'Best_NDCG@20': 9.5875}
2026/08/26 10:41:05 - __main__ - INFO - 974 - trainer - {'Best_epoch_HR@5': 1, 'Best_epoch_NDCG@5': 1, 'Best_epoch_HR@10': 1, 'Best_epoch_NDCG@10': 1, 'Best_epoch_HR@20': 1, 'Best_epoch_NDCG@20': 1}
2026/08/26 10:41:05 - __main__ - INFO - 931 - trainer - Epoch: 2
2026/08/26 10:41:05 - __main__ - INFO - 936 - trainer - start predicting: 2026-08-26 10:41:05.614811
2026/08/26 10:41:07 - __main__ - INFO - 973 - trainer - {'Best_HR@5': 12.8906, 'Best_NDCG@5': 7.7695, 'Best_HR@10': 21.6309, 'Best_NDCG@10': 10.5538, 'Best_HR@20': 37.2559, 'Best_NDCG@20': 14.4585}
2026/08/26 10:41:07 - __main__ - INFO - 974 - trainer - {'Best_epoch_HR@5': 2, 'Best_epoch_NDCG@5': 2, 'Best_epoch_HR@10': 2, 'Best_epoch_NDCG@10': 2, 'Best_epoch_HR@20': 2, 'Best_epoch_NDCG@20': 2}
2026/08/26 10:41:07 - __main__ - INFO - 931 - trainer - Epoch: 3
2026/08/26 10:41:07 - __main__ - INFO - 936 - trainer - start predicting: 2026-08-26 10:41:07.680200
2026/08/26 10:41:09 - __main__ - INFO - 973 - trainer - {'Best_HR@5': 17.9688, 'Best_NDCG@5': 11.6541, 'Best_HR@10': 29.6387, 'Best_NDCG@10': 15.3946, 'Best_HR@20': 45.5566, 'Best_NDCG@20': 19.4054}
2026/08/26 10:41:09 - __main__ - INFO - 974 - trainer - {'Best_epoch_HR@5': 3, 'Best_epoch_NDCG@5': 3, 'Best_epoch_HR@10': 3, 'Best_epoch_NDCG@10': 3, 'Best_epoch_HR@20': 3, 'Best_epoch_NDCG@20': 3}
2026/08/26 10:41:09 - __main__ - INFO - 931 - trainer - Epoch: 4
2026/08/26 10:41:09 - __main__ - INFO - 936 - trainer - start predicting: 2026-08-26 10:41:09.788203
2026/08/26 10:41:11 - __main__ - INFO - 973 - trainer - {'Best_HR@5': 23.6816, 'Best_NDCG@5': 15.8463, 'Best_HR@10': 35.0098, 'Best_NDCG@10': 19.4896, 'Best_HR@20': 50.5859, 'Best_NDCG@20': 23.3942}
2026/08/26 10:41:11 - __main__ - INFO - 974 - trainer - {'Best_epoch_HR@5': 4, 'Best_epoch_NDCG@5': 4, 'Best_epoch_HR@10': 4, 'Best_epoch_NDCG@10': 4, 'Best_epoch_HR@20': 4, 'Best_epoch_NDCG@20': 4}
2026/08/26 10:41:11 - __main__ - INFO - 931 - trainer - Epoch: 5
2026/08/26 10:41:11 - __main__ - INFO - 936 - trainer - start predicting: 2026-08-26 10:41:11.863933
2026/08/26 10:41:13 - __main__ - INFO - 973 - trainer - {'Best_HR@5': 26.7578, 'Best_NDCG@5': 18.5948, 'Best_HR@10': 37.7441, 'Best_NDCG@10': 22.1368, 'Best_HR@20': 53.5645, 'Best_NDCG@20': 26.106}
2026/08/26 10:41:13 - __main__ - INFO - 974 - trainer - {'Best_epoch_HR@5': 5, 'Best_epoch_NDCG@5': 5, 'Best_epoch_HR@10': 5, 'Best_epoch_NDCG@10': 5, 'Best_epoch_HR@20': 5, 'Best_epoch_NDCG@20': 5}
2026/08/26 10:41:13 - __main__ - INFO - 931 - trainer - Epoch: 6
2026/08/26 10:41:13 - __main__ - INFO - 936 - trainer - start predicting: 2026-08-26 10:41:13.967481
2026/08/26 10:41:15 - __main__ - INFO - 973 - trainer - {'Best_HR@5': 29.6387, 'Best_NDCG@5': 21.2086, 'Best_HR@10': 39.9902, 'Best_NDCG@10': 24.5513, 'Best_HR@20': 56.1523, 'Best_NDCG@20': 28.6052}
2026/08/26 10:41:15 - __main__ - INFO - 974 - trainer - {'Best_epoch_HR@5': 6, 'Best_epoch_NDCG@5': 6, 'Best_epoch_HR@10': 6, 'Best_epoch_NDCG@10': 6, 'Best_epoch_HR@20': 6, 'Best_epoch_NDCG@20': 6}
2026/08/26 10:41:16 - __main__ - INFO - 931 - trainer - Epoch: 7
2026/08/26 10:41:16 - __main__ - INFO - 936 - trainer - start predicting: 2026-08-26 10:41:16.067264
2026/08/26 10:41:17 - __main__ - INFO - 973 - trainer - {'Best_HR@5': 32.0312, 'Best_NDCG@5': 23.1626, 'Best_HR@10': 41.8457, 'Best_NDCG@10': 26.3089, 'Best_HR@20': 56.7871, 'Best_NDCG@20': 30.0518}
2026/08/26 10:41:17 - __main__ - INFO - 974 - trainer - {'Best_epoch_HR@5': 7, 'Best_epoch_NDCG@5': 7, 'Best_epoch_HR@10': 7, 'Best_epoch_NDCG@10': 7, 'Best_epoch_HR@20': 7, 'Best_epoch_NDCG@20': 7}
2026/08/26 10:41:18 - __main__ - INFO - 931 - trainer - Epoch: 8
2026/08/26 10:41:18 - __main__ - INFO - 936 - trainer - start predicting: 2026-08-26 10:41:18.178151
2026/08/26 10:41:19 - __main__ - INFO - 973 - trainer - {'Best_HR@5': 32.666, 'Best_NDCG@5': 24.6765, 'Best_HR@10': 43.3594, 'Best_NDCG@10': 28.1031, 'Best_HR@20': 57.959, 'Best_NDCG@20': 31.7808}
2026/08/26 10:41:19 - __main__ - INFO - 974 - trainer - {'Best_epoch_HR@5': 8, 'Best_epoch_NDCG@5': 8, 'Best_epoch_HR@10': 8, 'Best_epoch_NDCG@10': 8, 'Best_epoch_HR@20': 8, 'Best_epoch_NDCG@20': 8}
2026/08/26 10:41:20 - __main__ - INFO - 931 - trainer - Epoch: 9
2026/08/26 10:41:20 - __main__ - INFO - 936 - trainer - start predicting: 2026-08-26 10:41:20.306831
2026/08/26 10:41:21 - __main__ - INFO - 973 - trainer - {'Best_HR@5': 33.8867, 'Best_NDCG@5': 25.4911, 'Best_HR@10': 44.043, 'Best_NDCG@10': 28.7812, 'Best_HR@20': 58.3496, 'Best_NDCG@20': 32.3732}
2026/08/26 10:41:21 - __main__ - INFO - 974 - trainer - {'Best_epoch_HR@5': 9, 'Best_epoch_NDCG@5': 9, 'Best_epoch_HR@10': 9, 'Best_epoch_NDCG@10': 9, 'Best_epoch_HR@20': 9, 'Best_epoch_NDCG@20': 9}
2026/08/26 10:41:22 - __main__ - INFO - 931 - trainer - Epoch: 10
2026/08/26 10:41:22 - __main__ - INFO - 936 - trainer - start predicting: 2026-08-26 10:41:22.433169
2026/08/26 10:41:24 - __main__ - INFO - 973 - trainer - {'Best_HR@5': 35.4492, 'Best_NDCG@5': 26.6083, 'Best_HR@10': 45.7031, 'Best_NDCG@10': 29.9044, 'Best_HR@20': 58.9355, 'Best_NDCG@20': 33.2404}
2026/08/26 10:41:24 - __main__ - INFO - 974 - trainer - {'Best_epoch_HR@5': 10, 'Best_epoch_NDCG@5': 10, 'Best_epoch_HR@10': 10, 'Best_epoch_NDCG@10': 10, 'Best_epoch_HR@20': 10, 'Best_epoch_NDCG@20': 10}
2026/08/26 10:41:24 - __main__ - INFO - 931 - trainer - Epoch: 11
2026/08/26 10:41:24 - __main__ - INFO - 936 - trainer - start predicting: 2026-08-26 10:41:24.624762
2026/08/26 10:41:26 - __main__ - INFO - 973 - trainer - {'Best_HR@5': 37.0117, 'Best_NDCG@5': 27.1309, 'Best_HR@10': 46.875, 'Best_NDCG@10': 30.3286, 'Best_HR@20': 59.6191, 'Best_NDCG@20': 33.5331}
2026/08/26 10:41:26 - __main__ - INFO - 974 - trainer - {'Best_epoch_HR@5': 11, 'Best_epoch_NDCG@5': 11, 'Best_epoch_HR@10': 11, 'Best_epoch_NDCG@10': 11, 'Best_epoch_HR@20': 11, 'Best_epoch_NDCG@20': 11}
2026/08/26 10:41:26 - __main__ - INFO - 931 - trainer - Epoch: 12
2026/08/26 10:41:26 - __main__ - INFO - 936 - trainer - start predicting: 2026-08-26 10:41:26.715892
2026/08/26 10:41:28 - __main__ - INFO - 973 - trainer - {'Best_HR@5': 37.0117, 'Best_NDCG@5': 27.3632, 'Best_HR@10': 48.3398, 'Best_NDCG@10': 30.992, 'Best_HR@20': 59.6191, 'Best_NDCG@20': 33.8306}
2026/08/26 10:41:28 - __main__ - INFO - 974 - trainer - {'Best_epoch_HR@5': 11, 'Best_epoch_NDCG@5': 12, 'Best_epoch_HR@10': 12, 'Best_epoch_NDCG@10': 12, 'Best_epoch_HR@20': 11, 'Best_epoch_NDCG@20': 12}
2026/08/26 10:41:28 - __main__ - INFO - 931 - trainer - Epoch: 13
2026/08/26 10:41:28 - __main__ - INFO - 936 - trainer - start predicting: 2026-08-26 10:41:28.804893
2026/08/26 10:41:30 - __main__ - INFO - 973 - trainer - {'Best_HR@5': 37.0117, 'Best_NDCG@5': 27.4843, 'Best_HR@10': 48.3398, 'Best_NDCG@10': 31.0551, 'Best_HR@20': 59.8145, 'Best_NDCG@20': 34.0827}
2026/08/26 10:41:30 - __main__ - INFO - 974 - trainer - {'Best_epoch_HR@5': 11, 'Best_epoch_NDCG@5': 13, 'Best_epoch_HR@10': 12, 'Best_epoch_NDCG@10': 13, 'Best_epoch_HR@20': 13, 'Best_epoch_NDCG@20': 13}
2026/08/26 10:41:30 - __main__ - INFO - 931 - trainer - Epoch: 14
2026/08/26 10:41:30 - __main__ - INFO - 936 - trainer - start predicting: 2026-08-26 10:41:30.908348
2026/08/26 10:41:32 - __main__ - INFO - 973 - trainer - {'Best_HR@5': 37.5977, 'Best_NDCG@5': 27.8516, 'Best_HR@10': 48.3398, 'Best_NDCG@10': 31.1726, 'Best_HR@20': 60.0586, 'Best_NDCG@20': 34.263}
2026/08/26 10:41:32 - __main__ - INFO - 974 - trainer - {'Best_epoch_HR@5': 14, 'Best_epoch_NDCG@5': 14, 'Best_epoch_HR@10': 12, 'Best_epoch_NDCG@10': 14, 'Best_epoch_HR@20': 14, 'Best_epoch_NDCG@20': 14}
2026/08/26 10:41:33 - __main__ - INFO - 931 - trainer - Epoch: 15
2026/08/26 10:41:33 - __main__ - INFO - 936 - trainer - start predicting: 2026-08-26 10:41:33.030637
2026/08/26 10:41:34 - __main__ - INFO - 973 - trainer - {'Best_HR@5': 37.9395, 'Best_NDCG@5': 28.3205, 'Best_HR@10': 48.584, 'Best_NDCG@10': 31.777, 'Best_HR@20': 60.1074, 'Best_NDCG@20': 34.6885}
2026/08/26 10:41:34 - __main__ - INFO - 974 - trainer - {'Best_epoch_HR@5': 15, 'Best_epoch_NDCG@5': 15, 'Best_epoch_HR@10': 15, 'Best_epoch_NDCG@10': 15, 'Best_epoch_HR@20': 15, 'Best_epoch_NDCG@20': 15}
2026/08/26 10:41:35 - __main__ - INFO - 931 - trainer - Epoch: 16
2026/08/26 10:41:35 - __main__ - INFO - 936 - trainer - start predicting: 2026-08-26 10:41:35.258462
2026/08/26 10:41:36 - __main__ - INFO - 973 - trainer - {'Best_HR@5': 38.2812, 'Best_NDCG@5': 28.4598, 'Best_HR@10': 48.584, 'Best_NDCG@10': 31.777, 'Best_HR@20': 60.5469, 'Best_NDCG@20': 34.7555}
2026/08/26 10:41:36 - __main__ - INFO - 974 - trainer - {'Best_epoch_HR@5': 16, 'Best_epoch_NDCG@5': 16, 'Best_epoch_HR@10': 15, 'Best_epoch_NDCG@10': 15, 'Best_epoch_HR@20': 16, 'Best_epoch_NDCG@20': 16}
2026/08/26 10:41:37 - __main__ - INFO - 931 - trainer - Epoch: 17
2026/08/26 10:41:37 - __main__ - INFO - 936 - trainer - start predicting: 2026-08-26 10:41:37.367672
2026/08/26 10:41:38 - __main__ - INFO - 973 - trainer - {'Best_HR@5': 38.2812, 'Best_NDCG@5': 28.4598, 'Best_HR@10': 48.6328, 'Best_NDCG@10': 31.777, 'Best_HR@20': 60.5469, 'Best_NDCG@20': 34.7555}
2026/08/26 10:41:38 - __main__ - INFO - 974 - trainer - {'Best_epoch_HR@5': 16, 'Best_epoch_NDCG@5': 16, 'Best_epoch_HR@10': 17, 'Best_epoch_NDCG@10': 15, 'Best_epoch_HR@20': 16, 'Best_epoch_NDCG@20': 16}
2026/08/26 10:41:39 - __main__ - INFO - 931 - trainer - Epoch: 18
2026/08/26 10:41:39 - __main__ - INFO - 936 - trainer - start predicting: 2026-08-26 10:41:39.502083
2026/08/26 10:41:41 - __main__ - INFO - 973 - trainer - {'Best_HR@5': 38.4766, 'Best_NDCG@5': 28.4598, 'Best_HR@10': 48.9258, 'Best_NDCG@10': 31.777, 'Best_HR@20': 60.5469, 'Best_NDCG@20': 34.7555}
2026/08/26 10:41:41 - __main__ - INFO - 974 - trainer - {'Best_epoch_HR@5': 18, 'Best_epoch_NDCG@5': 16, 'Best_epoch_HR@10': 18, 'Best_epoch_NDCG@10': 15, 'Best_epoch_HR@20': 16, 'Best_epoch_NDCG@20': 16}
2026/08/26 10:41:41 - __main__ - INFO - 931 - trainer - Epoch: 19
2026/08/26 10:41:41 - __main__ - INFO - 936 - trainer - start predicting: 2026-08-26 10:41:41.600483
2026/08/26 10:41:43 - __main__ - INFO - 973 - trainer - {'Best_HR@5': 38.623, 'Best_NDCG@5': 28.5303, 'Best_HR@10': 49.1699, 'Best_NDCG@10': 31.9477, 'Best_HR@20': 60.5469, 'Best_NDCG@20': 34.7555}
2026/08/26 10:41:43 - __main__ - INFO - 974 - trainer - {'Best_epoch_HR@5': 19, 'Best_epoch_NDCG@5': 19, 'Best_epoch_HR@10': 19, 'Best_epoch_NDCG@10': 19, 'Best_epoch_HR@20': 16, 'Best_epoch_NDCG@20': 16}
2026/08/26 10:41:43 - __main__ - INFO - 931 - trainer - Epoch: 20
2026/08/26 10:41:43 - __main__ - INFO - 936 - trainer - start predicting: 2026-08-26 10:41:43.792607
2026/08/26 10:41:45 - __main__ - INFO - 931 - trainer - Epoch: 21
2026/08/26 10:41:45 - __main__ - INFO - 936 - trainer - start predicting: 2026-08-26 10:41:45.937514
2026/08/26 10:41:48 - __main__ - INFO - 931 - trainer - Epoch: 22
2026/08/26 10:41:48 - __main__ - INFO - 936 - trainer - start predicting: 2026-08-26 10:41:48.047058
2026/08/26 10:41:50 - __main__ - INFO - 931 - trainer - Epoch: 23
2026/08/26 10:41:50 - __main__ - INFO - 936 - trainer - start predicting: 2026-08-26 10:41:50.154008
2026/08/26 10:41:52 - __main__ - INFO - 931 - trainer - Epoch: 24
2026/08/26 10:41:52 - __main__ - INFO - 936 - trainer - start predicting: 2026-08-26 10:41:52.278280
2026/08/26 10:41:53 - __main__ - INFO - 973 - trainer - {'Best_HR@5': 38.623, 'Best_NDCG@5': 28.5303, 'Best_HR@10': 49.1699, 'Best_NDCG@10': 31.9477, 'Best_HR@20': 60.6445, 'Best_NDCG@20': 34.7555}
2026/08/26 10:41:53 - __main__ - INFO - 974 - trainer - {'Best_epoch_HR@5': 19, 'Best_epoch_NDCG@5': 19, 'Best_epoch_HR@10': 19, 'Best_epoch_NDCG@10': 19, 'Best_epoch_HR@20': 24, 'Best_epoch_NDCG@20': 16}
2026/08/26 10:41:54 - __main__ - INFO - 931 - trainer - Epoch: 25
2026/08/26 10:41:54 - __main__ - INFO - 936 - trainer - start predicting: 2026-08-26 10:41:54.369084
2026/08/26 10:41:55 - __main__ - INFO - 973 - trainer - {'Best_HR@5': 39.3066, 'Best_NDCG@5': 28.5303, 'Best_HR@10': 49.3652, 'Best_NDCG@10': 31.9477, 'Best_HR@20': 60.7422, 'Best_NDCG@20': 34.7555}
2026/08/26 10:41:55 - __main__ - INFO - 974 - trainer - {'Best_epoch_HR@5': 25, 'Best_epoch_NDCG@5': 19, 'Best_epoch_HR@10': 25, 'Best_epoch_NDCG@10': 19, 'Best_epoch_HR@20': 25, 'Best_epoch_NDCG@20': 16}
2026/08/26 10:41:56 - __main__ - INFO - 931 - trainer - Epoch: 26
2026/08/26 10:41:56 - __main__ - INFO - 936 - trainer - start predicting: 2026-08-26 10:41:56.478329
2026/08/26 10:41:58 - __main__ - INFO - 973 - trainer - {'Best_HR@5': 39.3066, 'Best_NDCG@5': 28.8093, 'Best_HR@10': 49.6094, 'Best_NDCG@10': 32.3125, 'Best_HR@20': 60.9375, 'Best_NDCG@20': 35.1608}
2026/08/26 10:41:58 - __main__ - INFO - 974 - trainer - {'Best_epoch_HR@5': 25, 'Best_epoch_NDCG@5': 26, 'Best_epoch_HR@10': 26, 'Best_epoch_NDCG@10': 26, 'Best_epoch_HR@20': 26, 'Best_epoch_NDCG@20': 26}
2026/08/26 10:41:58 - __main__ - INFO - 931 - trainer - Epoch: 27
2026/08/26 10:41:58 - __main__ - INFO - 936 - trainer - start predicting: 2026-08-26 10:41:58.632207
2026/08/26 10:42:00 - __main__ - INFO - 973 - trainer - {'Best_HR@5': 39.3066, 'Best_NDCG@5': 28.8093, 'Best_HR@10': 49.6094, 'Best_NDCG@10': 32.3125, 'Best_HR@20': 61.1328, 'Best_NDCG@20': 35.1608}
2026/08/26 10:42:00 - __main__ - INFO - 974 - trainer - {'Best_epoch_HR@5': 25, 'Best_epoch_NDCG@5': 26, 'Best_epoch_HR@10': 26, 'Best_epoch_NDCG@10': 26, 'Best_epoch_HR@20': 27, 'Best_epoch_NDCG@20': 26}
2026/08/26 10:42:00 - __main__ - INFO - 931 - trainer - Epoch: 28
2026/08/26 10:42:00 - __main__ - INFO - 936 - trainer - start predicting: 2026-08-26 10:42:00.735683
2026/08/26 10:42:02 - __main__ - INFO - 973 - trainer - {'Best_HR@5': 39.4531, 'Best_NDCG@5': 28.8369, 'Best_HR@10': 49.6582, 'Best_NDCG@10': 32.3125, 'Best_HR@20': 61.1328, 'Best_NDCG@20': 35.1608}
2026/08/26 10:42:02 - __main__ - INFO - 974 - trainer - {'Best_epoch_HR@5': 28, 'Best_epoch_NDCG@5': 28, 'Best_epoch_HR@10': 28, 'Best_epoch_NDCG@10': 26, 'Best_epoch_HR@20': 27, 'Best_epoch_NDCG@20': 26}
2026/08/26 10:42:02 - __main__ - INFO - 931 - trainer - Epoch: 29
2026/08/26 10:42:02 - __main__ - INFO - 936 - trainer - start predicting: 2026-08-26 10:42:02.856093
2026/08/26 10:42:05 - __main__ - INFO - 931 - trainer - Epoch: 30
2026/08/26 10:42:05 - __main__ - INFO - 936 - trainer - start predicting: 2026-08-26 10:42:05.005374
2026/08/26 10:42:06 - __main__ - INFO - 973 - trainer - {'Best_HR@5': 39.4531, 'Best_NDCG@5': 28.8756, 'Best_HR@10': 49.6582, 'Best_NDCG@10': 32.3125, 'Best_HR@20': 61.1328, 'Best_NDCG@20': 35.1608}
2026/08/26 10:42:06 - __main__ - INFO - 974 - trainer - {'Best_epoch_HR@5': 28, 'Best_epoch_NDCG@5': 30, 'Best_epoch_HR@10': 28, 'Best_epoch_NDCG@10': 26, 'Best_epoch_HR@20': 27, 'Best_epoch_NDCG@20': 26}
2026/08/26 10:42:07 - __main__ - INFO - 931 - trainer - Epoch: 31
2026/08/26 10:42:07 - __main__ - INFO - 936 - trainer - start predicting: 2026-08-26 10:42:07.115433
2026/08/26 10:42:08 - __main__ - INFO - 973 - trainer - {'Best_HR@5': 39.4531, 'Best_NDCG@5': 28.9764, 'Best_HR@10': 49.6582, 'Best_NDCG@10': 32.3125, 'Best_HR@20': 61.1816, 'Best_NDCG@20': 35.1685}
2026/08/26 10:42:08 - __main__ - INFO - 974 - trainer - {'Best_epoch_HR@5': 28, 'Best_epoch_NDCG@5': 31, 'Best_epoch_HR@10': 28, 'Best_epoch_NDCG@10': 26, 'Best_epoch_HR@20': 31, 'Best_epoch_NDCG@20': 31}
2026/08/26 10:42:09 - __main__ - INFO - 931 - trainer - Epoch: 32
2026/08/26 10:42:09 - __main__ - INFO - 936 - trainer - start predicting: 2026-08-26 10:42:09.258680
2026/08/26 10:42:10 - __main__ - INFO - 973 - trainer - {'Best_HR@5': 39.4531, 'Best_NDCG@5': 28.9806, 'Best_HR@10': 49.6582, 'Best_NDCG@10': 32.3125, 'Best_HR@20': 61.1816, 'Best_NDCG@20': 35.1685}
2026/08/26 10:42:10 - __main__ - INFO - 974 - trainer - {'Best_epoch_HR@5': 28, 'Best_epoch_NDCG@5': 32, 'Best_epoch_HR@10': 28, 'Best_epoch_NDCG@10': 26, 'Best_epoch_HR@20': 31, 'Best_epoch_NDCG@20': 31}
2026/08/26 10:42:11 - __main__ - INFO - 931 - trainer - Epoch: 33
2026/08/26 10:42:11 - __main__ - INFO - 936 - trainer - start predicting: 2026-08-26 10:42:11.347360
2026/08/26 10:42:12 - __main__ - INFO - 973 - trainer - {'Best_HR@5': 39.4531, 'Best_NDCG@5': 29.0405, 'Best_HR@10': 49.6582, 'Best_NDCG@10': 32.3125, 'Best_HR@20': 61.1816, 'Best_NDCG@20': 35.1685}
2026/08/26 10:42:12 - __main__ - INFO - 974 - trainer - {'Best_epoch_HR@5': 28, 'Best_epoch_NDCG@5': 33, 'Best_epoch_HR@10': 28, 'Best_epoch_NDCG@10': 26, 'Best_epoch_HR@20': 31, 'Best_epoch_NDCG@20': 31}
2026/08/26 10:42:13 - __main__ - INFO - 931 - trainer - Epoch: 34
2026/08/26 10:42:13 - __main__ - INFO - 936 - trainer - start predicting: 2026-08-26 10:42:13.463062
2026/08/26 10:42:15 - __main__ - INFO - 973 - trainer - {'Best_HR@5': 39.4531, 'Best_NDCG@5': 29.0405, 'Best_HR@10': 49.6582, 'Best_NDCG@10': 32.3125, 'Best_HR@20': 61.4258, 'Best_NDCG@20': 35.1685}
2026/08/26 10:42:15 - __main__ - INFO - 974 - trainer - {'Best_epoch_HR@5': 28, 'Best_epoch_NDCG@5': 33, 'Best_epoch_HR@10': 28, 'Best_epoch_NDCG@10': 26, 'Best_epoch_HR@20': 34, 'Best_epoch_NDCG@20': 31}
2026/08/26 10:42:15 - __main__ - INFO - 931 - trainer - Epoch: 35
2026/08/26 10:42:15 - __main__ - INFO - 936 - trainer - start predicting: 2026-08-26 10:42:15.559742
2026/08/26 10:42:17 - __main__ - INFO - 931 - trainer - Epoch: 36
2026/08/26 10:42:17 - __main__ - INFO - 936 - trainer - start predicting: 2026-08-26 10:42:17.661334
2026/08/26 10:42:19 - __main__ - INFO - 931 - trainer - Epoch: 37
2026/08/26 10:42:19 - __main__ - INFO - 936 - trainer - start predicting: 2026-08-26 10:42:19.699210
2026/08/26 10:42:21 - __main__ - INFO - 931 - trainer - Epoch: 38
2026/08/26 10:42:21 - __main__ - INFO - 936 - trainer - start predicting: 2026-08-26 10:42:21.761029
2026/08/26 10:42:23 - __main__ - INFO - 931 - trainer - Epoch: 39
2026/08/26 10:42:23 - __main__ - INFO - 936 - trainer - start predicting: 2026-08-26 10:42:23.846409
2026/08/26 10:42:25 - __main__ - INFO - 983 - trainer - {'Best_HR@5': 39.4531, 'Best_NDCG@5': 29.0405, 'Best_HR@10': 49.6582, 'Best_NDCG@10': 32.3125, 'Best_HR@20': 61.4258, 'Best_NDCG@20': 35.1685}
2026/08/26 10:42:25 - __main__ - INFO - 984 - trainer - {'Best_epoch_HR@5': 28, 'Best_epoch_NDCG@5': 33, 'Best_epoch_HR@10': 28, 'Best_epoch_NDCG@10': 26, 'Best_epoch_HR@20': 34, 'Best_epoch_NDCG@20': 31}
2026/08/26 10:42:25 - __main__ - INFO - 1090 - trainer - Target Popularity Definition---------------------------------------------
2026/08/26 10:42:25 - __main__ - INFO - 1095 - trainer - {'domain': 'Target', 'popular_ratio': 0.2, 'observed_train_items': 21856, 'popular_items': 4372, 'unpopular_seen_items': 17484, 'unseen_items_in_test': 'calculated from test ground truth'}
2026/08/26 10:42:26 - __main__ - INFO - 1371 - trainer - %s Test Overall------------------------------------------------------
2026/08/26 10:42:26 - __main__ - INFO - 1375 - trainer - {'HR@5': 39.6887, 'NDCG@5': 29.4103, 'HR@10': 51.2646, 'NDCG@10': 33.1207, 'HR@20': 62.1109, 'NDCG@20': 35.8742}
2026/08/26 10:42:26 - __main__ - INFO - 1466 - trainer - Target Test Group Size----------------------------------------------
2026/08/26 10:42:26 - __main__ - INFO - 1471 - trainer - {'domain': 'Target', 'Overall_test_samples': 2056, 'Popular_test_samples': 1372, 'Unpopular_seen_test_samples': 505, 'Unseen_test_samples': 179, 'Grouped_test_samples': 2056}
2026/08/26 10:42:26 - __main__ - INFO - 1473 - trainer - Target Test Popular Ground Truth-------------------------------------
2026/08/26 10:42:26 - __main__ - INFO - 1478 - trainer - {'HR@5': 58.1633, 'NDCG@5': 43.3911, 'HR@10': 72.6676, 'NDCG@10': 48.052, 'HR@20': 83.3819, 'NDCG@20': 50.7895}
2026/08/26 10:42:26 - __main__ - INFO - 1480 - trainer - Target Test Unpopular-Seen Ground Truth------------------------------
2026/08/26 10:42:26 - __main__ - INFO - 1485 - trainer - {'HR@5': 3.5644, 'NDCG@5': 1.8514, 'HR@10': 11.2871, 'NDCG@10': 4.2949, 'HR@20': 26.3366, 'NDCG@20': 8.0679}
2026/08/26 10:42:26 - __main__ - INFO - 1489 - trainer - Target Test Unseen Ground Truth--------------------------------------
2026/08/26 10:42:26 - __main__ - INFO - 1494 - trainer - {'HR@5': 0.0, 'NDCG@5': 0.0, 'HR@10': 0.0, 'NDCG@10': 0.0, 'HR@20': 0.0, 'NDCG@20': 0.0}
2026/08/26 10:42:26 - __main__ - INFO - 1496 - trainer - Target Recommendation Popularity-------------------------------------
2026/08/26 10:42:26 - __main__ - INFO - 1501 - trainer - {'PopularRatio@5': 90.4377, 'PopularRatio@10': 77.2082, 'PopularRatio@20': 56.323}
2026/08/26 10:42:26 - __main__ - INFO - 1504 - trainer - Best Eval---------------------------------------------------------
2026/08/26 10:42:26 - __main__ - INFO - 1507 - trainer - {'Best_HR@5': 39.4531, 'Best_NDCG@5': 29.0405, 'Best_HR@10': 49.6582, 'Best_NDCG@10': 32.3125, 'Best_HR@20': 61.4258, 'Best_NDCG@20': 35.1685}
2026/08/26 10:42:26 - __main__ - INFO - 1508 - trainer - {'Best_epoch_HR@5': 28, 'Best_epoch_NDCG@5': 33, 'Best_epoch_HR@10': 28, 'Best_epoch_NDCG@10': 26, 'Best_epoch_HR@20': 34, 'Best_epoch_NDCG@20': 31}
2026/08/26 10:42:27 - __main__ - INFO - 179 - main - Target model saved at: ./saved_model/movie_video/target_model.pth
