2026/08/26 11:16:22 - __main__ - INFO - 93 - main - Namespace(batch_size=512, decay_step=100, description='Diffu_norm_score', device='cuda', diffusion_steps=32, dropout=0.1, emb_dropout=0.3, epochs=100, eval_interval=5, gamma=0.1, group_alignment=1, group_alignment_mode='both', group_context_threshold=0.5, group_pop_weight=1.0, group_tail_weight=1.0, hidden_act='gelu', hidden_size=128, lambda_uncertainty=0.001, log_file='log/', loss_lambda=1, lr=0.001, max_len=8, metric_ks=[5, 10, 20], momentum=None, noise_schedule='trunc_lin', num_blocks=4, num_gpu=1, optimizer='Adam', p=0.3, patience=2, popular_ratio=0.2, random_seed=1997, rescale_timesteps=True, s_dataset='movie', schedule_sampler_name='lossaware', t_dataset='video', target_next_focus_bin='higher_repeat', target_next_reweight_alpha=0.25, target_next_rule_reweight=1, w=1.0, weight_decay=0)
2026/08/26 11:16:26 - __main__ - INFO - 779 - trainer - Group-aware Alignment Definition------------------------------------
2026/08/26 11:16:26 - __main__ - INFO - 783 - trainer - {'group_alignment': True, 'alignment_mode': 'both', 'context_threshold': 0.5, 'popular_weight': 1.0, 'tail_weight': 1.0, 'source_popular_items': 17856, 'target_popular_items': 4372}
2026/08/26 11:16:26 - __main__ - INFO - 915 - trainer - Group-aware Alignment Batch------------------------------------
2026/08/26 11:16:26 - __main__ - INFO - 920 - trainer - {'Epoch': 0, 'Source Popular-context': 407, 'Source Tail-context': 75, 'Target Popular-context': 379, 'Target Tail-context': 87}
2026/08/26 11:16:31 - __main__ - INFO - 931 - trainer - Epoch: 0
2026/08/26 11:16:31 - __main__ - INFO - 915 - trainer - Group-aware Alignment Batch------------------------------------
2026/08/26 11:16:31 - __main__ - INFO - 920 - trainer - {'Epoch': 1, 'Source Popular-context': 394, 'Source Tail-context': 77, 'Target Popular-context': 372, 'Target Tail-context': 83}
2026/08/26 11:16:35 - __main__ - INFO - 931 - trainer - Epoch: 1
2026/08/26 11:16:35 - __main__ - INFO - 915 - trainer - Group-aware Alignment Batch------------------------------------
2026/08/26 11:16:35 - __main__ - INFO - 920 - trainer - {'Epoch': 2, 'Source Popular-context': 393, 'Source Tail-context': 73, 'Target Popular-context': 387, 'Target Tail-context': 77}
2026/08/26 11:16:40 - __main__ - INFO - 931 - trainer - Epoch: 2
2026/08/26 11:16:40 - __main__ - INFO - 915 - trainer - Group-aware Alignment Batch------------------------------------
2026/08/26 11:16:40 - __main__ - INFO - 920 - trainer - {'Epoch': 3, 'Source Popular-context': 409, 'Source Tail-context': 56, 'Target Popular-context': 342, 'Target Tail-context': 98}
2026/08/26 11:16:44 - __main__ - INFO - 931 - trainer - Epoch: 3
2026/08/26 11:16:44 - __main__ - INFO - 915 - trainer - Group-aware Alignment Batch------------------------------------
2026/08/26 11:16:44 - __main__ - INFO - 920 - trainer - {'Epoch': 4, 'Source Popular-context': 418, 'Source Tail-context': 59, 'Target Popular-context': 370, 'Target Tail-context': 79}
2026/08/26 11:16:49 - __main__ - INFO - 931 - trainer - Epoch: 4
2026/08/26 11:16:49 - __main__ - INFO - 915 - trainer - Group-aware Alignment Batch------------------------------------
2026/08/26 11:16:49 - __main__ - INFO - 920 - trainer - {'Epoch': 5, 'Source Popular-context': 403, 'Source Tail-context': 59, 'Target Popular-context': 368, 'Target Tail-context': 85}
2026/08/26 11:16:53 - __main__ - INFO - 931 - trainer - Epoch: 5
2026/08/26 11:16:53 - __main__ - INFO - 936 - trainer - start predicting: 2026-08-26 11:16:53.632216
2026/08/26 11:17:04 - __main__ - INFO - 973 - trainer - {'Best_HR@5': 38.6621, 'Best_NDCG@5': 29.8305, 'Best_HR@10': 49.1016, 'Best_NDCG@10': 33.2054, 'Best_HR@20': 61.8359, 'Best_NDCG@20': 36.4132}
2026/08/26 11:17:04 - __main__ - INFO - 974 - trainer - {'Best_epoch_HR@5': 5, 'Best_epoch_NDCG@5': 5, 'Best_epoch_HR@10': 5, 'Best_epoch_NDCG@10': 5, 'Best_epoch_HR@20': 5, 'Best_epoch_NDCG@20': 5}
2026/08/26 11:17:05 - __main__ - INFO - 915 - trainer - Group-aware Alignment Batch------------------------------------
2026/08/26 11:17:05 - __main__ - INFO - 920 - trainer - {'Epoch': 6, 'Source Popular-context': 423, 'Source Tail-context': 54, 'Target Popular-context': 362, 'Target Tail-context': 95}
2026/08/26 11:17:09 - __main__ - INFO - 931 - trainer - Epoch: 6
2026/08/26 11:17:09 - __main__ - INFO - 915 - trainer - Group-aware Alignment Batch------------------------------------
2026/08/26 11:17:09 - __main__ - INFO - 920 - trainer - {'Epoch': 7, 'Source Popular-context': 421, 'Source Tail-context': 63, 'Target Popular-context': 375, 'Target Tail-context': 85}
2026/08/26 11:17:14 - __main__ - INFO - 931 - trainer - Epoch: 7
2026/08/26 11:17:14 - __main__ - INFO - 915 - trainer - Group-aware Alignment Batch------------------------------------
2026/08/26 11:17:14 - __main__ - INFO - 920 - trainer - {'Epoch': 8, 'Source Popular-context': 421, 'Source Tail-context': 59, 'Target Popular-context': 368, 'Target Tail-context': 94}
2026/08/26 11:17:18 - __main__ - INFO - 931 - trainer - Epoch: 8
2026/08/26 11:17:18 - __main__ - INFO - 915 - trainer - Group-aware Alignment Batch------------------------------------
2026/08/26 11:17:18 - __main__ - INFO - 920 - trainer - {'Epoch': 9, 'Source Popular-context': 402, 'Source Tail-context': 78, 'Target Popular-context': 378, 'Target Tail-context': 85}
2026/08/26 11:17:22 - __main__ - INFO - 931 - trainer - Epoch: 9
2026/08/26 11:17:22 - __main__ - INFO - 915 - trainer - Group-aware Alignment Batch------------------------------------
2026/08/26 11:17:22 - __main__ - INFO - 920 - trainer - {'Epoch': 10, 'Source Popular-context': 428, 'Source Tail-context': 46, 'Target Popular-context': 374, 'Target Tail-context': 78}
2026/08/26 11:17:27 - __main__ - INFO - 931 - trainer - Epoch: 10
2026/08/26 11:17:27 - __main__ - INFO - 936 - trainer - start predicting: 2026-08-26 11:17:27.321560
2026/08/26 11:17:38 - __main__ - INFO - 973 - trainer - {'Best_HR@5': 48.2227, 'Best_NDCG@5': 36.8793, 'Best_HR@10': 58.877, 'Best_NDCG@10': 40.3294, 'Best_HR@20': 69.4629, 'Best_NDCG@20': 43.0071}
2026/08/26 11:17:38 - __main__ - INFO - 974 - trainer - {'Best_epoch_HR@5': 10, 'Best_epoch_NDCG@5': 10, 'Best_epoch_HR@10': 10, 'Best_epoch_NDCG@10': 10, 'Best_epoch_HR@20': 10, 'Best_epoch_NDCG@20': 10}
2026/08/26 11:17:38 - __main__ - INFO - 915 - trainer - Group-aware Alignment Batch------------------------------------
2026/08/26 11:17:38 - __main__ - INFO - 920 - trainer - {'Epoch': 11, 'Source Popular-context': 413, 'Source Tail-context': 60, 'Target Popular-context': 381, 'Target Tail-context': 85}
2026/08/26 11:17:43 - __main__ - INFO - 931 - trainer - Epoch: 11
2026/08/26 11:17:43 - __main__ - INFO - 915 - trainer - Group-aware Alignment Batch------------------------------------
2026/08/26 11:17:43 - __main__ - INFO - 920 - trainer - {'Epoch': 12, 'Source Popular-context': 424, 'Source Tail-context': 60, 'Target Popular-context': 372, 'Target Tail-context': 80}
2026/08/26 11:17:48 - __main__ - INFO - 931 - trainer - Epoch: 12
2026/08/26 11:17:48 - __main__ - INFO - 915 - trainer - Group-aware Alignment Batch------------------------------------
2026/08/26 11:17:48 - __main__ - INFO - 920 - trainer - {'Epoch': 13, 'Source Popular-context': 411, 'Source Tail-context': 73, 'Target Popular-context': 382, 'Target Tail-context': 79}
2026/08/26 11:17:52 - __main__ - INFO - 931 - trainer - Epoch: 13
2026/08/26 11:17:52 - __main__ - INFO - 915 - trainer - Group-aware Alignment Batch------------------------------------
2026/08/26 11:17:52 - __main__ - INFO - 920 - trainer - {'Epoch': 14, 'Source Popular-context': 423, 'Source Tail-context': 65, 'Target Popular-context': 379, 'Target Tail-context': 94}
2026/08/26 11:17:57 - __main__ - INFO - 931 - trainer - Epoch: 14
2026/08/26 11:17:57 - __main__ - INFO - 915 - trainer - Group-aware Alignment Batch------------------------------------
2026/08/26 11:17:57 - __main__ - INFO - 920 - trainer - {'Epoch': 15, 'Source Popular-context': 422, 'Source Tail-context': 58, 'Target Popular-context': 373, 'Target Tail-context': 98}
2026/08/26 11:18:01 - __main__ - INFO - 931 - trainer - Epoch: 15
2026/08/26 11:18:01 - __main__ - INFO - 936 - trainer - start predicting: 2026-08-26 11:18:01.974395
2026/08/26 11:18:13 - __main__ - INFO - 973 - trainer - {'Best_HR@5': 49.1797, 'Best_NDCG@5': 37.4333, 'Best_HR@10': 60.3223, 'Best_NDCG@10': 41.0498, 'Best_HR@20': 70.4297, 'Best_NDCG@20': 43.6145}
2026/08/26 11:18:13 - __main__ - INFO - 974 - trainer - {'Best_epoch_HR@5': 15, 'Best_epoch_NDCG@5': 15, 'Best_epoch_HR@10': 15, 'Best_epoch_NDCG@10': 15, 'Best_epoch_HR@20': 15, 'Best_epoch_NDCG@20': 15}
2026/08/26 11:18:13 - __main__ - INFO - 915 - trainer - Group-aware Alignment Batch------------------------------------
2026/08/26 11:18:13 - __main__ - INFO - 920 - trainer - {'Epoch': 16, 'Source Popular-context': 403, 'Source Tail-context': 65, 'Target Popular-context': 374, 'Target Tail-context': 89}
2026/08/26 11:18:18 - __main__ - INFO - 931 - trainer - Epoch: 16
2026/08/26 11:18:18 - __main__ - INFO - 915 - trainer - Group-aware Alignment Batch------------------------------------
2026/08/26 11:18:18 - __main__ - INFO - 920 - trainer - {'Epoch': 17, 'Source Popular-context': 423, 'Source Tail-context': 52, 'Target Popular-context': 355, 'Target Tail-context': 109}
2026/08/26 11:18:22 - __main__ - INFO - 931 - trainer - Epoch: 17
2026/08/26 11:18:22 - __main__ - INFO - 915 - trainer - Group-aware Alignment Batch------------------------------------
2026/08/26 11:18:22 - __main__ - INFO - 920 - trainer - {'Epoch': 18, 'Source Popular-context': 413, 'Source Tail-context': 63, 'Target Popular-context': 386, 'Target Tail-context': 85}
2026/08/26 11:18:26 - __main__ - INFO - 931 - trainer - Epoch: 18
2026/08/26 11:18:26 - __main__ - INFO - 915 - trainer - Group-aware Alignment Batch------------------------------------
2026/08/26 11:18:26 - __main__ - INFO - 920 - trainer - {'Epoch': 19, 'Source Popular-context': 402, 'Source Tail-context': 63, 'Target Popular-context': 367, 'Target Tail-context': 94}
2026/08/26 11:18:31 - __main__ - INFO - 931 - trainer - Epoch: 19
2026/08/26 11:18:31 - __main__ - INFO - 915 - trainer - Group-aware Alignment Batch------------------------------------
2026/08/26 11:18:31 - __main__ - INFO - 920 - trainer - {'Epoch': 20, 'Source Popular-context': 409, 'Source Tail-context': 62, 'Target Popular-context': 373, 'Target Tail-context': 82}
2026/08/26 11:18:35 - __main__ - INFO - 931 - trainer - Epoch: 20
2026/08/26 11:18:35 - __main__ - INFO - 936 - trainer - start predicting: 2026-08-26 11:18:35.294890
2026/08/26 11:18:46 - __main__ - INFO - 915 - trainer - Group-aware Alignment Batch------------------------------------
2026/08/26 11:18:46 - __main__ - INFO - 920 - trainer - {'Epoch': 21, 'Source Popular-context': 404, 'Source Tail-context': 63, 'Target Popular-context': 372, 'Target Tail-context': 83}
2026/08/26 11:18:51 - __main__ - INFO - 931 - trainer - Epoch: 21
2026/08/26 11:18:51 - __main__ - INFO - 915 - trainer - Group-aware Alignment Batch------------------------------------
2026/08/26 11:18:51 - __main__ - INFO - 920 - trainer - {'Epoch': 22, 'Source Popular-context': 416, 'Source Tail-context': 59, 'Target Popular-context': 370, 'Target Tail-context': 78}
2026/08/26 11:18:55 - __main__ - INFO - 931 - trainer - Epoch: 22
2026/08/26 11:18:55 - __main__ - INFO - 915 - trainer - Group-aware Alignment Batch------------------------------------
2026/08/26 11:18:55 - __main__ - INFO - 920 - trainer - {'Epoch': 23, 'Source Popular-context': 404, 'Source Tail-context': 69, 'Target Popular-context': 385, 'Target Tail-context': 81}
2026/08/26 11:19:00 - __main__ - INFO - 931 - trainer - Epoch: 23
2026/08/26 11:19:00 - __main__ - INFO - 915 - trainer - Group-aware Alignment Batch------------------------------------
2026/08/26 11:19:00 - __main__ - INFO - 920 - trainer - {'Epoch': 24, 'Source Popular-context': 400, 'Source Tail-context': 74, 'Target Popular-context': 373, 'Target Tail-context': 90}
2026/08/26 11:19:04 - __main__ - INFO - 931 - trainer - Epoch: 24
2026/08/26 11:19:04 - __main__ - INFO - 915 - trainer - Group-aware Alignment Batch------------------------------------
2026/08/26 11:19:04 - __main__ - INFO - 920 - trainer - {'Epoch': 25, 'Source Popular-context': 415, 'Source Tail-context': 50, 'Target Popular-context': 382, 'Target Tail-context': 81}
2026/08/26 11:19:09 - __main__ - INFO - 931 - trainer - Epoch: 25
2026/08/26 11:19:09 - __main__ - INFO - 936 - trainer - start predicting: 2026-08-26 11:19:09.556679
2026/08/26 11:19:21 - __main__ - INFO - 983 - trainer - {'Best_HR@5': 49.1797, 'Best_NDCG@5': 37.4333, 'Best_HR@10': 60.3223, 'Best_NDCG@10': 41.0498, 'Best_HR@20': 70.4297, 'Best_NDCG@20': 43.6145}
2026/08/26 11:19:21 - __main__ - INFO - 984 - trainer - {'Best_epoch_HR@5': 15, 'Best_epoch_NDCG@5': 15, 'Best_epoch_HR@10': 15, 'Best_epoch_NDCG@10': 15, 'Best_epoch_HR@20': 15, 'Best_epoch_NDCG@20': 15}
2026/08/26 11:19:21 - __main__ - INFO - 1090 - trainer - Source Popularity Definition---------------------------------------------
2026/08/26 11:19:21 - __main__ - INFO - 1095 - trainer - {'domain': 'Source', 'popular_ratio': 0.2, 'observed_train_items': 89276, 'popular_items': 17856, 'unpopular_seen_items': 71420, 'unseen_items_in_test': 'calculated from test ground truth'}
2026/08/26 11:19:28 - __main__ - INFO - 1371 - trainer - %s Test Overall------------------------------------------------------
2026/08/26 11:19:28 - __main__ - INFO - 1375 - trainer - {'HR@5': 49.8753, 'NDCG@5': 38.1821, 'HR@10': 60.4107, 'NDCG@10': 41.608, 'HR@20': 70.1785, 'NDCG@20': 44.0883}
2026/08/26 11:19:28 - __main__ - INFO - 1466 - trainer - Source Test Group Size----------------------------------------------
2026/08/26 11:19:28 - __main__ - INFO - 1471 - trainer - {'domain': 'Source', 'Overall_test_samples': 10422, 'Popular_test_samples': 7854, 'Unpopular_seen_test_samples': 1824, 'Unseen_test_samples': 744, 'Grouped_test_samples': 10422}
2026/08/26 11:19:28 - __main__ - INFO - 1473 - trainer - Source Test Popular Ground Truth-------------------------------------
2026/08/26 11:19:28 - __main__ - INFO - 1478 - trainer - {'HR@5': 65.4826, 'NDCG@5': 50.336, 'HR@10': 78.2022, 'NDCG@10': 54.4832, 'HR@20': 87.9297, 'NDCG@20': 56.9665}
2026/08/26 11:19:28 - __main__ - INFO - 1480 - trainer - Source Test Unpopular-Seen Ground Truth------------------------------
2026/08/26 11:19:28 - __main__ - INFO - 1485 - trainer - {'HR@5': 3.0154, 'NDCG@5': 1.4225, 'HR@10': 8.443, 'NDCG@10': 3.1399, 'HR@20': 22.3684, 'NDCG@20': 6.6193}
2026/08/26 11:19:28 - __main__ - INFO - 1489 - trainer - Source Test Unseen Ground Truth--------------------------------------
2026/08/26 11:19:28 - __main__ - INFO - 1494 - trainer - {'HR@5': 0.0, 'NDCG@5': 0.0, 'HR@10': 0.0, 'NDCG@10': 0.0, 'HR@20': 0.0, 'NDCG@20': 0.0}
2026/08/26 11:19:28 - __main__ - INFO - 1496 - trainer - Source Recommendation Popularity-------------------------------------
2026/08/26 11:19:28 - __main__ - INFO - 1501 - trainer - {'PopularRatio@5': 93.5483, 'PopularRatio@10': 82.1061, 'PopularRatio@20': 61.7319}
2026/08/26 11:19:28 - __main__ - INFO - 1504 - trainer - Best Eval---------------------------------------------------------
2026/08/26 11:19:28 - __main__ - INFO - 1507 - trainer - {'Best_HR@5': 49.1797, 'Best_NDCG@5': 37.4333, 'Best_HR@10': 60.3223, 'Best_NDCG@10': 41.0498, 'Best_HR@20': 70.4297, 'Best_NDCG@20': 43.6145}
2026/08/26 11:19:28 - __main__ - INFO - 1508 - trainer - {'Best_epoch_HR@5': 15, 'Best_epoch_NDCG@5': 15, 'Best_epoch_HR@10': 15, 'Best_epoch_NDCG@10': 15, 'Best_epoch_HR@20': 15, 'Best_epoch_NDCG@20': 15}
2026/08/26 11:19:28 - __main__ - INFO - 697 - trainer - D1 Sample-wise Target Next Regulation
2026/08/26 11:19:28 - __main__ - INFO - 700 - trainer - {'Experiment': 'D', 'State Characteristic': 'Unpopular Next Supervision Exposure', 'Focus State': 'higher_repeat', 'Action': 'D1 Target Next Reweighting', 'Alpha': 0.25, 'Applied Weight': 1.25, 'Popular Next Samples': 11526, 'Unpopular Next Samples': 4912}
2026/08/26 11:19:28 - __main__ - INFO - 701 - trainer - Experiment D Frequency State Distribution---------------------------------------------
2026/08/26 11:19:28 - __main__ - INFO - 711 - trainer - {'State': 'singleton', 'Unique Items': 3592, 'Training Samples': 3592, 'Min Next Frequency': 1, 'Max Next Frequency': 1, 'Mean Next Frequency': 1.0}
2026/08/26 11:19:28 - __main__ - INFO - 711 - trainer - {'State': 'low_repeat', 'Unique Items': 466, 'Training Samples': 932, 'Min Next Frequency': 2, 'Max Next Frequency': 2, 'Mean Next Frequency': 2.0}
2026/08/26 11:19:28 - __main__ - INFO - 711 - trainer - {'State': 'higher_repeat', 'Unique Items': 119, 'Training Samples': 388, 'Min Next Frequency': 3, 'Max Next Frequency': 5, 'Mean Next Frequency': 3.2605}
2026/08/26 11:19:28 - __main__ - INFO - 719 - trainer - Unpopular Next Actual Frequency Distribution---------------------------------------------
2026/08/26 11:19:28 - __main__ - INFO - 725 - trainer - {'Next Frequency': 1, 'Unique Items': 3592, 'Training Samples': 3592}
2026/08/26 11:19:28 - __main__ - INFO - 725 - trainer - {'Next Frequency': 2, 'Unique Items': 466, 'Training Samples': 932}
2026/08/26 11:19:28 - __main__ - INFO - 725 - trainer - {'Next Frequency': 3, 'Unique Items': 94, 'Training Samples': 282}
2026/08/26 11:19:28 - __main__ - INFO - 725 - trainer - {'Next Frequency': 4, 'Unique Items': 19, 'Training Samples': 76}
2026/08/26 11:19:28 - __main__ - INFO - 725 - trainer - {'Next Frequency': 5, 'Unique Items': 6, 'Training Samples': 30}
2026/08/26 11:19:28 - __main__ - INFO - 931 - trainer - Epoch: 0
2026/08/26 11:19:29 - __main__ - INFO - 931 - trainer - Epoch: 1
2026/08/26 11:19:29 - __main__ - INFO - 936 - trainer - start predicting: 2026-08-26 11:19:29.330895
2026/08/26 11:19:30 - __main__ - INFO - 973 - trainer - {'Best_HR@5': 7.5195, 'Best_NDCG@5': 4.1605, 'Best_HR@10': 14.4531, 'Best_NDCG@10': 6.3747, 'Best_HR@20': 30.4688, 'Best_NDCG@20': 10.3747}
2026/08/26 11:19:30 - __main__ - INFO - 974 - trainer - {'Best_epoch_HR@5': 1, 'Best_epoch_NDCG@5': 1, 'Best_epoch_HR@10': 1, 'Best_epoch_NDCG@10': 1, 'Best_epoch_HR@20': 1, 'Best_epoch_NDCG@20': 1}
2026/08/26 11:19:31 - __main__ - INFO - 931 - trainer - Epoch: 2
2026/08/26 11:19:31 - __main__ - INFO - 936 - trainer - start predicting: 2026-08-26 11:19:31.464570
2026/08/26 11:19:33 - __main__ - INFO - 973 - trainer - {'Best_HR@5': 12.8906, 'Best_NDCG@5': 8.1683, 'Best_HR@10': 22.3633, 'Best_NDCG@10': 11.2103, 'Best_HR@20': 38.2324, 'Best_NDCG@20': 15.1972}
2026/08/26 11:19:33 - __main__ - INFO - 974 - trainer - {'Best_epoch_HR@5': 2, 'Best_epoch_NDCG@5': 2, 'Best_epoch_HR@10': 2, 'Best_epoch_NDCG@10': 2, 'Best_epoch_HR@20': 2, 'Best_epoch_NDCG@20': 2}
2026/08/26 11:19:33 - __main__ - INFO - 931 - trainer - Epoch: 3
2026/08/26 11:19:33 - __main__ - INFO - 936 - trainer - start predicting: 2026-08-26 11:19:33.600770
2026/08/26 11:19:35 - __main__ - INFO - 973 - trainer - {'Best_HR@5': 19.043, 'Best_NDCG@5': 12.2876, 'Best_HR@10': 29.541, 'Best_NDCG@10': 15.6383, 'Best_HR@20': 45.9473, 'Best_NDCG@20': 19.7762}
2026/08/26 11:19:35 - __main__ - INFO - 974 - trainer - {'Best_epoch_HR@5': 3, 'Best_epoch_NDCG@5': 3, 'Best_epoch_HR@10': 3, 'Best_epoch_NDCG@10': 3, 'Best_epoch_HR@20': 3, 'Best_epoch_NDCG@20': 3}
2026/08/26 11:19:35 - __main__ - INFO - 931 - trainer - Epoch: 4
2026/08/26 11:19:35 - __main__ - INFO - 936 - trainer - start predicting: 2026-08-26 11:19:35.752858
2026/08/26 11:19:37 - __main__ - INFO - 973 - trainer - {'Best_HR@5': 24.0723, 'Best_NDCG@5': 16.0275, 'Best_HR@10': 35.1562, 'Best_NDCG@10': 19.574, 'Best_HR@20': 50.5371, 'Best_NDCG@20': 23.4439}
2026/08/26 11:19:37 - __main__ - INFO - 974 - trainer - {'Best_epoch_HR@5': 4, 'Best_epoch_NDCG@5': 4, 'Best_epoch_HR@10': 4, 'Best_epoch_NDCG@10': 4, 'Best_epoch_HR@20': 4, 'Best_epoch_NDCG@20': 4}
2026/08/26 11:19:37 - __main__ - INFO - 931 - trainer - Epoch: 5
2026/08/26 11:19:37 - __main__ - INFO - 936 - trainer - start predicting: 2026-08-26 11:19:37.883593
2026/08/26 11:19:39 - __main__ - INFO - 973 - trainer - {'Best_HR@5': 25.7324, 'Best_NDCG@5': 17.9107, 'Best_HR@10': 38.0371, 'Best_NDCG@10': 21.9098, 'Best_HR@20': 53.4668, 'Best_NDCG@20': 25.7788}
2026/08/26 11:19:39 - __main__ - INFO - 974 - trainer - {'Best_epoch_HR@5': 5, 'Best_epoch_NDCG@5': 5, 'Best_epoch_HR@10': 5, 'Best_epoch_NDCG@10': 5, 'Best_epoch_HR@20': 5, 'Best_epoch_NDCG@20': 5}
2026/08/26 11:19:40 - __main__ - INFO - 931 - trainer - Epoch: 6
2026/08/26 11:19:40 - __main__ - INFO - 936 - trainer - start predicting: 2026-08-26 11:19:40.005153
2026/08/26 11:19:41 - __main__ - INFO - 973 - trainer - {'Best_HR@5': 29.8828, 'Best_NDCG@5': 21.0161, 'Best_HR@10': 40.4785, 'Best_NDCG@10': 24.4329, 'Best_HR@20': 55.4688, 'Best_NDCG@20': 28.1964}
2026/08/26 11:19:41 - __main__ - INFO - 974 - trainer - {'Best_epoch_HR@5': 6, 'Best_epoch_NDCG@5': 6, 'Best_epoch_HR@10': 6, 'Best_epoch_NDCG@10': 6, 'Best_epoch_HR@20': 6, 'Best_epoch_NDCG@20': 6}
2026/08/26 11:19:42 - __main__ - INFO - 931 - trainer - Epoch: 7
2026/08/26 11:19:42 - __main__ - INFO - 936 - trainer - start predicting: 2026-08-26 11:19:42.162410
2026/08/26 11:19:43 - __main__ - INFO - 973 - trainer - {'Best_HR@5': 32.0801, 'Best_NDCG@5': 23.0043, 'Best_HR@10': 41.8945, 'Best_NDCG@10': 26.1792, 'Best_HR@20': 56.7383, 'Best_NDCG@20': 29.8935}
2026/08/26 11:19:43 - __main__ - INFO - 974 - trainer - {'Best_epoch_HR@5': 7, 'Best_epoch_NDCG@5': 7, 'Best_epoch_HR@10': 7, 'Best_epoch_NDCG@10': 7, 'Best_epoch_HR@20': 7, 'Best_epoch_NDCG@20': 7}
2026/08/26 11:19:44 - __main__ - INFO - 931 - trainer - Epoch: 8
2026/08/26 11:19:44 - __main__ - INFO - 936 - trainer - start predicting: 2026-08-26 11:19:44.266041
2026/08/26 11:19:45 - __main__ - INFO - 973 - trainer - {'Best_HR@5': 33.0078, 'Best_NDCG@5': 24.805, 'Best_HR@10': 43.3594, 'Best_NDCG@10': 28.1441, 'Best_HR@20': 57.7637, 'Best_NDCG@20': 31.7747}
2026/08/26 11:19:45 - __main__ - INFO - 974 - trainer - {'Best_epoch_HR@5': 8, 'Best_epoch_NDCG@5': 8, 'Best_epoch_HR@10': 8, 'Best_epoch_NDCG@10': 8, 'Best_epoch_HR@20': 8, 'Best_epoch_NDCG@20': 8}
2026/08/26 11:19:46 - __main__ - INFO - 931 - trainer - Epoch: 9
2026/08/26 11:19:46 - __main__ - INFO - 936 - trainer - start predicting: 2026-08-26 11:19:46.320721
2026/08/26 11:19:47 - __main__ - INFO - 973 - trainer - {'Best_HR@5': 34.9121, 'Best_NDCG@5': 25.7595, 'Best_HR@10': 44.6289, 'Best_NDCG@10': 28.8879, 'Best_HR@20': 57.8125, 'Best_NDCG@20': 32.2048}
2026/08/26 11:19:47 - __main__ - INFO - 974 - trainer - {'Best_epoch_HR@5': 9, 'Best_epoch_NDCG@5': 9, 'Best_epoch_HR@10': 9, 'Best_epoch_NDCG@10': 9, 'Best_epoch_HR@20': 9, 'Best_epoch_NDCG@20': 9}
2026/08/26 11:19:48 - __main__ - INFO - 931 - trainer - Epoch: 10
2026/08/26 11:19:48 - __main__ - INFO - 936 - trainer - start predicting: 2026-08-26 11:19:48.429030
2026/08/26 11:19:50 - __main__ - INFO - 973 - trainer - {'Best_HR@5': 35.7422, 'Best_NDCG@5': 26.8643, 'Best_HR@10': 46.0938, 'Best_NDCG@10': 30.1852, 'Best_HR@20': 58.5938, 'Best_NDCG@20': 33.3259}
2026/08/26 11:19:50 - __main__ - INFO - 974 - trainer - {'Best_epoch_HR@5': 10, 'Best_epoch_NDCG@5': 10, 'Best_epoch_HR@10': 10, 'Best_epoch_NDCG@10': 10, 'Best_epoch_HR@20': 10, 'Best_epoch_NDCG@20': 10}
2026/08/26 11:19:50 - __main__ - INFO - 931 - trainer - Epoch: 11
2026/08/26 11:19:50 - __main__ - INFO - 936 - trainer - start predicting: 2026-08-26 11:19:50.570146
2026/08/26 11:19:52 - __main__ - INFO - 973 - trainer - {'Best_HR@5': 36.084, 'Best_NDCG@5': 26.9584, 'Best_HR@10': 46.6797, 'Best_NDCG@10': 30.3935, 'Best_HR@20': 59.8145, 'Best_NDCG@20': 33.6929}
2026/08/26 11:19:52 - __main__ - INFO - 974 - trainer - {'Best_epoch_HR@5': 11, 'Best_epoch_NDCG@5': 11, 'Best_epoch_HR@10': 11, 'Best_epoch_NDCG@10': 11, 'Best_epoch_HR@20': 11, 'Best_epoch_NDCG@20': 11}
2026/08/26 11:19:52 - __main__ - INFO - 931 - trainer - Epoch: 12
2026/08/26 11:19:52 - __main__ - INFO - 936 - trainer - start predicting: 2026-08-26 11:19:52.669353
2026/08/26 11:19:54 - __main__ - INFO - 973 - trainer - {'Best_HR@5': 36.3281, 'Best_NDCG@5': 26.9584, 'Best_HR@10': 47.998, 'Best_NDCG@10': 30.6661, 'Best_HR@20': 59.8145, 'Best_NDCG@20': 33.6929}
2026/08/26 11:19:54 - __main__ - INFO - 974 - trainer - {'Best_epoch_HR@5': 12, 'Best_epoch_NDCG@5': 11, 'Best_epoch_HR@10': 12, 'Best_epoch_NDCG@10': 12, 'Best_epoch_HR@20': 11, 'Best_epoch_NDCG@20': 11}
2026/08/26 11:19:54 - __main__ - INFO - 931 - trainer - Epoch: 13
2026/08/26 11:19:54 - __main__ - INFO - 936 - trainer - start predicting: 2026-08-26 11:19:54.838272
2026/08/26 11:19:56 - __main__ - INFO - 973 - trainer - {'Best_HR@5': 37.0605, 'Best_NDCG@5': 27.4845, 'Best_HR@10': 47.998, 'Best_NDCG@10': 30.8906, 'Best_HR@20': 59.8145, 'Best_NDCG@20': 33.8905}
2026/08/26 11:19:56 - __main__ - INFO - 974 - trainer - {'Best_epoch_HR@5': 13, 'Best_epoch_NDCG@5': 13, 'Best_epoch_HR@10': 12, 'Best_epoch_NDCG@10': 13, 'Best_epoch_HR@20': 11, 'Best_epoch_NDCG@20': 13}
2026/08/26 11:19:56 - __main__ - INFO - 931 - trainer - Epoch: 14
2026/08/26 11:19:56 - __main__ - INFO - 936 - trainer - start predicting: 2026-08-26 11:19:56.978618
2026/08/26 11:19:58 - __main__ - INFO - 973 - trainer - {'Best_HR@5': 37.6953, 'Best_NDCG@5': 27.6993, 'Best_HR@10': 47.998, 'Best_NDCG@10': 30.8906, 'Best_HR@20': 60.0098, 'Best_NDCG@20': 34.015}
2026/08/26 11:19:58 - __main__ - INFO - 974 - trainer - {'Best_epoch_HR@5': 14, 'Best_epoch_NDCG@5': 14, 'Best_epoch_HR@10': 12, 'Best_epoch_NDCG@10': 13, 'Best_epoch_HR@20': 14, 'Best_epoch_NDCG@20': 14}
2026/08/26 11:19:59 - __main__ - INFO - 931 - trainer - Epoch: 15
2026/08/26 11:19:59 - __main__ - INFO - 936 - trainer - start predicting: 2026-08-26 11:19:59.081591
2026/08/26 11:20:00 - __main__ - INFO - 973 - trainer - {'Best_HR@5': 37.7441, 'Best_NDCG@5': 28.0364, 'Best_HR@10': 47.998, 'Best_NDCG@10': 31.2681, 'Best_HR@20': 60.3516, 'Best_NDCG@20': 34.4466}
2026/08/26 11:20:00 - __main__ - INFO - 974 - trainer - {'Best_epoch_HR@5': 15, 'Best_epoch_NDCG@5': 15, 'Best_epoch_HR@10': 12, 'Best_epoch_NDCG@10': 15, 'Best_epoch_HR@20': 15, 'Best_epoch_NDCG@20': 15}
2026/08/26 11:20:01 - __main__ - INFO - 931 - trainer - Epoch: 16
2026/08/26 11:20:01 - __main__ - INFO - 936 - trainer - start predicting: 2026-08-26 11:20:01.203162
2026/08/26 11:20:02 - __main__ - INFO - 973 - trainer - {'Best_HR@5': 37.7441, 'Best_NDCG@5': 28.0364, 'Best_HR@10': 47.998, 'Best_NDCG@10': 31.2681, 'Best_HR@20': 60.5469, 'Best_NDCG@20': 34.4466}
2026/08/26 11:20:02 - __main__ - INFO - 974 - trainer - {'Best_epoch_HR@5': 15, 'Best_epoch_NDCG@5': 15, 'Best_epoch_HR@10': 12, 'Best_epoch_NDCG@10': 15, 'Best_epoch_HR@20': 16, 'Best_epoch_NDCG@20': 15}
2026/08/26 11:20:03 - __main__ - INFO - 931 - trainer - Epoch: 17
2026/08/26 11:20:03 - __main__ - INFO - 936 - trainer - start predicting: 2026-08-26 11:20:03.274771
2026/08/26 11:20:04 - __main__ - INFO - 973 - trainer - {'Best_HR@5': 37.7441, 'Best_NDCG@5': 28.0364, 'Best_HR@10': 48.3398, 'Best_NDCG@10': 31.2681, 'Best_HR@20': 60.5469, 'Best_NDCG@20': 34.4466}
2026/08/26 11:20:04 - __main__ - INFO - 974 - trainer - {'Best_epoch_HR@5': 15, 'Best_epoch_NDCG@5': 15, 'Best_epoch_HR@10': 17, 'Best_epoch_NDCG@10': 15, 'Best_epoch_HR@20': 16, 'Best_epoch_NDCG@20': 15}
2026/08/26 11:20:05 - __main__ - INFO - 931 - trainer - Epoch: 18
2026/08/26 11:20:05 - __main__ - INFO - 936 - trainer - start predicting: 2026-08-26 11:20:05.396209
2026/08/26 11:20:06 - __main__ - INFO - 973 - trainer - {'Best_HR@5': 38.1348, 'Best_NDCG@5': 28.0364, 'Best_HR@10': 48.3398, 'Best_NDCG@10': 31.2681, 'Best_HR@20': 60.5469, 'Best_NDCG@20': 34.4466}
2026/08/26 11:20:06 - __main__ - INFO - 974 - trainer - {'Best_epoch_HR@5': 18, 'Best_epoch_NDCG@5': 15, 'Best_epoch_HR@10': 17, 'Best_epoch_NDCG@10': 15, 'Best_epoch_HR@20': 16, 'Best_epoch_NDCG@20': 15}
2026/08/26 11:20:07 - __main__ - INFO - 931 - trainer - Epoch: 19
2026/08/26 11:20:07 - __main__ - INFO - 936 - trainer - start predicting: 2026-08-26 11:20:07.484835
2026/08/26 11:20:09 - __main__ - INFO - 973 - trainer - {'Best_HR@5': 38.3301, 'Best_NDCG@5': 28.0364, 'Best_HR@10': 48.3398, 'Best_NDCG@10': 31.2681, 'Best_HR@20': 60.5469, 'Best_NDCG@20': 34.4466}
2026/08/26 11:20:09 - __main__ - INFO - 974 - trainer - {'Best_epoch_HR@5': 19, 'Best_epoch_NDCG@5': 15, 'Best_epoch_HR@10': 17, 'Best_epoch_NDCG@10': 15, 'Best_epoch_HR@20': 16, 'Best_epoch_NDCG@20': 15}
2026/08/26 11:20:09 - __main__ - INFO - 931 - trainer - Epoch: 20
2026/08/26 11:20:09 - __main__ - INFO - 936 - trainer - start predicting: 2026-08-26 11:20:09.552468
2026/08/26 11:20:11 - __main__ - INFO - 973 - trainer - {'Best_HR@5': 38.3301, 'Best_NDCG@5': 28.0364, 'Best_HR@10': 49.3164, 'Best_NDCG@10': 31.4177, 'Best_HR@20': 60.5469, 'Best_NDCG@20': 34.4466}
2026/08/26 11:20:11 - __main__ - INFO - 974 - trainer - {'Best_epoch_HR@5': 19, 'Best_epoch_NDCG@5': 15, 'Best_epoch_HR@10': 20, 'Best_epoch_NDCG@10': 20, 'Best_epoch_HR@20': 16, 'Best_epoch_NDCG@20': 15}
2026/08/26 11:20:11 - __main__ - INFO - 931 - trainer - Epoch: 21
2026/08/26 11:20:11 - __main__ - INFO - 936 - trainer - start predicting: 2026-08-26 11:20:11.648875
2026/08/26 11:20:13 - __main__ - INFO - 931 - trainer - Epoch: 22
2026/08/26 11:20:13 - __main__ - INFO - 936 - trainer - start predicting: 2026-08-26 11:20:13.831839
2026/08/26 11:20:15 - __main__ - INFO - 931 - trainer - Epoch: 23
2026/08/26 11:20:15 - __main__ - INFO - 936 - trainer - start predicting: 2026-08-26 11:20:15.923480
2026/08/26 11:20:18 - __main__ - INFO - 931 - trainer - Epoch: 24
2026/08/26 11:20:18 - __main__ - INFO - 936 - trainer - start predicting: 2026-08-26 11:20:18.182853
2026/08/26 11:20:20 - __main__ - INFO - 931 - trainer - Epoch: 25
2026/08/26 11:20:20 - __main__ - INFO - 936 - trainer - start predicting: 2026-08-26 11:20:20.281212
2026/08/26 11:20:21 - __main__ - INFO - 983 - trainer - {'Best_HR@5': 38.3301, 'Best_NDCG@5': 28.0364, 'Best_HR@10': 49.3164, 'Best_NDCG@10': 31.4177, 'Best_HR@20': 60.5469, 'Best_NDCG@20': 34.4466}
2026/08/26 11:20:21 - __main__ - INFO - 984 - trainer - {'Best_epoch_HR@5': 19, 'Best_epoch_NDCG@5': 15, 'Best_epoch_HR@10': 20, 'Best_epoch_NDCG@10': 20, 'Best_epoch_HR@20': 16, 'Best_epoch_NDCG@20': 15}
2026/08/26 11:20:21 - __main__ - INFO - 1090 - trainer - Target Popularity Definition---------------------------------------------
2026/08/26 11:20:21 - __main__ - INFO - 1095 - trainer - {'domain': 'Target', 'popular_ratio': 0.2, 'observed_train_items': 21856, 'popular_items': 4372, 'unpopular_seen_items': 17484, 'unseen_items_in_test': 'calculated from test ground truth'}
2026/08/26 11:20:23 - __main__ - INFO - 1371 - trainer - %s Test Overall------------------------------------------------------
2026/08/26 11:20:23 - __main__ - INFO - 1375 - trainer - {'HR@5': 38.9105, 'NDCG@5': 28.7248, 'HR@10': 50.0, 'NDCG@10': 32.2951, 'HR@20': 62.4027, 'NDCG@20': 35.4214}
2026/08/26 11:20:23 - __main__ - INFO - 1466 - trainer - Target Test Group Size----------------------------------------------
2026/08/26 11:20:23 - __main__ - INFO - 1471 - trainer - {'domain': 'Target', 'Overall_test_samples': 2056, 'Popular_test_samples': 1372, 'Unpopular_seen_test_samples': 505, 'Unseen_test_samples': 179, 'Grouped_test_samples': 2056}
2026/08/26 11:20:23 - __main__ - INFO - 1473 - trainer - Target Test Popular Ground Truth-------------------------------------
2026/08/26 11:20:23 - __main__ - INFO - 1478 - trainer - {'HR@5': 56.4869, 'NDCG@5': 42.0984, 'HR@10': 70.6268, 'NDCG@10': 46.6773, 'HR@20': 83.8921, 'NDCG@20': 50.0306}
2026/08/26 11:20:23 - __main__ - INFO - 1480 - trainer - Target Test Unpopular-Seen Ground Truth------------------------------
2026/08/26 11:20:23 - __main__ - INFO - 1485 - trainer - {'HR@5': 4.9505, 'NDCG@5': 2.5727, 'HR@10': 11.6832, 'NDCG@10': 4.6681, 'HR@20': 26.1386, 'NDCG@20': 8.286}
2026/08/26 11:20:23 - __main__ - INFO - 1489 - trainer - Target Test Unseen Ground Truth--------------------------------------
2026/08/26 11:20:23 - __main__ - INFO - 1494 - trainer - {'HR@5': 0.0, 'NDCG@5': 0.0, 'HR@10': 0.0, 'NDCG@10': 0.0, 'HR@20': 0.0, 'NDCG@20': 0.0}
2026/08/26 11:20:23 - __main__ - INFO - 1496 - trainer - Target Recommendation Popularity-------------------------------------
2026/08/26 11:20:23 - __main__ - INFO - 1501 - trainer - {'PopularRatio@5': 87.0331, 'PopularRatio@10': 74.5817, 'PopularRatio@20': 56.768}
2026/08/26 11:20:23 - __main__ - INFO - 1504 - trainer - Best Eval---------------------------------------------------------
2026/08/26 11:20:23 - __main__ - INFO - 1507 - trainer - {'Best_HR@5': 38.3301, 'Best_NDCG@5': 28.0364, 'Best_HR@10': 49.3164, 'Best_NDCG@10': 31.4177, 'Best_HR@20': 60.5469, 'Best_NDCG@20': 34.4466}
2026/08/26 11:20:23 - __main__ - INFO - 1508 - trainer - {'Best_epoch_HR@5': 19, 'Best_epoch_NDCG@5': 15, 'Best_epoch_HR@10': 20, 'Best_epoch_NDCG@10': 20, 'Best_epoch_HR@20': 16, 'Best_epoch_NDCG@20': 15}
2026/08/26 11:20:23 - __main__ - INFO - 179 - main - Target model saved at: ./saved_model/movie_video/target_model.pth
