2026/09/24 17:12:45 - __main__ - INFO - 98 - main - Namespace(batch_size=512, decay_step=100, description='Diffu_norm_score', device='cuda', diffusion_steps=32, dropout=0.1, e_context_high_threshold=0.75, e_context_low_threshold=0.5, e_context_state='high', emb_dropout=0.3, epochs=100, eval_interval=5, gamma=0.1, group_alignment=1, group_alignment_mode='both', group_context_threshold=0.5, group_pop_weight=1.0, group_tail_weight=1.0, hidden_act='gelu', hidden_size=128, inspect_e_distribution=0, lambda_uncertainty=0.001, log_file='log/', loss_lambda=1, lr=0.001, max_len=8, metric_ks=[5, 10, 20], momentum=None, noise_schedule='trunc_lin', num_blocks=4, num_gpu=1, optimizer='Adam', p=0.3, patience=2, popular_ratio=0.2, random_seed=1997, rescale_timesteps=True, s_dataset='movie', schedule_sampler_name='lossaware', t_dataset='video', tail_aug_probability=1.0, tail_context_regulation=1, tail_drop_probability=0.1, tail_preserve_recent=2, w=1.0, weight_decay=0)
2026/09/24 17:12:49 - __main__ - INFO - 870 - trainer - Group-aware Alignment Definition------------------------------------
2026/09/24 17:12:49 - __main__ - INFO - 874 - trainer - {'group_alignment': True, 'alignment_mode': 'both', 'context_threshold': 0.5, 'popular_weight': 1.0, 'tail_weight': 1.0, 'source_popular_items': 17856, 'target_popular_items': 4372}
2026/09/24 17:12:49 - __main__ - INFO - 1154 - trainer - Group-aware Alignment Batch------------------------------------
2026/09/24 17:12:49 - __main__ - INFO - 1159 - trainer - {'Epoch': 0, 'Source Popular-context': 407, 'Source Tail-context': 75, 'Target Popular-context': 379, 'Target Tail-context': 87}
2026/09/24 17:12:54 - __main__ - INFO - 1170 - trainer - Epoch: 0
2026/09/24 17:12:54 - __main__ - INFO - 1154 - trainer - Group-aware Alignment Batch------------------------------------
2026/09/24 17:12:54 - __main__ - INFO - 1159 - trainer - {'Epoch': 1, 'Source Popular-context': 394, 'Source Tail-context': 77, 'Target Popular-context': 372, 'Target Tail-context': 83}
2026/09/24 17:12:59 - __main__ - INFO - 1170 - trainer - Epoch: 1
2026/09/24 17:12:59 - __main__ - INFO - 1154 - trainer - Group-aware Alignment Batch------------------------------------
2026/09/24 17:12:59 - __main__ - INFO - 1159 - trainer - {'Epoch': 2, 'Source Popular-context': 393, 'Source Tail-context': 73, 'Target Popular-context': 387, 'Target Tail-context': 77}
2026/09/24 17:13:03 - __main__ - INFO - 1170 - trainer - Epoch: 2
2026/09/24 17:13:03 - __main__ - INFO - 1154 - trainer - Group-aware Alignment Batch------------------------------------
2026/09/24 17:13:03 - __main__ - INFO - 1159 - trainer - {'Epoch': 3, 'Source Popular-context': 409, 'Source Tail-context': 56, 'Target Popular-context': 342, 'Target Tail-context': 98}
2026/09/24 17:13:08 - __main__ - INFO - 1170 - trainer - Epoch: 3
2026/09/24 17:13:08 - __main__ - INFO - 1154 - trainer - Group-aware Alignment Batch------------------------------------
2026/09/24 17:13:08 - __main__ - INFO - 1159 - trainer - {'Epoch': 4, 'Source Popular-context': 418, 'Source Tail-context': 59, 'Target Popular-context': 370, 'Target Tail-context': 79}
2026/09/24 17:13:12 - __main__ - INFO - 1170 - trainer - Epoch: 4
2026/09/24 17:13:12 - __main__ - INFO - 1154 - trainer - Group-aware Alignment Batch------------------------------------
2026/09/24 17:13:12 - __main__ - INFO - 1159 - trainer - {'Epoch': 5, 'Source Popular-context': 403, 'Source Tail-context': 59, 'Target Popular-context': 368, 'Target Tail-context': 85}
2026/09/24 17:13:17 - __main__ - INFO - 1170 - trainer - Epoch: 5
2026/09/24 17:13:17 - __main__ - INFO - 1175 - trainer - start predicting: 2026-09-24 17:13:17.158787
2026/09/24 17:13:28 - __main__ - INFO - 1212 - trainer - {'Best_HR@5': 38.7793, 'Best_NDCG@5': 29.9369, 'Best_HR@10': 49.4824, 'Best_NDCG@10': 33.3818, 'Best_HR@20': 62.0313, 'Best_NDCG@20': 36.529}
2026/09/24 17:13:28 - __main__ - INFO - 1213 - trainer - {'Best_epoch_HR@5': 5, 'Best_epoch_NDCG@5': 5, 'Best_epoch_HR@10': 5, 'Best_epoch_NDCG@10': 5, 'Best_epoch_HR@20': 5, 'Best_epoch_NDCG@20': 5}
2026/09/24 17:13:28 - __main__ - INFO - 1154 - trainer - Group-aware Alignment Batch------------------------------------
2026/09/24 17:13:28 - __main__ - INFO - 1159 - trainer - {'Epoch': 6, 'Source Popular-context': 423, 'Source Tail-context': 54, 'Target Popular-context': 362, 'Target Tail-context': 95}
2026/09/24 17:13:33 - __main__ - INFO - 1170 - trainer - Epoch: 6
2026/09/24 17:13:33 - __main__ - INFO - 1154 - trainer - Group-aware Alignment Batch------------------------------------
2026/09/24 17:13:33 - __main__ - INFO - 1159 - trainer - {'Epoch': 7, 'Source Popular-context': 421, 'Source Tail-context': 63, 'Target Popular-context': 375, 'Target Tail-context': 85}
2026/09/24 17:13:38 - __main__ - INFO - 1170 - trainer - Epoch: 7
2026/09/24 17:13:38 - __main__ - INFO - 1154 - trainer - Group-aware Alignment Batch------------------------------------
2026/09/24 17:13:38 - __main__ - INFO - 1159 - trainer - {'Epoch': 8, 'Source Popular-context': 421, 'Source Tail-context': 59, 'Target Popular-context': 368, 'Target Tail-context': 94}
2026/09/24 17:13:43 - __main__ - INFO - 1170 - trainer - Epoch: 8
2026/09/24 17:13:43 - __main__ - INFO - 1154 - trainer - Group-aware Alignment Batch------------------------------------
2026/09/24 17:13:43 - __main__ - INFO - 1159 - trainer - {'Epoch': 9, 'Source Popular-context': 402, 'Source Tail-context': 78, 'Target Popular-context': 378, 'Target Tail-context': 85}
2026/09/24 17:13:48 - __main__ - INFO - 1170 - trainer - Epoch: 9
2026/09/24 17:13:48 - __main__ - INFO - 1154 - trainer - Group-aware Alignment Batch------------------------------------
2026/09/24 17:13:48 - __main__ - INFO - 1159 - trainer - {'Epoch': 10, 'Source Popular-context': 428, 'Source Tail-context': 46, 'Target Popular-context': 374, 'Target Tail-context': 78}
2026/09/24 17:13:53 - __main__ - INFO - 1170 - trainer - Epoch: 10
2026/09/24 17:13:53 - __main__ - INFO - 1175 - trainer - start predicting: 2026-09-24 17:13:53.017193
2026/09/24 17:14:04 - __main__ - INFO - 1212 - trainer - {'Best_HR@5': 48.418, 'Best_NDCG@5': 36.9735, 'Best_HR@10': 58.9648, 'Best_NDCG@10': 40.3781, 'Best_HR@20': 69.5898, 'Best_NDCG@20': 43.0669}
2026/09/24 17:14:04 - __main__ - INFO - 1213 - trainer - {'Best_epoch_HR@5': 10, 'Best_epoch_NDCG@5': 10, 'Best_epoch_HR@10': 10, 'Best_epoch_NDCG@10': 10, 'Best_epoch_HR@20': 10, 'Best_epoch_NDCG@20': 10}
2026/09/24 17:14:05 - __main__ - INFO - 1154 - trainer - Group-aware Alignment Batch------------------------------------
2026/09/24 17:14:05 - __main__ - INFO - 1159 - trainer - {'Epoch': 11, 'Source Popular-context': 413, 'Source Tail-context': 60, 'Target Popular-context': 381, 'Target Tail-context': 85}
2026/09/24 17:14:09 - __main__ - INFO - 1170 - trainer - Epoch: 11
2026/09/24 17:14:09 - __main__ - INFO - 1154 - trainer - Group-aware Alignment Batch------------------------------------
2026/09/24 17:14:09 - __main__ - INFO - 1159 - trainer - {'Epoch': 12, 'Source Popular-context': 424, 'Source Tail-context': 60, 'Target Popular-context': 372, 'Target Tail-context': 80}
2026/09/24 17:14:14 - __main__ - INFO - 1170 - trainer - Epoch: 12
2026/09/24 17:14:14 - __main__ - INFO - 1154 - trainer - Group-aware Alignment Batch------------------------------------
2026/09/24 17:14:14 - __main__ - INFO - 1159 - trainer - {'Epoch': 13, 'Source Popular-context': 411, 'Source Tail-context': 73, 'Target Popular-context': 382, 'Target Tail-context': 79}
2026/09/24 17:14:18 - __main__ - INFO - 1170 - trainer - Epoch: 13
2026/09/24 17:14:18 - __main__ - INFO - 1154 - trainer - Group-aware Alignment Batch------------------------------------
2026/09/24 17:14:18 - __main__ - INFO - 1159 - trainer - {'Epoch': 14, 'Source Popular-context': 423, 'Source Tail-context': 65, 'Target Popular-context': 379, 'Target Tail-context': 94}
2026/09/24 17:14:23 - __main__ - INFO - 1170 - trainer - Epoch: 14
2026/09/24 17:14:23 - __main__ - INFO - 1154 - trainer - Group-aware Alignment Batch------------------------------------
2026/09/24 17:14:23 - __main__ - INFO - 1159 - trainer - {'Epoch': 15, 'Source Popular-context': 422, 'Source Tail-context': 58, 'Target Popular-context': 373, 'Target Tail-context': 98}
2026/09/24 17:14:28 - __main__ - INFO - 1170 - trainer - Epoch: 15
2026/09/24 17:14:28 - __main__ - INFO - 1175 - trainer - start predicting: 2026-09-24 17:14:28.392562
2026/09/24 17:14:40 - __main__ - INFO - 1212 - trainer - {'Best_HR@5': 49.4531, 'Best_NDCG@5': 37.5251, 'Best_HR@10': 60.625, 'Best_NDCG@10': 41.1341, 'Best_HR@20': 70.5859, 'Best_NDCG@20': 43.6558}
2026/09/24 17:14:40 - __main__ - INFO - 1213 - trainer - {'Best_epoch_HR@5': 15, 'Best_epoch_NDCG@5': 15, 'Best_epoch_HR@10': 15, 'Best_epoch_NDCG@10': 15, 'Best_epoch_HR@20': 15, 'Best_epoch_NDCG@20': 15}
2026/09/24 17:14:40 - __main__ - INFO - 1154 - trainer - Group-aware Alignment Batch------------------------------------
2026/09/24 17:14:40 - __main__ - INFO - 1159 - trainer - {'Epoch': 16, 'Source Popular-context': 403, 'Source Tail-context': 65, 'Target Popular-context': 374, 'Target Tail-context': 89}
2026/09/24 17:14:45 - __main__ - INFO - 1170 - trainer - Epoch: 16
2026/09/24 17:14:45 - __main__ - INFO - 1154 - trainer - Group-aware Alignment Batch------------------------------------
2026/09/24 17:14:45 - __main__ - INFO - 1159 - trainer - {'Epoch': 17, 'Source Popular-context': 423, 'Source Tail-context': 52, 'Target Popular-context': 355, 'Target Tail-context': 109}
2026/09/24 17:14:49 - __main__ - INFO - 1170 - trainer - Epoch: 17
2026/09/24 17:14:50 - __main__ - INFO - 1154 - trainer - Group-aware Alignment Batch------------------------------------
2026/09/24 17:14:50 - __main__ - INFO - 1159 - trainer - {'Epoch': 18, 'Source Popular-context': 413, 'Source Tail-context': 63, 'Target Popular-context': 386, 'Target Tail-context': 85}
2026/09/24 17:14:54 - __main__ - INFO - 1170 - trainer - Epoch: 18
2026/09/24 17:14:54 - __main__ - INFO - 1154 - trainer - Group-aware Alignment Batch------------------------------------
2026/09/24 17:14:54 - __main__ - INFO - 1159 - trainer - {'Epoch': 19, 'Source Popular-context': 402, 'Source Tail-context': 63, 'Target Popular-context': 367, 'Target Tail-context': 94}
2026/09/24 17:14:59 - __main__ - INFO - 1170 - trainer - Epoch: 19
2026/09/24 17:14:59 - __main__ - INFO - 1154 - trainer - Group-aware Alignment Batch------------------------------------
2026/09/24 17:14:59 - __main__ - INFO - 1159 - trainer - {'Epoch': 20, 'Source Popular-context': 409, 'Source Tail-context': 62, 'Target Popular-context': 373, 'Target Tail-context': 82}
2026/09/24 17:15:03 - __main__ - INFO - 1170 - trainer - Epoch: 20
2026/09/24 17:15:03 - __main__ - INFO - 1175 - trainer - start predicting: 2026-09-24 17:15:03.710328
2026/09/24 17:15:15 - __main__ - INFO - 1154 - trainer - Group-aware Alignment Batch------------------------------------
2026/09/24 17:15:15 - __main__ - INFO - 1159 - trainer - {'Epoch': 21, 'Source Popular-context': 404, 'Source Tail-context': 63, 'Target Popular-context': 372, 'Target Tail-context': 83}
2026/09/24 17:15:19 - __main__ - INFO - 1170 - trainer - Epoch: 21
2026/09/24 17:15:19 - __main__ - INFO - 1154 - trainer - Group-aware Alignment Batch------------------------------------
2026/09/24 17:15:19 - __main__ - INFO - 1159 - trainer - {'Epoch': 22, 'Source Popular-context': 416, 'Source Tail-context': 59, 'Target Popular-context': 370, 'Target Tail-context': 78}
2026/09/24 17:15:24 - __main__ - INFO - 1170 - trainer - Epoch: 22
2026/09/24 17:15:24 - __main__ - INFO - 1154 - trainer - Group-aware Alignment Batch------------------------------------
2026/09/24 17:15:24 - __main__ - INFO - 1159 - trainer - {'Epoch': 23, 'Source Popular-context': 404, 'Source Tail-context': 69, 'Target Popular-context': 385, 'Target Tail-context': 81}
2026/09/24 17:15:29 - __main__ - INFO - 1170 - trainer - Epoch: 23
2026/09/24 17:15:29 - __main__ - INFO - 1154 - trainer - Group-aware Alignment Batch------------------------------------
2026/09/24 17:15:29 - __main__ - INFO - 1159 - trainer - {'Epoch': 24, 'Source Popular-context': 400, 'Source Tail-context': 74, 'Target Popular-context': 373, 'Target Tail-context': 90}
2026/09/24 17:15:34 - __main__ - INFO - 1170 - trainer - Epoch: 24
2026/09/24 17:15:34 - __main__ - INFO - 1154 - trainer - Group-aware Alignment Batch------------------------------------
2026/09/24 17:15:34 - __main__ - INFO - 1159 - trainer - {'Epoch': 25, 'Source Popular-context': 415, 'Source Tail-context': 50, 'Target Popular-context': 382, 'Target Tail-context': 81}
2026/09/24 17:15:39 - __main__ - INFO - 1170 - trainer - Epoch: 25
2026/09/24 17:15:39 - __main__ - INFO - 1175 - trainer - start predicting: 2026-09-24 17:15:39.183277
2026/09/24 17:15:51 - __main__ - INFO - 1222 - trainer - {'Best_HR@5': 49.4531, 'Best_NDCG@5': 37.5251, 'Best_HR@10': 60.625, 'Best_NDCG@10': 41.1341, 'Best_HR@20': 70.5859, 'Best_NDCG@20': 43.6558}
2026/09/24 17:15:51 - __main__ - INFO - 1223 - trainer - {'Best_epoch_HR@5': 15, 'Best_epoch_NDCG@5': 15, 'Best_epoch_HR@10': 15, 'Best_epoch_NDCG@10': 15, 'Best_epoch_HR@20': 15, 'Best_epoch_NDCG@20': 15}
2026/09/24 17:15:51 - __main__ - INFO - 1329 - trainer - Source Popularity Definition---------------------------------------------
2026/09/24 17:15:51 - __main__ - INFO - 1334 - trainer - {'domain': 'Source', 'popular_ratio': 0.2, 'observed_train_items': 89276, 'popular_items': 17856, 'unpopular_seen_items': 71420, 'unseen_items_in_test': 'calculated from test ground truth'}
2026/09/24 17:15:58 - __main__ - INFO - 1610 - trainer - %s Test Overall------------------------------------------------------
2026/09/24 17:15:58 - __main__ - INFO - 1614 - trainer - {'HR@5': 49.9136, 'NDCG@5': 38.1646, 'HR@10': 60.4586, 'NDCG@10': 41.5905, 'HR@20': 70.3512, 'NDCG@20': 44.1024}
2026/09/24 17:15:58 - __main__ - INFO - 1705 - trainer - Source Test Group Size----------------------------------------------
2026/09/24 17:15:58 - __main__ - INFO - 1710 - trainer - {'domain': 'Source', 'Overall_test_samples': 10422, 'Popular_test_samples': 7854, 'Unpopular_seen_test_samples': 1824, 'Unseen_test_samples': 744, 'Grouped_test_samples': 10422}
2026/09/24 17:15:58 - __main__ - INFO - 1712 - trainer - Source Test Popular Ground Truth-------------------------------------
2026/09/24 17:15:58 - __main__ - INFO - 1717 - trainer - {'HR@5': 65.5844, 'NDCG@5': 50.3352, 'HR@10': 78.1767, 'NDCG@10': 54.4395, 'HR@20': 88.2353, 'NDCG@20': 57.0076}
2026/09/24 17:15:58 - __main__ - INFO - 1719 - trainer - Source Test Unpopular-Seen Ground Truth------------------------------
2026/09/24 17:15:58 - __main__ - INFO - 1724 - trainer - {'HR@5': 2.7961, 'NDCG@5': 1.326, 'HR@10': 8.8268, 'NDCG@10': 3.2279, 'HR@20': 22.0395, 'NDCG@20': 6.5224}
2026/09/24 17:15:58 - __main__ - INFO - 1728 - trainer - Source Test Unseen Ground Truth--------------------------------------
2026/09/24 17:15:58 - __main__ - INFO - 1733 - trainer - {'HR@5': 0.0, 'NDCG@5': 0.0, 'HR@10': 0.0, 'NDCG@10': 0.0, 'HR@20': 0.0, 'NDCG@20': 0.0}
2026/09/24 17:15:58 - __main__ - INFO - 1735 - trainer - Source Recommendation Popularity-------------------------------------
2026/09/24 17:15:58 - __main__ - INFO - 1740 - trainer - {'PopularRatio@5': 93.6461, 'PopularRatio@10': 82.2894, 'PopularRatio@20': 61.8269}
2026/09/24 17:15:58 - __main__ - INFO - 1743 - trainer - Best Eval---------------------------------------------------------
2026/09/24 17:15:58 - __main__ - INFO - 1746 - trainer - {'Best_HR@5': 49.4531, 'Best_NDCG@5': 37.5251, 'Best_HR@10': 60.625, 'Best_NDCG@10': 41.1341, 'Best_HR@20': 70.5859, 'Best_NDCG@20': 43.6558}
2026/09/24 17:15:58 - __main__ - INFO - 1747 - trainer - {'Best_epoch_HR@5': 15, 'Best_epoch_NDCG@5': 15, 'Best_epoch_HR@10': 15, 'Best_epoch_NDCG@10': 15, 'Best_epoch_HR@20': 15, 'Best_epoch_NDCG@20': 15}
2026/09/24 17:15:58 - __main__ - INFO - 956 - trainer - D2 Tail-target Context Regulation
2026/09/24 17:15:58 - __main__ - INFO - 960 - trainer - {'Experiment': 'E-v2', 'Mechanism': 'M2 Representation Dominance', 'Action': 'D2 Popularity-aware Sequence Regulation', 'Decision_input': 'Sequence Popularity Only', 'Next_condition': 'None', 'Context_state': 'high', 'Low': 'SeqPopRatio < 0.5', 'Medium': '0.5 <= SeqPopRatio < 0.75', 'High': 'SeqPopRatio >= 0.75', 'augmentation_probability': 1.0, 'popular_drop_probability': 0.1, 'preserve_recent': 2, 'popular_items': 4372}
2026/09/24 17:15:58 - __main__ - INFO - 1042 - trainer - D2 Context Regulation Batch Check
2026/09/24 17:15:58 - __main__ - INFO - 1046 - trainer - {'batch_size': 512, 'experiment_e_state': 'high', 'low_threshold': 0.5, 'high_threshold': 0.75, 'drop_probability': 0.1, 'eligible_samples': 302, 'augmented_samples': 302, 'eligible_ratio': 0.5898, 'augmentation_ratio_among_eligible': 1.0, 'avg_eligible_sequence_pop_ratio': 0.8919, 'dropped_popular_items': 99}
2026/09/24 17:15:58 - __main__ - INFO - 1042 - trainer - D2 Context Regulation Batch Check
2026/09/24 17:15:58 - __main__ - INFO - 1046 - trainer - {'batch_size': 512, 'experiment_e_state': 'high', 'low_threshold': 0.5, 'high_threshold': 0.75, 'drop_probability': 0.1, 'eligible_samples': 307, 'augmented_samples': 307, 'eligible_ratio': 0.5996, 'augmentation_ratio_among_eligible': 1.0, 'avg_eligible_sequence_pop_ratio': 0.9053, 'dropped_popular_items': 106}
2026/09/24 17:15:58 - __main__ - INFO - 1042 - trainer - D2 Context Regulation Batch Check
2026/09/24 17:15:58 - __main__ - INFO - 1046 - trainer - {'batch_size': 512, 'experiment_e_state': 'high', 'low_threshold': 0.5, 'high_threshold': 0.75, 'drop_probability': 0.1, 'eligible_samples': 301, 'augmented_samples': 301, 'eligible_ratio': 0.5879, 'augmentation_ratio_among_eligible': 1.0, 'avg_eligible_sequence_pop_ratio': 0.903, 'dropped_popular_items': 91}
2026/09/24 17:15:59 - __main__ - INFO - 1170 - trainer - Epoch: 0
2026/09/24 17:16:00 - __main__ - INFO - 1170 - trainer - Epoch: 1
2026/09/24 17:16:00 - __main__ - INFO - 1175 - trainer - start predicting: 2026-09-24 17:16:00.388793
2026/09/24 17:16:01 - __main__ - INFO - 1212 - trainer - {'Best_HR@5': 7.5195, 'Best_NDCG@5': 4.2842, 'Best_HR@10': 14.8438, 'Best_NDCG@10': 6.5817, 'Best_HR@20': 28.9062, 'Best_NDCG@20': 10.0882}
2026/09/24 17:16:01 - __main__ - INFO - 1213 - trainer - {'Best_epoch_HR@5': 1, 'Best_epoch_NDCG@5': 1, 'Best_epoch_HR@10': 1, 'Best_epoch_NDCG@10': 1, 'Best_epoch_HR@20': 1, 'Best_epoch_NDCG@20': 1}
2026/09/24 17:16:02 - __main__ - INFO - 1170 - trainer - Epoch: 2
2026/09/24 17:16:02 - __main__ - INFO - 1175 - trainer - start predicting: 2026-09-24 17:16:02.997757
2026/09/24 17:16:04 - __main__ - INFO - 1212 - trainer - {'Best_HR@5': 12.0605, 'Best_NDCG@5': 7.5525, 'Best_HR@10': 21.7773, 'Best_NDCG@10': 10.6514, 'Best_HR@20': 36.9629, 'Best_NDCG@20': 14.4571}
2026/09/24 17:16:04 - __main__ - INFO - 1213 - trainer - {'Best_epoch_HR@5': 2, 'Best_epoch_NDCG@5': 2, 'Best_epoch_HR@10': 2, 'Best_epoch_NDCG@10': 2, 'Best_epoch_HR@20': 2, 'Best_epoch_NDCG@20': 2}
2026/09/24 17:16:05 - __main__ - INFO - 1170 - trainer - Epoch: 3
2026/09/24 17:16:05 - __main__ - INFO - 1175 - trainer - start predicting: 2026-09-24 17:16:05.658909
2026/09/24 17:16:07 - __main__ - INFO - 1212 - trainer - {'Best_HR@5': 18.0176, 'Best_NDCG@5': 11.6888, 'Best_HR@10': 29.3945, 'Best_NDCG@10': 15.3288, 'Best_HR@20': 45.8008, 'Best_NDCG@20': 19.4455}
2026/09/24 17:16:07 - __main__ - INFO - 1213 - trainer - {'Best_epoch_HR@5': 3, 'Best_epoch_NDCG@5': 3, 'Best_epoch_HR@10': 3, 'Best_epoch_NDCG@10': 3, 'Best_epoch_HR@20': 3, 'Best_epoch_NDCG@20': 3}
2026/09/24 17:16:08 - __main__ - INFO - 1170 - trainer - Epoch: 4
2026/09/24 17:16:08 - __main__ - INFO - 1175 - trainer - start predicting: 2026-09-24 17:16:08.172503
2026/09/24 17:16:09 - __main__ - INFO - 1212 - trainer - {'Best_HR@5': 23.1934, 'Best_NDCG@5': 15.544, 'Best_HR@10': 34.4727, 'Best_NDCG@10': 19.2065, 'Best_HR@20': 50.5371, 'Best_NDCG@20': 23.2713}
2026/09/24 17:16:09 - __main__ - INFO - 1213 - trainer - {'Best_epoch_HR@5': 4, 'Best_epoch_NDCG@5': 4, 'Best_epoch_HR@10': 4, 'Best_epoch_NDCG@10': 4, 'Best_epoch_HR@20': 4, 'Best_epoch_NDCG@20': 4}
2026/09/24 17:16:10 - __main__ - INFO - 1170 - trainer - Epoch: 5
2026/09/24 17:16:10 - __main__ - INFO - 1175 - trainer - start predicting: 2026-09-24 17:16:10.692834
2026/09/24 17:16:12 - __main__ - INFO - 1212 - trainer - {'Best_HR@5': 27.3438, 'Best_NDCG@5': 18.9426, 'Best_HR@10': 38.623, 'Best_NDCG@10': 22.5735, 'Best_HR@20': 54.248, 'Best_NDCG@20': 26.5018}
2026/09/24 17:16:12 - __main__ - INFO - 1213 - trainer - {'Best_epoch_HR@5': 5, 'Best_epoch_NDCG@5': 5, 'Best_epoch_HR@10': 5, 'Best_epoch_NDCG@10': 5, 'Best_epoch_HR@20': 5, 'Best_epoch_NDCG@20': 5}
2026/09/24 17:16:13 - __main__ - INFO - 1170 - trainer - Epoch: 6
2026/09/24 17:16:13 - __main__ - INFO - 1175 - trainer - start predicting: 2026-09-24 17:16:13.255799
2026/09/24 17:16:14 - __main__ - INFO - 1212 - trainer - {'Best_HR@5': 29.7852, 'Best_NDCG@5': 21.3336, 'Best_HR@10': 41.1133, 'Best_NDCG@10': 24.9672, 'Best_HR@20': 56.4941, 'Best_NDCG@20': 28.8196}
2026/09/24 17:16:14 - __main__ - INFO - 1213 - trainer - {'Best_epoch_HR@5': 6, 'Best_epoch_NDCG@5': 6, 'Best_epoch_HR@10': 6, 'Best_epoch_NDCG@10': 6, 'Best_epoch_HR@20': 6, 'Best_epoch_NDCG@20': 6}
2026/09/24 17:16:15 - __main__ - INFO - 1170 - trainer - Epoch: 7
2026/09/24 17:16:15 - __main__ - INFO - 1175 - trainer - start predicting: 2026-09-24 17:16:15.883826
2026/09/24 17:16:17 - __main__ - INFO - 1212 - trainer - {'Best_HR@5': 32.1777, 'Best_NDCG@5': 23.2285, 'Best_HR@10': 43.1641, 'Best_NDCG@10': 26.7598, 'Best_HR@20': 57.7148, 'Best_NDCG@20': 30.3852}
2026/09/24 17:16:17 - __main__ - INFO - 1213 - trainer - {'Best_epoch_HR@5': 7, 'Best_epoch_NDCG@5': 7, 'Best_epoch_HR@10': 7, 'Best_epoch_NDCG@10': 7, 'Best_epoch_HR@20': 7, 'Best_epoch_NDCG@20': 7}
2026/09/24 17:16:18 - __main__ - INFO - 1170 - trainer - Epoch: 8
2026/09/24 17:16:18 - __main__ - INFO - 1175 - trainer - start predicting: 2026-09-24 17:16:18.383129
2026/09/24 17:16:19 - __main__ - INFO - 1212 - trainer - {'Best_HR@5': 33.9844, 'Best_NDCG@5': 25.061, 'Best_HR@10': 44.6777, 'Best_NDCG@10': 28.5242, 'Best_HR@20': 58.3496, 'Best_NDCG@20': 31.9612}
2026/09/24 17:16:19 - __main__ - INFO - 1213 - trainer - {'Best_epoch_HR@5': 8, 'Best_epoch_NDCG@5': 8, 'Best_epoch_HR@10': 8, 'Best_epoch_NDCG@10': 8, 'Best_epoch_HR@20': 8, 'Best_epoch_NDCG@20': 8}
2026/09/24 17:16:20 - __main__ - INFO - 1170 - trainer - Epoch: 9
2026/09/24 17:16:20 - __main__ - INFO - 1175 - trainer - start predicting: 2026-09-24 17:16:20.970570
2026/09/24 17:16:22 - __main__ - INFO - 1212 - trainer - {'Best_HR@5': 35.1562, 'Best_NDCG@5': 26.0929, 'Best_HR@10': 44.9707, 'Best_NDCG@10': 29.2642, 'Best_HR@20': 58.8379, 'Best_NDCG@20': 32.7668}
2026/09/24 17:16:22 - __main__ - INFO - 1213 - trainer - {'Best_epoch_HR@5': 9, 'Best_epoch_NDCG@5': 9, 'Best_epoch_HR@10': 9, 'Best_epoch_NDCG@10': 9, 'Best_epoch_HR@20': 9, 'Best_epoch_NDCG@20': 9}
2026/09/24 17:16:23 - __main__ - INFO - 1170 - trainer - Epoch: 10
2026/09/24 17:16:23 - __main__ - INFO - 1175 - trainer - start predicting: 2026-09-24 17:16:23.493825
2026/09/24 17:16:25 - __main__ - INFO - 1212 - trainer - {'Best_HR@5': 35.3027, 'Best_NDCG@5': 26.4798, 'Best_HR@10': 47.168, 'Best_NDCG@10': 30.3012, 'Best_HR@20': 59.1797, 'Best_NDCG@20': 33.3211}
2026/09/24 17:16:25 - __main__ - INFO - 1213 - trainer - {'Best_epoch_HR@5': 10, 'Best_epoch_NDCG@5': 10, 'Best_epoch_HR@10': 10, 'Best_epoch_NDCG@10': 10, 'Best_epoch_HR@20': 10, 'Best_epoch_NDCG@20': 10}
2026/09/24 17:16:26 - __main__ - INFO - 1170 - trainer - Epoch: 11
2026/09/24 17:16:26 - __main__ - INFO - 1175 - trainer - start predicting: 2026-09-24 17:16:26.063752
2026/09/24 17:16:27 - __main__ - INFO - 1212 - trainer - {'Best_HR@5': 36.377, 'Best_NDCG@5': 26.9834, 'Best_HR@10': 47.2656, 'Best_NDCG@10': 30.5092, 'Best_HR@20': 60.3516, 'Best_NDCG@20': 33.7947}
2026/09/24 17:16:27 - __main__ - INFO - 1213 - trainer - {'Best_epoch_HR@5': 11, 'Best_epoch_NDCG@5': 11, 'Best_epoch_HR@10': 11, 'Best_epoch_NDCG@10': 11, 'Best_epoch_HR@20': 11, 'Best_epoch_NDCG@20': 11}
2026/09/24 17:16:28 - __main__ - INFO - 1170 - trainer - Epoch: 12
2026/09/24 17:16:28 - __main__ - INFO - 1175 - trainer - start predicting: 2026-09-24 17:16:28.615212
2026/09/24 17:16:30 - __main__ - INFO - 1212 - trainer - {'Best_HR@5': 37.5, 'Best_NDCG@5': 27.5147, 'Best_HR@10': 47.5586, 'Best_NDCG@10': 30.7598, 'Best_HR@20': 60.3516, 'Best_NDCG@20': 33.887}
2026/09/24 17:16:30 - __main__ - INFO - 1213 - trainer - {'Best_epoch_HR@5': 12, 'Best_epoch_NDCG@5': 12, 'Best_epoch_HR@10': 12, 'Best_epoch_NDCG@10': 12, 'Best_epoch_HR@20': 11, 'Best_epoch_NDCG@20': 12}
2026/09/24 17:16:31 - __main__ - INFO - 1170 - trainer - Epoch: 13
2026/09/24 17:16:31 - __main__ - INFO - 1175 - trainer - start predicting: 2026-09-24 17:16:31.128975
2026/09/24 17:16:32 - __main__ - INFO - 1212 - trainer - {'Best_HR@5': 37.6953, 'Best_NDCG@5': 27.8743, 'Best_HR@10': 48.0957, 'Best_NDCG@10': 31.248, 'Best_HR@20': 60.3516, 'Best_NDCG@20': 34.304}
2026/09/24 17:16:32 - __main__ - INFO - 1213 - trainer - {'Best_epoch_HR@5': 13, 'Best_epoch_NDCG@5': 13, 'Best_epoch_HR@10': 13, 'Best_epoch_NDCG@10': 13, 'Best_epoch_HR@20': 11, 'Best_epoch_NDCG@20': 13}
2026/09/24 17:16:33 - __main__ - INFO - 1170 - trainer - Epoch: 14
2026/09/24 17:16:33 - __main__ - INFO - 1175 - trainer - start predicting: 2026-09-24 17:16:33.707967
2026/09/24 17:16:35 - __main__ - INFO - 1212 - trainer - {'Best_HR@5': 38.0859, 'Best_NDCG@5': 28.1134, 'Best_HR@10': 48.7793, 'Best_NDCG@10': 31.5543, 'Best_HR@20': 60.3516, 'Best_NDCG@20': 34.4755}
2026/09/24 17:16:35 - __main__ - INFO - 1213 - trainer - {'Best_epoch_HR@5': 14, 'Best_epoch_NDCG@5': 14, 'Best_epoch_HR@10': 14, 'Best_epoch_NDCG@10': 14, 'Best_epoch_HR@20': 11, 'Best_epoch_NDCG@20': 14}
2026/09/24 17:16:36 - __main__ - INFO - 1170 - trainer - Epoch: 15
2026/09/24 17:16:36 - __main__ - INFO - 1175 - trainer - start predicting: 2026-09-24 17:16:36.264501
2026/09/24 17:16:37 - __main__ - INFO - 1212 - trainer - {'Best_HR@5': 38.0859, 'Best_NDCG@5': 28.3546, 'Best_HR@10': 48.7793, 'Best_NDCG@10': 31.7203, 'Best_HR@20': 61.084, 'Best_NDCG@20': 34.9101}
2026/09/24 17:16:37 - __main__ - INFO - 1213 - trainer - {'Best_epoch_HR@5': 14, 'Best_epoch_NDCG@5': 15, 'Best_epoch_HR@10': 14, 'Best_epoch_NDCG@10': 15, 'Best_epoch_HR@20': 15, 'Best_epoch_NDCG@20': 15}
2026/09/24 17:16:38 - __main__ - INFO - 1170 - trainer - Epoch: 16
2026/09/24 17:16:38 - __main__ - INFO - 1175 - trainer - start predicting: 2026-09-24 17:16:38.879239
2026/09/24 17:16:40 - __main__ - INFO - 1212 - trainer - {'Best_HR@5': 38.1836, 'Best_NDCG@5': 28.3546, 'Best_HR@10': 49.7559, 'Best_NDCG@10': 32.0338, 'Best_HR@20': 61.377, 'Best_NDCG@20': 34.9496}
2026/09/24 17:16:40 - __main__ - INFO - 1213 - trainer - {'Best_epoch_HR@5': 16, 'Best_epoch_NDCG@5': 15, 'Best_epoch_HR@10': 16, 'Best_epoch_NDCG@10': 16, 'Best_epoch_HR@20': 16, 'Best_epoch_NDCG@20': 16}
2026/09/24 17:16:41 - __main__ - INFO - 1170 - trainer - Epoch: 17
2026/09/24 17:16:41 - __main__ - INFO - 1175 - trainer - start predicting: 2026-09-24 17:16:41.489482
2026/09/24 17:16:44 - __main__ - INFO - 1170 - trainer - Epoch: 18
2026/09/24 17:16:44 - __main__ - INFO - 1175 - trainer - start predicting: 2026-09-24 17:16:44.061740
2026/09/24 17:16:45 - __main__ - INFO - 1212 - trainer - {'Best_HR@5': 38.2324, 'Best_NDCG@5': 28.3546, 'Best_HR@10': 49.7559, 'Best_NDCG@10': 32.0338, 'Best_HR@20': 61.377, 'Best_NDCG@20': 34.9496}
2026/09/24 17:16:45 - __main__ - INFO - 1213 - trainer - {'Best_epoch_HR@5': 18, 'Best_epoch_NDCG@5': 15, 'Best_epoch_HR@10': 16, 'Best_epoch_NDCG@10': 16, 'Best_epoch_HR@20': 16, 'Best_epoch_NDCG@20': 16}
2026/09/24 17:16:46 - __main__ - INFO - 1170 - trainer - Epoch: 19
2026/09/24 17:16:46 - __main__ - INFO - 1175 - trainer - start predicting: 2026-09-24 17:16:46.627224
2026/09/24 17:16:48 - __main__ - INFO - 1212 - trainer - {'Best_HR@5': 38.4277, 'Best_NDCG@5': 28.3546, 'Best_HR@10': 49.7559, 'Best_NDCG@10': 32.0338, 'Best_HR@20': 61.377, 'Best_NDCG@20': 34.9496}
2026/09/24 17:16:48 - __main__ - INFO - 1213 - trainer - {'Best_epoch_HR@5': 19, 'Best_epoch_NDCG@5': 15, 'Best_epoch_HR@10': 16, 'Best_epoch_NDCG@10': 16, 'Best_epoch_HR@20': 16, 'Best_epoch_NDCG@20': 16}
2026/09/24 17:16:49 - __main__ - INFO - 1170 - trainer - Epoch: 20
2026/09/24 17:16:49 - __main__ - INFO - 1175 - trainer - start predicting: 2026-09-24 17:16:49.180886
2026/09/24 17:16:50 - __main__ - INFO - 1212 - trainer - {'Best_HR@5': 38.4277, 'Best_NDCG@5': 28.3967, 'Best_HR@10': 49.7559, 'Best_NDCG@10': 32.0493, 'Best_HR@20': 61.377, 'Best_NDCG@20': 34.9496}
2026/09/24 17:16:50 - __main__ - INFO - 1213 - trainer - {'Best_epoch_HR@5': 19, 'Best_epoch_NDCG@5': 20, 'Best_epoch_HR@10': 16, 'Best_epoch_NDCG@10': 20, 'Best_epoch_HR@20': 16, 'Best_epoch_NDCG@20': 16}
2026/09/24 17:16:51 - __main__ - INFO - 1170 - trainer - Epoch: 21
2026/09/24 17:16:51 - __main__ - INFO - 1175 - trainer - start predicting: 2026-09-24 17:16:51.736632
2026/09/24 17:16:54 - __main__ - INFO - 1170 - trainer - Epoch: 22
2026/09/24 17:16:54 - __main__ - INFO - 1175 - trainer - start predicting: 2026-09-24 17:16:54.258105
2026/09/24 17:16:55 - __main__ - INFO - 1212 - trainer - {'Best_HR@5': 38.4277, 'Best_NDCG@5': 28.3967, 'Best_HR@10': 49.7559, 'Best_NDCG@10': 32.0493, 'Best_HR@20': 61.5723, 'Best_NDCG@20': 34.9496}
2026/09/24 17:16:55 - __main__ - INFO - 1213 - trainer - {'Best_epoch_HR@5': 19, 'Best_epoch_NDCG@5': 20, 'Best_epoch_HR@10': 16, 'Best_epoch_NDCG@10': 20, 'Best_epoch_HR@20': 22, 'Best_epoch_NDCG@20': 16}
2026/09/24 17:16:56 - __main__ - INFO - 1170 - trainer - Epoch: 23
2026/09/24 17:16:56 - __main__ - INFO - 1175 - trainer - start predicting: 2026-09-24 17:16:56.863650
2026/09/24 17:16:59 - __main__ - INFO - 1170 - trainer - Epoch: 24
2026/09/24 17:16:59 - __main__ - INFO - 1175 - trainer - start predicting: 2026-09-24 17:16:59.468116
2026/09/24 17:17:02 - __main__ - INFO - 1170 - trainer - Epoch: 25
2026/09/24 17:17:02 - __main__ - INFO - 1175 - trainer - start predicting: 2026-09-24 17:17:02.032390
2026/09/24 17:17:04 - __main__ - INFO - 1170 - trainer - Epoch: 26
2026/09/24 17:17:04 - __main__ - INFO - 1175 - trainer - start predicting: 2026-09-24 17:17:04.575708
2026/09/24 17:17:07 - __main__ - INFO - 1170 - trainer - Epoch: 27
2026/09/24 17:17:07 - __main__ - INFO - 1175 - trainer - start predicting: 2026-09-24 17:17:07.122973
2026/09/24 17:17:08 - __main__ - INFO - 1222 - trainer - {'Best_HR@5': 38.4277, 'Best_NDCG@5': 28.3967, 'Best_HR@10': 49.7559, 'Best_NDCG@10': 32.0493, 'Best_HR@20': 61.5723, 'Best_NDCG@20': 34.9496}
2026/09/24 17:17:08 - __main__ - INFO - 1223 - trainer - {'Best_epoch_HR@5': 19, 'Best_epoch_NDCG@5': 20, 'Best_epoch_HR@10': 16, 'Best_epoch_NDCG@10': 20, 'Best_epoch_HR@20': 22, 'Best_epoch_NDCG@20': 16}
2026/09/24 17:17:08 - __main__ - INFO - 1329 - trainer - Target Popularity Definition---------------------------------------------
2026/09/24 17:17:08 - __main__ - INFO - 1334 - trainer - {'domain': 'Target', 'popular_ratio': 0.2, 'observed_train_items': 21856, 'popular_items': 4372, 'unpopular_seen_items': 17484, 'unseen_items_in_test': 'calculated from test ground truth'}
2026/09/24 17:17:10 - __main__ - INFO - 1610 - trainer - %s Test Overall------------------------------------------------------
2026/09/24 17:17:10 - __main__ - INFO - 1614 - trainer - {'HR@5': 39.1537, 'NDCG@5': 28.8223, 'HR@10': 50.6323, 'NDCG@10': 32.54, 'HR@20': 62.5486, 'NDCG@20': 35.5461}
2026/09/24 17:17:10 - __main__ - INFO - 1705 - trainer - Target Test Group Size----------------------------------------------
2026/09/24 17:17:10 - __main__ - INFO - 1710 - trainer - {'domain': 'Target', 'Overall_test_samples': 2056, 'Popular_test_samples': 1372, 'Unpopular_seen_test_samples': 505, 'Unseen_test_samples': 179, 'Grouped_test_samples': 2056}
2026/09/24 17:17:10 - __main__ - INFO - 1712 - trainer - Target Test Popular Ground Truth-------------------------------------
2026/09/24 17:17:10 - __main__ - INFO - 1717 - trainer - {'HR@5': 57.6531, 'NDCG@5': 42.6606, 'HR@10': 72.2303, 'NDCG@10': 47.3935, 'HR@20': 83.965, 'NDCG@20': 50.375}
2026/09/24 17:17:10 - __main__ - INFO - 1719 - trainer - Target Test Unpopular-Seen Ground Truth------------------------------
2026/09/24 17:17:10 - __main__ - INFO - 1724 - trainer - {'HR@5': 2.7723, 'NDCG@5': 1.4424, 'HR@10': 9.901, 'NDCG@10': 3.7195, 'HR@20': 26.5347, 'NDCG@20': 7.858}
2026/09/24 17:17:10 - __main__ - INFO - 1728 - trainer - Target Test Unseen Ground Truth--------------------------------------
2026/09/24 17:17:10 - __main__ - INFO - 1733 - trainer - {'HR@5': 0.0, 'NDCG@5': 0.0, 'HR@10': 0.0, 'NDCG@10': 0.0, 'HR@20': 0.0, 'NDCG@20': 0.0}
2026/09/24 17:17:10 - __main__ - INFO - 1735 - trainer - Target Recommendation Popularity-------------------------------------
2026/09/24 17:17:10 - __main__ - INFO - 1740 - trainer - {'PopularRatio@5': 89.0953, 'PopularRatio@10': 75.287, 'PopularRatio@20': 57.3906}
2026/09/24 17:17:10 - __main__ - INFO - 1743 - trainer - Best Eval---------------------------------------------------------
2026/09/24 17:17:10 - __main__ - INFO - 1746 - trainer - {'Best_HR@5': 38.4277, 'Best_NDCG@5': 28.3967, 'Best_HR@10': 49.7559, 'Best_NDCG@10': 32.0493, 'Best_HR@20': 61.5723, 'Best_NDCG@20': 34.9496}
2026/09/24 17:17:10 - __main__ - INFO - 1747 - trainer - {'Best_epoch_HR@5': 19, 'Best_epoch_NDCG@5': 20, 'Best_epoch_HR@10': 16, 'Best_epoch_NDCG@10': 20, 'Best_epoch_HR@20': 22, 'Best_epoch_NDCG@20': 16}
2026/09/24 17:17:10 - __main__ - INFO - 209 - main - Target model saved at: ./saved_model/movie_video/target_model.pth
