2026/07/23 16:17:08 - __main__ - INFO - 88 - main - Namespace(batch_size=512, decay_step=100, description='Diffu_norm_score', device='cuda', diffusion_steps=32, dropout=0.1, emb_dropout=0.3, epochs=100, eval_interval=5, gamma=0.1, hidden_act='gelu', hidden_size=128, lambda_uncertainty=0.001, log_file='log/', loss_lambda=1, lr=0.001, max_len=8, metric_ks=[5, 10, 20], momentum=None, noise_schedule='trunc_lin', num_blocks=4, num_gpu=1, optimizer='Adam', p=0.3, patience=2, popular_ratio=0.2, random_seed=1997, rescale_timesteps=True, s_dataset='movie', schedule_sampler_name='lossaware', t_dataset='video', tail_aug_probability=0.5, tail_drop_probability=0.2, tail_preserve_recent=2, w=1.0, weight_decay=0)
2026/07/23 16:17:16 - __main__ - INFO - 548 - trainer - Epoch: 0
2026/07/23 16:17:20 - __main__ - INFO - 548 - trainer - Epoch: 1
2026/07/23 16:17:24 - __main__ - INFO - 548 - trainer - Epoch: 2
2026/07/23 16:17:28 - __main__ - INFO - 548 - trainer - Epoch: 3
2026/07/23 16:17:32 - __main__ - INFO - 548 - trainer - Epoch: 4
2026/07/23 16:17:36 - __main__ - INFO - 548 - trainer - Epoch: 5
2026/07/23 16:17:36 - __main__ - INFO - 553 - trainer - start predicting: 2026-07-23 16:17:36.246140
2026/07/23 16:17:47 - __main__ - INFO - 590 - trainer - {'Best_HR@5': 40.1758, 'Best_NDCG@5': 30.8723, 'Best_HR@10': 51.1133, 'Best_NDCG@10': 34.403, 'Best_HR@20': 64.0234, 'Best_NDCG@20': 37.6423}
2026/07/23 16:17:47 - __main__ - INFO - 591 - trainer - {'Best_epoch_HR@5': 5, 'Best_epoch_NDCG@5': 5, 'Best_epoch_HR@10': 5, 'Best_epoch_NDCG@10': 5, 'Best_epoch_HR@20': 5, 'Best_epoch_NDCG@20': 5}
2026/07/23 16:17:51 - __main__ - INFO - 548 - trainer - Epoch: 6
2026/07/23 16:17:55 - __main__ - INFO - 548 - trainer - Epoch: 7
2026/07/23 16:17:59 - __main__ - INFO - 548 - trainer - Epoch: 8
2026/07/23 16:18:03 - __main__ - INFO - 548 - trainer - Epoch: 9
2026/07/23 16:18:07 - __main__ - INFO - 548 - trainer - Epoch: 10
2026/07/23 16:18:07 - __main__ - INFO - 553 - trainer - start predicting: 2026-07-23 16:18:07.369040
2026/07/23 16:18:18 - __main__ - INFO - 590 - trainer - {'Best_HR@5': 48.1934, 'Best_NDCG@5': 36.8794, 'Best_HR@10': 58.9258, 'Best_NDCG@10': 40.3526, 'Best_HR@20': 69.6777, 'Best_NDCG@20': 43.0709}
2026/07/23 16:18:18 - __main__ - INFO - 591 - trainer - {'Best_epoch_HR@5': 10, 'Best_epoch_NDCG@5': 10, 'Best_epoch_HR@10': 10, 'Best_epoch_NDCG@10': 10, 'Best_epoch_HR@20': 10, 'Best_epoch_NDCG@20': 10}
2026/07/23 16:18:23 - __main__ - INFO - 548 - trainer - Epoch: 11
2026/07/23 16:18:27 - __main__ - INFO - 548 - trainer - Epoch: 12
2026/07/23 16:18:30 - __main__ - INFO - 548 - trainer - Epoch: 13
2026/07/23 16:18:34 - __main__ - INFO - 548 - trainer - Epoch: 14
2026/07/23 16:18:38 - __main__ - INFO - 548 - trainer - Epoch: 15
2026/07/23 16:18:38 - __main__ - INFO - 553 - trainer - start predicting: 2026-07-23 16:18:38.806684
2026/07/23 16:18:50 - __main__ - INFO - 590 - trainer - {'Best_HR@5': 49.2383, 'Best_NDCG@5': 37.3975, 'Best_HR@10': 60.293, 'Best_NDCG@10': 40.979, 'Best_HR@20': 70.4785, 'Best_NDCG@20': 43.563}
2026/07/23 16:18:50 - __main__ - INFO - 591 - trainer - {'Best_epoch_HR@5': 15, 'Best_epoch_NDCG@5': 15, 'Best_epoch_HR@10': 15, 'Best_epoch_NDCG@10': 15, 'Best_epoch_HR@20': 15, 'Best_epoch_NDCG@20': 15}
2026/07/23 16:18:54 - __main__ - INFO - 548 - trainer - Epoch: 16
2026/07/23 16:18:58 - __main__ - INFO - 548 - trainer - Epoch: 17
2026/07/23 16:19:02 - __main__ - INFO - 548 - trainer - Epoch: 18
2026/07/23 16:19:06 - __main__ - INFO - 548 - trainer - Epoch: 19
2026/07/23 16:19:10 - __main__ - INFO - 548 - trainer - Epoch: 20
2026/07/23 16:19:10 - __main__ - INFO - 553 - trainer - start predicting: 2026-07-23 16:19:10.153610
2026/07/23 16:19:25 - __main__ - INFO - 548 - trainer - Epoch: 21
2026/07/23 16:19:29 - __main__ - INFO - 548 - trainer - Epoch: 22
2026/07/23 16:19:33 - __main__ - INFO - 548 - trainer - Epoch: 23
2026/07/23 16:19:37 - __main__ - INFO - 548 - trainer - Epoch: 24
2026/07/23 16:19:41 - __main__ - INFO - 548 - trainer - Epoch: 25
2026/07/23 16:19:41 - __main__ - INFO - 553 - trainer - start predicting: 2026-07-23 16:19:41.433433
2026/07/23 16:19:52 - __main__ - INFO - 600 - trainer - {'Best_HR@5': 49.2383, 'Best_NDCG@5': 37.3975, 'Best_HR@10': 60.293, 'Best_NDCG@10': 40.979, 'Best_HR@20': 70.4785, 'Best_NDCG@20': 43.563}
2026/07/23 16:19:52 - __main__ - INFO - 601 - trainer - {'Best_epoch_HR@5': 15, 'Best_epoch_NDCG@5': 15, 'Best_epoch_HR@10': 15, 'Best_epoch_NDCG@10': 15, 'Best_epoch_HR@20': 15, 'Best_epoch_NDCG@20': 15}
2026/07/23 16:19:59 - __main__ - INFO - 945 - trainer - Test Overall------------------------------------------------------
2026/07/23 16:19:59 - __main__ - INFO - 949 - trainer - {'HR@5': 49.7601, 'NDCG@5': 38.0527, 'HR@10': 60.4395, 'NDCG@10': 41.516, 'HR@20': 70.332, 'NDCG@20': 44.0201}
2026/07/23 16:19:59 - __main__ - INFO - 1065 - trainer - Best Eval---------------------------------------------------------
2026/07/23 16:19:59 - __main__ - INFO - 1068 - trainer - {'Best_HR@5': 49.2383, 'Best_NDCG@5': 37.3975, 'Best_HR@10': 60.293, 'Best_NDCG@10': 40.979, 'Best_HR@20': 70.4785, 'Best_NDCG@20': 43.563}
2026/07/23 16:19:59 - __main__ - INFO - 1069 - trainer - {'Best_epoch_HR@5': 15, 'Best_epoch_NDCG@5': 15, 'Best_epoch_HR@10': 15, 'Best_epoch_NDCG@10': 15, 'Best_epoch_HR@20': 15, 'Best_epoch_NDCG@20': 15}
2026/07/23 16:19:59 - __main__ - INFO - 462 - trainer - Tail Sequence Augmentation Setup------------------------------------------
2026/07/23 16:19:59 - __main__ - INFO - 466 - trainer - {'use_tail_sequence_augmentation': True, 'popular_items': 4372, 'unpopular_seen_items': 17484, 'tail_aug_probability': 0.5, 'tail_drop_probability': 0.2, 'tail_preserve_recent': 2}
2026/07/23 16:20:00 - __main__ - INFO - 548 - trainer - Epoch: 0
2026/07/23 16:20:00 - __main__ - INFO - 548 - trainer - Epoch: 1
2026/07/23 16:20:00 - __main__ - INFO - 553 - trainer - start predicting: 2026-07-23 16:20:00.776085
2026/07/23 16:20:02 - __main__ - INFO - 590 - trainer - {'Best_HR@5': 7.2266, 'Best_NDCG@5': 4.0697, 'Best_HR@10': 14.5508, 'Best_NDCG@10': 6.4075, 'Best_HR@20': 30.957, 'Best_NDCG@20': 10.5143}
2026/07/23 16:20:02 - __main__ - INFO - 591 - trainer - {'Best_epoch_HR@5': 1, 'Best_epoch_NDCG@5': 1, 'Best_epoch_HR@10': 1, 'Best_epoch_NDCG@10': 1, 'Best_epoch_HR@20': 1, 'Best_epoch_NDCG@20': 1}
2026/07/23 16:20:03 - __main__ - INFO - 548 - trainer - Epoch: 2
2026/07/23 16:20:03 - __main__ - INFO - 553 - trainer - start predicting: 2026-07-23 16:20:03.090598
2026/07/23 16:20:04 - __main__ - INFO - 590 - trainer - {'Best_HR@5': 13.3301, 'Best_NDCG@5': 8.6056, 'Best_HR@10': 22.1191, 'Best_NDCG@10': 11.4361, 'Best_HR@20': 39.0625, 'Best_NDCG@20': 15.6691}
2026/07/23 16:20:04 - __main__ - INFO - 591 - trainer - {'Best_epoch_HR@5': 2, 'Best_epoch_NDCG@5': 2, 'Best_epoch_HR@10': 2, 'Best_epoch_NDCG@10': 2, 'Best_epoch_HR@20': 2, 'Best_epoch_NDCG@20': 2}
2026/07/23 16:20:05 - __main__ - INFO - 548 - trainer - Epoch: 3
2026/07/23 16:20:05 - __main__ - INFO - 553 - trainer - start predicting: 2026-07-23 16:20:05.417457
2026/07/23 16:20:06 - __main__ - INFO - 590 - trainer - {'Best_HR@5': 19.0918, 'Best_NDCG@5': 12.4703, 'Best_HR@10': 30.0293, 'Best_NDCG@10': 15.9925, 'Best_HR@20': 46.7773, 'Best_NDCG@20': 20.1989}
2026/07/23 16:20:06 - __main__ - INFO - 591 - trainer - {'Best_epoch_HR@5': 3, 'Best_epoch_NDCG@5': 3, 'Best_epoch_HR@10': 3, 'Best_epoch_NDCG@10': 3, 'Best_epoch_HR@20': 3, 'Best_epoch_NDCG@20': 3}
2026/07/23 16:20:07 - __main__ - INFO - 548 - trainer - Epoch: 4
2026/07/23 16:20:07 - __main__ - INFO - 553 - trainer - start predicting: 2026-07-23 16:20:07.734668
2026/07/23 16:20:09 - __main__ - INFO - 590 - trainer - {'Best_HR@5': 24.2676, 'Best_NDCG@5': 16.2984, 'Best_HR@10': 35.5469, 'Best_NDCG@10': 19.9057, 'Best_HR@20': 50.3418, 'Best_NDCG@20': 23.6434}
2026/07/23 16:20:09 - __main__ - INFO - 591 - trainer - {'Best_epoch_HR@5': 4, 'Best_epoch_NDCG@5': 4, 'Best_epoch_HR@10': 4, 'Best_epoch_NDCG@10': 4, 'Best_epoch_HR@20': 4, 'Best_epoch_NDCG@20': 4}
2026/07/23 16:20:10 - __main__ - INFO - 548 - trainer - Epoch: 5
2026/07/23 16:20:10 - __main__ - INFO - 553 - trainer - start predicting: 2026-07-23 16:20:10.079927
2026/07/23 16:20:11 - __main__ - INFO - 590 - trainer - {'Best_HR@5': 26.9043, 'Best_NDCG@5': 18.8656, 'Best_HR@10': 38.2324, 'Best_NDCG@10': 22.5317, 'Best_HR@20': 53.3691, 'Best_NDCG@20': 26.3361}
2026/07/23 16:20:11 - __main__ - INFO - 591 - trainer - {'Best_epoch_HR@5': 5, 'Best_epoch_NDCG@5': 5, 'Best_epoch_HR@10': 5, 'Best_epoch_NDCG@10': 5, 'Best_epoch_HR@20': 5, 'Best_epoch_NDCG@20': 5}
2026/07/23 16:20:12 - __main__ - INFO - 548 - trainer - Epoch: 6
2026/07/23 16:20:12 - __main__ - INFO - 553 - trainer - start predicting: 2026-07-23 16:20:12.382963
2026/07/23 16:20:14 - __main__ - INFO - 590 - trainer - {'Best_HR@5': 30.2246, 'Best_NDCG@5': 21.3138, 'Best_HR@10': 40.7227, 'Best_NDCG@10': 24.6975, 'Best_HR@20': 55.2734, 'Best_NDCG@20': 28.3673}
2026/07/23 16:20:14 - __main__ - INFO - 591 - trainer - {'Best_epoch_HR@5': 6, 'Best_epoch_NDCG@5': 6, 'Best_epoch_HR@10': 6, 'Best_epoch_NDCG@10': 6, 'Best_epoch_HR@20': 6, 'Best_epoch_NDCG@20': 6}
2026/07/23 16:20:14 - __main__ - INFO - 548 - trainer - Epoch: 7
2026/07/23 16:20:14 - __main__ - INFO - 553 - trainer - start predicting: 2026-07-23 16:20:14.755796
2026/07/23 16:20:16 - __main__ - INFO - 590 - trainer - {'Best_HR@5': 31.7383, 'Best_NDCG@5': 23.2725, 'Best_HR@10': 41.5527, 'Best_NDCG@10': 26.4627, 'Best_HR@20': 56.8359, 'Best_NDCG@20': 30.3089}
2026/07/23 16:20:16 - __main__ - INFO - 591 - trainer - {'Best_epoch_HR@5': 7, 'Best_epoch_NDCG@5': 7, 'Best_epoch_HR@10': 7, 'Best_epoch_NDCG@10': 7, 'Best_epoch_HR@20': 7, 'Best_epoch_NDCG@20': 7}
2026/07/23 16:20:17 - __main__ - INFO - 548 - trainer - Epoch: 8
2026/07/23 16:20:17 - __main__ - INFO - 553 - trainer - start predicting: 2026-07-23 16:20:17.108014
2026/07/23 16:20:18 - __main__ - INFO - 590 - trainer - {'Best_HR@5': 33.1543, 'Best_NDCG@5': 24.8973, 'Best_HR@10': 43.75, 'Best_NDCG@10': 28.3102, 'Best_HR@20': 57.5195, 'Best_NDCG@20': 31.8013}
2026/07/23 16:20:18 - __main__ - INFO - 591 - trainer - {'Best_epoch_HR@5': 8, 'Best_epoch_NDCG@5': 8, 'Best_epoch_HR@10': 8, 'Best_epoch_NDCG@10': 8, 'Best_epoch_HR@20': 8, 'Best_epoch_NDCG@20': 8}
2026/07/23 16:20:19 - __main__ - INFO - 548 - trainer - Epoch: 9
2026/07/23 16:20:19 - __main__ - INFO - 553 - trainer - start predicting: 2026-07-23 16:20:19.458948
2026/07/23 16:20:21 - __main__ - INFO - 590 - trainer - {'Best_HR@5': 34.8145, 'Best_NDCG@5': 25.8708, 'Best_HR@10': 44.2871, 'Best_NDCG@10': 28.9419, 'Best_HR@20': 58.1543, 'Best_NDCG@20': 32.4537}
2026/07/23 16:20:21 - __main__ - INFO - 591 - trainer - {'Best_epoch_HR@5': 9, 'Best_epoch_NDCG@5': 9, 'Best_epoch_HR@10': 9, 'Best_epoch_NDCG@10': 9, 'Best_epoch_HR@20': 9, 'Best_epoch_NDCG@20': 9}
2026/07/23 16:20:21 - __main__ - INFO - 548 - trainer - Epoch: 10
2026/07/23 16:20:21 - __main__ - INFO - 553 - trainer - start predicting: 2026-07-23 16:20:21.765741
2026/07/23 16:20:23 - __main__ - INFO - 590 - trainer - {'Best_HR@5': 35.0586, 'Best_NDCG@5': 26.4002, 'Best_HR@10': 45.3613, 'Best_NDCG@10': 29.7302, 'Best_HR@20': 58.7891, 'Best_NDCG@20': 33.1234}
2026/07/23 16:20:23 - __main__ - INFO - 591 - trainer - {'Best_epoch_HR@5': 10, 'Best_epoch_NDCG@5': 10, 'Best_epoch_HR@10': 10, 'Best_epoch_NDCG@10': 10, 'Best_epoch_HR@20': 10, 'Best_epoch_NDCG@20': 10}
2026/07/23 16:20:24 - __main__ - INFO - 548 - trainer - Epoch: 11
2026/07/23 16:20:24 - __main__ - INFO - 553 - trainer - start predicting: 2026-07-23 16:20:24.186458
2026/07/23 16:20:25 - __main__ - INFO - 590 - trainer - {'Best_HR@5': 36.5723, 'Best_NDCG@5': 27.2014, 'Best_HR@10': 46.875, 'Best_NDCG@10': 30.5225, 'Best_HR@20': 59.4727, 'Best_NDCG@20': 33.6922}
2026/07/23 16:20:25 - __main__ - INFO - 591 - trainer - {'Best_epoch_HR@5': 11, 'Best_epoch_NDCG@5': 11, 'Best_epoch_HR@10': 11, 'Best_epoch_NDCG@10': 11, 'Best_epoch_HR@20': 11, 'Best_epoch_NDCG@20': 11}
2026/07/23 16:20:26 - __main__ - INFO - 548 - trainer - Epoch: 12
2026/07/23 16:20:26 - __main__ - INFO - 553 - trainer - start predicting: 2026-07-23 16:20:26.520854
2026/07/23 16:20:28 - __main__ - INFO - 590 - trainer - {'Best_HR@5': 36.5723, 'Best_NDCG@5': 27.2014, 'Best_HR@10': 47.8027, 'Best_NDCG@10': 30.6751, 'Best_HR@20': 59.6191, 'Best_NDCG@20': 33.6922}
2026/07/23 16:20:28 - __main__ - INFO - 591 - trainer - {'Best_epoch_HR@5': 11, 'Best_epoch_NDCG@5': 11, 'Best_epoch_HR@10': 12, 'Best_epoch_NDCG@10': 12, 'Best_epoch_HR@20': 12, 'Best_epoch_NDCG@20': 11}
2026/07/23 16:20:28 - __main__ - INFO - 548 - trainer - Epoch: 13
2026/07/23 16:20:28 - __main__ - INFO - 553 - trainer - start predicting: 2026-07-23 16:20:28.904364
2026/07/23 16:20:30 - __main__ - INFO - 590 - trainer - {'Best_HR@5': 36.7676, 'Best_NDCG@5': 27.2172, 'Best_HR@10': 47.8027, 'Best_NDCG@10': 30.7416, 'Best_HR@20': 59.6191, 'Best_NDCG@20': 33.7631}
2026/07/23 16:20:30 - __main__ - INFO - 591 - trainer - {'Best_epoch_HR@5': 13, 'Best_epoch_NDCG@5': 13, 'Best_epoch_HR@10': 12, 'Best_epoch_NDCG@10': 13, 'Best_epoch_HR@20': 12, 'Best_epoch_NDCG@20': 13}
2026/07/23 16:20:31 - __main__ - INFO - 548 - trainer - Epoch: 14
2026/07/23 16:20:31 - __main__ - INFO - 553 - trainer - start predicting: 2026-07-23 16:20:31.233643
2026/07/23 16:20:32 - __main__ - INFO - 590 - trainer - {'Best_HR@5': 38.0859, 'Best_NDCG@5': 27.5062, 'Best_HR@10': 48.0469, 'Best_NDCG@10': 30.7416, 'Best_HR@20': 59.6191, 'Best_NDCG@20': 33.7631}
2026/07/23 16:20:32 - __main__ - INFO - 591 - trainer - {'Best_epoch_HR@5': 14, 'Best_epoch_NDCG@5': 14, 'Best_epoch_HR@10': 14, 'Best_epoch_NDCG@10': 13, 'Best_epoch_HR@20': 12, 'Best_epoch_NDCG@20': 13}
2026/07/23 16:20:33 - __main__ - INFO - 548 - trainer - Epoch: 15
2026/07/23 16:20:33 - __main__ - INFO - 553 - trainer - start predicting: 2026-07-23 16:20:33.622090
2026/07/23 16:20:35 - __main__ - INFO - 590 - trainer - {'Best_HR@5': 38.0859, 'Best_NDCG@5': 28.0169, 'Best_HR@10': 48.0469, 'Best_NDCG@10': 31.2822, 'Best_HR@20': 60.3516, 'Best_NDCG@20': 34.3737}
2026/07/23 16:20:35 - __main__ - INFO - 591 - trainer - {'Best_epoch_HR@5': 14, 'Best_epoch_NDCG@5': 15, 'Best_epoch_HR@10': 14, 'Best_epoch_NDCG@10': 15, 'Best_epoch_HR@20': 15, 'Best_epoch_NDCG@20': 15}
2026/07/23 16:20:35 - __main__ - INFO - 548 - trainer - Epoch: 16
2026/07/23 16:20:35 - __main__ - INFO - 553 - trainer - start predicting: 2026-07-23 16:20:35.929182
2026/07/23 16:20:38 - __main__ - INFO - 548 - trainer - Epoch: 17
2026/07/23 16:20:38 - __main__ - INFO - 553 - trainer - start predicting: 2026-07-23 16:20:38.228968
2026/07/23 16:20:40 - __main__ - INFO - 548 - trainer - Epoch: 18
2026/07/23 16:20:40 - __main__ - INFO - 553 - trainer - start predicting: 2026-07-23 16:20:40.567799
2026/07/23 16:20:42 - __main__ - INFO - 590 - trainer - {'Best_HR@5': 38.3301, 'Best_NDCG@5': 28.0169, 'Best_HR@10': 48.4375, 'Best_NDCG@10': 31.2822, 'Best_HR@20': 60.3516, 'Best_NDCG@20': 34.3737}
2026/07/23 16:20:42 - __main__ - INFO - 591 - trainer - {'Best_epoch_HR@5': 18, 'Best_epoch_NDCG@5': 15, 'Best_epoch_HR@10': 18, 'Best_epoch_NDCG@10': 15, 'Best_epoch_HR@20': 15, 'Best_epoch_NDCG@20': 15}
2026/07/23 16:20:42 - __main__ - INFO - 548 - trainer - Epoch: 19
2026/07/23 16:20:42 - __main__ - INFO - 553 - trainer - start predicting: 2026-07-23 16:20:42.859768
2026/07/23 16:20:44 - __main__ - INFO - 590 - trainer - {'Best_HR@5': 38.7207, 'Best_NDCG@5': 28.1298, 'Best_HR@10': 49.0234, 'Best_NDCG@10': 31.4536, 'Best_HR@20': 60.3516, 'Best_NDCG@20': 34.3737}
2026/07/23 16:20:44 - __main__ - INFO - 591 - trainer - {'Best_epoch_HR@5': 19, 'Best_epoch_NDCG@5': 19, 'Best_epoch_HR@10': 19, 'Best_epoch_NDCG@10': 19, 'Best_epoch_HR@20': 15, 'Best_epoch_NDCG@20': 15}
2026/07/23 16:20:45 - __main__ - INFO - 548 - trainer - Epoch: 20
2026/07/23 16:20:45 - __main__ - INFO - 553 - trainer - start predicting: 2026-07-23 16:20:45.158130
2026/07/23 16:20:47 - __main__ - INFO - 548 - trainer - Epoch: 21
2026/07/23 16:20:47 - __main__ - INFO - 553 - trainer - start predicting: 2026-07-23 16:20:47.493260
2026/07/23 16:20:49 - __main__ - INFO - 590 - trainer - {'Best_HR@5': 38.7207, 'Best_NDCG@5': 28.1298, 'Best_HR@10': 49.0234, 'Best_NDCG@10': 31.4536, 'Best_HR@20': 60.6445, 'Best_NDCG@20': 34.3737}
2026/07/23 16:20:49 - __main__ - INFO - 591 - trainer - {'Best_epoch_HR@5': 19, 'Best_epoch_NDCG@5': 19, 'Best_epoch_HR@10': 19, 'Best_epoch_NDCG@10': 19, 'Best_epoch_HR@20': 21, 'Best_epoch_NDCG@20': 15}
2026/07/23 16:20:49 - __main__ - INFO - 548 - trainer - Epoch: 22
2026/07/23 16:20:49 - __main__ - INFO - 553 - trainer - start predicting: 2026-07-23 16:20:49.805015
2026/07/23 16:20:52 - __main__ - INFO - 548 - trainer - Epoch: 23
2026/07/23 16:20:52 - __main__ - INFO - 553 - trainer - start predicting: 2026-07-23 16:20:52.151863
2026/07/23 16:20:54 - __main__ - INFO - 548 - trainer - Epoch: 24
2026/07/23 16:20:54 - __main__ - INFO - 553 - trainer - start predicting: 2026-07-23 16:20:54.545830
2026/07/23 16:20:56 - __main__ - INFO - 548 - trainer - Epoch: 25
2026/07/23 16:20:56 - __main__ - INFO - 553 - trainer - start predicting: 2026-07-23 16:20:56.875117
2026/07/23 16:20:59 - __main__ - INFO - 548 - trainer - Epoch: 26
2026/07/23 16:20:59 - __main__ - INFO - 553 - trainer - start predicting: 2026-07-23 16:20:59.193227
2026/07/23 16:21:00 - __main__ - INFO - 600 - trainer - {'Best_HR@5': 38.7207, 'Best_NDCG@5': 28.1298, 'Best_HR@10': 49.0234, 'Best_NDCG@10': 31.4536, 'Best_HR@20': 60.6445, 'Best_NDCG@20': 34.3737}
2026/07/23 16:21:00 - __main__ - INFO - 601 - trainer - {'Best_epoch_HR@5': 19, 'Best_epoch_NDCG@5': 19, 'Best_epoch_HR@10': 19, 'Best_epoch_NDCG@10': 19, 'Best_epoch_HR@20': 21, 'Best_epoch_NDCG@20': 15}
2026/07/23 16:21:00 - __main__ - INFO - 682 - trainer - Popularity Definition------------------------------------------------
2026/07/23 16:21:00 - __main__ - INFO - 686 - trainer - {'popular_ratio': 0.2, 'observed_train_items': 21856, 'popular_items': 4372, 'unpopular_seen_items': 17484, 'unseen_items_in_test': 'calculated from test ground truth'}
2026/07/23 16:21:02 - __main__ - INFO - 945 - trainer - Test Overall------------------------------------------------------
2026/07/23 16:21:02 - __main__ - INFO - 949 - trainer - {'HR@5': 39.4942, 'NDCG@5': 28.7422, 'HR@10': 50.1459, 'NDCG@10': 32.189, 'HR@20': 61.8191, 'NDCG@20': 35.1367}
2026/07/23 16:21:02 - __main__ - INFO - 1034 - trainer - Test Group Size---------------------------------------------------
2026/07/23 16:21:02 - __main__ - INFO - 1038 - trainer - {'Overall_test_samples': 2056, 'Popular_test_samples': 1372, 'Unpopular_seen_test_samples': 505, 'Unseen_test_samples': 179, 'Grouped_test_samples': 2056}
2026/07/23 16:21:02 - __main__ - INFO - 1040 - trainer - Test Popular Ground Truth------------------------------------------
2026/07/23 16:21:02 - __main__ - INFO - 1044 - trainer - {'HR@5': 57.2886, 'NDCG@5': 42.1301, 'HR@10': 70.9184, 'NDCG@10': 46.5543, 'HR@20': 83.0904, 'NDCG@20': 49.6461}
2026/07/23 16:21:02 - __main__ - INFO - 1046 - trainer - Test Unpopular-Seen Ground Truth-----------------------------------
2026/07/23 16:21:02 - __main__ - INFO - 1050 - trainer - {'HR@5': 5.1485, 'NDCG@5': 2.5575, 'HR@10': 11.4851, 'NDCG@10': 4.5707, 'HR@20': 25.9406, 'NDCG@20': 8.1716}
2026/07/23 16:21:02 - __main__ - INFO - 1052 - trainer - Test Unseen Ground Truth-------------------------------------------
2026/07/23 16:21:02 - __main__ - INFO - 1056 - trainer - {'HR@5': 0.0, 'NDCG@5': 0.0, 'HR@10': 0.0, 'NDCG@10': 0.0, 'HR@20': 0.0, 'NDCG@20': 0.0}
2026/07/23 16:21:02 - __main__ - INFO - 1058 - trainer - Recommendation Popularity------------------------------------------
2026/07/23 16:21:02 - __main__ - INFO - 1062 - trainer - {'PopularRatio@5': 86.8969, 'PopularRatio@10': 74.3142, 'PopularRatio@20': 57.0355}
2026/07/23 16:21:02 - __main__ - INFO - 1065 - trainer - Best Eval---------------------------------------------------------
2026/07/23 16:21:02 - __main__ - INFO - 1068 - trainer - {'Best_HR@5': 38.7207, 'Best_NDCG@5': 28.1298, 'Best_HR@10': 49.0234, 'Best_NDCG@10': 31.4536, 'Best_HR@20': 60.6445, 'Best_NDCG@20': 34.3737}
2026/07/23 16:21:02 - __main__ - INFO - 1069 - trainer - {'Best_epoch_HR@5': 19, 'Best_epoch_NDCG@5': 19, 'Best_epoch_HR@10': 19, 'Best_epoch_NDCG@10': 19, 'Best_epoch_HR@20': 21, 'Best_epoch_NDCG@20': 15}
2026/07/23 16:21:02 - __main__ - INFO - 174 - main - Target model saved at: ./saved_model/movie_video/target_model.pth
