2026/09/12 21:50:36 - __main__ - INFO - 103 - main - Namespace(batch_size=512, decay_step=100, description='Diffu_norm_score', device='cuda', diffusion_steps=32, dropout=0.1, e_context_high_threshold=0.75, e_context_low_threshold=0.5, e_context_state='legacy', emb_dropout=0.3, epochs=100, eval_interval=5, experiment_f=1, f_margin_beta=0.25, f_meta_batch_size=64, f_meta_ratio=0.1, f_popmass_gamma=0.25, gamma=0.1, group_alignment=1, group_alignment_mode='both', group_context_threshold=0.5, group_pop_weight=1.0, group_tail_weight=1.0, hidden_act='gelu', hidden_size=128, inspect_e_distribution=0, lambda_uncertainty=0.001, log_file='log/', loss_lambda=1, lr=0.001, max_len=8, metric_ks=[5, 10, 20], momentum=None, noise_schedule='trunc_lin', num_blocks=4, num_gpu=1, optimizer='Adam', p=0.3, patience=2, popular_ratio=0.2, random_seed=1997, rescale_timesteps=True, s_dataset='movie', schedule_sampler_name='lossaware', t_dataset='video', tail_aug_probability=0.5, tail_context_regulation=1, tail_drop_probability=0.2, tail_preserve_recent=2, w=1.0, weight_decay=0)
2026/09/12 21:50:36 - __main__ - INFO - 218 - main - Experiment F Data Split
2026/09/12 21:50:36 - __main__ - INFO - 222 - main - {'Experiment': 'F', 'Original Target Train': 16438, 'Inner Train': 14794, 'Meta Pool': 1644, 'Meta Ratio': 0.1, 'Popular Items': 4372, 'Tail Items': 17484}
2026/09/12 21:50:40 - __main__ - INFO - 1636 - trainer - Group-aware Alignment Definition------------------------------------
2026/09/12 21:50:40 - __main__ - INFO - 1640 - trainer - {'group_alignment': True, 'alignment_mode': 'both', 'context_threshold': 0.5, 'popular_weight': 1.0, 'tail_weight': 1.0, 'source_popular_items': 17856, 'target_popular_items': 4372}
2026/09/12 21:50:40 - __main__ - INFO - 1930 - trainer - Group-aware Alignment Batch------------------------------------
2026/09/12 21:50:40 - __main__ - INFO - 1935 - trainer - {'Epoch': 0, 'Source Popular-context': 407, 'Source Tail-context': 75, 'Target Popular-context': 366, 'Target Tail-context': 95}
2026/09/12 21:50:45 - __main__ - INFO - 1946 - trainer - Epoch: 0
2026/09/12 21:50:45 - __main__ - INFO - 1930 - trainer - Group-aware Alignment Batch------------------------------------
2026/09/12 21:50:45 - __main__ - INFO - 1935 - trainer - {'Epoch': 1, 'Source Popular-context': 411, 'Source Tail-context': 52, 'Target Popular-context': 351, 'Target Tail-context': 95}
2026/09/12 21:50:49 - __main__ - INFO - 1946 - trainer - Epoch: 1
2026/09/12 21:50:49 - __main__ - INFO - 1930 - trainer - Group-aware Alignment Batch------------------------------------
2026/09/12 21:50:49 - __main__ - INFO - 1935 - trainer - {'Epoch': 2, 'Source Popular-context': 405, 'Source Tail-context': 52, 'Target Popular-context': 371, 'Target Tail-context': 77}
2026/09/12 21:50:54 - __main__ - INFO - 1946 - trainer - Epoch: 2
2026/09/12 21:50:54 - __main__ - INFO - 1930 - trainer - Group-aware Alignment Batch------------------------------------
2026/09/12 21:50:54 - __main__ - INFO - 1935 - trainer - {'Epoch': 3, 'Source Popular-context': 395, 'Source Tail-context': 62, 'Target Popular-context': 361, 'Target Tail-context': 97}
2026/09/12 21:50:59 - __main__ - INFO - 1946 - trainer - Epoch: 3
2026/09/12 21:50:59 - __main__ - INFO - 1930 - trainer - Group-aware Alignment Batch------------------------------------
2026/09/12 21:50:59 - __main__ - INFO - 1935 - trainer - {'Epoch': 4, 'Source Popular-context': 405, 'Source Tail-context': 72, 'Target Popular-context': 376, 'Target Tail-context': 79}
2026/09/12 21:51:03 - __main__ - INFO - 1946 - trainer - Epoch: 4
2026/09/12 21:51:03 - __main__ - INFO - 1930 - trainer - Group-aware Alignment Batch------------------------------------
2026/09/12 21:51:03 - __main__ - INFO - 1935 - trainer - {'Epoch': 5, 'Source Popular-context': 417, 'Source Tail-context': 62, 'Target Popular-context': 364, 'Target Tail-context': 100}
2026/09/12 21:51:08 - __main__ - INFO - 1946 - trainer - Epoch: 5
2026/09/12 21:51:08 - __main__ - INFO - 1951 - trainer - start predicting: 2026-09-12 21:51:08.037237
2026/09/12 21:51:19 - __main__ - INFO - 1988 - trainer - {'Best_HR@5': 38.4766, 'Best_NDCG@5': 29.5684, 'Best_HR@10': 49.3457, 'Best_NDCG@10': 33.0672, 'Best_HR@20': 61.8262, 'Best_NDCG@20': 36.2151}
2026/09/12 21:51:19 - __main__ - INFO - 1989 - trainer - {'Best_epoch_HR@5': 5, 'Best_epoch_NDCG@5': 5, 'Best_epoch_HR@10': 5, 'Best_epoch_NDCG@10': 5, 'Best_epoch_HR@20': 5, 'Best_epoch_NDCG@20': 5}
2026/09/12 21:51:20 - __main__ - INFO - 1930 - trainer - Group-aware Alignment Batch------------------------------------
2026/09/12 21:51:20 - __main__ - INFO - 1935 - trainer - {'Epoch': 6, 'Source Popular-context': 414, 'Source Tail-context': 66, 'Target Popular-context': 354, 'Target Tail-context': 101}
2026/09/12 21:51:24 - __main__ - INFO - 1946 - trainer - Epoch: 6
2026/09/12 21:51:24 - __main__ - INFO - 1930 - trainer - Group-aware Alignment Batch------------------------------------
2026/09/12 21:51:24 - __main__ - INFO - 1935 - trainer - {'Epoch': 7, 'Source Popular-context': 415, 'Source Tail-context': 65, 'Target Popular-context': 379, 'Target Tail-context': 88}
2026/09/12 21:51:29 - __main__ - INFO - 1946 - trainer - Epoch: 7
2026/09/12 21:51:29 - __main__ - INFO - 1930 - trainer - Group-aware Alignment Batch------------------------------------
2026/09/12 21:51:29 - __main__ - INFO - 1935 - trainer - {'Epoch': 8, 'Source Popular-context': 420, 'Source Tail-context': 53, 'Target Popular-context': 361, 'Target Tail-context': 99}
2026/09/12 21:51:33 - __main__ - INFO - 1946 - trainer - Epoch: 8
2026/09/12 21:51:33 - __main__ - INFO - 1930 - trainer - Group-aware Alignment Batch------------------------------------
2026/09/12 21:51:33 - __main__ - INFO - 1935 - trainer - {'Epoch': 9, 'Source Popular-context': 414, 'Source Tail-context': 68, 'Target Popular-context': 368, 'Target Tail-context': 90}
2026/09/12 21:51:38 - __main__ - INFO - 1946 - trainer - Epoch: 9
2026/09/12 21:51:38 - __main__ - INFO - 1930 - trainer - Group-aware Alignment Batch------------------------------------
2026/09/12 21:51:38 - __main__ - INFO - 1935 - trainer - {'Epoch': 10, 'Source Popular-context': 412, 'Source Tail-context': 59, 'Target Popular-context': 372, 'Target Tail-context': 85}
2026/09/12 21:51:42 - __main__ - INFO - 1946 - trainer - Epoch: 10
2026/09/12 21:51:42 - __main__ - INFO - 1951 - trainer - start predicting: 2026-09-12 21:51:42.946781
2026/09/12 21:51:55 - __main__ - INFO - 1988 - trainer - {'Best_HR@5': 48.7793, 'Best_NDCG@5': 37.0562, 'Best_HR@10': 58.7891, 'Best_NDCG@10': 40.2961, 'Best_HR@20': 69.7656, 'Best_NDCG@20': 43.0739}
2026/09/12 21:51:55 - __main__ - INFO - 1989 - trainer - {'Best_epoch_HR@5': 10, 'Best_epoch_NDCG@5': 10, 'Best_epoch_HR@10': 10, 'Best_epoch_NDCG@10': 10, 'Best_epoch_HR@20': 10, 'Best_epoch_NDCG@20': 10}
2026/09/12 21:51:55 - __main__ - INFO - 1930 - trainer - Group-aware Alignment Batch------------------------------------
2026/09/12 21:51:55 - __main__ - INFO - 1935 - trainer - {'Epoch': 11, 'Source Popular-context': 401, 'Source Tail-context': 80, 'Target Popular-context': 376, 'Target Tail-context': 80}
2026/09/12 21:52:00 - __main__ - INFO - 1946 - trainer - Epoch: 11
2026/09/12 21:52:00 - __main__ - INFO - 1930 - trainer - Group-aware Alignment Batch------------------------------------
2026/09/12 21:52:00 - __main__ - INFO - 1935 - trainer - {'Epoch': 12, 'Source Popular-context': 412, 'Source Tail-context': 59, 'Target Popular-context': 369, 'Target Tail-context': 88}
2026/09/12 21:52:04 - __main__ - INFO - 1946 - trainer - Epoch: 12
2026/09/12 21:52:04 - __main__ - INFO - 1930 - trainer - Group-aware Alignment Batch------------------------------------
2026/09/12 21:52:04 - __main__ - INFO - 1935 - trainer - {'Epoch': 13, 'Source Popular-context': 409, 'Source Tail-context': 67, 'Target Popular-context': 373, 'Target Tail-context': 91}
2026/09/12 21:52:09 - __main__ - INFO - 1946 - trainer - Epoch: 13
2026/09/12 21:52:09 - __main__ - INFO - 1930 - trainer - Group-aware Alignment Batch------------------------------------
2026/09/12 21:52:09 - __main__ - INFO - 1935 - trainer - {'Epoch': 14, 'Source Popular-context': 395, 'Source Tail-context': 81, 'Target Popular-context': 371, 'Target Tail-context': 96}
2026/09/12 21:52:13 - __main__ - INFO - 1946 - trainer - Epoch: 14
2026/09/12 21:52:13 - __main__ - INFO - 1930 - trainer - Group-aware Alignment Batch------------------------------------
2026/09/12 21:52:13 - __main__ - INFO - 1935 - trainer - {'Epoch': 15, 'Source Popular-context': 418, 'Source Tail-context': 69, 'Target Popular-context': 368, 'Target Tail-context': 87}
2026/09/12 21:52:18 - __main__ - INFO - 1946 - trainer - Epoch: 15
2026/09/12 21:52:18 - __main__ - INFO - 1951 - trainer - start predicting: 2026-09-12 21:52:18.160931
2026/09/12 21:52:29 - __main__ - INFO - 1988 - trainer - {'Best_HR@5': 49.3848, 'Best_NDCG@5': 37.3998, 'Best_HR@10': 60.3809, 'Best_NDCG@10': 40.9611, 'Best_HR@20': 70.6348, 'Best_NDCG@20': 43.5548}
2026/09/12 21:52:29 - __main__ - INFO - 1989 - trainer - {'Best_epoch_HR@5': 15, 'Best_epoch_NDCG@5': 15, 'Best_epoch_HR@10': 15, 'Best_epoch_NDCG@10': 15, 'Best_epoch_HR@20': 15, 'Best_epoch_NDCG@20': 15}
2026/09/12 21:52:30 - __main__ - INFO - 1930 - trainer - Group-aware Alignment Batch------------------------------------
2026/09/12 21:52:30 - __main__ - INFO - 1935 - trainer - {'Epoch': 16, 'Source Popular-context': 420, 'Source Tail-context': 58, 'Target Popular-context': 355, 'Target Tail-context': 109}
2026/09/12 21:52:34 - __main__ - INFO - 1946 - trainer - Epoch: 16
2026/09/12 21:52:34 - __main__ - INFO - 1930 - trainer - Group-aware Alignment Batch------------------------------------
2026/09/12 21:52:34 - __main__ - INFO - 1935 - trainer - {'Epoch': 17, 'Source Popular-context': 418, 'Source Tail-context': 54, 'Target Popular-context': 377, 'Target Tail-context': 82}
2026/09/12 21:52:39 - __main__ - INFO - 1946 - trainer - Epoch: 17
2026/09/12 21:52:39 - __main__ - INFO - 1930 - trainer - Group-aware Alignment Batch------------------------------------
2026/09/12 21:52:39 - __main__ - INFO - 1935 - trainer - {'Epoch': 18, 'Source Popular-context': 410, 'Source Tail-context': 59, 'Target Popular-context': 365, 'Target Tail-context': 87}
2026/09/12 21:52:43 - __main__ - INFO - 1946 - trainer - Epoch: 18
2026/09/12 21:52:43 - __main__ - INFO - 1930 - trainer - Group-aware Alignment Batch------------------------------------
2026/09/12 21:52:43 - __main__ - INFO - 1935 - trainer - {'Epoch': 19, 'Source Popular-context': 412, 'Source Tail-context': 71, 'Target Popular-context': 380, 'Target Tail-context': 84}
2026/09/12 21:52:48 - __main__ - INFO - 1946 - trainer - Epoch: 19
2026/09/12 21:52:48 - __main__ - INFO - 1930 - trainer - Group-aware Alignment Batch------------------------------------
2026/09/12 21:52:48 - __main__ - INFO - 1935 - trainer - {'Epoch': 20, 'Source Popular-context': 418, 'Source Tail-context': 71, 'Target Popular-context': 378, 'Target Tail-context': 89}
2026/09/12 21:52:53 - __main__ - INFO - 1946 - trainer - Epoch: 20
2026/09/12 21:52:53 - __main__ - INFO - 1951 - trainer - start predicting: 2026-09-12 21:52:53.467988
2026/09/12 21:53:05 - __main__ - INFO - 1930 - trainer - Group-aware Alignment Batch------------------------------------
2026/09/12 21:53:05 - __main__ - INFO - 1935 - trainer - {'Epoch': 21, 'Source Popular-context': 418, 'Source Tail-context': 61, 'Target Popular-context': 372, 'Target Tail-context': 92}
2026/09/12 21:53:09 - __main__ - INFO - 1946 - trainer - Epoch: 21
2026/09/12 21:53:09 - __main__ - INFO - 1930 - trainer - Group-aware Alignment Batch------------------------------------
2026/09/12 21:53:09 - __main__ - INFO - 1935 - trainer - {'Epoch': 22, 'Source Popular-context': 389, 'Source Tail-context': 84, 'Target Popular-context': 376, 'Target Tail-context': 87}
2026/09/12 21:53:14 - __main__ - INFO - 1946 - trainer - Epoch: 22
2026/09/12 21:53:14 - __main__ - INFO - 1930 - trainer - Group-aware Alignment Batch------------------------------------
2026/09/12 21:53:14 - __main__ - INFO - 1935 - trainer - {'Epoch': 23, 'Source Popular-context': 410, 'Source Tail-context': 65, 'Target Popular-context': 354, 'Target Tail-context': 110}
2026/09/12 21:53:18 - __main__ - INFO - 1946 - trainer - Epoch: 23
2026/09/12 21:53:18 - __main__ - INFO - 1930 - trainer - Group-aware Alignment Batch------------------------------------
2026/09/12 21:53:18 - __main__ - INFO - 1935 - trainer - {'Epoch': 24, 'Source Popular-context': 408, 'Source Tail-context': 63, 'Target Popular-context': 364, 'Target Tail-context': 91}
2026/09/12 21:53:23 - __main__ - INFO - 1946 - trainer - Epoch: 24
2026/09/12 21:53:23 - __main__ - INFO - 1930 - trainer - Group-aware Alignment Batch------------------------------------
2026/09/12 21:53:23 - __main__ - INFO - 1935 - trainer - {'Epoch': 25, 'Source Popular-context': 416, 'Source Tail-context': 55, 'Target Popular-context': 373, 'Target Tail-context': 88}
2026/09/12 21:53:28 - __main__ - INFO - 1946 - trainer - Epoch: 25
2026/09/12 21:53:28 - __main__ - INFO - 1951 - trainer - start predicting: 2026-09-12 21:53:28.272869
2026/09/12 21:53:39 - __main__ - INFO - 1998 - trainer - {'Best_HR@5': 49.3848, 'Best_NDCG@5': 37.3998, 'Best_HR@10': 60.3809, 'Best_NDCG@10': 40.9611, 'Best_HR@20': 70.6348, 'Best_NDCG@20': 43.5548}
2026/09/12 21:53:39 - __main__ - INFO - 1999 - trainer - {'Best_epoch_HR@5': 15, 'Best_epoch_NDCG@5': 15, 'Best_epoch_HR@10': 15, 'Best_epoch_NDCG@10': 15, 'Best_epoch_HR@20': 15, 'Best_epoch_NDCG@20': 15}
2026/09/12 21:53:40 - __main__ - INFO - 2115 - trainer - Source Popularity Definition---------------------------------------------
2026/09/12 21:53:40 - __main__ - INFO - 2120 - trainer - {'domain': 'Source', 'popular_ratio': 0.2, 'observed_train_items': 89276, 'popular_items': 17856, 'unpopular_seen_items': 71420, 'unseen_items_in_test': 'calculated from test ground truth'}
2026/09/12 21:53:47 - __main__ - INFO - 2396 - trainer - %s Test Overall------------------------------------------------------
2026/09/12 21:53:47 - __main__ - INFO - 2400 - trainer - {'HR@5': 49.5874, 'NDCG@5': 38.0221, 'HR@10': 60.5066, 'NDCG@10': 41.5607, 'HR@20': 70.284, 'NDCG@20': 44.0305}
2026/09/12 21:53:47 - __main__ - INFO - 2491 - trainer - Source Test Group Size----------------------------------------------
2026/09/12 21:53:47 - __main__ - INFO - 2496 - trainer - {'domain': 'Source', 'Overall_test_samples': 10422, 'Popular_test_samples': 7854, 'Unpopular_seen_test_samples': 1824, 'Unseen_test_samples': 744, 'Grouped_test_samples': 10422}
2026/09/12 21:53:47 - __main__ - INFO - 2498 - trainer - Source Test Popular Ground Truth-------------------------------------
2026/09/12 21:53:47 - __main__ - INFO - 2503 - trainer - {'HR@5': 65.1515, 'NDCG@5': 50.1479, 'HR@10': 78.1895, 'NDCG@10': 54.3783, 'HR@20': 88.1334, 'NDCG@20': 56.9053}
2026/09/12 21:53:47 - __main__ - INFO - 2505 - trainer - Source Test Unpopular-Seen Ground Truth------------------------------
2026/09/12 21:53:47 - __main__ - INFO - 2510 - trainer - {'HR@5': 2.7961, 'NDCG@5': 1.318, 'HR@10': 9.0461, 'NDCG@10': 3.3218, 'HR@20': 22.0395, 'NDCG@20': 6.5382}
2026/09/12 21:53:47 - __main__ - INFO - 2514 - trainer - Source Test Unseen Ground Truth--------------------------------------
2026/09/12 21:53:47 - __main__ - INFO - 2519 - trainer - {'HR@5': 0.0, 'NDCG@5': 0.0, 'HR@10': 0.0, 'NDCG@10': 0.0, 'HR@20': 0.1344, 'NDCG@20': 0.0344}
2026/09/12 21:53:47 - __main__ - INFO - 2521 - trainer - Source Recommendation Popularity-------------------------------------
2026/09/12 21:53:47 - __main__ - INFO - 2526 - trainer - {'PopularRatio@5': 93.3871, 'PopularRatio@10': 81.7415, 'PopularRatio@20': 61.4517}
2026/09/12 21:53:47 - __main__ - INFO - 2529 - trainer - Best Eval---------------------------------------------------------
2026/09/12 21:53:47 - __main__ - INFO - 2532 - trainer - {'Best_HR@5': 49.3848, 'Best_NDCG@5': 37.3998, 'Best_HR@10': 60.3809, 'Best_NDCG@10': 40.9611, 'Best_HR@20': 70.6348, 'Best_NDCG@20': 43.5548}
2026/09/12 21:53:47 - __main__ - INFO - 2533 - trainer - {'Best_epoch_HR@5': 15, 'Best_epoch_NDCG@5': 15, 'Best_epoch_HR@10': 15, 'Best_epoch_NDCG@10': 15, 'Best_epoch_HR@20': 15, 'Best_epoch_NDCG@20': 15}
2026/09/12 21:53:47 - __main__ - INFO - 326 - main - Experiment F Reference Model: D2 disabled, D3 kept ON.
2026/09/12 21:53:47 - __main__ - INFO - 1946 - trainer - Epoch: 0
2026/09/12 21:53:48 - __main__ - INFO - 1946 - trainer - Epoch: 1
2026/09/12 21:53:48 - __main__ - INFO - 1951 - trainer - start predicting: 2026-09-12 21:53:48.119497
2026/09/12 21:53:49 - __main__ - INFO - 1988 - trainer - {'Best_HR@5': 6.25, 'Best_NDCG@5': 3.437, 'Best_HR@10': 12.9395, 'Best_NDCG@10': 5.6021, 'Best_HR@20': 25.8301, 'Best_NDCG@20': 8.8059}
2026/09/12 21:53:49 - __main__ - INFO - 1989 - trainer - {'Best_epoch_HR@5': 1, 'Best_epoch_NDCG@5': 1, 'Best_epoch_HR@10': 1, 'Best_epoch_NDCG@10': 1, 'Best_epoch_HR@20': 1, 'Best_epoch_NDCG@20': 1}
2026/09/12 21:53:50 - __main__ - INFO - 1946 - trainer - Epoch: 2
2026/09/12 21:53:50 - __main__ - INFO - 1951 - trainer - start predicting: 2026-09-12 21:53:50.195103
2026/09/12 21:53:51 - __main__ - INFO - 1988 - trainer - {'Best_HR@5': 9.9121, 'Best_NDCG@5': 5.9965, 'Best_HR@10': 17.9688, 'Best_NDCG@10': 8.5859, 'Best_HR@20': 31.4941, 'Best_NDCG@20': 11.9896}
2026/09/12 21:53:51 - __main__ - INFO - 1989 - trainer - {'Best_epoch_HR@5': 2, 'Best_epoch_NDCG@5': 2, 'Best_epoch_HR@10': 2, 'Best_epoch_NDCG@10': 2, 'Best_epoch_HR@20': 2, 'Best_epoch_NDCG@20': 2}
2026/09/12 21:53:52 - __main__ - INFO - 1946 - trainer - Epoch: 3
2026/09/12 21:53:52 - __main__ - INFO - 1951 - trainer - start predicting: 2026-09-12 21:53:52.300029
2026/09/12 21:53:53 - __main__ - INFO - 1988 - trainer - {'Best_HR@5': 14.3066, 'Best_NDCG@5': 9.2882, 'Best_HR@10': 25.1465, 'Best_NDCG@10': 12.7589, 'Best_HR@20': 40.7715, 'Best_NDCG@20': 16.6741}
2026/09/12 21:53:53 - __main__ - INFO - 1989 - trainer - {'Best_epoch_HR@5': 3, 'Best_epoch_NDCG@5': 3, 'Best_epoch_HR@10': 3, 'Best_epoch_NDCG@10': 3, 'Best_epoch_HR@20': 3, 'Best_epoch_NDCG@20': 3}
2026/09/12 21:53:54 - __main__ - INFO - 1946 - trainer - Epoch: 4
2026/09/12 21:53:54 - __main__ - INFO - 1951 - trainer - start predicting: 2026-09-12 21:53:54.400819
2026/09/12 21:53:56 - __main__ - INFO - 1988 - trainer - {'Best_HR@5': 18.8965, 'Best_NDCG@5': 12.2782, 'Best_HR@10': 31.6895, 'Best_NDCG@10': 16.3956, 'Best_HR@20': 46.9727, 'Best_NDCG@20': 20.2299}
2026/09/12 21:53:56 - __main__ - INFO - 1989 - trainer - {'Best_epoch_HR@5': 4, 'Best_epoch_NDCG@5': 4, 'Best_epoch_HR@10': 4, 'Best_epoch_NDCG@10': 4, 'Best_epoch_HR@20': 4, 'Best_epoch_NDCG@20': 4}
2026/09/12 21:53:56 - __main__ - INFO - 1946 - trainer - Epoch: 5
2026/09/12 21:53:56 - __main__ - INFO - 1951 - trainer - start predicting: 2026-09-12 21:53:56.471866
2026/09/12 21:53:58 - __main__ - INFO - 1988 - trainer - {'Best_HR@5': 24.3652, 'Best_NDCG@5': 15.9234, 'Best_HR@10': 35.9863, 'Best_NDCG@10': 19.6628, 'Best_HR@20': 51.5137, 'Best_NDCG@20': 23.5534}
2026/09/12 21:53:58 - __main__ - INFO - 1989 - trainer - {'Best_epoch_HR@5': 5, 'Best_epoch_NDCG@5': 5, 'Best_epoch_HR@10': 5, 'Best_epoch_NDCG@10': 5, 'Best_epoch_HR@20': 5, 'Best_epoch_NDCG@20': 5}
2026/09/12 21:53:58 - __main__ - INFO - 1946 - trainer - Epoch: 6
2026/09/12 21:53:58 - __main__ - INFO - 1951 - trainer - start predicting: 2026-09-12 21:53:58.548034
2026/09/12 21:54:00 - __main__ - INFO - 1988 - trainer - {'Best_HR@5': 27.3926, 'Best_NDCG@5': 19.182, 'Best_HR@10': 38.8672, 'Best_NDCG@10': 22.8334, 'Best_HR@20': 54.7363, 'Best_NDCG@20': 26.829}
2026/09/12 21:54:00 - __main__ - INFO - 1989 - trainer - {'Best_epoch_HR@5': 6, 'Best_epoch_NDCG@5': 6, 'Best_epoch_HR@10': 6, 'Best_epoch_NDCG@10': 6, 'Best_epoch_HR@20': 6, 'Best_epoch_NDCG@20': 6}
2026/09/12 21:54:00 - __main__ - INFO - 1946 - trainer - Epoch: 7
2026/09/12 21:54:00 - __main__ - INFO - 1951 - trainer - start predicting: 2026-09-12 21:54:00.624230
2026/09/12 21:54:02 - __main__ - INFO - 1988 - trainer - {'Best_HR@5': 29.1016, 'Best_NDCG@5': 20.9263, 'Best_HR@10': 40.8203, 'Best_NDCG@10': 24.6995, 'Best_HR@20': 56.0547, 'Best_NDCG@20': 28.536}
2026/09/12 21:54:02 - __main__ - INFO - 1989 - trainer - {'Best_epoch_HR@5': 7, 'Best_epoch_NDCG@5': 7, 'Best_epoch_HR@10': 7, 'Best_epoch_NDCG@10': 7, 'Best_epoch_HR@20': 7, 'Best_epoch_NDCG@20': 7}
2026/09/12 21:54:02 - __main__ - INFO - 1946 - trainer - Epoch: 8
2026/09/12 21:54:02 - __main__ - INFO - 1951 - trainer - start predicting: 2026-09-12 21:54:02.711608
2026/09/12 21:54:04 - __main__ - INFO - 1988 - trainer - {'Best_HR@5': 31.543, 'Best_NDCG@5': 22.7563, 'Best_HR@10': 42.2363, 'Best_NDCG@10': 26.2409, 'Best_HR@20': 57.959, 'Best_NDCG@20': 30.2028}
2026/09/12 21:54:04 - __main__ - INFO - 1989 - trainer - {'Best_epoch_HR@5': 8, 'Best_epoch_NDCG@5': 8, 'Best_epoch_HR@10': 8, 'Best_epoch_NDCG@10': 8, 'Best_epoch_HR@20': 8, 'Best_epoch_NDCG@20': 8}
2026/09/12 21:54:04 - __main__ - INFO - 1946 - trainer - Epoch: 9
2026/09/12 21:54:04 - __main__ - INFO - 1951 - trainer - start predicting: 2026-09-12 21:54:04.790491
2026/09/12 21:54:06 - __main__ - INFO - 1988 - trainer - {'Best_HR@5': 33.3008, 'Best_NDCG@5': 24.3641, 'Best_HR@10': 44.3359, 'Best_NDCG@10': 27.9241, 'Best_HR@20': 58.3008, 'Best_NDCG@20': 31.4388}
2026/09/12 21:54:06 - __main__ - INFO - 1989 - trainer - {'Best_epoch_HR@5': 9, 'Best_epoch_NDCG@5': 9, 'Best_epoch_HR@10': 9, 'Best_epoch_NDCG@10': 9, 'Best_epoch_HR@20': 9, 'Best_epoch_NDCG@20': 9}
2026/09/12 21:54:06 - __main__ - INFO - 1946 - trainer - Epoch: 10
2026/09/12 21:54:06 - __main__ - INFO - 1951 - trainer - start predicting: 2026-09-12 21:54:06.899930
2026/09/12 21:54:08 - __main__ - INFO - 1988 - trainer - {'Best_HR@5': 35.0098, 'Best_NDCG@5': 25.8515, 'Best_HR@10': 45.5566, 'Best_NDCG@10': 29.2326, 'Best_HR@20': 59.0332, 'Best_NDCG@20': 32.6142}
2026/09/12 21:54:08 - __main__ - INFO - 1989 - trainer - {'Best_epoch_HR@5': 10, 'Best_epoch_NDCG@5': 10, 'Best_epoch_HR@10': 10, 'Best_epoch_NDCG@10': 10, 'Best_epoch_HR@20': 10, 'Best_epoch_NDCG@20': 10}
2026/09/12 21:54:09 - __main__ - INFO - 1946 - trainer - Epoch: 11
2026/09/12 21:54:09 - __main__ - INFO - 1951 - trainer - start predicting: 2026-09-12 21:54:09.004007
2026/09/12 21:54:10 - __main__ - INFO - 1988 - trainer - {'Best_HR@5': 35.9375, 'Best_NDCG@5': 26.3718, 'Best_HR@10': 46.8262, 'Best_NDCG@10': 29.8928, 'Best_HR@20': 59.082, 'Best_NDCG@20': 32.9873}
2026/09/12 21:54:10 - __main__ - INFO - 1989 - trainer - {'Best_epoch_HR@5': 11, 'Best_epoch_NDCG@5': 11, 'Best_epoch_HR@10': 11, 'Best_epoch_NDCG@10': 11, 'Best_epoch_HR@20': 11, 'Best_epoch_NDCG@20': 11}
2026/09/12 21:54:11 - __main__ - INFO - 1946 - trainer - Epoch: 12
2026/09/12 21:54:11 - __main__ - INFO - 1951 - trainer - start predicting: 2026-09-12 21:54:11.094212
2026/09/12 21:54:12 - __main__ - INFO - 1988 - trainer - {'Best_HR@5': 36.377, 'Best_NDCG@5': 26.7876, 'Best_HR@10': 47.7539, 'Best_NDCG@10': 30.4567, 'Best_HR@20': 59.7656, 'Best_NDCG@20': 33.4813}
2026/09/12 21:54:12 - __main__ - INFO - 1989 - trainer - {'Best_epoch_HR@5': 12, 'Best_epoch_NDCG@5': 12, 'Best_epoch_HR@10': 12, 'Best_epoch_NDCG@10': 12, 'Best_epoch_HR@20': 12, 'Best_epoch_NDCG@20': 12}
2026/09/12 21:54:13 - __main__ - INFO - 1946 - trainer - Epoch: 13
2026/09/12 21:54:13 - __main__ - INFO - 1951 - trainer - start predicting: 2026-09-12 21:54:13.179834
2026/09/12 21:54:14 - __main__ - INFO - 1988 - trainer - {'Best_HR@5': 37.9395, 'Best_NDCG@5': 27.6481, 'Best_HR@10': 47.7539, 'Best_NDCG@10': 30.7186, 'Best_HR@20': 59.7656, 'Best_NDCG@20': 33.8129}
2026/09/12 21:54:14 - __main__ - INFO - 1989 - trainer - {'Best_epoch_HR@5': 13, 'Best_epoch_NDCG@5': 13, 'Best_epoch_HR@10': 12, 'Best_epoch_NDCG@10': 13, 'Best_epoch_HR@20': 12, 'Best_epoch_NDCG@20': 13}
2026/09/12 21:54:15 - __main__ - INFO - 1946 - trainer - Epoch: 14
2026/09/12 21:54:15 - __main__ - INFO - 1951 - trainer - start predicting: 2026-09-12 21:54:15.274667
2026/09/12 21:54:16 - __main__ - INFO - 1988 - trainer - {'Best_HR@5': 38.0371, 'Best_NDCG@5': 27.8287, 'Best_HR@10': 48.0957, 'Best_NDCG@10': 31.1007, 'Best_HR@20': 59.8633, 'Best_NDCG@20': 34.0655}
2026/09/12 21:54:16 - __main__ - INFO - 1989 - trainer - {'Best_epoch_HR@5': 14, 'Best_epoch_NDCG@5': 14, 'Best_epoch_HR@10': 14, 'Best_epoch_NDCG@10': 14, 'Best_epoch_HR@20': 14, 'Best_epoch_NDCG@20': 14}
2026/09/12 21:54:17 - __main__ - INFO - 1946 - trainer - Epoch: 15
2026/09/12 21:54:17 - __main__ - INFO - 1951 - trainer - start predicting: 2026-09-12 21:54:17.360129
2026/09/12 21:54:18 - __main__ - INFO - 1988 - trainer - {'Best_HR@5': 38.8184, 'Best_NDCG@5': 28.1742, 'Best_HR@10': 48.7305, 'Best_NDCG@10': 31.3675, 'Best_HR@20': 60.4004, 'Best_NDCG@20': 34.3151}
2026/09/12 21:54:18 - __main__ - INFO - 1989 - trainer - {'Best_epoch_HR@5': 15, 'Best_epoch_NDCG@5': 15, 'Best_epoch_HR@10': 15, 'Best_epoch_NDCG@10': 15, 'Best_epoch_HR@20': 15, 'Best_epoch_NDCG@20': 15}
2026/09/12 21:54:19 - __main__ - INFO - 1946 - trainer - Epoch: 16
2026/09/12 21:54:19 - __main__ - INFO - 1951 - trainer - start predicting: 2026-09-12 21:54:19.463778
2026/09/12 21:54:21 - __main__ - INFO - 1988 - trainer - {'Best_HR@5': 38.8184, 'Best_NDCG@5': 28.3093, 'Best_HR@10': 49.1211, 'Best_NDCG@10': 31.7933, 'Best_HR@20': 60.5957, 'Best_NDCG@20': 34.7093}
2026/09/12 21:54:21 - __main__ - INFO - 1989 - trainer - {'Best_epoch_HR@5': 15, 'Best_epoch_NDCG@5': 16, 'Best_epoch_HR@10': 16, 'Best_epoch_NDCG@10': 16, 'Best_epoch_HR@20': 16, 'Best_epoch_NDCG@20': 16}
2026/09/12 21:54:21 - __main__ - INFO - 1946 - trainer - Epoch: 17
2026/09/12 21:54:21 - __main__ - INFO - 1951 - trainer - start predicting: 2026-09-12 21:54:21.561982
2026/09/12 21:54:23 - __main__ - INFO - 1946 - trainer - Epoch: 18
2026/09/12 21:54:23 - __main__ - INFO - 1951 - trainer - start predicting: 2026-09-12 21:54:23.654139
2026/09/12 21:54:25 - __main__ - INFO - 1988 - trainer - {'Best_HR@5': 38.8184, 'Best_NDCG@5': 28.3119, 'Best_HR@10': 49.1211, 'Best_NDCG@10': 31.7933, 'Best_HR@20': 60.7422, 'Best_NDCG@20': 34.7093}
2026/09/12 21:54:25 - __main__ - INFO - 1989 - trainer - {'Best_epoch_HR@5': 15, 'Best_epoch_NDCG@5': 18, 'Best_epoch_HR@10': 16, 'Best_epoch_NDCG@10': 16, 'Best_epoch_HR@20': 18, 'Best_epoch_NDCG@20': 16}
2026/09/12 21:54:25 - __main__ - INFO - 1946 - trainer - Epoch: 19
2026/09/12 21:54:25 - __main__ - INFO - 1951 - trainer - start predicting: 2026-09-12 21:54:25.776941
2026/09/12 21:54:27 - __main__ - INFO - 1946 - trainer - Epoch: 20
2026/09/12 21:54:27 - __main__ - INFO - 1951 - trainer - start predicting: 2026-09-12 21:54:27.852655
2026/09/12 21:54:29 - __main__ - INFO - 1988 - trainer - {'Best_HR@5': 38.8184, 'Best_NDCG@5': 28.3268, 'Best_HR@10': 49.1211, 'Best_NDCG@10': 31.7933, 'Best_HR@20': 60.7422, 'Best_NDCG@20': 34.7093}
2026/09/12 21:54:29 - __main__ - INFO - 1989 - trainer - {'Best_epoch_HR@5': 15, 'Best_epoch_NDCG@5': 20, 'Best_epoch_HR@10': 16, 'Best_epoch_NDCG@10': 16, 'Best_epoch_HR@20': 18, 'Best_epoch_NDCG@20': 16}
2026/09/12 21:54:29 - __main__ - INFO - 1946 - trainer - Epoch: 21
2026/09/12 21:54:29 - __main__ - INFO - 1951 - trainer - start predicting: 2026-09-12 21:54:29.943506
2026/09/12 21:54:31 - __main__ - INFO - 1988 - trainer - {'Best_HR@5': 38.8184, 'Best_NDCG@5': 28.3268, 'Best_HR@10': 49.2188, 'Best_NDCG@10': 31.7933, 'Best_HR@20': 60.7422, 'Best_NDCG@20': 34.7093}
2026/09/12 21:54:31 - __main__ - INFO - 1989 - trainer - {'Best_epoch_HR@5': 15, 'Best_epoch_NDCG@5': 20, 'Best_epoch_HR@10': 21, 'Best_epoch_NDCG@10': 16, 'Best_epoch_HR@20': 18, 'Best_epoch_NDCG@20': 16}
2026/09/12 21:54:32 - __main__ - INFO - 1946 - trainer - Epoch: 22
2026/09/12 21:54:32 - __main__ - INFO - 1951 - trainer - start predicting: 2026-09-12 21:54:32.040126
2026/09/12 21:54:33 - __main__ - INFO - 1988 - trainer - {'Best_HR@5': 38.8184, 'Best_NDCG@5': 28.3268, 'Best_HR@10': 49.2676, 'Best_NDCG@10': 31.7933, 'Best_HR@20': 60.7422, 'Best_NDCG@20': 34.7093}
2026/09/12 21:54:33 - __main__ - INFO - 1989 - trainer - {'Best_epoch_HR@5': 15, 'Best_epoch_NDCG@5': 20, 'Best_epoch_HR@10': 22, 'Best_epoch_NDCG@10': 16, 'Best_epoch_HR@20': 18, 'Best_epoch_NDCG@20': 16}
2026/09/12 21:54:34 - __main__ - INFO - 1946 - trainer - Epoch: 23
2026/09/12 21:54:34 - __main__ - INFO - 1951 - trainer - start predicting: 2026-09-12 21:54:34.153974
2026/09/12 21:54:36 - __main__ - INFO - 1946 - trainer - Epoch: 24
2026/09/12 21:54:36 - __main__ - INFO - 1951 - trainer - start predicting: 2026-09-12 21:54:36.208914
2026/09/12 21:54:38 - __main__ - INFO - 1946 - trainer - Epoch: 25
2026/09/12 21:54:38 - __main__ - INFO - 1951 - trainer - start predicting: 2026-09-12 21:54:38.331348
2026/09/12 21:54:40 - __main__ - INFO - 1946 - trainer - Epoch: 26
2026/09/12 21:54:40 - __main__ - INFO - 1951 - trainer - start predicting: 2026-09-12 21:54:40.399432
2026/09/12 21:54:42 - __main__ - INFO - 1946 - trainer - Epoch: 27
2026/09/12 21:54:42 - __main__ - INFO - 1951 - trainer - start predicting: 2026-09-12 21:54:42.493075
2026/09/12 21:54:44 - __main__ - INFO - 1998 - trainer - {'Best_HR@5': 38.8184, 'Best_NDCG@5': 28.3268, 'Best_HR@10': 49.2676, 'Best_NDCG@10': 31.7933, 'Best_HR@20': 60.7422, 'Best_NDCG@20': 34.7093}
2026/09/12 21:54:44 - __main__ - INFO - 1999 - trainer - {'Best_epoch_HR@5': 15, 'Best_epoch_NDCG@5': 20, 'Best_epoch_HR@10': 22, 'Best_epoch_NDCG@10': 16, 'Best_epoch_HR@20': 18, 'Best_epoch_NDCG@20': 16}
2026/09/12 21:54:44 - __main__ - INFO - 2115 - trainer - Target Popularity Definition---------------------------------------------
2026/09/12 21:54:44 - __main__ - INFO - 2120 - trainer - {'domain': 'Target', 'popular_ratio': 0.2, 'observed_train_items': 21856, 'popular_items': 4372, 'unpopular_seen_items': 17484, 'unseen_items_in_test': 'calculated from test ground truth'}
2026/09/12 21:54:45 - __main__ - INFO - 2396 - trainer - %s Test Overall------------------------------------------------------
2026/09/12 21:54:45 - __main__ - INFO - 2400 - trainer - {'HR@5': 39.1537, 'NDCG@5': 29.0433, 'HR@10': 49.9514, 'NDCG@10': 32.5051, 'HR@20': 62.3054, 'NDCG@20': 35.6255}
2026/09/12 21:54:45 - __main__ - INFO - 2491 - trainer - Target Test Group Size----------------------------------------------
2026/09/12 21:54:45 - __main__ - INFO - 2496 - trainer - {'domain': 'Target', 'Overall_test_samples': 2056, 'Popular_test_samples': 1372, 'Unpopular_seen_test_samples': 505, 'Unseen_test_samples': 179, 'Grouped_test_samples': 2056}
2026/09/12 21:54:45 - __main__ - INFO - 2498 - trainer - Target Test Popular Ground Truth-------------------------------------
2026/09/12 21:54:45 - __main__ - INFO - 2503 - trainer - {'HR@5': 57.1429, 'NDCG@5': 42.7556, 'HR@10': 70.9913, 'NDCG@10': 47.2215, 'HR@20': 84.0379, 'NDCG@20': 50.5184}
2026/09/12 21:54:45 - __main__ - INFO - 2505 - trainer - Target Test Unpopular-Seen Ground Truth------------------------------
2026/09/12 21:54:45 - __main__ - INFO - 2510 - trainer - {'HR@5': 4.1584, 'NDCG@5': 2.084, 'HR@10': 10.495, 'NDCG@10': 4.0446, 'HR@20': 25.3465, 'NDCG@20': 7.7917}
2026/09/12 21:54:45 - __main__ - INFO - 2514 - trainer - Target Test Unseen Ground Truth--------------------------------------
2026/09/12 21:54:45 - __main__ - INFO - 2519 - trainer - {'HR@5': 0.0, 'NDCG@5': 0.0, 'HR@10': 0.0, 'NDCG@10': 0.0, 'HR@20': 0.0, 'NDCG@20': 0.0}
2026/09/12 21:54:45 - __main__ - INFO - 2521 - trainer - Target Recommendation Popularity-------------------------------------
2026/09/12 21:54:45 - __main__ - INFO - 2526 - trainer - {'PopularRatio@5': 87.928, 'PopularRatio@10': 74.3191, 'PopularRatio@20': 57.179}
2026/09/12 21:54:45 - __main__ - INFO - 2529 - trainer - Best Eval---------------------------------------------------------
2026/09/12 21:54:45 - __main__ - INFO - 2532 - trainer - {'Best_HR@5': 38.8184, 'Best_NDCG@5': 28.3268, 'Best_HR@10': 49.2676, 'Best_NDCG@10': 31.7933, 'Best_HR@20': 60.7422, 'Best_NDCG@20': 34.7093}
2026/09/12 21:54:45 - __main__ - INFO - 2533 - trainer - {'Best_epoch_HR@5': 15, 'Best_epoch_NDCG@5': 20, 'Best_epoch_HR@10': 22, 'Best_epoch_NDCG@10': 16, 'Best_epoch_HR@20': 18, 'Best_epoch_NDCG@20': 16}
2026/09/12 21:54:45 - __main__ - INFO - 713 - trainer - Experiment F Meta Batch
2026/09/12 21:54:45 - __main__ - INFO - 717 - trainer - {'Meta Pool Size': 1644, 'Meta Batch Size': 64, 'Popular Next': 32, 'Tail Next': 32, 'Popular Items': 4372, 'Tail Items': 17484}
2026/09/12 21:54:45 - __main__ - INFO - 912 - trainer - Experiment F Meta Objective
2026/09/12 21:54:45 - __main__ - INFO - 916 - trainer - {'Objective': 'M0_balanced', 'Total Loss': 10.663429, 'Balanced Loss': 10.663429, 'Popular CE': 8.832239, 'Tail CE': 12.49462, 'Margin Loss': 7.769807, 'PopMass Loss': 0.693457, 'Meta Grad Norm': 3.42187}
2026/09/12 21:54:45 - __main__ - INFO - 912 - trainer - Experiment F Meta Objective
2026/09/12 21:54:45 - __main__ - INFO - 916 - trainer - {'Objective': 'M1_margin', 'Total Loss': 12.605881, 'Balanced Loss': 10.663429, 'Popular CE': 8.832239, 'Tail CE': 12.49462, 'Margin Loss': 7.769807, 'PopMass Loss': 0.693457, 'Meta Grad Norm': 7.427537}
2026/09/12 21:54:45 - __main__ - INFO - 912 - trainer - Experiment F Meta Objective
2026/09/12 21:54:45 - __main__ - INFO - 916 - trainer - {'Objective': 'M2_popmass', 'Total Loss': 10.836794, 'Balanced Loss': 10.663429, 'Popular CE': 8.832239, 'Tail CE': 12.49462, 'Margin Loss': 7.769807, 'PopMass Loss': 0.693457, 'Meta Grad Norm': 3.475722}
2026/09/12 21:54:45 - __main__ - INFO - 405 - main - Target model saved at: ./saved_model/movie_video/target_model_f_reference.pth
