2026/08/06 14:07:15 - __main__ - INFO - 85 - main - Namespace(batch_size=512, decay_step=100, description='Diffu_norm_score', device='cuda', diffusion_steps=32, dropout=0.1, emb_dropout=0.3, epochs=100, eval_interval=5, gamma=0.1, hidden_act='gelu', hidden_size=128, lambda_uncertainty=0.001, log_file='log/', loss_lambda=1, lr=0.001, max_len=8, metric_ks=[5, 10, 20], momentum=None, noise_schedule='trunc_lin', num_blocks=4, num_gpu=1, optimizer='Adam', p=0.3, patience=2, popular_ratio=0.2, random_seed=1997, rescale_timesteps=True, s_dataset='movie', schedule_sampler_name='lossaware', t_dataset='video', w=1.0, weight_decay=0)
2026/08/06 14:07:23 - __main__ - INFO - 262 - trainer - Epoch: 0
2026/08/06 14:07:27 - __main__ - INFO - 262 - trainer - Epoch: 1
2026/08/06 14:07:31 - __main__ - INFO - 262 - trainer - Epoch: 2
2026/08/06 14:07:34 - __main__ - INFO - 262 - trainer - Epoch: 3
2026/08/06 14:07:38 - __main__ - INFO - 262 - trainer - Epoch: 4
2026/08/06 14:07:42 - __main__ - INFO - 262 - trainer - Epoch: 5
2026/08/06 14:07:42 - __main__ - INFO - 267 - trainer - start predicting: 2026-08-06 14:07:42.935494
2026/08/06 14:07:54 - __main__ - INFO - 304 - trainer - {'Best_HR@5': 40.1758, 'Best_NDCG@5': 30.8723, 'Best_HR@10': 51.1133, 'Best_NDCG@10': 34.403, 'Best_HR@20': 64.0234, 'Best_NDCG@20': 37.6423}
2026/08/06 14:07:54 - __main__ - INFO - 305 - trainer - {'Best_epoch_HR@5': 5, 'Best_epoch_NDCG@5': 5, 'Best_epoch_HR@10': 5, 'Best_epoch_NDCG@10': 5, 'Best_epoch_HR@20': 5, 'Best_epoch_NDCG@20': 5}
2026/08/06 14:07:58 - __main__ - INFO - 262 - trainer - Epoch: 6
2026/08/06 14:08:02 - __main__ - INFO - 262 - trainer - Epoch: 7
2026/08/06 14:08:06 - __main__ - INFO - 262 - trainer - Epoch: 8
2026/08/06 14:08:10 - __main__ - INFO - 262 - trainer - Epoch: 9
2026/08/06 14:08:14 - __main__ - INFO - 262 - trainer - Epoch: 10
2026/08/06 14:08:14 - __main__ - INFO - 267 - trainer - start predicting: 2026-08-06 14:08:14.258299
2026/08/06 14:08:25 - __main__ - INFO - 304 - trainer - {'Best_HR@5': 48.1934, 'Best_NDCG@5': 36.8794, 'Best_HR@10': 58.9258, 'Best_NDCG@10': 40.3526, 'Best_HR@20': 69.6777, 'Best_NDCG@20': 43.0709}
2026/08/06 14:08:25 - __main__ - INFO - 305 - trainer - {'Best_epoch_HR@5': 10, 'Best_epoch_NDCG@5': 10, 'Best_epoch_HR@10': 10, 'Best_epoch_NDCG@10': 10, 'Best_epoch_HR@20': 10, 'Best_epoch_NDCG@20': 10}
2026/08/06 14:08:29 - __main__ - INFO - 262 - trainer - Epoch: 11
2026/08/06 14:08:33 - __main__ - INFO - 262 - trainer - Epoch: 12
2026/08/06 14:08:37 - __main__ - INFO - 262 - trainer - Epoch: 13
2026/08/06 14:08:41 - __main__ - INFO - 262 - trainer - Epoch: 14
2026/08/06 14:08:45 - __main__ - INFO - 262 - trainer - Epoch: 15
2026/08/06 14:08:45 - __main__ - INFO - 267 - trainer - start predicting: 2026-08-06 14:08:45.311310
2026/08/06 14:08:56 - __main__ - INFO - 304 - trainer - {'Best_HR@5': 49.2383, 'Best_NDCG@5': 37.3975, 'Best_HR@10': 60.293, 'Best_NDCG@10': 40.979, 'Best_HR@20': 70.4785, 'Best_NDCG@20': 43.563}
2026/08/06 14:08:56 - __main__ - INFO - 305 - trainer - {'Best_epoch_HR@5': 15, 'Best_epoch_NDCG@5': 15, 'Best_epoch_HR@10': 15, 'Best_epoch_NDCG@10': 15, 'Best_epoch_HR@20': 15, 'Best_epoch_NDCG@20': 15}
2026/08/06 14:09:00 - __main__ - INFO - 262 - trainer - Epoch: 16
2026/08/06 14:09:04 - __main__ - INFO - 262 - trainer - Epoch: 17
2026/08/06 14:09:08 - __main__ - INFO - 262 - trainer - Epoch: 18
2026/08/06 14:09:12 - __main__ - INFO - 262 - trainer - Epoch: 19
2026/08/06 14:09:16 - __main__ - INFO - 262 - trainer - Epoch: 20
2026/08/06 14:09:16 - __main__ - INFO - 267 - trainer - start predicting: 2026-08-06 14:09:16.127760
2026/08/06 14:09:31 - __main__ - INFO - 262 - trainer - Epoch: 21
2026/08/06 14:09:35 - __main__ - INFO - 262 - trainer - Epoch: 22
2026/08/06 14:09:38 - __main__ - INFO - 262 - trainer - Epoch: 23
2026/08/06 14:09:42 - __main__ - INFO - 262 - trainer - Epoch: 24
2026/08/06 14:09:46 - __main__ - INFO - 262 - trainer - Epoch: 25
2026/08/06 14:09:46 - __main__ - INFO - 267 - trainer - start predicting: 2026-08-06 14:09:46.927694
2026/08/06 14:09:58 - __main__ - INFO - 314 - trainer - {'Best_HR@5': 49.2383, 'Best_NDCG@5': 37.3975, 'Best_HR@10': 60.293, 'Best_NDCG@10': 40.979, 'Best_HR@20': 70.4785, 'Best_NDCG@20': 43.563}
2026/08/06 14:09:58 - __main__ - INFO - 315 - trainer - {'Best_epoch_HR@5': 15, 'Best_epoch_NDCG@5': 15, 'Best_epoch_HR@10': 15, 'Best_epoch_NDCG@10': 15, 'Best_epoch_HR@20': 15, 'Best_epoch_NDCG@20': 15}
2026/08/06 14:10:05 - __main__ - INFO - 659 - trainer - Test Overall------------------------------------------------------
2026/08/06 14:10:05 - __main__ - INFO - 663 - trainer - {'HR@5': 49.7601, 'NDCG@5': 38.0527, 'HR@10': 60.4395, 'NDCG@10': 41.516, 'HR@20': 70.332, 'NDCG@20': 44.0201}
2026/08/06 14:10:05 - __main__ - INFO - 779 - trainer - Best Eval---------------------------------------------------------
2026/08/06 14:10:05 - __main__ - INFO - 782 - trainer - {'Best_HR@5': 49.2383, 'Best_NDCG@5': 37.3975, 'Best_HR@10': 60.293, 'Best_NDCG@10': 40.979, 'Best_HR@20': 70.4785, 'Best_NDCG@20': 43.563}
2026/08/06 14:10:05 - __main__ - INFO - 783 - trainer - {'Best_epoch_HR@5': 15, 'Best_epoch_NDCG@5': 15, 'Best_epoch_HR@10': 15, 'Best_epoch_NDCG@10': 15, 'Best_epoch_HR@20': 15, 'Best_epoch_NDCG@20': 15}
2026/08/06 14:10:06 - __main__ - INFO - 262 - trainer - Epoch: 0
2026/08/06 14:10:06 - __main__ - INFO - 262 - trainer - Epoch: 1
2026/08/06 14:10:06 - __main__ - INFO - 267 - trainer - start predicting: 2026-08-06 14:10:06.804886
2026/08/06 14:10:08 - __main__ - INFO - 304 - trainer - {'Best_HR@5': 7.2754, 'Best_NDCG@5': 4.176, 'Best_HR@10': 15.0391, 'Best_NDCG@10': 6.6638, 'Best_HR@20': 30.3223, 'Best_NDCG@20': 10.4901}
2026/08/06 14:10:08 - __main__ - INFO - 305 - trainer - {'Best_epoch_HR@5': 1, 'Best_epoch_NDCG@5': 1, 'Best_epoch_HR@10': 1, 'Best_epoch_NDCG@10': 1, 'Best_epoch_HR@20': 1, 'Best_epoch_NDCG@20': 1}
2026/08/06 14:10:08 - __main__ - INFO - 262 - trainer - Epoch: 2
2026/08/06 14:10:08 - __main__ - INFO - 267 - trainer - start predicting: 2026-08-06 14:10:08.933658
2026/08/06 14:10:10 - __main__ - INFO - 304 - trainer - {'Best_HR@5': 13.2324, 'Best_NDCG@5': 8.2956, 'Best_HR@10': 22.6074, 'Best_NDCG@10': 11.2981, 'Best_HR@20': 38.5742, 'Best_NDCG@20': 15.2853}
2026/08/06 14:10:10 - __main__ - INFO - 305 - trainer - {'Best_epoch_HR@5': 2, 'Best_epoch_NDCG@5': 2, 'Best_epoch_HR@10': 2, 'Best_epoch_NDCG@10': 2, 'Best_epoch_HR@20': 2, 'Best_epoch_NDCG@20': 2}
2026/08/06 14:10:11 - __main__ - INFO - 262 - trainer - Epoch: 3
2026/08/06 14:10:11 - __main__ - INFO - 267 - trainer - start predicting: 2026-08-06 14:10:11.058178
2026/08/06 14:10:12 - __main__ - INFO - 304 - trainer - {'Best_HR@5': 19.5312, 'Best_NDCG@5': 12.5822, 'Best_HR@10': 30.8105, 'Best_NDCG@10': 16.2076, 'Best_HR@20': 46.582, 'Best_NDCG@20': 20.1757}
2026/08/06 14:10:12 - __main__ - INFO - 305 - trainer - {'Best_epoch_HR@5': 3, 'Best_epoch_NDCG@5': 3, 'Best_epoch_HR@10': 3, 'Best_epoch_NDCG@10': 3, 'Best_epoch_HR@20': 3, 'Best_epoch_NDCG@20': 3}
2026/08/06 14:10:13 - __main__ - INFO - 262 - trainer - Epoch: 4
2026/08/06 14:10:13 - __main__ - INFO - 267 - trainer - start predicting: 2026-08-06 14:10:13.213006
2026/08/06 14:10:14 - __main__ - INFO - 304 - trainer - {'Best_HR@5': 25.1953, 'Best_NDCG@5': 17.0094, 'Best_HR@10': 35.7422, 'Best_NDCG@10': 20.3914, 'Best_HR@20': 50.5859, 'Best_NDCG@20': 24.1347}
2026/08/06 14:10:14 - __main__ - INFO - 305 - trainer - {'Best_epoch_HR@5': 4, 'Best_epoch_NDCG@5': 4, 'Best_epoch_HR@10': 4, 'Best_epoch_NDCG@10': 4, 'Best_epoch_HR@20': 4, 'Best_epoch_NDCG@20': 4}
2026/08/06 14:10:15 - __main__ - INFO - 262 - trainer - Epoch: 5
2026/08/06 14:10:15 - __main__ - INFO - 267 - trainer - start predicting: 2026-08-06 14:10:15.346493
2026/08/06 14:10:16 - __main__ - INFO - 304 - trainer - {'Best_HR@5': 28.0273, 'Best_NDCG@5': 19.5612, 'Best_HR@10': 38.5742, 'Best_NDCG@10': 22.9493, 'Best_HR@20': 53.8086, 'Best_NDCG@20': 26.7636}
2026/08/06 14:10:16 - __main__ - INFO - 305 - trainer - {'Best_epoch_HR@5': 5, 'Best_epoch_NDCG@5': 5, 'Best_epoch_HR@10': 5, 'Best_epoch_NDCG@10': 5, 'Best_epoch_HR@20': 5, 'Best_epoch_NDCG@20': 5}
2026/08/06 14:10:17 - __main__ - INFO - 262 - trainer - Epoch: 6
2026/08/06 14:10:17 - __main__ - INFO - 267 - trainer - start predicting: 2026-08-06 14:10:17.429059
2026/08/06 14:10:18 - __main__ - INFO - 304 - trainer - {'Best_HR@5': 31.1523, 'Best_NDCG@5': 21.9714, 'Best_HR@10': 40.6738, 'Best_NDCG@10': 25.0272, 'Best_HR@20': 55.7617, 'Best_NDCG@20': 28.8197}
2026/08/06 14:10:18 - __main__ - INFO - 305 - trainer - {'Best_epoch_HR@5': 6, 'Best_epoch_NDCG@5': 6, 'Best_epoch_HR@10': 6, 'Best_epoch_NDCG@10': 6, 'Best_epoch_HR@20': 6, 'Best_epoch_NDCG@20': 6}
2026/08/06 14:10:19 - __main__ - INFO - 262 - trainer - Epoch: 7
2026/08/06 14:10:19 - __main__ - INFO - 267 - trainer - start predicting: 2026-08-06 14:10:19.552276
2026/08/06 14:10:21 - __main__ - INFO - 304 - trainer - {'Best_HR@5': 32.8125, 'Best_NDCG@5': 23.8209, 'Best_HR@10': 42.1875, 'Best_NDCG@10': 26.8218, 'Best_HR@20': 57.1777, 'Best_NDCG@20': 30.5856}
2026/08/06 14:10:21 - __main__ - INFO - 305 - trainer - {'Best_epoch_HR@5': 7, 'Best_epoch_NDCG@5': 7, 'Best_epoch_HR@10': 7, 'Best_epoch_NDCG@10': 7, 'Best_epoch_HR@20': 7, 'Best_epoch_NDCG@20': 7}
2026/08/06 14:10:21 - __main__ - INFO - 262 - trainer - Epoch: 8
2026/08/06 14:10:21 - __main__ - INFO - 267 - trainer - start predicting: 2026-08-06 14:10:21.668789
2026/08/06 14:10:23 - __main__ - INFO - 304 - trainer - {'Best_HR@5': 33.3984, 'Best_NDCG@5': 25.2609, 'Best_HR@10': 43.8965, 'Best_NDCG@10': 28.6417, 'Best_HR@20': 57.5684, 'Best_NDCG@20': 32.0997}
2026/08/06 14:10:23 - __main__ - INFO - 305 - trainer - {'Best_epoch_HR@5': 8, 'Best_epoch_NDCG@5': 8, 'Best_epoch_HR@10': 8, 'Best_epoch_NDCG@10': 8, 'Best_epoch_HR@20': 8, 'Best_epoch_NDCG@20': 8}
2026/08/06 14:10:23 - __main__ - INFO - 262 - trainer - Epoch: 9
2026/08/06 14:10:23 - __main__ - INFO - 267 - trainer - start predicting: 2026-08-06 14:10:23.799760
2026/08/06 14:10:25 - __main__ - INFO - 304 - trainer - {'Best_HR@5': 34.6191, 'Best_NDCG@5': 26.0073, 'Best_HR@10': 44.8242, 'Best_NDCG@10': 29.3276, 'Best_HR@20': 58.1055, 'Best_NDCG@20': 32.6853}
2026/08/06 14:10:25 - __main__ - INFO - 305 - trainer - {'Best_epoch_HR@5': 9, 'Best_epoch_NDCG@5': 9, 'Best_epoch_HR@10': 9, 'Best_epoch_NDCG@10': 9, 'Best_epoch_HR@20': 9, 'Best_epoch_NDCG@20': 9}
2026/08/06 14:10:25 - __main__ - INFO - 262 - trainer - Epoch: 10
2026/08/06 14:10:25 - __main__ - INFO - 267 - trainer - start predicting: 2026-08-06 14:10:25.917242
2026/08/06 14:10:27 - __main__ - INFO - 304 - trainer - {'Best_HR@5': 35.5469, 'Best_NDCG@5': 26.6057, 'Best_HR@10': 46.1914, 'Best_NDCG@10': 30.035, 'Best_HR@20': 58.8867, 'Best_NDCG@20': 33.2284}
2026/08/06 14:10:27 - __main__ - INFO - 305 - trainer - {'Best_epoch_HR@5': 10, 'Best_epoch_NDCG@5': 10, 'Best_epoch_HR@10': 10, 'Best_epoch_NDCG@10': 10, 'Best_epoch_HR@20': 10, 'Best_epoch_NDCG@20': 10}
2026/08/06 14:10:28 - __main__ - INFO - 262 - trainer - Epoch: 11
2026/08/06 14:10:28 - __main__ - INFO - 267 - trainer - start predicting: 2026-08-06 14:10:28.039936
2026/08/06 14:10:29 - __main__ - INFO - 304 - trainer - {'Best_HR@5': 36.377, 'Best_NDCG@5': 27.0589, 'Best_HR@10': 47.2656, 'Best_NDCG@10': 30.5711, 'Best_HR@20': 59.8633, 'Best_NDCG@20': 33.7329}
2026/08/06 14:10:29 - __main__ - INFO - 305 - trainer - {'Best_epoch_HR@5': 11, 'Best_epoch_NDCG@5': 11, 'Best_epoch_HR@10': 11, 'Best_epoch_NDCG@10': 11, 'Best_epoch_HR@20': 11, 'Best_epoch_NDCG@20': 11}
2026/08/06 14:10:30 - __main__ - INFO - 262 - trainer - Epoch: 12
2026/08/06 14:10:30 - __main__ - INFO - 267 - trainer - start predicting: 2026-08-06 14:10:30.289159
2026/08/06 14:10:31 - __main__ - INFO - 304 - trainer - {'Best_HR@5': 36.5723, 'Best_NDCG@5': 27.3223, 'Best_HR@10': 47.9004, 'Best_NDCG@10': 30.9779, 'Best_HR@20': 59.8633, 'Best_NDCG@20': 33.9912}
2026/08/06 14:10:31 - __main__ - INFO - 305 - trainer - {'Best_epoch_HR@5': 12, 'Best_epoch_NDCG@5': 12, 'Best_epoch_HR@10': 12, 'Best_epoch_NDCG@10': 12, 'Best_epoch_HR@20': 11, 'Best_epoch_NDCG@20': 12}
2026/08/06 14:10:32 - __main__ - INFO - 262 - trainer - Epoch: 13
2026/08/06 14:10:32 - __main__ - INFO - 267 - trainer - start predicting: 2026-08-06 14:10:32.402783
2026/08/06 14:10:33 - __main__ - INFO - 304 - trainer - {'Best_HR@5': 36.9141, 'Best_NDCG@5': 27.547, 'Best_HR@10': 47.9004, 'Best_NDCG@10': 31.0446, 'Best_HR@20': 59.8633, 'Best_NDCG@20': 34.0539}
2026/08/06 14:10:33 - __main__ - INFO - 305 - trainer - {'Best_epoch_HR@5': 13, 'Best_epoch_NDCG@5': 13, 'Best_epoch_HR@10': 12, 'Best_epoch_NDCG@10': 13, 'Best_epoch_HR@20': 11, 'Best_epoch_NDCG@20': 13}
2026/08/06 14:10:34 - __main__ - INFO - 262 - trainer - Epoch: 14
2026/08/06 14:10:34 - __main__ - INFO - 267 - trainer - start predicting: 2026-08-06 14:10:34.525522
2026/08/06 14:10:36 - __main__ - INFO - 304 - trainer - {'Best_HR@5': 37.793, 'Best_NDCG@5': 27.6484, 'Best_HR@10': 47.9004, 'Best_NDCG@10': 31.0446, 'Best_HR@20': 59.8633, 'Best_NDCG@20': 34.0539}
2026/08/06 14:10:36 - __main__ - INFO - 305 - trainer - {'Best_epoch_HR@5': 14, 'Best_epoch_NDCG@5': 14, 'Best_epoch_HR@10': 12, 'Best_epoch_NDCG@10': 13, 'Best_epoch_HR@20': 11, 'Best_epoch_NDCG@20': 13}
2026/08/06 14:10:36 - __main__ - INFO - 262 - trainer - Epoch: 15
2026/08/06 14:10:36 - __main__ - INFO - 267 - trainer - start predicting: 2026-08-06 14:10:36.655961
2026/08/06 14:10:38 - __main__ - INFO - 304 - trainer - {'Best_HR@5': 37.793, 'Best_NDCG@5': 28.1745, 'Best_HR@10': 47.9004, 'Best_NDCG@10': 31.4953, 'Best_HR@20': 60.6445, 'Best_NDCG@20': 34.6965}
2026/08/06 14:10:38 - __main__ - INFO - 305 - trainer - {'Best_epoch_HR@5': 14, 'Best_epoch_NDCG@5': 15, 'Best_epoch_HR@10': 12, 'Best_epoch_NDCG@10': 15, 'Best_epoch_HR@20': 15, 'Best_epoch_NDCG@20': 15}
2026/08/06 14:10:38 - __main__ - INFO - 262 - trainer - Epoch: 16
2026/08/06 14:10:38 - __main__ - INFO - 267 - trainer - start predicting: 2026-08-06 14:10:38.799289
2026/08/06 14:10:40 - __main__ - INFO - 304 - trainer - {'Best_HR@5': 37.9395, 'Best_NDCG@5': 28.1745, 'Best_HR@10': 48.0469, 'Best_NDCG@10': 31.4953, 'Best_HR@20': 60.6445, 'Best_NDCG@20': 34.6965}
2026/08/06 14:10:40 - __main__ - INFO - 305 - trainer - {'Best_epoch_HR@5': 16, 'Best_epoch_NDCG@5': 15, 'Best_epoch_HR@10': 16, 'Best_epoch_NDCG@10': 15, 'Best_epoch_HR@20': 15, 'Best_epoch_NDCG@20': 15}
2026/08/06 14:10:40 - __main__ - INFO - 262 - trainer - Epoch: 17
2026/08/06 14:10:40 - __main__ - INFO - 267 - trainer - start predicting: 2026-08-06 14:10:40.939779
2026/08/06 14:10:42 - __main__ - INFO - 304 - trainer - {'Best_HR@5': 37.9395, 'Best_NDCG@5': 28.2068, 'Best_HR@10': 48.0469, 'Best_NDCG@10': 31.555, 'Best_HR@20': 60.6445, 'Best_NDCG@20': 34.6965}
2026/08/06 14:10:42 - __main__ - INFO - 305 - trainer - {'Best_epoch_HR@5': 16, 'Best_epoch_NDCG@5': 17, 'Best_epoch_HR@10': 16, 'Best_epoch_NDCG@10': 17, 'Best_epoch_HR@20': 15, 'Best_epoch_NDCG@20': 15}
2026/08/06 14:10:43 - __main__ - INFO - 262 - trainer - Epoch: 18
2026/08/06 14:10:43 - __main__ - INFO - 267 - trainer - start predicting: 2026-08-06 14:10:43.119660
2026/08/06 14:10:44 - __main__ - INFO - 304 - trainer - {'Best_HR@5': 38.0371, 'Best_NDCG@5': 28.2068, 'Best_HR@10': 48.877, 'Best_NDCG@10': 31.6159, 'Best_HR@20': 60.6445, 'Best_NDCG@20': 34.6965}
2026/08/06 14:10:44 - __main__ - INFO - 305 - trainer - {'Best_epoch_HR@5': 18, 'Best_epoch_NDCG@5': 17, 'Best_epoch_HR@10': 18, 'Best_epoch_NDCG@10': 18, 'Best_epoch_HR@20': 15, 'Best_epoch_NDCG@20': 15}
2026/08/06 14:10:45 - __main__ - INFO - 262 - trainer - Epoch: 19
2026/08/06 14:10:45 - __main__ - INFO - 267 - trainer - start predicting: 2026-08-06 14:10:45.219753
2026/08/06 14:10:46 - __main__ - INFO - 304 - trainer - {'Best_HR@5': 38.2812, 'Best_NDCG@5': 28.2068, 'Best_HR@10': 48.877, 'Best_NDCG@10': 31.6159, 'Best_HR@20': 60.6445, 'Best_NDCG@20': 34.6965}
2026/08/06 14:10:46 - __main__ - INFO - 305 - trainer - {'Best_epoch_HR@5': 19, 'Best_epoch_NDCG@5': 17, 'Best_epoch_HR@10': 18, 'Best_epoch_NDCG@10': 18, 'Best_epoch_HR@20': 15, 'Best_epoch_NDCG@20': 15}
2026/08/06 14:10:47 - __main__ - INFO - 262 - trainer - Epoch: 20
2026/08/06 14:10:47 - __main__ - INFO - 267 - trainer - start predicting: 2026-08-06 14:10:47.403648
2026/08/06 14:10:49 - __main__ - INFO - 262 - trainer - Epoch: 21
2026/08/06 14:10:49 - __main__ - INFO - 267 - trainer - start predicting: 2026-08-06 14:10:49.500632
2026/08/06 14:10:51 - __main__ - INFO - 262 - trainer - Epoch: 22
2026/08/06 14:10:51 - __main__ - INFO - 267 - trainer - start predicting: 2026-08-06 14:10:51.625693
2026/08/06 14:10:53 - __main__ - INFO - 262 - trainer - Epoch: 23
2026/08/06 14:10:53 - __main__ - INFO - 267 - trainer - start predicting: 2026-08-06 14:10:53.724984
2026/08/06 14:10:55 - __main__ - INFO - 262 - trainer - Epoch: 24
2026/08/06 14:10:55 - __main__ - INFO - 267 - trainer - start predicting: 2026-08-06 14:10:55.830053
2026/08/06 14:10:57 - __main__ - INFO - 314 - trainer - {'Best_HR@5': 38.2812, 'Best_NDCG@5': 28.2068, 'Best_HR@10': 48.877, 'Best_NDCG@10': 31.6159, 'Best_HR@20': 60.6445, 'Best_NDCG@20': 34.6965}
2026/08/06 14:10:57 - __main__ - INFO - 315 - trainer - {'Best_epoch_HR@5': 19, 'Best_epoch_NDCG@5': 17, 'Best_epoch_HR@10': 18, 'Best_epoch_NDCG@10': 18, 'Best_epoch_HR@20': 15, 'Best_epoch_NDCG@20': 15}
2026/08/06 14:10:57 - __main__ - INFO - 396 - trainer - Popularity Definition------------------------------------------------
2026/08/06 14:10:57 - __main__ - INFO - 400 - trainer - {'popular_ratio': 0.2, 'observed_train_items': 21856, 'popular_items': 4372, 'unpopular_seen_items': 17484, 'unseen_items_in_test': 'calculated from test ground truth'}
2026/08/06 14:10:58 - __main__ - INFO - 659 - trainer - Test Overall------------------------------------------------------
2026/08/06 14:10:58 - __main__ - INFO - 663 - trainer - {'HR@5': 39.0078, 'NDCG@5': 28.5276, 'HR@10': 50.1946, 'NDCG@10': 32.163, 'HR@20': 61.5272, 'NDCG@20': 35.0298}
2026/08/06 14:10:58 - __main__ - INFO - 748 - trainer - Test Group Size---------------------------------------------------
2026/08/06 14:10:58 - __main__ - INFO - 752 - trainer - {'Overall_test_samples': 2056, 'Popular_test_samples': 1372, 'Unpopular_seen_test_samples': 505, 'Unseen_test_samples': 179, 'Grouped_test_samples': 2056}
2026/08/06 14:10:58 - __main__ - INFO - 754 - trainer - Test Popular Ground Truth------------------------------------------
2026/08/06 14:10:58 - __main__ - INFO - 758 - trainer - {'HR@5': 56.6327, 'NDCG@5': 41.8468, 'HR@10': 71.0641, 'NDCG@10': 46.5497, 'HR@20': 83.3819, 'NDCG@20': 49.6792}
2026/08/06 14:10:58 - __main__ - INFO - 760 - trainer - Test Unpopular-Seen Ground Truth-----------------------------------
2026/08/06 14:10:58 - __main__ - INFO - 764 - trainer - {'HR@5': 4.9505, 'NDCG@5': 2.4534, 'HR@10': 11.2871, 'NDCG@10': 4.4769, 'HR@20': 23.9604, 'NDCG@20': 7.6462}
2026/08/06 14:10:58 - __main__ - INFO - 766 - trainer - Test Unseen Ground Truth-------------------------------------------
2026/08/06 14:10:58 - __main__ - INFO - 770 - trainer - {'HR@5': 0.0, 'NDCG@5': 0.0, 'HR@10': 0.0, 'NDCG@10': 0.0, 'HR@20': 0.0, 'NDCG@20': 0.0}
2026/08/06 14:10:58 - __main__ - INFO - 772 - trainer - Recommendation Popularity------------------------------------------
2026/08/06 14:10:58 - __main__ - INFO - 776 - trainer - {'PopularRatio@5': 88.5895, 'PopularRatio@10': 75.8171, 'PopularRatio@20': 57.427}
2026/08/06 14:10:58 - __main__ - INFO - 779 - trainer - Best Eval---------------------------------------------------------
2026/08/06 14:10:58 - __main__ - INFO - 782 - trainer - {'Best_HR@5': 38.2812, 'Best_NDCG@5': 28.2068, 'Best_HR@10': 48.877, 'Best_NDCG@10': 31.6159, 'Best_HR@20': 60.6445, 'Best_NDCG@20': 34.6965}
2026/08/06 14:10:58 - __main__ - INFO - 783 - trainer - {'Best_epoch_HR@5': 19, 'Best_epoch_NDCG@5': 17, 'Best_epoch_HR@10': 18, 'Best_epoch_NDCG@10': 18, 'Best_epoch_HR@20': 15, 'Best_epoch_NDCG@20': 15}
2026/08/06 14:10:59 - __main__ - INFO - 171 - main - Target model saved at: ./saved_model/movie_video/target_model.pth
