2026/08/26 10:31:27 - __main__ - INFO - 93 - main - Namespace(batch_size=512, decay_step=100, description='Diffu_norm_score', device='cuda', diffusion_steps=32, dropout=0.1, emb_dropout=0.3, epochs=100, eval_interval=5, gamma=0.1, group_alignment=1, group_alignment_mode='both', group_context_threshold=0.5, group_pop_weight=1.0, group_tail_weight=1.0, hidden_act='gelu', hidden_size=128, lambda_uncertainty=0.001, log_file='log/', loss_lambda=1, lr=0.001, max_len=8, metric_ks=[5, 10, 20], momentum=None, noise_schedule='trunc_lin', num_blocks=4, num_gpu=1, optimizer='Adam', p=0.3, patience=2, popular_ratio=0.2, random_seed=1997, rescale_timesteps=True, s_dataset='movie', schedule_sampler_name='lossaware', t_dataset='video', target_next_focus_bin='singleton', target_next_reweight_alpha=0.1, target_next_rule_reweight=1, w=1.0, weight_decay=0)
2026/08/26 10:31:31 - __main__ - INFO - 780 - trainer - Group-aware Alignment Definition------------------------------------
2026/08/26 10:31:31 - __main__ - INFO - 784 - trainer - {'group_alignment': True, 'alignment_mode': 'both', 'context_threshold': 0.5, 'popular_weight': 1.0, 'tail_weight': 1.0, 'source_popular_items': 17856, 'target_popular_items': 4372}
2026/08/26 10:31:31 - __main__ - INFO - 916 - trainer - Group-aware Alignment Batch------------------------------------
2026/08/26 10:31:31 - __main__ - INFO - 921 - trainer - {'Epoch': 0, 'Source Popular-context': 407, 'Source Tail-context': 75, 'Target Popular-context': 379, 'Target Tail-context': 87}
2026/08/26 10:31:36 - __main__ - INFO - 932 - trainer - Epoch: 0
2026/08/26 10:31:36 - __main__ - INFO - 916 - trainer - Group-aware Alignment Batch------------------------------------
2026/08/26 10:31:36 - __main__ - INFO - 921 - trainer - {'Epoch': 1, 'Source Popular-context': 394, 'Source Tail-context': 77, 'Target Popular-context': 372, 'Target Tail-context': 83}
2026/08/26 10:31:41 - __main__ - INFO - 932 - trainer - Epoch: 1
2026/08/26 10:31:41 - __main__ - INFO - 916 - trainer - Group-aware Alignment Batch------------------------------------
2026/08/26 10:31:41 - __main__ - INFO - 921 - trainer - {'Epoch': 2, 'Source Popular-context': 393, 'Source Tail-context': 73, 'Target Popular-context': 387, 'Target Tail-context': 77}
2026/08/26 10:31:45 - __main__ - INFO - 932 - trainer - Epoch: 2
2026/08/26 10:31:45 - __main__ - INFO - 916 - trainer - Group-aware Alignment Batch------------------------------------
2026/08/26 10:31:45 - __main__ - INFO - 921 - trainer - {'Epoch': 3, 'Source Popular-context': 409, 'Source Tail-context': 56, 'Target Popular-context': 342, 'Target Tail-context': 98}
2026/08/26 10:31:50 - __main__ - INFO - 932 - trainer - Epoch: 3
2026/08/26 10:31:50 - __main__ - INFO - 916 - trainer - Group-aware Alignment Batch------------------------------------
2026/08/26 10:31:50 - __main__ - INFO - 921 - trainer - {'Epoch': 4, 'Source Popular-context': 418, 'Source Tail-context': 59, 'Target Popular-context': 370, 'Target Tail-context': 79}
2026/08/26 10:31:54 - __main__ - INFO - 932 - trainer - Epoch: 4
2026/08/26 10:31:54 - __main__ - INFO - 916 - trainer - Group-aware Alignment Batch------------------------------------
2026/08/26 10:31:54 - __main__ - INFO - 921 - trainer - {'Epoch': 5, 'Source Popular-context': 403, 'Source Tail-context': 59, 'Target Popular-context': 368, 'Target Tail-context': 85}
2026/08/26 10:31:58 - __main__ - INFO - 932 - trainer - Epoch: 5
2026/08/26 10:31:58 - __main__ - INFO - 937 - trainer - start predicting: 2026-08-26 10:31:58.887234
2026/08/26 10:32:10 - __main__ - INFO - 974 - trainer - {'Best_HR@5': 38.6621, 'Best_NDCG@5': 29.8305, 'Best_HR@10': 49.1016, 'Best_NDCG@10': 33.2054, 'Best_HR@20': 61.8359, 'Best_NDCG@20': 36.4132}
2026/08/26 10:32:10 - __main__ - INFO - 975 - trainer - {'Best_epoch_HR@5': 5, 'Best_epoch_NDCG@5': 5, 'Best_epoch_HR@10': 5, 'Best_epoch_NDCG@10': 5, 'Best_epoch_HR@20': 5, 'Best_epoch_NDCG@20': 5}
2026/08/26 10:32:10 - __main__ - INFO - 916 - trainer - Group-aware Alignment Batch------------------------------------
2026/08/26 10:32:10 - __main__ - INFO - 921 - trainer - {'Epoch': 6, 'Source Popular-context': 423, 'Source Tail-context': 54, 'Target Popular-context': 362, 'Target Tail-context': 95}
2026/08/26 10:32:15 - __main__ - INFO - 932 - trainer - Epoch: 6
2026/08/26 10:32:15 - __main__ - INFO - 916 - trainer - Group-aware Alignment Batch------------------------------------
2026/08/26 10:32:15 - __main__ - INFO - 921 - trainer - {'Epoch': 7, 'Source Popular-context': 421, 'Source Tail-context': 63, 'Target Popular-context': 375, 'Target Tail-context': 85}
2026/08/26 10:32:19 - __main__ - INFO - 932 - trainer - Epoch: 7
2026/08/26 10:32:19 - __main__ - INFO - 916 - trainer - Group-aware Alignment Batch------------------------------------
2026/08/26 10:32:19 - __main__ - INFO - 921 - trainer - {'Epoch': 8, 'Source Popular-context': 421, 'Source Tail-context': 59, 'Target Popular-context': 368, 'Target Tail-context': 94}
2026/08/26 10:32:24 - __main__ - INFO - 932 - trainer - Epoch: 8
2026/08/26 10:32:24 - __main__ - INFO - 916 - trainer - Group-aware Alignment Batch------------------------------------
2026/08/26 10:32:24 - __main__ - INFO - 921 - trainer - {'Epoch': 9, 'Source Popular-context': 402, 'Source Tail-context': 78, 'Target Popular-context': 378, 'Target Tail-context': 85}
2026/08/26 10:32:29 - __main__ - INFO - 932 - trainer - Epoch: 9
2026/08/26 10:32:29 - __main__ - INFO - 916 - trainer - Group-aware Alignment Batch------------------------------------
2026/08/26 10:32:29 - __main__ - INFO - 921 - trainer - {'Epoch': 10, 'Source Popular-context': 428, 'Source Tail-context': 46, 'Target Popular-context': 374, 'Target Tail-context': 78}
2026/08/26 10:32:33 - __main__ - INFO - 932 - trainer - Epoch: 10
2026/08/26 10:32:33 - __main__ - INFO - 937 - trainer - start predicting: 2026-08-26 10:32:33.603869
2026/08/26 10:32:45 - __main__ - INFO - 974 - trainer - {'Best_HR@5': 48.2227, 'Best_NDCG@5': 36.8793, 'Best_HR@10': 58.877, 'Best_NDCG@10': 40.3294, 'Best_HR@20': 69.4629, 'Best_NDCG@20': 43.0071}
2026/08/26 10:32:45 - __main__ - INFO - 975 - trainer - {'Best_epoch_HR@5': 10, 'Best_epoch_NDCG@5': 10, 'Best_epoch_HR@10': 10, 'Best_epoch_NDCG@10': 10, 'Best_epoch_HR@20': 10, 'Best_epoch_NDCG@20': 10}
2026/08/26 10:32:45 - __main__ - INFO - 916 - trainer - Group-aware Alignment Batch------------------------------------
2026/08/26 10:32:45 - __main__ - INFO - 921 - trainer - {'Epoch': 11, 'Source Popular-context': 413, 'Source Tail-context': 60, 'Target Popular-context': 381, 'Target Tail-context': 85}
2026/08/26 10:32:50 - __main__ - INFO - 932 - trainer - Epoch: 11
2026/08/26 10:32:50 - __main__ - INFO - 916 - trainer - Group-aware Alignment Batch------------------------------------
2026/08/26 10:32:50 - __main__ - INFO - 921 - trainer - {'Epoch': 12, 'Source Popular-context': 424, 'Source Tail-context': 60, 'Target Popular-context': 372, 'Target Tail-context': 80}
2026/08/26 10:32:54 - __main__ - INFO - 932 - trainer - Epoch: 12
2026/08/26 10:32:55 - __main__ - INFO - 916 - trainer - Group-aware Alignment Batch------------------------------------
2026/08/26 10:32:55 - __main__ - INFO - 921 - trainer - {'Epoch': 13, 'Source Popular-context': 411, 'Source Tail-context': 73, 'Target Popular-context': 382, 'Target Tail-context': 79}
2026/08/26 10:32:59 - __main__ - INFO - 932 - trainer - Epoch: 13
2026/08/26 10:32:59 - __main__ - INFO - 916 - trainer - Group-aware Alignment Batch------------------------------------
2026/08/26 10:32:59 - __main__ - INFO - 921 - trainer - {'Epoch': 14, 'Source Popular-context': 423, 'Source Tail-context': 65, 'Target Popular-context': 379, 'Target Tail-context': 94}
2026/08/26 10:33:04 - __main__ - INFO - 932 - trainer - Epoch: 14
2026/08/26 10:33:04 - __main__ - INFO - 916 - trainer - Group-aware Alignment Batch------------------------------------
2026/08/26 10:33:04 - __main__ - INFO - 921 - trainer - {'Epoch': 15, 'Source Popular-context': 422, 'Source Tail-context': 58, 'Target Popular-context': 373, 'Target Tail-context': 98}
2026/08/26 10:33:08 - __main__ - INFO - 932 - trainer - Epoch: 15
2026/08/26 10:33:08 - __main__ - INFO - 937 - trainer - start predicting: 2026-08-26 10:33:08.405412
2026/08/26 10:33:20 - __main__ - INFO - 974 - trainer - {'Best_HR@5': 49.1797, 'Best_NDCG@5': 37.4333, 'Best_HR@10': 60.3223, 'Best_NDCG@10': 41.0498, 'Best_HR@20': 70.4297, 'Best_NDCG@20': 43.6145}
2026/08/26 10:33:20 - __main__ - INFO - 975 - trainer - {'Best_epoch_HR@5': 15, 'Best_epoch_NDCG@5': 15, 'Best_epoch_HR@10': 15, 'Best_epoch_NDCG@10': 15, 'Best_epoch_HR@20': 15, 'Best_epoch_NDCG@20': 15}
2026/08/26 10:33:20 - __main__ - INFO - 916 - trainer - Group-aware Alignment Batch------------------------------------
2026/08/26 10:33:20 - __main__ - INFO - 921 - trainer - {'Epoch': 16, 'Source Popular-context': 403, 'Source Tail-context': 65, 'Target Popular-context': 374, 'Target Tail-context': 89}
2026/08/26 10:33:24 - __main__ - INFO - 932 - trainer - Epoch: 16
2026/08/26 10:33:24 - __main__ - INFO - 916 - trainer - Group-aware Alignment Batch------------------------------------
2026/08/26 10:33:24 - __main__ - INFO - 921 - trainer - {'Epoch': 17, 'Source Popular-context': 423, 'Source Tail-context': 52, 'Target Popular-context': 355, 'Target Tail-context': 109}
2026/08/26 10:33:29 - __main__ - INFO - 932 - trainer - Epoch: 17
2026/08/26 10:33:29 - __main__ - INFO - 916 - trainer - Group-aware Alignment Batch------------------------------------
2026/08/26 10:33:29 - __main__ - INFO - 921 - trainer - {'Epoch': 18, 'Source Popular-context': 413, 'Source Tail-context': 63, 'Target Popular-context': 386, 'Target Tail-context': 85}
2026/08/26 10:33:33 - __main__ - INFO - 932 - trainer - Epoch: 18
2026/08/26 10:33:33 - __main__ - INFO - 916 - trainer - Group-aware Alignment Batch------------------------------------
2026/08/26 10:33:33 - __main__ - INFO - 921 - trainer - {'Epoch': 19, 'Source Popular-context': 402, 'Source Tail-context': 63, 'Target Popular-context': 367, 'Target Tail-context': 94}
2026/08/26 10:33:38 - __main__ - INFO - 932 - trainer - Epoch: 19
2026/08/26 10:33:38 - __main__ - INFO - 916 - trainer - Group-aware Alignment Batch------------------------------------
2026/08/26 10:33:38 - __main__ - INFO - 921 - trainer - {'Epoch': 20, 'Source Popular-context': 409, 'Source Tail-context': 62, 'Target Popular-context': 373, 'Target Tail-context': 82}
2026/08/26 10:33:42 - __main__ - INFO - 932 - trainer - Epoch: 20
2026/08/26 10:33:42 - __main__ - INFO - 937 - trainer - start predicting: 2026-08-26 10:33:42.732500
2026/08/26 10:33:54 - __main__ - INFO - 916 - trainer - Group-aware Alignment Batch------------------------------------
2026/08/26 10:33:54 - __main__ - INFO - 921 - trainer - {'Epoch': 21, 'Source Popular-context': 404, 'Source Tail-context': 63, 'Target Popular-context': 372, 'Target Tail-context': 83}
2026/08/26 10:33:59 - __main__ - INFO - 932 - trainer - Epoch: 21
2026/08/26 10:33:59 - __main__ - INFO - 916 - trainer - Group-aware Alignment Batch------------------------------------
2026/08/26 10:33:59 - __main__ - INFO - 921 - trainer - {'Epoch': 22, 'Source Popular-context': 416, 'Source Tail-context': 59, 'Target Popular-context': 370, 'Target Tail-context': 78}
2026/08/26 10:34:03 - __main__ - INFO - 932 - trainer - Epoch: 22
2026/08/26 10:34:03 - __main__ - INFO - 916 - trainer - Group-aware Alignment Batch------------------------------------
2026/08/26 10:34:03 - __main__ - INFO - 921 - trainer - {'Epoch': 23, 'Source Popular-context': 404, 'Source Tail-context': 69, 'Target Popular-context': 385, 'Target Tail-context': 81}
2026/08/26 10:34:07 - __main__ - INFO - 932 - trainer - Epoch: 23
2026/08/26 10:34:07 - __main__ - INFO - 916 - trainer - Group-aware Alignment Batch------------------------------------
2026/08/26 10:34:07 - __main__ - INFO - 921 - trainer - {'Epoch': 24, 'Source Popular-context': 400, 'Source Tail-context': 74, 'Target Popular-context': 373, 'Target Tail-context': 90}
2026/08/26 10:34:12 - __main__ - INFO - 932 - trainer - Epoch: 24
2026/08/26 10:34:12 - __main__ - INFO - 916 - trainer - Group-aware Alignment Batch------------------------------------
2026/08/26 10:34:12 - __main__ - INFO - 921 - trainer - {'Epoch': 25, 'Source Popular-context': 415, 'Source Tail-context': 50, 'Target Popular-context': 382, 'Target Tail-context': 81}
2026/08/26 10:34:17 - __main__ - INFO - 932 - trainer - Epoch: 25
2026/08/26 10:34:17 - __main__ - INFO - 937 - trainer - start predicting: 2026-08-26 10:34:17.040033
2026/08/26 10:34:28 - __main__ - INFO - 984 - trainer - {'Best_HR@5': 49.1797, 'Best_NDCG@5': 37.4333, 'Best_HR@10': 60.3223, 'Best_NDCG@10': 41.0498, 'Best_HR@20': 70.4297, 'Best_NDCG@20': 43.6145}
2026/08/26 10:34:28 - __main__ - INFO - 985 - trainer - {'Best_epoch_HR@5': 15, 'Best_epoch_NDCG@5': 15, 'Best_epoch_HR@10': 15, 'Best_epoch_NDCG@10': 15, 'Best_epoch_HR@20': 15, 'Best_epoch_NDCG@20': 15}
2026/08/26 10:34:29 - __main__ - INFO - 1091 - trainer - Source Popularity Definition---------------------------------------------
2026/08/26 10:34:29 - __main__ - INFO - 1096 - trainer - {'domain': 'Source', 'popular_ratio': 0.2, 'observed_train_items': 89276, 'popular_items': 17856, 'unpopular_seen_items': 71420, 'unseen_items_in_test': 'calculated from test ground truth'}
2026/08/26 10:34:35 - __main__ - INFO - 1372 - trainer - %s Test Overall------------------------------------------------------
2026/08/26 10:34:35 - __main__ - INFO - 1376 - trainer - {'HR@5': 49.8753, 'NDCG@5': 38.1821, 'HR@10': 60.4107, 'NDCG@10': 41.608, 'HR@20': 70.1785, 'NDCG@20': 44.0883}
2026/08/26 10:34:35 - __main__ - INFO - 1467 - trainer - Source Test Group Size----------------------------------------------
2026/08/26 10:34:35 - __main__ - INFO - 1472 - trainer - {'domain': 'Source', 'Overall_test_samples': 10422, 'Popular_test_samples': 7854, 'Unpopular_seen_test_samples': 1824, 'Unseen_test_samples': 744, 'Grouped_test_samples': 10422}
2026/08/26 10:34:35 - __main__ - INFO - 1474 - trainer - Source Test Popular Ground Truth-------------------------------------
2026/08/26 10:34:35 - __main__ - INFO - 1479 - trainer - {'HR@5': 65.4826, 'NDCG@5': 50.336, 'HR@10': 78.2022, 'NDCG@10': 54.4832, 'HR@20': 87.9297, 'NDCG@20': 56.9665}
2026/08/26 10:34:35 - __main__ - INFO - 1481 - trainer - Source Test Unpopular-Seen Ground Truth------------------------------
2026/08/26 10:34:35 - __main__ - INFO - 1486 - trainer - {'HR@5': 3.0154, 'NDCG@5': 1.4225, 'HR@10': 8.443, 'NDCG@10': 3.1399, 'HR@20': 22.3684, 'NDCG@20': 6.6193}
2026/08/26 10:34:35 - __main__ - INFO - 1490 - trainer - Source Test Unseen Ground Truth--------------------------------------
2026/08/26 10:34:35 - __main__ - INFO - 1495 - trainer - {'HR@5': 0.0, 'NDCG@5': 0.0, 'HR@10': 0.0, 'NDCG@10': 0.0, 'HR@20': 0.0, 'NDCG@20': 0.0}
2026/08/26 10:34:35 - __main__ - INFO - 1497 - trainer - Source Recommendation Popularity-------------------------------------
2026/08/26 10:34:35 - __main__ - INFO - 1502 - trainer - {'PopularRatio@5': 93.5483, 'PopularRatio@10': 82.1061, 'PopularRatio@20': 61.7319}
2026/08/26 10:34:35 - __main__ - INFO - 1505 - trainer - Best Eval---------------------------------------------------------
2026/08/26 10:34:35 - __main__ - INFO - 1508 - trainer - {'Best_HR@5': 49.1797, 'Best_NDCG@5': 37.4333, 'Best_HR@10': 60.3223, 'Best_NDCG@10': 41.0498, 'Best_HR@20': 70.4297, 'Best_NDCG@20': 43.6145}
2026/08/26 10:34:35 - __main__ - INFO - 1509 - trainer - {'Best_epoch_HR@5': 15, 'Best_epoch_NDCG@5': 15, 'Best_epoch_HR@10': 15, 'Best_epoch_NDCG@10': 15, 'Best_epoch_HR@20': 15, 'Best_epoch_NDCG@20': 15}
2026/08/26 10:34:35 - __main__ - INFO - 697 - trainer - D1 Sample-wise Target Next Regulation
2026/08/26 10:34:35 - __main__ - INFO - 700 - trainer - {'Experiment': 'D', 'State Characteristic': 'Unpopular Next Supervision Exposure', 'Focus State': 'singleton', 'Action': 'D1 Target Next Reweighting', 'Alpha': 0.1, 'Applied Weight': 1.1, 'Popular Next Samples': 11526, 'Unpopular Next Samples': 4912}
2026/08/26 10:34:35 - __main__ - INFO - 701 - trainer - Experiment D Frequency State Distribution---------------------------------------------
