2026/08/07 15:50:14 - __main__ - INFO - 90 - main - Namespace(batch_size=512, decay_step=100, description='Diffu_norm_score', device='cuda', diffusion_steps=32, dropout=0.1, emb_dropout=0.3, epochs=100, eval_interval=5, gamma=0.1, hidden_act='gelu', hidden_size=128, lambda_uncertainty=0.001, log_file='log/', loss_lambda=1, lr=0.001, max_len=8, metric_ks=[5, 10, 20], momentum=None, noise_schedule='trunc_lin', num_blocks=4, num_gpu=1, optimizer='Adam', p=0.3, patience=2, popular_ratio=0.2, random_seed=1997, rescale_timesteps=True, s_dataset='movie', schedule_sampler_name='lossaware', source_seq_model_name='source_seq_model.pth', source_seq_popular_drop_probability=0.2, source_seq_popular_ratio=0.2, source_seq_preserve_recent=2, source_seq_target_model_name='source_seq_target_model.pth', t_dataset='video', w=1.0, weight_decay=0)
2026/08/07 15:50:17 - __main__ - INFO - 393 - trainer - Source Sequence Dropout Definition---------------------------------------------
2026/08/07 15:50:17 - __main__ - INFO - 397 - trainer - {'source_seq_popular_ratio': 0.2, 'observed_train_items': 89276, 'popular_items': 17856, 'unpopular_seen_items': 71420, 'popular_drop_probability': 0.2, 'preserve_recent': 2}
2026/08/07 15:50:17 - __main__ - INFO - 514 - trainer - Source Sequence Augmentation----------------------------------------
2026/08/07 15:50:17 - __main__ - INFO - 518 - trainer - {'batch': 0, 'batch_size': 512, 'popular_tokens_before': 2398, 'tail_tokens_before': 761, 'dropped_popular_tokens': 318, 'modified_sequences': 232, 'popular_token_ratio_before': 0.7591, 'popular_token_ratio_after': 0.7321}
2026/08/07 15:50:18 - __main__ - INFO - 514 - trainer - Source Sequence Augmentation----------------------------------------
2026/08/07 15:50:18 - __main__ - INFO - 518 - trainer - {'batch': 1, 'batch_size': 512, 'popular_tokens_before': 2429, 'tail_tokens_before': 685, 'dropped_popular_tokens': 328, 'modified_sequences': 251, 'popular_token_ratio_before': 0.78, 'popular_token_ratio_after': 0.7541}
2026/08/07 15:50:18 - __main__ - INFO - 514 - trainer - Source Sequence Augmentation----------------------------------------
2026/08/07 15:50:18 - __main__ - INFO - 518 - trainer - {'batch': 2, 'batch_size': 512, 'popular_tokens_before': 2513, 'tail_tokens_before': 701, 'dropped_popular_tokens': 370, 'modified_sequences': 266, 'popular_token_ratio_before': 0.7819, 'popular_token_ratio_after': 0.7535}
2026/08/07 15:50:22 - __main__ - INFO - 543 - trainer - Epoch: 0
2026/08/07 15:50:27 - __main__ - INFO - 543 - trainer - Epoch: 1
2026/08/07 15:50:31 - __main__ - INFO - 543 - trainer - Epoch: 2
2026/08/07 15:50:36 - __main__ - INFO - 543 - trainer - Epoch: 3
2026/08/07 15:50:40 - __main__ - INFO - 543 - trainer - Epoch: 4
2026/08/07 15:50:45 - __main__ - INFO - 543 - trainer - Epoch: 5
2026/08/07 15:50:45 - __main__ - INFO - 548 - trainer - start predicting: 2026-08-07 15:50:45.089710
2026/08/07 15:50:57 - __main__ - INFO - 585 - trainer - {'Best_HR@5': 32.8809, 'Best_NDCG@5': 24.6563, 'Best_HR@10': 43.6426, 'Best_NDCG@10': 28.128, 'Best_HR@20': 57.8711, 'Best_NDCG@20': 31.7139}
2026/08/07 15:50:57 - __main__ - INFO - 586 - trainer - {'Best_epoch_HR@5': 5, 'Best_epoch_NDCG@5': 5, 'Best_epoch_HR@10': 5, 'Best_epoch_NDCG@10': 5, 'Best_epoch_HR@20': 5, 'Best_epoch_NDCG@20': 5}
2026/08/07 15:51:02 - __main__ - INFO - 543 - trainer - Epoch: 6
2026/08/07 15:51:06 - __main__ - INFO - 543 - trainer - Epoch: 7
2026/08/07 15:51:11 - __main__ - INFO - 543 - trainer - Epoch: 8
2026/08/07 15:51:15 - __main__ - INFO - 543 - trainer - Epoch: 9
2026/08/07 15:51:20 - __main__ - INFO - 543 - trainer - Epoch: 10
2026/08/07 15:51:20 - __main__ - INFO - 548 - trainer - start predicting: 2026-08-07 15:51:20.167573
2026/08/07 15:51:32 - __main__ - INFO - 585 - trainer - {'Best_HR@5': 46.4062, 'Best_NDCG@5': 35.6484, 'Best_HR@10': 57.1875, 'Best_NDCG@10': 39.1347, 'Best_HR@20': 68.4082, 'Best_NDCG@20': 41.9553}
2026/08/07 15:51:32 - __main__ - INFO - 586 - trainer - {'Best_epoch_HR@5': 10, 'Best_epoch_NDCG@5': 10, 'Best_epoch_HR@10': 10, 'Best_epoch_NDCG@10': 10, 'Best_epoch_HR@20': 10, 'Best_epoch_NDCG@20': 10}
2026/08/07 15:51:37 - __main__ - INFO - 543 - trainer - Epoch: 11
2026/08/07 15:51:41 - __main__ - INFO - 543 - trainer - Epoch: 12
2026/08/07 15:51:46 - __main__ - INFO - 543 - trainer - Epoch: 13
2026/08/07 15:51:50 - __main__ - INFO - 543 - trainer - Epoch: 14
2026/08/07 15:51:55 - __main__ - INFO - 543 - trainer - Epoch: 15
2026/08/07 15:51:55 - __main__ - INFO - 548 - trainer - start predicting: 2026-08-07 15:51:55.051452
2026/08/07 15:52:07 - __main__ - INFO - 585 - trainer - {'Best_HR@5': 49.0234, 'Best_NDCG@5': 37.3469, 'Best_HR@10': 59.9805, 'Best_NDCG@10': 40.903, 'Best_HR@20': 70.1172, 'Best_NDCG@20': 43.466}
2026/08/07 15:52:07 - __main__ - INFO - 586 - trainer - {'Best_epoch_HR@5': 15, 'Best_epoch_NDCG@5': 15, 'Best_epoch_HR@10': 15, 'Best_epoch_NDCG@10': 15, 'Best_epoch_HR@20': 15, 'Best_epoch_NDCG@20': 15}
2026/08/07 15:52:12 - __main__ - INFO - 543 - trainer - Epoch: 16
2026/08/07 15:52:16 - __main__ - INFO - 543 - trainer - Epoch: 17
2026/08/07 15:52:20 - __main__ - INFO - 543 - trainer - Epoch: 18
2026/08/07 15:52:25 - __main__ - INFO - 543 - trainer - Epoch: 19
2026/08/07 15:52:29 - __main__ - INFO - 543 - trainer - Epoch: 20
2026/08/07 15:52:29 - __main__ - INFO - 548 - trainer - start predicting: 2026-08-07 15:52:29.394150
2026/08/07 15:52:45 - __main__ - INFO - 543 - trainer - Epoch: 21
2026/08/07 15:52:49 - __main__ - INFO - 543 - trainer - Epoch: 22
2026/08/07 15:52:54 - __main__ - INFO - 543 - trainer - Epoch: 23
2026/08/07 15:52:58 - __main__ - INFO - 543 - trainer - Epoch: 24
2026/08/07 15:53:02 - __main__ - INFO - 543 - trainer - Epoch: 25
2026/08/07 15:53:02 - __main__ - INFO - 548 - trainer - start predicting: 2026-08-07 15:53:02.367416
2026/08/07 15:53:14 - __main__ - INFO - 600 - trainer - {'Best_HR@5': 49.0234, 'Best_NDCG@5': 37.3469, 'Best_HR@10': 59.9805, 'Best_NDCG@10': 40.903, 'Best_HR@20': 70.1172, 'Best_NDCG@20': 43.466}
2026/08/07 15:53:14 - __main__ - INFO - 601 - trainer - {'Best_epoch_HR@5': 15, 'Best_epoch_NDCG@5': 15, 'Best_epoch_HR@10': 15, 'Best_epoch_NDCG@10': 15, 'Best_epoch_HR@20': 15, 'Best_epoch_NDCG@20': 15}
2026/08/07 15:53:14 - __main__ - INFO - 691 - trainer - Source Popularity Definition---------------------------------------------
2026/08/07 15:53:14 - __main__ - INFO - 696 - trainer - {'domain': 'Source', 'popular_ratio': 0.2, 'observed_train_items': 89276, 'popular_items': 17856, 'unpopular_seen_items': 71420, 'unseen_items_in_test': 'calculated from test ground truth'}
2026/08/07 15:53:22 - __main__ - INFO - 973 - trainer - Source Test Overall------------------------------------------------------
2026/08/07 15:53:22 - __main__ - INFO - 978 - trainer - {'HR@5': 49.4531, 'NDCG@5': 37.971, 'HR@10': 60.1804, 'NDCG@10': 41.4482, 'HR@20': 70.1305, 'NDCG@20': 43.9634}
2026/08/07 15:53:22 - __main__ - INFO - 1062 - trainer - Source Test Group Size----------------------------------------------
2026/08/07 15:53:22 - __main__ - INFO - 1067 - trainer - {'domain': 'Source', 'Overall_test_samples': 10422, 'Popular_test_samples': 7854, 'Unpopular_seen_test_samples': 1824, 'Unseen_test_samples': 744, 'Grouped_test_samples': 10422}
2026/08/07 15:53:22 - __main__ - INFO - 1069 - trainer - Source Test Popular Ground Truth-------------------------------------
2026/08/07 15:53:22 - __main__ - INFO - 1074 - trainer - {'HR@5': 64.9987, 'NDCG@5': 50.0825, 'HR@10': 77.8966, 'NDCG@10': 54.2687, 'HR@20': 87.8915, 'NDCG@20': 56.8037}
2026/08/07 15:53:22 - __main__ - INFO - 1076 - trainer - Source Test Unpopular-Seen Ground Truth------------------------------
2026/08/07 15:53:22 - __main__ - INFO - 1081 - trainer - {'HR@5': 2.6864, 'NDCG@5': 1.3079, 'HR@10': 8.443, 'NDCG@10': 3.1507, 'HR@20': 22.2588, 'NDCG@20': 6.6067}
2026/08/07 15:53:22 - __main__ - INFO - 1085 - trainer - Source Test Unseen Ground Truth--------------------------------------
2026/08/07 15:53:22 - __main__ - INFO - 1090 - trainer - {'HR@5': 0.0, 'NDCG@5': 0.0, 'HR@10': 0.0, 'NDCG@10': 0.0, 'HR@20': 0.0, 'NDCG@20': 0.0}
2026/08/07 15:53:22 - __main__ - INFO - 1092 - trainer - Source Recommendation Popularity-------------------------------------
2026/08/07 15:53:22 - __main__ - INFO - 1097 - trainer - {'PopularRatio@5': 93.4811, 'PopularRatio@10': 81.6456, 'PopularRatio@20': 61.4848}
2026/08/07 15:53:22 - __main__ - INFO - 1100 - trainer - Best Eval---------------------------------------------------------
2026/08/07 15:53:22 - __main__ - INFO - 1103 - trainer - {'Best_HR@5': 49.0234, 'Best_NDCG@5': 37.3469, 'Best_HR@10': 59.9805, 'Best_NDCG@10': 40.903, 'Best_HR@20': 70.1172, 'Best_NDCG@20': 43.466}
2026/08/07 15:53:22 - __main__ - INFO - 1104 - trainer - {'Best_epoch_HR@5': 15, 'Best_epoch_NDCG@5': 15, 'Best_epoch_HR@10': 15, 'Best_epoch_NDCG@10': 15, 'Best_epoch_HR@20': 15, 'Best_epoch_NDCG@20': 15}
2026/08/07 15:53:22 - __main__ - INFO - 209 - main - Source-seq model saved at: ./saved_model/movie_video/source_seq_model.pth
2026/08/07 15:53:23 - __main__ - INFO - 543 - trainer - Epoch: 0
2026/08/07 15:53:23 - __main__ - INFO - 543 - trainer - Epoch: 1
2026/08/07 15:53:23 - __main__ - INFO - 548 - trainer - start predicting: 2026-08-07 15:53:23.584047
2026/08/07 15:53:25 - __main__ - INFO - 585 - trainer - {'Best_HR@5': 6.9336, 'Best_NDCG@5': 3.9897, 'Best_HR@10': 14.502, 'Best_NDCG@10': 6.3993, 'Best_HR@20': 27.0508, 'Best_NDCG@20': 9.5407}
2026/08/07 15:53:25 - __main__ - INFO - 586 - trainer - {'Best_epoch_HR@5': 1, 'Best_epoch_NDCG@5': 1, 'Best_epoch_HR@10': 1, 'Best_epoch_NDCG@10': 1, 'Best_epoch_HR@20': 1, 'Best_epoch_NDCG@20': 1}
2026/08/07 15:53:25 - __main__ - INFO - 543 - trainer - Epoch: 2
2026/08/07 15:53:25 - __main__ - INFO - 548 - trainer - start predicting: 2026-08-07 15:53:25.841168
2026/08/07 15:53:27 - __main__ - INFO - 585 - trainer - {'Best_HR@5': 12.8906, 'Best_NDCG@5': 8.2559, 'Best_HR@10': 22.0703, 'Best_NDCG@10': 11.1803, 'Best_HR@20': 37.5, 'Best_NDCG@20': 15.0458}
2026/08/07 15:53:27 - __main__ - INFO - 586 - trainer - {'Best_epoch_HR@5': 2, 'Best_epoch_NDCG@5': 2, 'Best_epoch_HR@10': 2, 'Best_epoch_NDCG@10': 2, 'Best_epoch_HR@20': 2, 'Best_epoch_NDCG@20': 2}
2026/08/07 15:53:28 - __main__ - INFO - 543 - trainer - Epoch: 3
2026/08/07 15:53:28 - __main__ - INFO - 548 - trainer - start predicting: 2026-08-07 15:53:28.119722
2026/08/07 15:53:29 - __main__ - INFO - 585 - trainer - {'Best_HR@5': 19.2871, 'Best_NDCG@5': 12.4643, 'Best_HR@10': 30.3711, 'Best_NDCG@10': 16.0262, 'Best_HR@20': 46.7285, 'Best_NDCG@20': 20.1595}
2026/08/07 15:53:29 - __main__ - INFO - 586 - trainer - {'Best_epoch_HR@5': 3, 'Best_epoch_NDCG@5': 3, 'Best_epoch_HR@10': 3, 'Best_epoch_NDCG@10': 3, 'Best_epoch_HR@20': 3, 'Best_epoch_NDCG@20': 3}
2026/08/07 15:53:30 - __main__ - INFO - 543 - trainer - Epoch: 4
2026/08/07 15:53:30 - __main__ - INFO - 548 - trainer - start predicting: 2026-08-07 15:53:30.459876
2026/08/07 15:53:32 - __main__ - INFO - 585 - trainer - {'Best_HR@5': 24.5605, 'Best_NDCG@5': 16.5547, 'Best_HR@10': 36.6211, 'Best_NDCG@10': 20.4236, 'Best_HR@20': 51.8555, 'Best_NDCG@20': 24.2538}
2026/08/07 15:53:32 - __main__ - INFO - 586 - trainer - {'Best_epoch_HR@5': 4, 'Best_epoch_NDCG@5': 4, 'Best_epoch_HR@10': 4, 'Best_epoch_NDCG@10': 4, 'Best_epoch_HR@20': 4, 'Best_epoch_NDCG@20': 4}
2026/08/07 15:53:32 - __main__ - INFO - 543 - trainer - Epoch: 5
2026/08/07 15:53:32 - __main__ - INFO - 548 - trainer - start predicting: 2026-08-07 15:53:32.808578
2026/08/07 15:53:34 - __main__ - INFO - 585 - trainer - {'Best_HR@5': 26.8555, 'Best_NDCG@5': 18.5658, 'Best_HR@10': 39.1113, 'Best_NDCG@10': 22.547, 'Best_HR@20': 55.0293, 'Best_NDCG@20': 26.5536}
2026/08/07 15:53:34 - __main__ - INFO - 586 - trainer - {'Best_epoch_HR@5': 5, 'Best_epoch_NDCG@5': 5, 'Best_epoch_HR@10': 5, 'Best_epoch_NDCG@10': 5, 'Best_epoch_HR@20': 5, 'Best_epoch_NDCG@20': 5}
2026/08/07 15:53:35 - __main__ - INFO - 543 - trainer - Epoch: 6
2026/08/07 15:53:35 - __main__ - INFO - 548 - trainer - start predicting: 2026-08-07 15:53:35.121358
2026/08/07 15:53:36 - __main__ - INFO - 585 - trainer - {'Best_HR@5': 29.6875, 'Best_NDCG@5': 21.1928, 'Best_HR@10': 41.6504, 'Best_NDCG@10': 25.0395, 'Best_HR@20': 57.2754, 'Best_NDCG@20': 28.9987}
2026/08/07 15:53:36 - __main__ - INFO - 586 - trainer - {'Best_epoch_HR@5': 6, 'Best_epoch_NDCG@5': 6, 'Best_epoch_HR@10': 6, 'Best_epoch_NDCG@10': 6, 'Best_epoch_HR@20': 6, 'Best_epoch_NDCG@20': 6}
2026/08/07 15:53:37 - __main__ - INFO - 543 - trainer - Epoch: 7
2026/08/07 15:53:37 - __main__ - INFO - 548 - trainer - start predicting: 2026-08-07 15:53:37.461457
2026/08/07 15:53:39 - __main__ - INFO - 585 - trainer - {'Best_HR@5': 32.2266, 'Best_NDCG@5': 23.2967, 'Best_HR@10': 43.8965, 'Best_NDCG@10': 27.0411, 'Best_HR@20': 58.3496, 'Best_NDCG@20': 30.6738}
2026/08/07 15:53:39 - __main__ - INFO - 586 - trainer - {'Best_epoch_HR@5': 7, 'Best_epoch_NDCG@5': 7, 'Best_epoch_HR@10': 7, 'Best_epoch_NDCG@10': 7, 'Best_epoch_HR@20': 7, 'Best_epoch_NDCG@20': 7}
2026/08/07 15:53:39 - __main__ - INFO - 543 - trainer - Epoch: 8
2026/08/07 15:53:39 - __main__ - INFO - 548 - trainer - start predicting: 2026-08-07 15:53:39.828224
2026/08/07 15:53:41 - __main__ - INFO - 585 - trainer - {'Best_HR@5': 33.8867, 'Best_NDCG@5': 24.6637, 'Best_HR@10': 45.7031, 'Best_NDCG@10': 28.4727, 'Best_HR@20': 59.1797, 'Best_NDCG@20': 31.8439}
2026/08/07 15:53:41 - __main__ - INFO - 586 - trainer - {'Best_epoch_HR@5': 8, 'Best_epoch_NDCG@5': 8, 'Best_epoch_HR@10': 8, 'Best_epoch_NDCG@10': 8, 'Best_epoch_HR@20': 8, 'Best_epoch_NDCG@20': 8}
2026/08/07 15:53:42 - __main__ - INFO - 543 - trainer - Epoch: 9
2026/08/07 15:53:42 - __main__ - INFO - 548 - trainer - start predicting: 2026-08-07 15:53:42.141422
2026/08/07 15:53:43 - __main__ - INFO - 585 - trainer - {'Best_HR@5': 35.8887, 'Best_NDCG@5': 26.2373, 'Best_HR@10': 46.6797, 'Best_NDCG@10': 29.7147, 'Best_HR@20': 59.6191, 'Best_NDCG@20': 32.9717}
2026/08/07 15:53:43 - __main__ - INFO - 586 - trainer - {'Best_epoch_HR@5': 9, 'Best_epoch_NDCG@5': 9, 'Best_epoch_HR@10': 9, 'Best_epoch_NDCG@10': 9, 'Best_epoch_HR@20': 9, 'Best_epoch_NDCG@20': 9}
2026/08/07 15:53:44 - __main__ - INFO - 543 - trainer - Epoch: 10
2026/08/07 15:53:44 - __main__ - INFO - 548 - trainer - start predicting: 2026-08-07 15:53:44.466908
2026/08/07 15:53:46 - __main__ - INFO - 585 - trainer - {'Best_HR@5': 36.2305, 'Best_NDCG@5': 26.6281, 'Best_HR@10': 47.4121, 'Best_NDCG@10': 30.2229, 'Best_HR@20': 59.6191, 'Best_NDCG@20': 33.2501}
2026/08/07 15:53:46 - __main__ - INFO - 586 - trainer - {'Best_epoch_HR@5': 10, 'Best_epoch_NDCG@5': 10, 'Best_epoch_HR@10': 10, 'Best_epoch_NDCG@10': 10, 'Best_epoch_HR@20': 9, 'Best_epoch_NDCG@20': 10}
2026/08/07 15:53:46 - __main__ - INFO - 543 - trainer - Epoch: 11
2026/08/07 15:53:46 - __main__ - INFO - 548 - trainer - start predicting: 2026-08-07 15:53:46.840146
2026/08/07 15:53:48 - __main__ - INFO - 585 - trainer - {'Best_HR@5': 36.7188, 'Best_NDCG@5': 27.0438, 'Best_HR@10': 47.9004, 'Best_NDCG@10': 30.6822, 'Best_HR@20': 60.1074, 'Best_NDCG@20': 33.7432}
2026/08/07 15:53:48 - __main__ - INFO - 586 - trainer - {'Best_epoch_HR@5': 11, 'Best_epoch_NDCG@5': 11, 'Best_epoch_HR@10': 11, 'Best_epoch_NDCG@10': 11, 'Best_epoch_HR@20': 11, 'Best_epoch_NDCG@20': 11}
2026/08/07 15:53:49 - __main__ - INFO - 543 - trainer - Epoch: 12
2026/08/07 15:53:49 - __main__ - INFO - 548 - trainer - start predicting: 2026-08-07 15:53:49.201036
2026/08/07 15:53:50 - __main__ - INFO - 585 - trainer - {'Best_HR@5': 37.5, 'Best_NDCG@5': 27.7178, 'Best_HR@10': 48.4863, 'Best_NDCG@10': 31.2573, 'Best_HR@20': 60.791, 'Best_NDCG@20': 34.3444}
2026/08/07 15:53:50 - __main__ - INFO - 586 - trainer - {'Best_epoch_HR@5': 12, 'Best_epoch_NDCG@5': 12, 'Best_epoch_HR@10': 12, 'Best_epoch_NDCG@10': 12, 'Best_epoch_HR@20': 12, 'Best_epoch_NDCG@20': 12}
2026/08/07 15:53:51 - __main__ - INFO - 543 - trainer - Epoch: 13
2026/08/07 15:53:51 - __main__ - INFO - 548 - trainer - start predicting: 2026-08-07 15:53:51.492459
2026/08/07 15:53:53 - __main__ - INFO - 585 - trainer - {'Best_HR@5': 37.5, 'Best_NDCG@5': 27.7178, 'Best_HR@10': 48.7793, 'Best_NDCG@10': 31.2573, 'Best_HR@20': 60.791, 'Best_NDCG@20': 34.3444}
2026/08/07 15:53:53 - __main__ - INFO - 586 - trainer - {'Best_epoch_HR@5': 12, 'Best_epoch_NDCG@5': 12, 'Best_epoch_HR@10': 13, 'Best_epoch_NDCG@10': 12, 'Best_epoch_HR@20': 12, 'Best_epoch_NDCG@20': 12}
2026/08/07 15:53:53 - __main__ - INFO - 543 - trainer - Epoch: 14
2026/08/07 15:53:53 - __main__ - INFO - 548 - trainer - start predicting: 2026-08-07 15:53:53.809758
2026/08/07 15:53:55 - __main__ - INFO - 585 - trainer - {'Best_HR@5': 38.0859, 'Best_NDCG@5': 27.7178, 'Best_HR@10': 49.0234, 'Best_NDCG@10': 31.2573, 'Best_HR@20': 60.791, 'Best_NDCG@20': 34.3444}
2026/08/07 15:53:55 - __main__ - INFO - 586 - trainer - {'Best_epoch_HR@5': 14, 'Best_epoch_NDCG@5': 12, 'Best_epoch_HR@10': 14, 'Best_epoch_NDCG@10': 12, 'Best_epoch_HR@20': 12, 'Best_epoch_NDCG@20': 12}
2026/08/07 15:53:56 - __main__ - INFO - 543 - trainer - Epoch: 15
2026/08/07 15:53:56 - __main__ - INFO - 548 - trainer - start predicting: 2026-08-07 15:53:56.098786
2026/08/07 15:53:57 - __main__ - INFO - 585 - trainer - {'Best_HR@5': 39.209, 'Best_NDCG@5': 28.7467, 'Best_HR@10': 49.0234, 'Best_NDCG@10': 31.7803, 'Best_HR@20': 60.791, 'Best_NDCG@20': 34.7903}
2026/08/07 15:53:57 - __main__ - INFO - 586 - trainer - {'Best_epoch_HR@5': 15, 'Best_epoch_NDCG@5': 15, 'Best_epoch_HR@10': 14, 'Best_epoch_NDCG@10': 15, 'Best_epoch_HR@20': 12, 'Best_epoch_NDCG@20': 15}
2026/08/07 15:53:58 - __main__ - INFO - 543 - trainer - Epoch: 16
2026/08/07 15:53:58 - __main__ - INFO - 548 - trainer - start predicting: 2026-08-07 15:53:58.433273
2026/08/07 15:54:00 - __main__ - INFO - 543 - trainer - Epoch: 17
2026/08/07 15:54:00 - __main__ - INFO - 548 - trainer - start predicting: 2026-08-07 15:54:00.805458
2026/08/07 15:54:02 - __main__ - INFO - 585 - trainer - {'Best_HR@5': 39.209, 'Best_NDCG@5': 28.7467, 'Best_HR@10': 49.0234, 'Best_NDCG@10': 31.7803, 'Best_HR@20': 61.1816, 'Best_NDCG@20': 34.7903}
2026/08/07 15:54:02 - __main__ - INFO - 586 - trainer - {'Best_epoch_HR@5': 15, 'Best_epoch_NDCG@5': 15, 'Best_epoch_HR@10': 14, 'Best_epoch_NDCG@10': 15, 'Best_epoch_HR@20': 17, 'Best_epoch_NDCG@20': 15}
2026/08/07 15:54:03 - __main__ - INFO - 543 - trainer - Epoch: 18
2026/08/07 15:54:03 - __main__ - INFO - 548 - trainer - start predicting: 2026-08-07 15:54:03.364015
2026/08/07 15:54:05 - __main__ - INFO - 543 - trainer - Epoch: 19
2026/08/07 15:54:05 - __main__ - INFO - 548 - trainer - start predicting: 2026-08-07 15:54:05.757006
2026/08/07 15:54:07 - __main__ - INFO - 585 - trainer - {'Best_HR@5': 39.209, 'Best_NDCG@5': 28.7467, 'Best_HR@10': 49.0723, 'Best_NDCG@10': 31.7803, 'Best_HR@20': 61.1816, 'Best_NDCG@20': 34.7903}
2026/08/07 15:54:07 - __main__ - INFO - 586 - trainer - {'Best_epoch_HR@5': 15, 'Best_epoch_NDCG@5': 15, 'Best_epoch_HR@10': 19, 'Best_epoch_NDCG@10': 15, 'Best_epoch_HR@20': 17, 'Best_epoch_NDCG@20': 15}
2026/08/07 15:54:08 - __main__ - INFO - 543 - trainer - Epoch: 20
2026/08/07 15:54:08 - __main__ - INFO - 548 - trainer - start predicting: 2026-08-07 15:54:08.153809
2026/08/07 15:54:09 - __main__ - INFO - 585 - trainer - {'Best_HR@5': 39.209, 'Best_NDCG@5': 28.7467, 'Best_HR@10': 49.0723, 'Best_NDCG@10': 31.7803, 'Best_HR@20': 61.2305, 'Best_NDCG@20': 34.7903}
2026/08/07 15:54:09 - __main__ - INFO - 586 - trainer - {'Best_epoch_HR@5': 15, 'Best_epoch_NDCG@5': 15, 'Best_epoch_HR@10': 19, 'Best_epoch_NDCG@10': 15, 'Best_epoch_HR@20': 20, 'Best_epoch_NDCG@20': 15}
2026/08/07 15:54:10 - __main__ - INFO - 543 - trainer - Epoch: 21
2026/08/07 15:54:10 - __main__ - INFO - 548 - trainer - start predicting: 2026-08-07 15:54:10.508255
2026/08/07 15:54:12 - __main__ - INFO - 585 - trainer - {'Best_HR@5': 39.209, 'Best_NDCG@5': 28.7467, 'Best_HR@10': 49.5117, 'Best_NDCG@10': 31.7803, 'Best_HR@20': 61.3281, 'Best_NDCG@20': 34.7903}
2026/08/07 15:54:12 - __main__ - INFO - 586 - trainer - {'Best_epoch_HR@5': 15, 'Best_epoch_NDCG@5': 15, 'Best_epoch_HR@10': 21, 'Best_epoch_NDCG@10': 15, 'Best_epoch_HR@20': 21, 'Best_epoch_NDCG@20': 15}
2026/08/07 15:54:12 - __main__ - INFO - 543 - trainer - Epoch: 22
2026/08/07 15:54:12 - __main__ - INFO - 548 - trainer - start predicting: 2026-08-07 15:54:12.840587
2026/08/07 15:54:14 - __main__ - INFO - 585 - trainer - {'Best_HR@5': 39.209, 'Best_NDCG@5': 28.7467, 'Best_HR@10': 49.5117, 'Best_NDCG@10': 31.7803, 'Best_HR@20': 61.377, 'Best_NDCG@20': 34.7903}
2026/08/07 15:54:14 - __main__ - INFO - 586 - trainer - {'Best_epoch_HR@5': 15, 'Best_epoch_NDCG@5': 15, 'Best_epoch_HR@10': 21, 'Best_epoch_NDCG@10': 15, 'Best_epoch_HR@20': 22, 'Best_epoch_NDCG@20': 15}
2026/08/07 15:54:15 - __main__ - INFO - 543 - trainer - Epoch: 23
2026/08/07 15:54:15 - __main__ - INFO - 548 - trainer - start predicting: 2026-08-07 15:54:15.157207
2026/08/07 15:54:17 - __main__ - INFO - 543 - trainer - Epoch: 24
2026/08/07 15:54:17 - __main__ - INFO - 548 - trainer - start predicting: 2026-08-07 15:54:17.489339
2026/08/07 15:54:19 - __main__ - INFO - 543 - trainer - Epoch: 25
2026/08/07 15:54:19 - __main__ - INFO - 548 - trainer - start predicting: 2026-08-07 15:54:19.790372
2026/08/07 15:54:22 - __main__ - INFO - 543 - trainer - Epoch: 26
2026/08/07 15:54:22 - __main__ - INFO - 548 - trainer - start predicting: 2026-08-07 15:54:22.113825
2026/08/07 15:54:24 - __main__ - INFO - 543 - trainer - Epoch: 27
2026/08/07 15:54:24 - __main__ - INFO - 548 - trainer - start predicting: 2026-08-07 15:54:24.476426
2026/08/07 15:54:26 - __main__ - INFO - 600 - trainer - {'Best_HR@5': 39.209, 'Best_NDCG@5': 28.7467, 'Best_HR@10': 49.5117, 'Best_NDCG@10': 31.7803, 'Best_HR@20': 61.377, 'Best_NDCG@20': 34.7903}
2026/08/07 15:54:26 - __main__ - INFO - 601 - trainer - {'Best_epoch_HR@5': 15, 'Best_epoch_NDCG@5': 15, 'Best_epoch_HR@10': 21, 'Best_epoch_NDCG@10': 15, 'Best_epoch_HR@20': 22, 'Best_epoch_NDCG@20': 15}
2026/08/07 15:54:26 - __main__ - INFO - 691 - trainer - Target Popularity Definition---------------------------------------------
2026/08/07 15:54:26 - __main__ - INFO - 696 - trainer - {'domain': 'Target', 'popular_ratio': 0.2, 'observed_train_items': 21856, 'popular_items': 4372, 'unpopular_seen_items': 17484, 'unseen_items_in_test': 'calculated from test ground truth'}
2026/08/07 15:54:28 - __main__ - INFO - 973 - trainer - Target Test Overall------------------------------------------------------
2026/08/07 15:54:28 - __main__ - INFO - 978 - trainer - {'HR@5': 37.6459, 'NDCG@5': 28.1163, 'HR@10': 49.9027, 'NDCG@10': 32.0955, 'HR@20': 62.3054, 'NDCG@20': 35.2349}
2026/08/07 15:54:28 - __main__ - INFO - 1062 - trainer - Target Test Group Size----------------------------------------------
2026/08/07 15:54:28 - __main__ - INFO - 1067 - trainer - {'domain': 'Target', 'Overall_test_samples': 2056, 'Popular_test_samples': 1372, 'Unpopular_seen_test_samples': 505, 'Unseen_test_samples': 179, 'Grouped_test_samples': 2056}
2026/08/07 15:54:28 - __main__ - INFO - 1069 - trainer - Target Test Popular Ground Truth-------------------------------------
2026/08/07 15:54:28 - __main__ - INFO - 1074 - trainer - {'HR@5': 55.0292, 'NDCG@5': 41.3467, 'HR@10': 70.5539, 'NDCG@10': 46.4054, 'HR@20': 84.0379, 'NDCG@20': 49.8163}
2026/08/07 15:54:28 - __main__ - INFO - 1076 - trainer - Target Test Unpopular-Seen Ground Truth------------------------------
2026/08/07 15:54:28 - __main__ - INFO - 1081 - trainer - {'HR@5': 3.7624, 'NDCG@5': 2.1374, 'HR@10': 11.4851, 'NDCG@10': 4.5946, 'HR@20': 25.3465, 'NDCG@20': 8.1088}
2026/08/07 15:54:28 - __main__ - INFO - 1085 - trainer - Target Test Unseen Ground Truth--------------------------------------
2026/08/07 15:54:28 - __main__ - INFO - 1090 - trainer - {'HR@5': 0.0, 'NDCG@5': 0.0, 'HR@10': 0.0, 'NDCG@10': 0.0, 'HR@20': 0.0, 'NDCG@20': 0.0}
2026/08/07 15:54:28 - __main__ - INFO - 1092 - trainer - Target Recommendation Popularity-------------------------------------
2026/08/07 15:54:28 - __main__ - INFO - 1097 - trainer - {'PopularRatio@5': 88.0058, 'PopularRatio@10': 75.535, 'PopularRatio@20': 57.9912}
2026/08/07 15:54:28 - __main__ - INFO - 1100 - trainer - Best Eval---------------------------------------------------------
2026/08/07 15:54:28 - __main__ - INFO - 1103 - trainer - {'Best_HR@5': 39.209, 'Best_NDCG@5': 28.7467, 'Best_HR@10': 49.5117, 'Best_NDCG@10': 31.7803, 'Best_HR@20': 61.377, 'Best_NDCG@20': 34.7903}
2026/08/07 15:54:28 - __main__ - INFO - 1104 - trainer - {'Best_epoch_HR@5': 15, 'Best_epoch_NDCG@5': 15, 'Best_epoch_HR@10': 21, 'Best_epoch_NDCG@10': 15, 'Best_epoch_HR@20': 22, 'Best_epoch_NDCG@20': 15}
2026/08/07 15:54:28 - __main__ - INFO - 271 - main - Target model saved at: ./saved_model/movie_video/source_seq_target_model.pth
