2026/08/22 16:54:39 - __main__ - INFO - 98 - main - Namespace(batch_size=512, coordinated_regulation=1, decay_step=100, description='Diffu_norm_score', device='cuda', diffusion_steps=32, dropout=0.1, emb_dropout=0.3, epochs=100, eval_interval=5, gamma=0.1, group_alignment=1, group_alignment_mode='both', group_context_threshold=0.5, group_pop_weight=1.0, group_tail_weight=1.0, hidden_act='gelu', hidden_size=128, lambda_uncertainty=0.001, log_file='log/', loss_lambda=1, lr=0.001, max_len=8, metric_ks=[5, 10, 20], momentum=None, noise_schedule='trunc_lin', num_blocks=4, num_gpu=1, optimizer='Adam', p=0.3, patience=2, popular_context_weak_alpha=0.1, popular_ratio=0.2, random_seed=1997, rescale_timesteps=True, s_dataset='movie', schedule_sampler_name='lossaware', t_dataset='video', tail_aug_probability=0.5, tail_context_regulation=1, tail_drop_probability=0.2, tail_preserve_recent=2, target_next_reweight_alpha=0.25, target_next_rule_reweight=1, w=1.0, weight_decay=0)
2026/08/22 16:54:45 - __main__ - INFO - 859 - trainer - Group-aware Alignment Definition------------------------------------
2026/08/22 16:54:45 - __main__ - INFO - 863 - trainer - {'group_alignment': True, 'alignment_mode': 'both', 'context_threshold': 0.5, 'popular_weight': 1.0, 'tail_weight': 1.0, 'source_popular_items': 17856, 'target_popular_items': 4372}
2026/08/22 16:54:45 - __main__ - INFO - 1368 - trainer - Group-aware Alignment Batch------------------------------------
2026/08/22 16:54:45 - __main__ - INFO - 1373 - trainer - {'Epoch': 0, 'Source Popular-context': 407, 'Source Tail-context': 75, 'Target Popular-context': 379, 'Target Tail-context': 87}
2026/08/22 16:54:58 - __main__ - INFO - 1384 - trainer - Epoch: 0
2026/08/22 16:54:58 - __main__ - INFO - 1368 - trainer - Group-aware Alignment Batch------------------------------------
2026/08/22 16:54:58 - __main__ - INFO - 1373 - trainer - {'Epoch': 1, 'Source Popular-context': 394, 'Source Tail-context': 77, 'Target Popular-context': 372, 'Target Tail-context': 83}
2026/08/22 16:55:12 - __main__ - INFO - 1384 - trainer - Epoch: 1
2026/08/22 16:55:12 - __main__ - INFO - 1368 - trainer - Group-aware Alignment Batch------------------------------------
2026/08/22 16:55:12 - __main__ - INFO - 1373 - trainer - {'Epoch': 2, 'Source Popular-context': 393, 'Source Tail-context': 73, 'Target Popular-context': 387, 'Target Tail-context': 77}
2026/08/22 16:55:24 - __main__ - INFO - 1384 - trainer - Epoch: 2
2026/08/22 16:55:24 - __main__ - INFO - 1368 - trainer - Group-aware Alignment Batch------------------------------------
2026/08/22 16:55:24 - __main__ - INFO - 1373 - trainer - {'Epoch': 3, 'Source Popular-context': 409, 'Source Tail-context': 56, 'Target Popular-context': 342, 'Target Tail-context': 98}
2026/08/22 16:55:31 - __main__ - INFO - 1384 - trainer - Epoch: 3
2026/08/22 16:55:31 - __main__ - INFO - 1368 - trainer - Group-aware Alignment Batch------------------------------------
2026/08/22 16:55:31 - __main__ - INFO - 1373 - trainer - {'Epoch': 4, 'Source Popular-context': 418, 'Source Tail-context': 59, 'Target Popular-context': 370, 'Target Tail-context': 79}
2026/08/22 16:55:38 - __main__ - INFO - 1384 - trainer - Epoch: 4
2026/08/22 16:55:38 - __main__ - INFO - 1368 - trainer - Group-aware Alignment Batch------------------------------------
2026/08/22 16:55:38 - __main__ - INFO - 1373 - trainer - {'Epoch': 5, 'Source Popular-context': 403, 'Source Tail-context': 59, 'Target Popular-context': 368, 'Target Tail-context': 85}
2026/08/22 16:55:51 - __main__ - INFO - 1384 - trainer - Epoch: 5
2026/08/22 16:55:51 - __main__ - INFO - 1389 - trainer - start predicting: 2026-08-22 16:55:51.906436
2026/08/22 16:57:14 - __main__ - INFO - 1426 - trainer - {'Best_HR@5': 38.6621, 'Best_NDCG@5': 29.8305, 'Best_HR@10': 49.1016, 'Best_NDCG@10': 33.2054, 'Best_HR@20': 61.8359, 'Best_NDCG@20': 36.4132}
2026/08/22 16:57:14 - __main__ - INFO - 1427 - trainer - {'Best_epoch_HR@5': 5, 'Best_epoch_NDCG@5': 5, 'Best_epoch_HR@10': 5, 'Best_epoch_NDCG@10': 5, 'Best_epoch_HR@20': 5, 'Best_epoch_NDCG@20': 5}
2026/08/22 16:57:14 - __main__ - INFO - 1368 - trainer - Group-aware Alignment Batch------------------------------------
2026/08/22 16:57:14 - __main__ - INFO - 1373 - trainer - {'Epoch': 6, 'Source Popular-context': 423, 'Source Tail-context': 54, 'Target Popular-context': 362, 'Target Tail-context': 95}
2026/08/22 16:57:25 - __main__ - INFO - 1384 - trainer - Epoch: 6
2026/08/22 16:57:25 - __main__ - INFO - 1368 - trainer - Group-aware Alignment Batch------------------------------------
2026/08/22 16:57:25 - __main__ - INFO - 1373 - trainer - {'Epoch': 7, 'Source Popular-context': 421, 'Source Tail-context': 63, 'Target Popular-context': 375, 'Target Tail-context': 85}
2026/08/22 16:57:39 - __main__ - INFO - 1384 - trainer - Epoch: 7
2026/08/22 16:57:39 - __main__ - INFO - 1368 - trainer - Group-aware Alignment Batch------------------------------------
2026/08/22 16:57:39 - __main__ - INFO - 1373 - trainer - {'Epoch': 8, 'Source Popular-context': 421, 'Source Tail-context': 59, 'Target Popular-context': 368, 'Target Tail-context': 94}
2026/08/22 16:57:51 - __main__ - INFO - 1384 - trainer - Epoch: 8
2026/08/22 16:57:51 - __main__ - INFO - 1368 - trainer - Group-aware Alignment Batch------------------------------------
2026/08/22 16:57:51 - __main__ - INFO - 1373 - trainer - {'Epoch': 9, 'Source Popular-context': 402, 'Source Tail-context': 78, 'Target Popular-context': 378, 'Target Tail-context': 85}
2026/08/22 16:58:02 - __main__ - INFO - 1384 - trainer - Epoch: 9
2026/08/22 16:58:02 - __main__ - INFO - 1368 - trainer - Group-aware Alignment Batch------------------------------------
2026/08/22 16:58:02 - __main__ - INFO - 1373 - trainer - {'Epoch': 10, 'Source Popular-context': 428, 'Source Tail-context': 46, 'Target Popular-context': 374, 'Target Tail-context': 78}
2026/08/22 16:58:15 - __main__ - INFO - 1384 - trainer - Epoch: 10
2026/08/22 16:58:15 - __main__ - INFO - 1389 - trainer - start predicting: 2026-08-22 16:58:15.492358
2026/08/22 17:00:01 - __main__ - INFO - 1426 - trainer - {'Best_HR@5': 48.2227, 'Best_NDCG@5': 36.8793, 'Best_HR@10': 58.877, 'Best_NDCG@10': 40.3294, 'Best_HR@20': 69.4629, 'Best_NDCG@20': 43.0071}
2026/08/22 17:00:01 - __main__ - INFO - 1427 - trainer - {'Best_epoch_HR@5': 10, 'Best_epoch_NDCG@5': 10, 'Best_epoch_HR@10': 10, 'Best_epoch_NDCG@10': 10, 'Best_epoch_HR@20': 10, 'Best_epoch_NDCG@20': 10}
2026/08/22 17:00:01 - __main__ - INFO - 1368 - trainer - Group-aware Alignment Batch------------------------------------
2026/08/22 17:00:01 - __main__ - INFO - 1373 - trainer - {'Epoch': 11, 'Source Popular-context': 413, 'Source Tail-context': 60, 'Target Popular-context': 381, 'Target Tail-context': 85}
2026/08/22 17:00:13 - __main__ - INFO - 1384 - trainer - Epoch: 11
2026/08/22 17:00:13 - __main__ - INFO - 1368 - trainer - Group-aware Alignment Batch------------------------------------
2026/08/22 17:00:13 - __main__ - INFO - 1373 - trainer - {'Epoch': 12, 'Source Popular-context': 424, 'Source Tail-context': 60, 'Target Popular-context': 372, 'Target Tail-context': 80}
2026/08/22 17:00:23 - __main__ - INFO - 1384 - trainer - Epoch: 12
2026/08/22 17:00:23 - __main__ - INFO - 1368 - trainer - Group-aware Alignment Batch------------------------------------
2026/08/22 17:00:23 - __main__ - INFO - 1373 - trainer - {'Epoch': 13, 'Source Popular-context': 411, 'Source Tail-context': 73, 'Target Popular-context': 382, 'Target Tail-context': 79}
2026/08/22 17:00:38 - __main__ - INFO - 1384 - trainer - Epoch: 13
2026/08/22 17:00:38 - __main__ - INFO - 1368 - trainer - Group-aware Alignment Batch------------------------------------
2026/08/22 17:00:38 - __main__ - INFO - 1373 - trainer - {'Epoch': 14, 'Source Popular-context': 423, 'Source Tail-context': 65, 'Target Popular-context': 379, 'Target Tail-context': 94}
2026/08/22 17:00:48 - __main__ - INFO - 1384 - trainer - Epoch: 14
2026/08/22 17:00:48 - __main__ - INFO - 1368 - trainer - Group-aware Alignment Batch------------------------------------
2026/08/22 17:00:48 - __main__ - INFO - 1373 - trainer - {'Epoch': 15, 'Source Popular-context': 422, 'Source Tail-context': 58, 'Target Popular-context': 373, 'Target Tail-context': 98}
2026/08/22 17:00:58 - __main__ - INFO - 1384 - trainer - Epoch: 15
2026/08/22 17:00:58 - __main__ - INFO - 1389 - trainer - start predicting: 2026-08-22 17:00:58.797280
2026/08/22 17:02:27 - __main__ - INFO - 1426 - trainer - {'Best_HR@5': 49.1797, 'Best_NDCG@5': 37.4333, 'Best_HR@10': 60.3223, 'Best_NDCG@10': 41.0498, 'Best_HR@20': 70.4297, 'Best_NDCG@20': 43.6145}
2026/08/22 17:02:27 - __main__ - INFO - 1427 - trainer - {'Best_epoch_HR@5': 15, 'Best_epoch_NDCG@5': 15, 'Best_epoch_HR@10': 15, 'Best_epoch_NDCG@10': 15, 'Best_epoch_HR@20': 15, 'Best_epoch_NDCG@20': 15}
2026/08/22 17:02:27 - __main__ - INFO - 1368 - trainer - Group-aware Alignment Batch------------------------------------
2026/08/22 17:02:27 - __main__ - INFO - 1373 - trainer - {'Epoch': 16, 'Source Popular-context': 403, 'Source Tail-context': 65, 'Target Popular-context': 374, 'Target Tail-context': 89}
2026/08/22 17:02:37 - __main__ - INFO - 1384 - trainer - Epoch: 16
2026/08/22 17:02:37 - __main__ - INFO - 1368 - trainer - Group-aware Alignment Batch------------------------------------
2026/08/22 17:02:37 - __main__ - INFO - 1373 - trainer - {'Epoch': 17, 'Source Popular-context': 423, 'Source Tail-context': 52, 'Target Popular-context': 355, 'Target Tail-context': 109}
2026/08/22 17:02:49 - __main__ - INFO - 1384 - trainer - Epoch: 17
2026/08/22 17:02:49 - __main__ - INFO - 1368 - trainer - Group-aware Alignment Batch------------------------------------
2026/08/22 17:02:49 - __main__ - INFO - 1373 - trainer - {'Epoch': 18, 'Source Popular-context': 413, 'Source Tail-context': 63, 'Target Popular-context': 386, 'Target Tail-context': 85}
2026/08/22 17:03:03 - __main__ - INFO - 1384 - trainer - Epoch: 18
2026/08/22 17:03:03 - __main__ - INFO - 1368 - trainer - Group-aware Alignment Batch------------------------------------
2026/08/22 17:03:03 - __main__ - INFO - 1373 - trainer - {'Epoch': 19, 'Source Popular-context': 402, 'Source Tail-context': 63, 'Target Popular-context': 367, 'Target Tail-context': 94}
2026/08/22 17:03:14 - __main__ - INFO - 1384 - trainer - Epoch: 19
2026/08/22 17:03:14 - __main__ - INFO - 1368 - trainer - Group-aware Alignment Batch------------------------------------
2026/08/22 17:03:14 - __main__ - INFO - 1373 - trainer - {'Epoch': 20, 'Source Popular-context': 409, 'Source Tail-context': 62, 'Target Popular-context': 373, 'Target Tail-context': 82}
2026/08/22 17:03:26 - __main__ - INFO - 1384 - trainer - Epoch: 20
2026/08/22 17:03:26 - __main__ - INFO - 1389 - trainer - start predicting: 2026-08-22 17:03:26.344411
2026/08/22 17:04:47 - __main__ - INFO - 1368 - trainer - Group-aware Alignment Batch------------------------------------
2026/08/22 17:04:47 - __main__ - INFO - 1373 - trainer - {'Epoch': 21, 'Source Popular-context': 404, 'Source Tail-context': 63, 'Target Popular-context': 372, 'Target Tail-context': 83}
2026/08/22 17:05:00 - __main__ - INFO - 1384 - trainer - Epoch: 21
2026/08/22 17:05:00 - __main__ - INFO - 1368 - trainer - Group-aware Alignment Batch------------------------------------
2026/08/22 17:05:00 - __main__ - INFO - 1373 - trainer - {'Epoch': 22, 'Source Popular-context': 416, 'Source Tail-context': 59, 'Target Popular-context': 370, 'Target Tail-context': 78}
2026/08/22 17:05:12 - __main__ - INFO - 1384 - trainer - Epoch: 22
2026/08/22 17:05:12 - __main__ - INFO - 1368 - trainer - Group-aware Alignment Batch------------------------------------
2026/08/22 17:05:12 - __main__ - INFO - 1373 - trainer - {'Epoch': 23, 'Source Popular-context': 404, 'Source Tail-context': 69, 'Target Popular-context': 385, 'Target Tail-context': 81}
2026/08/22 17:05:27 - __main__ - INFO - 1384 - trainer - Epoch: 23
2026/08/22 17:05:27 - __main__ - INFO - 1368 - trainer - Group-aware Alignment Batch------------------------------------
2026/08/22 17:05:27 - __main__ - INFO - 1373 - trainer - {'Epoch': 24, 'Source Popular-context': 400, 'Source Tail-context': 74, 'Target Popular-context': 373, 'Target Tail-context': 90}
2026/08/22 17:05:36 - __main__ - INFO - 1384 - trainer - Epoch: 24
2026/08/22 17:05:36 - __main__ - INFO - 1368 - trainer - Group-aware Alignment Batch------------------------------------
2026/08/22 17:05:36 - __main__ - INFO - 1373 - trainer - {'Epoch': 25, 'Source Popular-context': 415, 'Source Tail-context': 50, 'Target Popular-context': 382, 'Target Tail-context': 81}
2026/08/22 17:05:48 - __main__ - INFO - 1384 - trainer - Epoch: 25
2026/08/22 17:05:48 - __main__ - INFO - 1389 - trainer - start predicting: 2026-08-22 17:05:48.425069
2026/08/22 17:06:56 - __main__ - INFO - 1436 - trainer - {'Best_HR@5': 49.1797, 'Best_NDCG@5': 37.4333, 'Best_HR@10': 60.3223, 'Best_NDCG@10': 41.0498, 'Best_HR@20': 70.4297, 'Best_NDCG@20': 43.6145}
2026/08/22 17:06:56 - __main__ - INFO - 1437 - trainer - {'Best_epoch_HR@5': 15, 'Best_epoch_NDCG@5': 15, 'Best_epoch_HR@10': 15, 'Best_epoch_NDCG@10': 15, 'Best_epoch_HR@20': 15, 'Best_epoch_NDCG@20': 15}
2026/08/22 17:06:56 - __main__ - INFO - 1543 - trainer - Source Popularity Definition---------------------------------------------
2026/08/22 17:06:56 - __main__ - INFO - 1548 - trainer - {'domain': 'Source', 'popular_ratio': 0.2, 'observed_train_items': 89276, 'popular_items': 17856, 'unpopular_seen_items': 71420, 'unseen_items_in_test': 'calculated from test ground truth'}
2026/08/22 17:08:04 - __main__ - INFO - 1824 - trainer - %s Test Overall------------------------------------------------------
2026/08/22 17:08:04 - __main__ - INFO - 1828 - trainer - {'HR@5': 49.8753, 'NDCG@5': 38.1821, 'HR@10': 60.4107, 'NDCG@10': 41.608, 'HR@20': 70.1785, 'NDCG@20': 44.0883}
2026/08/22 17:08:04 - __main__ - INFO - 1919 - trainer - Source Test Group Size----------------------------------------------
2026/08/22 17:08:04 - __main__ - INFO - 1924 - trainer - {'domain': 'Source', 'Overall_test_samples': 10422, 'Popular_test_samples': 7854, 'Unpopular_seen_test_samples': 1824, 'Unseen_test_samples': 744, 'Grouped_test_samples': 10422}
2026/08/22 17:08:04 - __main__ - INFO - 1926 - trainer - Source Test Popular Ground Truth-------------------------------------
2026/08/22 17:08:04 - __main__ - INFO - 1931 - trainer - {'HR@5': 65.4826, 'NDCG@5': 50.336, 'HR@10': 78.2022, 'NDCG@10': 54.4832, 'HR@20': 87.9297, 'NDCG@20': 56.9665}
2026/08/22 17:08:04 - __main__ - INFO - 1933 - trainer - Source Test Unpopular-Seen Ground Truth------------------------------
2026/08/22 17:08:04 - __main__ - INFO - 1938 - trainer - {'HR@5': 3.0154, 'NDCG@5': 1.4225, 'HR@10': 8.443, 'NDCG@10': 3.1399, 'HR@20': 22.3684, 'NDCG@20': 6.6193}
2026/08/22 17:08:04 - __main__ - INFO - 1942 - trainer - Source Test Unseen Ground Truth--------------------------------------
2026/08/22 17:08:04 - __main__ - INFO - 1947 - trainer - {'HR@5': 0.0, 'NDCG@5': 0.0, 'HR@10': 0.0, 'NDCG@10': 0.0, 'HR@20': 0.0, 'NDCG@20': 0.0}
2026/08/22 17:08:04 - __main__ - INFO - 1949 - trainer - Source Recommendation Popularity-------------------------------------
2026/08/22 17:08:04 - __main__ - INFO - 1954 - trainer - {'PopularRatio@5': 93.5483, 'PopularRatio@10': 82.1061, 'PopularRatio@20': 61.7319}
2026/08/22 17:08:04 - __main__ - INFO - 1957 - trainer - Best Eval---------------------------------------------------------
2026/08/22 17:08:04 - __main__ - INFO - 1960 - trainer - {'Best_HR@5': 49.1797, 'Best_NDCG@5': 37.4333, 'Best_HR@10': 60.3223, 'Best_NDCG@10': 41.0498, 'Best_HR@20': 70.4297, 'Best_NDCG@20': 43.6145}
2026/08/22 17:08:04 - __main__ - INFO - 1961 - trainer - {'Best_epoch_HR@5': 15, 'Best_epoch_NDCG@5': 15, 'Best_epoch_HR@10': 15, 'Best_epoch_NDCG@10': 15, 'Best_epoch_HR@20': 15, 'Best_epoch_NDCG@20': 15}
2026/08/22 17:08:04 - __main__ - INFO - 959 - trainer - D1 Sample-wise Target Next Regulation
2026/08/22 17:08:04 - __main__ - INFO - 963 - trainer - {'D1': 'Sample-wise Target Next Regulation', 'Popular Next Action': 'Normal', 'Unpopular Next Action': 'Reweight', 'Popular Next Samples': 11526, 'Unpopular Next Samples': 4912, 'Alpha': 0.25, 'Mean Unpopular Raw Weight': 1.2101}
2026/08/22 17:08:04 - __main__ - INFO - 1031 - trainer - D2 Tail-target Context Regulation
2026/08/22 17:08:04 - __main__ - INFO - 1035 - trainer - {'D2': 'Tail-target Context Regulation', 'State_1': 'Sequence Popularity', 'State_2': 'Next-item Popularity', 'Rule': 'Unpopular Next + SeqPopRatio > 0.5 -> Context Dropout', 'augmentation_probability': 0.5, 'drop_probability': 0.2, 'preserve_recent': 2, 'popular_items': 4372, 'unpopular_seen_items': 17484}
2026/08/22 17:08:04 - __main__ - INFO - 1122 - trainer - D2 Context Regulation Batch Check
2026/08/22 17:08:04 - __main__ - INFO - 1126 - trainer - {'batch_size': 512, 'unpopular_next_samples': 163, 'eligible_popcontext_unpopnext': 78, 'augmented_samples': 41, 'eligible_ratio': 0.1523, 'augmentation_ratio_among_eligible': 0.5256, 'avg_eligible_sequence_pop_ratio': 0.8139, 'dropped_items': 30}
2026/08/22 17:08:04 - __main__ - INFO - 1122 - trainer - D2 Context Regulation Batch Check
2026/08/22 17:08:04 - __main__ - INFO - 1126 - trainer - {'batch_size': 512, 'unpopular_next_samples': 160, 'eligible_popcontext_unpopnext': 94, 'augmented_samples': 49, 'eligible_ratio': 0.1836, 'augmentation_ratio_among_eligible': 0.5213, 'avg_eligible_sequence_pop_ratio': 0.8111, 'dropped_items': 45}
2026/08/22 17:08:04 - __main__ - INFO - 1122 - trainer - D2 Context Regulation Batch Check
2026/08/22 17:08:04 - __main__ - INFO - 1126 - trainer - {'batch_size': 512, 'unpopular_next_samples': 145, 'eligible_popcontext_unpopnext': 78, 'augmented_samples': 33, 'eligible_ratio': 0.1523, 'augmentation_ratio_among_eligible': 0.4231, 'avg_eligible_sequence_pop_ratio': 0.8202, 'dropped_items': 32}
2026/08/22 17:08:07 - __main__ - INFO - 1384 - trainer - Epoch: 0
2026/08/22 17:08:11 - __main__ - INFO - 1384 - trainer - Epoch: 1
2026/08/22 17:08:11 - __main__ - INFO - 1389 - trainer - start predicting: 2026-08-22 17:08:11.851043
2026/08/22 17:08:31 - __main__ - INFO - 1426 - trainer - {'Best_HR@5': 6.6895, 'Best_NDCG@5': 3.4052, 'Best_HR@10': 14.6484, 'Best_NDCG@10': 5.9418, 'Best_HR@20': 28.7109, 'Best_NDCG@20': 9.4769}
2026/08/22 17:08:31 - __main__ - INFO - 1427 - trainer - {'Best_epoch_HR@5': 1, 'Best_epoch_NDCG@5': 1, 'Best_epoch_HR@10': 1, 'Best_epoch_NDCG@10': 1, 'Best_epoch_HR@20': 1, 'Best_epoch_NDCG@20': 1}
2026/08/22 17:08:33 - __main__ - INFO - 1384 - trainer - Epoch: 2
2026/08/22 17:08:33 - __main__ - INFO - 1389 - trainer - start predicting: 2026-08-22 17:08:33.152338
2026/08/22 17:08:47 - __main__ - INFO - 1426 - trainer - {'Best_HR@5': 12.7441, 'Best_NDCG@5': 7.7128, 'Best_HR@10': 20.9473, 'Best_NDCG@10': 10.3442, 'Best_HR@20': 36.6211, 'Best_NDCG@20': 14.2821}
2026/08/22 17:08:47 - __main__ - INFO - 1427 - trainer - {'Best_epoch_HR@5': 2, 'Best_epoch_NDCG@5': 2, 'Best_epoch_HR@10': 2, 'Best_epoch_NDCG@10': 2, 'Best_epoch_HR@20': 2, 'Best_epoch_NDCG@20': 2}
2026/08/22 17:08:48 - __main__ - INFO - 1384 - trainer - Epoch: 3
2026/08/22 17:08:48 - __main__ - INFO - 1389 - trainer - start predicting: 2026-08-22 17:08:48.664890
2026/08/22 17:08:57 - __main__ - INFO - 1426 - trainer - {'Best_HR@5': 17.8223, 'Best_NDCG@5': 11.6105, 'Best_HR@10': 29.3457, 'Best_NDCG@10': 15.3118, 'Best_HR@20': 45.0684, 'Best_NDCG@20': 19.2769}
2026/08/22 17:08:57 - __main__ - INFO - 1427 - trainer - {'Best_epoch_HR@5': 3, 'Best_epoch_NDCG@5': 3, 'Best_epoch_HR@10': 3, 'Best_epoch_NDCG@10': 3, 'Best_epoch_HR@20': 3, 'Best_epoch_NDCG@20': 3}
2026/08/22 17:08:59 - __main__ - INFO - 1384 - trainer - Epoch: 4
2026/08/22 17:08:59 - __main__ - INFO - 1389 - trainer - start predicting: 2026-08-22 17:08:59.336993
2026/08/22 17:09:10 - __main__ - INFO - 1426 - trainer - {'Best_HR@5': 23.3887, 'Best_NDCG@5': 15.7154, 'Best_HR@10': 34.8633, 'Best_NDCG@10': 19.4062, 'Best_HR@20': 50.4883, 'Best_NDCG@20': 23.3532}
2026/08/22 17:09:10 - __main__ - INFO - 1427 - trainer - {'Best_epoch_HR@5': 4, 'Best_epoch_NDCG@5': 4, 'Best_epoch_HR@10': 4, 'Best_epoch_NDCG@10': 4, 'Best_epoch_HR@20': 4, 'Best_epoch_NDCG@20': 4}
2026/08/22 17:09:11 - __main__ - INFO - 1384 - trainer - Epoch: 5
2026/08/22 17:09:11 - __main__ - INFO - 1389 - trainer - start predicting: 2026-08-22 17:09:11.826397
2026/08/22 17:09:28 - __main__ - INFO - 1426 - trainer - {'Best_HR@5': 27.002, 'Best_NDCG@5': 18.5464, 'Best_HR@10': 37.5, 'Best_NDCG@10': 21.9402, 'Best_HR@20': 53.418, 'Best_NDCG@20': 25.9417}
2026/08/22 17:09:28 - __main__ - INFO - 1427 - trainer - {'Best_epoch_HR@5': 5, 'Best_epoch_NDCG@5': 5, 'Best_epoch_HR@10': 5, 'Best_epoch_NDCG@10': 5, 'Best_epoch_HR@20': 5, 'Best_epoch_NDCG@20': 5}
2026/08/22 17:09:30 - __main__ - INFO - 1384 - trainer - Epoch: 6
2026/08/22 17:09:30 - __main__ - INFO - 1389 - trainer - start predicting: 2026-08-22 17:09:30.950393
2026/08/22 17:09:46 - __main__ - INFO - 1426 - trainer - {'Best_HR@5': 29.7852, 'Best_NDCG@5': 21.2157, 'Best_HR@10': 40.332, 'Best_NDCG@10': 24.6087, 'Best_HR@20': 56.1035, 'Best_NDCG@20': 28.5566}
2026/08/22 17:09:46 - __main__ - INFO - 1427 - trainer - {'Best_epoch_HR@5': 6, 'Best_epoch_NDCG@5': 6, 'Best_epoch_HR@10': 6, 'Best_epoch_NDCG@10': 6, 'Best_epoch_HR@20': 6, 'Best_epoch_NDCG@20': 6}
2026/08/22 17:09:47 - __main__ - INFO - 1384 - trainer - Epoch: 7
2026/08/22 17:09:47 - __main__ - INFO - 1389 - trainer - start predicting: 2026-08-22 17:09:47.526979
2026/08/22 17:10:08 - __main__ - INFO - 1426 - trainer - {'Best_HR@5': 31.6895, 'Best_NDCG@5': 23.0561, 'Best_HR@10': 41.6504, 'Best_NDCG@10': 26.2774, 'Best_HR@20': 56.8848, 'Best_NDCG@20': 30.0854}
2026/08/22 17:10:08 - __main__ - INFO - 1427 - trainer - {'Best_epoch_HR@5': 7, 'Best_epoch_NDCG@5': 7, 'Best_epoch_HR@10': 7, 'Best_epoch_NDCG@10': 7, 'Best_epoch_HR@20': 7, 'Best_epoch_NDCG@20': 7}
2026/08/22 17:10:10 - __main__ - INFO - 1384 - trainer - Epoch: 8
2026/08/22 17:10:10 - __main__ - INFO - 1389 - trainer - start predicting: 2026-08-22 17:10:10.769446
2026/08/22 17:10:24 - __main__ - INFO - 1426 - trainer - {'Best_HR@5': 33.0078, 'Best_NDCG@5': 24.5892, 'Best_HR@10': 43.2129, 'Best_NDCG@10': 27.8554, 'Best_HR@20': 57.5684, 'Best_NDCG@20': 31.4733}
2026/08/22 17:10:24 - __main__ - INFO - 1427 - trainer - {'Best_epoch_HR@5': 8, 'Best_epoch_NDCG@5': 8, 'Best_epoch_HR@10': 8, 'Best_epoch_NDCG@10': 8, 'Best_epoch_HR@20': 8, 'Best_epoch_NDCG@20': 8}
2026/08/22 17:10:25 - __main__ - INFO - 1384 - trainer - Epoch: 9
2026/08/22 17:10:25 - __main__ - INFO - 1389 - trainer - start predicting: 2026-08-22 17:10:25.336333
2026/08/22 17:10:36 - __main__ - INFO - 1426 - trainer - {'Best_HR@5': 34.082, 'Best_NDCG@5': 25.5003, 'Best_HR@10': 43.8965, 'Best_NDCG@10': 28.6699, 'Best_HR@20': 57.9102, 'Best_NDCG@20': 32.2058}
2026/08/22 17:10:36 - __main__ - INFO - 1427 - trainer - {'Best_epoch_HR@5': 9, 'Best_epoch_NDCG@5': 9, 'Best_epoch_HR@10': 9, 'Best_epoch_NDCG@10': 9, 'Best_epoch_HR@20': 9, 'Best_epoch_NDCG@20': 9}
2026/08/22 17:10:37 - __main__ - INFO - 1384 - trainer - Epoch: 10
2026/08/22 17:10:37 - __main__ - INFO - 1389 - trainer - start predicting: 2026-08-22 17:10:37.781656
2026/08/22 17:10:50 - __main__ - INFO - 1426 - trainer - {'Best_HR@5': 35.4004, 'Best_NDCG@5': 26.6661, 'Best_HR@10': 45.8008, 'Best_NDCG@10': 29.9967, 'Best_HR@20': 58.9844, 'Best_NDCG@20': 33.3085}
2026/08/22 17:10:50 - __main__ - INFO - 1427 - trainer - {'Best_epoch_HR@5': 10, 'Best_epoch_NDCG@5': 10, 'Best_epoch_HR@10': 10, 'Best_epoch_NDCG@10': 10, 'Best_epoch_HR@20': 10, 'Best_epoch_NDCG@20': 10}
2026/08/22 17:10:52 - __main__ - INFO - 1384 - trainer - Epoch: 11
2026/08/22 17:10:52 - __main__ - INFO - 1389 - trainer - start predicting: 2026-08-22 17:10:52.429919
2026/08/22 17:11:11 - __main__ - INFO - 1426 - trainer - {'Best_HR@5': 36.377, 'Best_NDCG@5': 26.9343, 'Best_HR@10': 46.1426, 'Best_NDCG@10': 30.1141, 'Best_HR@20': 59.668, 'Best_NDCG@20': 33.5173}
2026/08/22 17:11:11 - __main__ - INFO - 1427 - trainer - {'Best_epoch_HR@5': 11, 'Best_epoch_NDCG@5': 11, 'Best_epoch_HR@10': 11, 'Best_epoch_NDCG@10': 11, 'Best_epoch_HR@20': 11, 'Best_epoch_NDCG@20': 11}
2026/08/22 17:11:14 - __main__ - INFO - 1384 - trainer - Epoch: 12
2026/08/22 17:11:14 - __main__ - INFO - 1389 - trainer - start predicting: 2026-08-22 17:11:14.247675
2026/08/22 17:11:30 - __main__ - INFO - 1426 - trainer - {'Best_HR@5': 36.377, 'Best_NDCG@5': 27.0861, 'Best_HR@10': 47.8027, 'Best_NDCG@10': 30.8195, 'Best_HR@20': 59.668, 'Best_NDCG@20': 33.758}
2026/08/22 17:11:30 - __main__ - INFO - 1427 - trainer - {'Best_epoch_HR@5': 11, 'Best_epoch_NDCG@5': 12, 'Best_epoch_HR@10': 12, 'Best_epoch_NDCG@10': 12, 'Best_epoch_HR@20': 11, 'Best_epoch_NDCG@20': 12}
2026/08/22 17:11:31 - __main__ - INFO - 1384 - trainer - Epoch: 13
2026/08/22 17:11:31 - __main__ - INFO - 1389 - trainer - start predicting: 2026-08-22 17:11:31.815213
2026/08/22 17:11:45 - __main__ - INFO - 1426 - trainer - {'Best_HR@5': 36.4746, 'Best_NDCG@5': 27.4796, 'Best_HR@10': 47.8027, 'Best_NDCG@10': 30.9724, 'Best_HR@20': 59.668, 'Best_NDCG@20': 34.0665}
2026/08/22 17:11:45 - __main__ - INFO - 1427 - trainer - {'Best_epoch_HR@5': 13, 'Best_epoch_NDCG@5': 13, 'Best_epoch_HR@10': 12, 'Best_epoch_NDCG@10': 13, 'Best_epoch_HR@20': 11, 'Best_epoch_NDCG@20': 13}
2026/08/22 17:11:47 - __main__ - INFO - 1384 - trainer - Epoch: 14
2026/08/22 17:11:47 - __main__ - INFO - 1389 - trainer - start predicting: 2026-08-22 17:11:47.442325
2026/08/22 17:11:59 - __main__ - INFO - 1426 - trainer - {'Best_HR@5': 37.207, 'Best_NDCG@5': 27.716, 'Best_HR@10': 47.8027, 'Best_NDCG@10': 31.0196, 'Best_HR@20': 59.9609, 'Best_NDCG@20': 34.1817}
2026/08/22 17:11:59 - __main__ - INFO - 1427 - trainer - {'Best_epoch_HR@5': 14, 'Best_epoch_NDCG@5': 14, 'Best_epoch_HR@10': 12, 'Best_epoch_NDCG@10': 14, 'Best_epoch_HR@20': 14, 'Best_epoch_NDCG@20': 14}
2026/08/22 17:12:01 - __main__ - INFO - 1384 - trainer - Epoch: 15
2026/08/22 17:12:01 - __main__ - INFO - 1389 - trainer - start predicting: 2026-08-22 17:12:01.661072
2026/08/22 17:12:23 - __main__ - INFO - 1426 - trainer - {'Best_HR@5': 37.5488, 'Best_NDCG@5': 28.0365, 'Best_HR@10': 48.4863, 'Best_NDCG@10': 31.5505, 'Best_HR@20': 60.4004, 'Best_NDCG@20': 34.5592}
2026/08/22 17:12:23 - __main__ - INFO - 1427 - trainer - {'Best_epoch_HR@5': 15, 'Best_epoch_NDCG@5': 15, 'Best_epoch_HR@10': 15, 'Best_epoch_NDCG@10': 15, 'Best_epoch_HR@20': 15, 'Best_epoch_NDCG@20': 15}
2026/08/22 17:12:25 - __main__ - INFO - 1384 - trainer - Epoch: 16
2026/08/22 17:12:25 - __main__ - INFO - 1389 - trainer - start predicting: 2026-08-22 17:12:25.769541
2026/08/22 17:12:36 - __main__ - INFO - 1426 - trainer - {'Best_HR@5': 38.0371, 'Best_NDCG@5': 28.2265, 'Best_HR@10': 48.4863, 'Best_NDCG@10': 31.5505, 'Best_HR@20': 60.4004, 'Best_NDCG@20': 34.5592}
2026/08/22 17:12:36 - __main__ - INFO - 1427 - trainer - {'Best_epoch_HR@5': 16, 'Best_epoch_NDCG@5': 16, 'Best_epoch_HR@10': 15, 'Best_epoch_NDCG@10': 15, 'Best_epoch_HR@20': 15, 'Best_epoch_NDCG@20': 15}
2026/08/22 17:12:38 - __main__ - INFO - 1384 - trainer - Epoch: 17
2026/08/22 17:12:38 - __main__ - INFO - 1389 - trainer - start predicting: 2026-08-22 17:12:38.837560
2026/08/22 17:12:51 - __main__ - INFO - 1426 - trainer - {'Best_HR@5': 38.0371, 'Best_NDCG@5': 28.2265, 'Best_HR@10': 48.877, 'Best_NDCG@10': 31.6602, 'Best_HR@20': 60.4004, 'Best_NDCG@20': 34.5592}
2026/08/22 17:12:51 - __main__ - INFO - 1427 - trainer - {'Best_epoch_HR@5': 16, 'Best_epoch_NDCG@5': 16, 'Best_epoch_HR@10': 17, 'Best_epoch_NDCG@10': 17, 'Best_epoch_HR@20': 15, 'Best_epoch_NDCG@20': 15}
2026/08/22 17:12:53 - __main__ - INFO - 1384 - trainer - Epoch: 18
2026/08/22 17:12:53 - __main__ - INFO - 1389 - trainer - start predicting: 2026-08-22 17:12:53.387219
2026/08/22 17:13:09 - __main__ - INFO - 1426 - trainer - {'Best_HR@5': 38.2812, 'Best_NDCG@5': 28.2265, 'Best_HR@10': 48.877, 'Best_NDCG@10': 31.6602, 'Best_HR@20': 60.6445, 'Best_NDCG@20': 34.5592}
2026/08/22 17:13:09 - __main__ - INFO - 1427 - trainer - {'Best_epoch_HR@5': 18, 'Best_epoch_NDCG@5': 16, 'Best_epoch_HR@10': 17, 'Best_epoch_NDCG@10': 17, 'Best_epoch_HR@20': 18, 'Best_epoch_NDCG@20': 15}
2026/08/22 17:13:10 - __main__ - INFO - 1384 - trainer - Epoch: 19
2026/08/22 17:13:10 - __main__ - INFO - 1389 - trainer - start predicting: 2026-08-22 17:13:10.709740
2026/08/22 17:13:19 - __main__ - INFO - 1426 - trainer - {'Best_HR@5': 38.2812, 'Best_NDCG@5': 28.3617, 'Best_HR@10': 48.877, 'Best_NDCG@10': 31.8471, 'Best_HR@20': 60.6445, 'Best_NDCG@20': 34.7279}
2026/08/22 17:13:19 - __main__ - INFO - 1427 - trainer - {'Best_epoch_HR@5': 18, 'Best_epoch_NDCG@5': 19, 'Best_epoch_HR@10': 17, 'Best_epoch_NDCG@10': 19, 'Best_epoch_HR@20': 18, 'Best_epoch_NDCG@20': 19}
2026/08/22 17:13:21 - __main__ - INFO - 1384 - trainer - Epoch: 20
2026/08/22 17:13:21 - __main__ - INFO - 1389 - trainer - start predicting: 2026-08-22 17:13:21.674510
2026/08/22 17:13:32 - __main__ - INFO - 1426 - trainer - {'Best_HR@5': 38.6719, 'Best_NDCG@5': 28.5532, 'Best_HR@10': 48.877, 'Best_NDCG@10': 31.8471, 'Best_HR@20': 60.6445, 'Best_NDCG@20': 34.7279}
2026/08/22 17:13:32 - __main__ - INFO - 1427 - trainer - {'Best_epoch_HR@5': 20, 'Best_epoch_NDCG@5': 20, 'Best_epoch_HR@10': 17, 'Best_epoch_NDCG@10': 19, 'Best_epoch_HR@20': 18, 'Best_epoch_NDCG@20': 19}
2026/08/22 17:13:34 - __main__ - INFO - 1384 - trainer - Epoch: 21
2026/08/22 17:13:34 - __main__ - INFO - 1389 - trainer - start predicting: 2026-08-22 17:13:34.132993
2026/08/22 17:13:45 - __main__ - INFO - 1426 - trainer - {'Best_HR@5': 38.6719, 'Best_NDCG@5': 28.5532, 'Best_HR@10': 48.9746, 'Best_NDCG@10': 31.8471, 'Best_HR@20': 60.6445, 'Best_NDCG@20': 34.7279}
2026/08/22 17:13:45 - __main__ - INFO - 1427 - trainer - {'Best_epoch_HR@5': 20, 'Best_epoch_NDCG@5': 20, 'Best_epoch_HR@10': 21, 'Best_epoch_NDCG@10': 19, 'Best_epoch_HR@20': 18, 'Best_epoch_NDCG@20': 19}
2026/08/22 17:13:46 - __main__ - INFO - 1384 - trainer - Epoch: 22
2026/08/22 17:13:46 - __main__ - INFO - 1389 - trainer - start predicting: 2026-08-22 17:13:46.987685
2026/08/22 17:14:04 - __main__ - INFO - 1384 - trainer - Epoch: 23
2026/08/22 17:14:04 - __main__ - INFO - 1389 - trainer - start predicting: 2026-08-22 17:14:04.592547
2026/08/22 17:14:17 - __main__ - INFO - 1384 - trainer - Epoch: 24
2026/08/22 17:14:17 - __main__ - INFO - 1389 - trainer - start predicting: 2026-08-22 17:14:17.189308
2026/08/22 17:14:29 - __main__ - INFO - 1426 - trainer - {'Best_HR@5': 38.6719, 'Best_NDCG@5': 28.5532, 'Best_HR@10': 48.9746, 'Best_NDCG@10': 31.8471, 'Best_HR@20': 60.8887, 'Best_NDCG@20': 34.7279}
2026/08/22 17:14:29 - __main__ - INFO - 1427 - trainer - {'Best_epoch_HR@5': 20, 'Best_epoch_NDCG@5': 20, 'Best_epoch_HR@10': 21, 'Best_epoch_NDCG@10': 19, 'Best_epoch_HR@20': 24, 'Best_epoch_NDCG@20': 19}
2026/08/22 17:14:31 - __main__ - INFO - 1384 - trainer - Epoch: 25
2026/08/22 17:14:31 - __main__ - INFO - 1389 - trainer - start predicting: 2026-08-22 17:14:31.146879
2026/08/22 17:14:46 - __main__ - INFO - 1384 - trainer - Epoch: 26
2026/08/22 17:14:46 - __main__ - INFO - 1389 - trainer - start predicting: 2026-08-22 17:14:46.162789
2026/08/22 17:15:00 - __main__ - INFO - 1384 - trainer - Epoch: 27
2026/08/22 17:15:00 - __main__ - INFO - 1389 - trainer - start predicting: 2026-08-22 17:15:00.247213
2026/08/22 17:15:09 - __main__ - INFO - 1384 - trainer - Epoch: 28
2026/08/22 17:15:09 - __main__ - INFO - 1389 - trainer - start predicting: 2026-08-22 17:15:09.818611
2026/08/22 17:15:24 - __main__ - INFO - 1384 - trainer - Epoch: 29
2026/08/22 17:15:24 - __main__ - INFO - 1389 - trainer - start predicting: 2026-08-22 17:15:24.117609
2026/08/22 17:15:39 - __main__ - INFO - 1436 - trainer - {'Best_HR@5': 38.6719, 'Best_NDCG@5': 28.5532, 'Best_HR@10': 48.9746, 'Best_NDCG@10': 31.8471, 'Best_HR@20': 60.8887, 'Best_NDCG@20': 34.7279}
2026/08/22 17:15:39 - __main__ - INFO - 1437 - trainer - {'Best_epoch_HR@5': 20, 'Best_epoch_NDCG@5': 20, 'Best_epoch_HR@10': 21, 'Best_epoch_NDCG@10': 19, 'Best_epoch_HR@20': 24, 'Best_epoch_NDCG@20': 19}
2026/08/22 17:15:39 - __main__ - INFO - 1543 - trainer - Target Popularity Definition---------------------------------------------
2026/08/22 17:15:39 - __main__ - INFO - 1548 - trainer - {'domain': 'Target', 'popular_ratio': 0.2, 'observed_train_items': 21856, 'popular_items': 4372, 'unpopular_seen_items': 17484, 'unseen_items_in_test': 'calculated from test ground truth'}
2026/08/22 17:15:54 - __main__ - INFO - 1824 - trainer - %s Test Overall------------------------------------------------------
2026/08/22 17:15:54 - __main__ - INFO - 1828 - trainer - {'HR@5': 39.2996, 'NDCG@5': 29.1692, 'HR@10': 49.8541, 'NDCG@10': 32.5622, 'HR@20': 62.6946, 'NDCG@20': 35.7876}
2026/08/22 17:15:54 - __main__ - INFO - 1919 - trainer - Target Test Group Size----------------------------------------------
2026/08/22 17:15:54 - __main__ - INFO - 1924 - trainer - {'domain': 'Target', 'Overall_test_samples': 2056, 'Popular_test_samples': 1372, 'Unpopular_seen_test_samples': 505, 'Unseen_test_samples': 179, 'Grouped_test_samples': 2056}
2026/08/22 17:15:54 - __main__ - INFO - 1926 - trainer - Target Test Popular Ground Truth-------------------------------------
2026/08/22 17:15:54 - __main__ - INFO - 1931 - trainer - {'HR@5': 56.4869, 'NDCG@5': 42.564, 'HR@10': 70.481, 'NDCG@10': 47.0734, 'HR@20': 83.4548, 'NDCG@20': 50.3552}
2026/08/22 17:15:54 - __main__ - INFO - 1933 - trainer - Target Test Unpopular-Seen Ground Truth------------------------------
2026/08/22 17:15:54 - __main__ - INFO - 1938 - trainer - {'HR@5': 6.5347, 'NDCG@5': 3.1169, 'HR@10': 11.4851, 'NDCG@10': 4.6796, 'HR@20': 28.5149, 'NDCG@20': 8.895}
2026/08/22 17:15:54 - __main__ - INFO - 1942 - trainer - Target Test Unseen Ground Truth--------------------------------------
2026/08/22 17:15:54 - __main__ - INFO - 1947 - trainer - {'HR@5': 0.0, 'NDCG@5': 0.0, 'HR@10': 0.0, 'NDCG@10': 0.0, 'HR@20': 0.0, 'NDCG@20': 0.0}
2026/08/22 17:15:54 - __main__ - INFO - 1949 - trainer - Target Recommendation Popularity-------------------------------------
2026/08/22 17:15:54 - __main__ - INFO - 1954 - trainer - {'PopularRatio@5': 87.1595, 'PopularRatio@10': 73.8035, 'PopularRatio@20': 55.805}
2026/08/22 17:15:54 - __main__ - INFO - 1957 - trainer - Best Eval---------------------------------------------------------
2026/08/22 17:15:54 - __main__ - INFO - 1960 - trainer - {'Best_HR@5': 38.6719, 'Best_NDCG@5': 28.5532, 'Best_HR@10': 48.9746, 'Best_NDCG@10': 31.8471, 'Best_HR@20': 60.8887, 'Best_NDCG@20': 34.7279}
2026/08/22 17:15:54 - __main__ - INFO - 1961 - trainer - {'Best_epoch_HR@5': 20, 'Best_epoch_NDCG@5': 20, 'Best_epoch_HR@10': 21, 'Best_epoch_NDCG@10': 19, 'Best_epoch_HR@20': 24, 'Best_epoch_NDCG@20': 19}
2026/08/22 17:15:55 - __main__ - INFO - 184 - main - Target model saved at: ./saved_model/movie_video/target_model.pth
