2026/08/25 15:24:44 - __main__ - INFO - 93 - main - Namespace(batch_size=512, decay_step=100, description='Diffu_norm_score', device='cuda', diffusion_steps=32, dropout=0.1, emb_dropout=0.3, epochs=100, eval_interval=5, gamma=0.1, group_alignment=1, group_alignment_mode='both', group_context_threshold=0.5, group_pop_weight=1.0, group_tail_weight=1.0, hidden_act='gelu', hidden_size=128, lambda_uncertainty=0.001, log_file='log/', loss_lambda=1, lr=0.001, max_len=8, metric_ks=[5, 10, 20], momentum=None, noise_schedule='trunc_lin', num_blocks=4, num_gpu=1, optimizer='Adam', p=0.3, patience=2, popular_ratio=0.2, random_seed=1997, rescale_timesteps=True, s_dataset='movie', schedule_sampler_name='lossaware', t_dataset='video', target_next_focus_bin='low', target_next_reweight_alpha=0.4, target_next_rule_reweight=1, w=1.0, weight_decay=0)
2026/08/25 15:24:48 - __main__ - INFO - 562 - trainer - Group-aware Alignment Definition------------------------------------
2026/08/25 15:24:48 - __main__ - INFO - 566 - trainer - {'group_alignment': True, 'alignment_mode': 'both', 'context_threshold': 0.5, 'popular_weight': 1.0, 'tail_weight': 1.0, 'source_popular_items': 17856, 'target_popular_items': 4372}
2026/08/25 15:24:48 - __main__ - INFO - 698 - trainer - Group-aware Alignment Batch------------------------------------
2026/08/25 15:24:48 - __main__ - INFO - 703 - trainer - {'Epoch': 0, 'Source Popular-context': 407, 'Source Tail-context': 75, 'Target Popular-context': 379, 'Target Tail-context': 87}
2026/08/25 15:24:53 - __main__ - INFO - 714 - trainer - Epoch: 0
2026/08/25 15:24:53 - __main__ - INFO - 698 - trainer - Group-aware Alignment Batch------------------------------------
2026/08/25 15:24:53 - __main__ - INFO - 703 - trainer - {'Epoch': 1, 'Source Popular-context': 394, 'Source Tail-context': 77, 'Target Popular-context': 372, 'Target Tail-context': 83}
2026/08/25 15:24:58 - __main__ - INFO - 714 - trainer - Epoch: 1
2026/08/25 15:24:58 - __main__ - INFO - 698 - trainer - Group-aware Alignment Batch------------------------------------
2026/08/25 15:24:58 - __main__ - INFO - 703 - trainer - {'Epoch': 2, 'Source Popular-context': 393, 'Source Tail-context': 73, 'Target Popular-context': 387, 'Target Tail-context': 77}
2026/08/25 15:25:02 - __main__ - INFO - 714 - trainer - Epoch: 2
2026/08/25 15:25:02 - __main__ - INFO - 698 - trainer - Group-aware Alignment Batch------------------------------------
2026/08/25 15:25:02 - __main__ - INFO - 703 - trainer - {'Epoch': 3, 'Source Popular-context': 409, 'Source Tail-context': 56, 'Target Popular-context': 342, 'Target Tail-context': 98}
2026/08/25 15:25:06 - __main__ - INFO - 714 - trainer - Epoch: 3
2026/08/25 15:25:06 - __main__ - INFO - 698 - trainer - Group-aware Alignment Batch------------------------------------
2026/08/25 15:25:06 - __main__ - INFO - 703 - trainer - {'Epoch': 4, 'Source Popular-context': 418, 'Source Tail-context': 59, 'Target Popular-context': 370, 'Target Tail-context': 79}
2026/08/25 15:25:11 - __main__ - INFO - 714 - trainer - Epoch: 4
2026/08/25 15:25:11 - __main__ - INFO - 698 - trainer - Group-aware Alignment Batch------------------------------------
2026/08/25 15:25:11 - __main__ - INFO - 703 - trainer - {'Epoch': 5, 'Source Popular-context': 403, 'Source Tail-context': 59, 'Target Popular-context': 368, 'Target Tail-context': 85}
2026/08/25 15:25:15 - __main__ - INFO - 714 - trainer - Epoch: 5
2026/08/25 15:25:15 - __main__ - INFO - 719 - trainer - start predicting: 2026-08-25 15:25:15.575383
2026/08/25 15:25:26 - __main__ - INFO - 756 - trainer - {'Best_HR@5': 38.6621, 'Best_NDCG@5': 29.8305, 'Best_HR@10': 49.1016, 'Best_NDCG@10': 33.2054, 'Best_HR@20': 61.8359, 'Best_NDCG@20': 36.4132}
2026/08/25 15:25:26 - __main__ - INFO - 757 - trainer - {'Best_epoch_HR@5': 5, 'Best_epoch_NDCG@5': 5, 'Best_epoch_HR@10': 5, 'Best_epoch_NDCG@10': 5, 'Best_epoch_HR@20': 5, 'Best_epoch_NDCG@20': 5}
2026/08/25 15:25:27 - __main__ - INFO - 698 - trainer - Group-aware Alignment Batch------------------------------------
2026/08/25 15:25:27 - __main__ - INFO - 703 - trainer - {'Epoch': 6, 'Source Popular-context': 423, 'Source Tail-context': 54, 'Target Popular-context': 362, 'Target Tail-context': 95}
2026/08/25 15:25:31 - __main__ - INFO - 714 - trainer - Epoch: 6
2026/08/25 15:25:31 - __main__ - INFO - 698 - trainer - Group-aware Alignment Batch------------------------------------
2026/08/25 15:25:31 - __main__ - INFO - 703 - trainer - {'Epoch': 7, 'Source Popular-context': 421, 'Source Tail-context': 63, 'Target Popular-context': 375, 'Target Tail-context': 85}
2026/08/25 15:25:36 - __main__ - INFO - 714 - trainer - Epoch: 7
2026/08/25 15:25:36 - __main__ - INFO - 698 - trainer - Group-aware Alignment Batch------------------------------------
2026/08/25 15:25:36 - __main__ - INFO - 703 - trainer - {'Epoch': 8, 'Source Popular-context': 421, 'Source Tail-context': 59, 'Target Popular-context': 368, 'Target Tail-context': 94}
2026/08/25 15:25:41 - __main__ - INFO - 714 - trainer - Epoch: 8
2026/08/25 15:25:41 - __main__ - INFO - 698 - trainer - Group-aware Alignment Batch------------------------------------
2026/08/25 15:25:41 - __main__ - INFO - 703 - trainer - {'Epoch': 9, 'Source Popular-context': 402, 'Source Tail-context': 78, 'Target Popular-context': 378, 'Target Tail-context': 85}
2026/08/25 15:25:45 - __main__ - INFO - 714 - trainer - Epoch: 9
2026/08/25 15:25:45 - __main__ - INFO - 698 - trainer - Group-aware Alignment Batch------------------------------------
2026/08/25 15:25:45 - __main__ - INFO - 703 - trainer - {'Epoch': 10, 'Source Popular-context': 428, 'Source Tail-context': 46, 'Target Popular-context': 374, 'Target Tail-context': 78}
2026/08/25 15:25:50 - __main__ - INFO - 714 - trainer - Epoch: 10
2026/08/25 15:25:50 - __main__ - INFO - 719 - trainer - start predicting: 2026-08-25 15:25:50.023537
2026/08/25 15:26:01 - __main__ - INFO - 756 - trainer - {'Best_HR@5': 48.2227, 'Best_NDCG@5': 36.8793, 'Best_HR@10': 58.877, 'Best_NDCG@10': 40.3294, 'Best_HR@20': 69.4629, 'Best_NDCG@20': 43.0071}
2026/08/25 15:26:01 - __main__ - INFO - 757 - trainer - {'Best_epoch_HR@5': 10, 'Best_epoch_NDCG@5': 10, 'Best_epoch_HR@10': 10, 'Best_epoch_NDCG@10': 10, 'Best_epoch_HR@20': 10, 'Best_epoch_NDCG@20': 10}
2026/08/25 15:26:02 - __main__ - INFO - 698 - trainer - Group-aware Alignment Batch------------------------------------
2026/08/25 15:26:02 - __main__ - INFO - 703 - trainer - {'Epoch': 11, 'Source Popular-context': 413, 'Source Tail-context': 60, 'Target Popular-context': 381, 'Target Tail-context': 85}
2026/08/25 15:26:06 - __main__ - INFO - 714 - trainer - Epoch: 11
2026/08/25 15:26:06 - __main__ - INFO - 698 - trainer - Group-aware Alignment Batch------------------------------------
2026/08/25 15:26:06 - __main__ - INFO - 703 - trainer - {'Epoch': 12, 'Source Popular-context': 424, 'Source Tail-context': 60, 'Target Popular-context': 372, 'Target Tail-context': 80}
2026/08/25 15:26:10 - __main__ - INFO - 714 - trainer - Epoch: 12
2026/08/25 15:26:10 - __main__ - INFO - 698 - trainer - Group-aware Alignment Batch------------------------------------
2026/08/25 15:26:10 - __main__ - INFO - 703 - trainer - {'Epoch': 13, 'Source Popular-context': 411, 'Source Tail-context': 73, 'Target Popular-context': 382, 'Target Tail-context': 79}
2026/08/25 15:26:14 - __main__ - INFO - 714 - trainer - Epoch: 13
2026/08/25 15:26:14 - __main__ - INFO - 698 - trainer - Group-aware Alignment Batch------------------------------------
2026/08/25 15:26:14 - __main__ - INFO - 703 - trainer - {'Epoch': 14, 'Source Popular-context': 423, 'Source Tail-context': 65, 'Target Popular-context': 379, 'Target Tail-context': 94}
2026/08/25 15:26:19 - __main__ - INFO - 714 - trainer - Epoch: 14
2026/08/25 15:26:19 - __main__ - INFO - 698 - trainer - Group-aware Alignment Batch------------------------------------
2026/08/25 15:26:19 - __main__ - INFO - 703 - trainer - {'Epoch': 15, 'Source Popular-context': 422, 'Source Tail-context': 58, 'Target Popular-context': 373, 'Target Tail-context': 98}
2026/08/25 15:26:24 - __main__ - INFO - 714 - trainer - Epoch: 15
2026/08/25 15:26:24 - __main__ - INFO - 719 - trainer - start predicting: 2026-08-25 15:26:24.317494
2026/08/25 15:26:35 - __main__ - INFO - 756 - trainer - {'Best_HR@5': 49.1797, 'Best_NDCG@5': 37.4333, 'Best_HR@10': 60.3223, 'Best_NDCG@10': 41.0498, 'Best_HR@20': 70.4297, 'Best_NDCG@20': 43.6145}
2026/08/25 15:26:35 - __main__ - INFO - 757 - trainer - {'Best_epoch_HR@5': 15, 'Best_epoch_NDCG@5': 15, 'Best_epoch_HR@10': 15, 'Best_epoch_NDCG@10': 15, 'Best_epoch_HR@20': 15, 'Best_epoch_NDCG@20': 15}
2026/08/25 15:26:36 - __main__ - INFO - 698 - trainer - Group-aware Alignment Batch------------------------------------
2026/08/25 15:26:36 - __main__ - INFO - 703 - trainer - {'Epoch': 16, 'Source Popular-context': 403, 'Source Tail-context': 65, 'Target Popular-context': 374, 'Target Tail-context': 89}
2026/08/25 15:26:40 - __main__ - INFO - 714 - trainer - Epoch: 16
2026/08/25 15:26:40 - __main__ - INFO - 698 - trainer - Group-aware Alignment Batch------------------------------------
2026/08/25 15:26:40 - __main__ - INFO - 703 - trainer - {'Epoch': 17, 'Source Popular-context': 423, 'Source Tail-context': 52, 'Target Popular-context': 355, 'Target Tail-context': 109}
2026/08/25 15:26:45 - __main__ - INFO - 714 - trainer - Epoch: 17
2026/08/25 15:26:45 - __main__ - INFO - 698 - trainer - Group-aware Alignment Batch------------------------------------
2026/08/25 15:26:45 - __main__ - INFO - 703 - trainer - {'Epoch': 18, 'Source Popular-context': 413, 'Source Tail-context': 63, 'Target Popular-context': 386, 'Target Tail-context': 85}
2026/08/25 15:26:49 - __main__ - INFO - 714 - trainer - Epoch: 18
2026/08/25 15:26:49 - __main__ - INFO - 698 - trainer - Group-aware Alignment Batch------------------------------------
2026/08/25 15:26:49 - __main__ - INFO - 703 - trainer - {'Epoch': 19, 'Source Popular-context': 402, 'Source Tail-context': 63, 'Target Popular-context': 367, 'Target Tail-context': 94}
2026/08/25 15:26:54 - __main__ - INFO - 714 - trainer - Epoch: 19
2026/08/25 15:26:54 - __main__ - INFO - 698 - trainer - Group-aware Alignment Batch------------------------------------
2026/08/25 15:26:54 - __main__ - INFO - 703 - trainer - {'Epoch': 20, 'Source Popular-context': 409, 'Source Tail-context': 62, 'Target Popular-context': 373, 'Target Tail-context': 82}
2026/08/25 15:26:58 - __main__ - INFO - 714 - trainer - Epoch: 20
2026/08/25 15:26:58 - __main__ - INFO - 719 - trainer - start predicting: 2026-08-25 15:26:58.607986
2026/08/25 15:27:10 - __main__ - INFO - 698 - trainer - Group-aware Alignment Batch------------------------------------
2026/08/25 15:27:10 - __main__ - INFO - 703 - trainer - {'Epoch': 21, 'Source Popular-context': 404, 'Source Tail-context': 63, 'Target Popular-context': 372, 'Target Tail-context': 83}
2026/08/25 15:27:14 - __main__ - INFO - 714 - trainer - Epoch: 21
2026/08/25 15:27:14 - __main__ - INFO - 698 - trainer - Group-aware Alignment Batch------------------------------------
2026/08/25 15:27:14 - __main__ - INFO - 703 - trainer - {'Epoch': 22, 'Source Popular-context': 416, 'Source Tail-context': 59, 'Target Popular-context': 370, 'Target Tail-context': 78}
2026/08/25 15:27:18 - __main__ - INFO - 714 - trainer - Epoch: 22
2026/08/25 15:27:18 - __main__ - INFO - 698 - trainer - Group-aware Alignment Batch------------------------------------
2026/08/25 15:27:18 - __main__ - INFO - 703 - trainer - {'Epoch': 23, 'Source Popular-context': 404, 'Source Tail-context': 69, 'Target Popular-context': 385, 'Target Tail-context': 81}
2026/08/25 15:27:23 - __main__ - INFO - 714 - trainer - Epoch: 23
2026/08/25 15:27:23 - __main__ - INFO - 698 - trainer - Group-aware Alignment Batch------------------------------------
2026/08/25 15:27:23 - __main__ - INFO - 703 - trainer - {'Epoch': 24, 'Source Popular-context': 400, 'Source Tail-context': 74, 'Target Popular-context': 373, 'Target Tail-context': 90}
2026/08/25 15:27:27 - __main__ - INFO - 714 - trainer - Epoch: 24
2026/08/25 15:27:27 - __main__ - INFO - 698 - trainer - Group-aware Alignment Batch------------------------------------
2026/08/25 15:27:27 - __main__ - INFO - 703 - trainer - {'Epoch': 25, 'Source Popular-context': 415, 'Source Tail-context': 50, 'Target Popular-context': 382, 'Target Tail-context': 81}
2026/08/25 15:27:32 - __main__ - INFO - 714 - trainer - Epoch: 25
2026/08/25 15:27:32 - __main__ - INFO - 719 - trainer - start predicting: 2026-08-25 15:27:32.454364
2026/08/25 15:27:44 - __main__ - INFO - 766 - trainer - {'Best_HR@5': 49.1797, 'Best_NDCG@5': 37.4333, 'Best_HR@10': 60.3223, 'Best_NDCG@10': 41.0498, 'Best_HR@20': 70.4297, 'Best_NDCG@20': 43.6145}
2026/08/25 15:27:44 - __main__ - INFO - 767 - trainer - {'Best_epoch_HR@5': 15, 'Best_epoch_NDCG@5': 15, 'Best_epoch_HR@10': 15, 'Best_epoch_NDCG@10': 15, 'Best_epoch_HR@20': 15, 'Best_epoch_NDCG@20': 15}
2026/08/25 15:27:44 - __main__ - INFO - 873 - trainer - Source Popularity Definition---------------------------------------------
2026/08/25 15:27:44 - __main__ - INFO - 878 - trainer - {'domain': 'Source', 'popular_ratio': 0.2, 'observed_train_items': 89276, 'popular_items': 17856, 'unpopular_seen_items': 71420, 'unseen_items_in_test': 'calculated from test ground truth'}
2026/08/25 15:27:51 - __main__ - INFO - 1154 - trainer - %s Test Overall------------------------------------------------------
2026/08/25 15:27:51 - __main__ - INFO - 1158 - trainer - {'HR@5': 49.8753, 'NDCG@5': 38.1821, 'HR@10': 60.4107, 'NDCG@10': 41.608, 'HR@20': 70.1785, 'NDCG@20': 44.0883}
2026/08/25 15:27:51 - __main__ - INFO - 1249 - trainer - Source Test Group Size----------------------------------------------
2026/08/25 15:27:51 - __main__ - INFO - 1254 - trainer - {'domain': 'Source', 'Overall_test_samples': 10422, 'Popular_test_samples': 7854, 'Unpopular_seen_test_samples': 1824, 'Unseen_test_samples': 744, 'Grouped_test_samples': 10422}
2026/08/25 15:27:51 - __main__ - INFO - 1256 - trainer - Source Test Popular Ground Truth-------------------------------------
2026/08/25 15:27:51 - __main__ - INFO - 1261 - trainer - {'HR@5': 65.4826, 'NDCG@5': 50.336, 'HR@10': 78.2022, 'NDCG@10': 54.4832, 'HR@20': 87.9297, 'NDCG@20': 56.9665}
2026/08/25 15:27:51 - __main__ - INFO - 1263 - trainer - Source Test Unpopular-Seen Ground Truth------------------------------
2026/08/25 15:27:51 - __main__ - INFO - 1268 - trainer - {'HR@5': 3.0154, 'NDCG@5': 1.4225, 'HR@10': 8.443, 'NDCG@10': 3.1399, 'HR@20': 22.3684, 'NDCG@20': 6.6193}
2026/08/25 15:27:51 - __main__ - INFO - 1272 - trainer - Source Test Unseen Ground Truth--------------------------------------
2026/08/25 15:27:51 - __main__ - INFO - 1277 - trainer - {'HR@5': 0.0, 'NDCG@5': 0.0, 'HR@10': 0.0, 'NDCG@10': 0.0, 'HR@20': 0.0, 'NDCG@20': 0.0}
2026/08/25 15:27:51 - __main__ - INFO - 1279 - trainer - Source Recommendation Popularity-------------------------------------
2026/08/25 15:27:51 - __main__ - INFO - 1284 - trainer - {'PopularRatio@5': 93.5483, 'PopularRatio@10': 82.1061, 'PopularRatio@20': 61.7319}
2026/08/25 15:27:51 - __main__ - INFO - 1287 - trainer - Best Eval---------------------------------------------------------
2026/08/25 15:27:51 - __main__ - INFO - 1290 - trainer - {'Best_HR@5': 49.1797, 'Best_NDCG@5': 37.4333, 'Best_HR@10': 60.3223, 'Best_NDCG@10': 41.0498, 'Best_HR@20': 70.4297, 'Best_NDCG@20': 43.6145}
2026/08/25 15:27:51 - __main__ - INFO - 1291 - trainer - {'Best_epoch_HR@5': 15, 'Best_epoch_NDCG@5': 15, 'Best_epoch_HR@10': 15, 'Best_epoch_NDCG@10': 15, 'Best_epoch_HR@20': 15, 'Best_epoch_NDCG@20': 15}
2026/08/25 15:27:51 - __main__ - INFO - 505 - trainer - D1 Sample-wise Target Next Regulation
2026/08/25 15:27:51 - __main__ - INFO - 508 - trainer - {'D1': 'Sample-wise Target Next Regulation', 'Popular Next Action': 'Normal', 'Unpopular Next Action': 'Reweight', 'Popular Next Samples': 11526, 'Unpopular Next Samples': 4912, 'Alpha': 0.4, 'Mean Unpopular Raw Weight': 1.1}
2026/08/25 15:27:51 - __main__ - INFO - 714 - trainer - Epoch: 0
2026/08/25 15:27:52 - __main__ - INFO - 714 - trainer - Epoch: 1
2026/08/25 15:27:52 - __main__ - INFO - 719 - trainer - start predicting: 2026-08-25 15:27:52.491309
2026/08/25 15:27:54 - __main__ - INFO - 756 - trainer - {'Best_HR@5': 7.373, 'Best_NDCG@5': 4.1119, 'Best_HR@10': 14.8926, 'Best_NDCG@10': 6.5077, 'Best_HR@20': 30.3223, 'Best_NDCG@20': 10.3512}
2026/08/25 15:27:54 - __main__ - INFO - 757 - trainer - {'Best_epoch_HR@5': 1, 'Best_epoch_NDCG@5': 1, 'Best_epoch_HR@10': 1, 'Best_epoch_NDCG@10': 1, 'Best_epoch_HR@20': 1, 'Best_epoch_NDCG@20': 1}
2026/08/25 15:27:54 - __main__ - INFO - 714 - trainer - Epoch: 2
2026/08/25 15:27:54 - __main__ - INFO - 719 - trainer - start predicting: 2026-08-25 15:27:54.766033
2026/08/25 15:27:56 - __main__ - INFO - 756 - trainer - {'Best_HR@5': 13.3789, 'Best_NDCG@5': 8.3154, 'Best_HR@10': 22.5586, 'Best_NDCG@10': 11.2286, 'Best_HR@20': 37.8906, 'Best_NDCG@20': 15.0759}
2026/08/25 15:27:56 - __main__ - INFO - 757 - trainer - {'Best_epoch_HR@5': 2, 'Best_epoch_NDCG@5': 2, 'Best_epoch_HR@10': 2, 'Best_epoch_NDCG@10': 2, 'Best_epoch_HR@20': 2, 'Best_epoch_NDCG@20': 2}
2026/08/25 15:27:56 - __main__ - INFO - 714 - trainer - Epoch: 3
2026/08/25 15:27:56 - __main__ - INFO - 719 - trainer - start predicting: 2026-08-25 15:27:56.832460
2026/08/25 15:27:58 - __main__ - INFO - 756 - trainer - {'Best_HR@5': 18.1641, 'Best_NDCG@5': 11.8855, 'Best_HR@10': 29.1016, 'Best_NDCG@10': 15.4038, 'Best_HR@20': 45.5078, 'Best_NDCG@20': 19.5459}
2026/08/25 15:27:58 - __main__ - INFO - 757 - trainer - {'Best_epoch_HR@5': 3, 'Best_epoch_NDCG@5': 3, 'Best_epoch_HR@10': 3, 'Best_epoch_NDCG@10': 3, 'Best_epoch_HR@20': 3, 'Best_epoch_NDCG@20': 3}
2026/08/25 15:27:58 - __main__ - INFO - 714 - trainer - Epoch: 4
2026/08/25 15:27:58 - __main__ - INFO - 719 - trainer - start predicting: 2026-08-25 15:27:58.963757
2026/08/25 15:28:00 - __main__ - INFO - 756 - trainer - {'Best_HR@5': 23.7305, 'Best_NDCG@5': 15.7404, 'Best_HR@10': 35.1562, 'Best_NDCG@10': 19.3785, 'Best_HR@20': 50.0, 'Best_NDCG@20': 23.1201}
2026/08/25 15:28:00 - __main__ - INFO - 757 - trainer - {'Best_epoch_HR@5': 4, 'Best_epoch_NDCG@5': 4, 'Best_epoch_HR@10': 4, 'Best_epoch_NDCG@10': 4, 'Best_epoch_HR@20': 4, 'Best_epoch_NDCG@20': 4}
2026/08/25 15:28:01 - __main__ - INFO - 714 - trainer - Epoch: 5
2026/08/25 15:28:01 - __main__ - INFO - 719 - trainer - start predicting: 2026-08-25 15:28:01.093290
2026/08/25 15:28:02 - __main__ - INFO - 756 - trainer - {'Best_HR@5': 25.8301, 'Best_NDCG@5': 17.8032, 'Best_HR@10': 37.8906, 'Best_NDCG@10': 21.7024, 'Best_HR@20': 52.9785, 'Best_NDCG@20': 25.4924}
2026/08/25 15:28:02 - __main__ - INFO - 757 - trainer - {'Best_epoch_HR@5': 5, 'Best_epoch_NDCG@5': 5, 'Best_epoch_HR@10': 5, 'Best_epoch_NDCG@10': 5, 'Best_epoch_HR@20': 5, 'Best_epoch_NDCG@20': 5}
2026/08/25 15:28:03 - __main__ - INFO - 714 - trainer - Epoch: 6
2026/08/25 15:28:03 - __main__ - INFO - 719 - trainer - start predicting: 2026-08-25 15:28:03.177028
2026/08/25 15:28:04 - __main__ - INFO - 756 - trainer - {'Best_HR@5': 29.0039, 'Best_NDCG@5': 20.5073, 'Best_HR@10': 40.332, 'Best_NDCG@10': 24.1544, 'Best_HR@20': 55.2734, 'Best_NDCG@20': 27.9039}
2026/08/25 15:28:04 - __main__ - INFO - 757 - trainer - {'Best_epoch_HR@5': 6, 'Best_epoch_NDCG@5': 6, 'Best_epoch_HR@10': 6, 'Best_epoch_NDCG@10': 6, 'Best_epoch_HR@20': 6, 'Best_epoch_NDCG@20': 6}
2026/08/25 15:28:05 - __main__ - INFO - 714 - trainer - Epoch: 7
2026/08/25 15:28:05 - __main__ - INFO - 719 - trainer - start predicting: 2026-08-25 15:28:05.236394
2026/08/25 15:28:06 - __main__ - INFO - 756 - trainer - {'Best_HR@5': 31.5918, 'Best_NDCG@5': 22.6019, 'Best_HR@10': 41.5527, 'Best_NDCG@10': 25.8252, 'Best_HR@20': 56.0547, 'Best_NDCG@20': 29.4624}
2026/08/25 15:28:06 - __main__ - INFO - 757 - trainer - {'Best_epoch_HR@5': 7, 'Best_epoch_NDCG@5': 7, 'Best_epoch_HR@10': 7, 'Best_epoch_NDCG@10': 7, 'Best_epoch_HR@20': 7, 'Best_epoch_NDCG@20': 7}
2026/08/25 15:28:07 - __main__ - INFO - 714 - trainer - Epoch: 8
2026/08/25 15:28:07 - __main__ - INFO - 719 - trainer - start predicting: 2026-08-25 15:28:07.304960
2026/08/25 15:28:08 - __main__ - INFO - 756 - trainer - {'Best_HR@5': 32.8125, 'Best_NDCG@5': 24.6015, 'Best_HR@10': 43.3105, 'Best_NDCG@10': 27.9692, 'Best_HR@20': 57.1289, 'Best_NDCG@20': 31.4524}
2026/08/25 15:28:08 - __main__ - INFO - 757 - trainer - {'Best_epoch_HR@5': 8, 'Best_epoch_NDCG@5': 8, 'Best_epoch_HR@10': 8, 'Best_epoch_NDCG@10': 8, 'Best_epoch_HR@20': 8, 'Best_epoch_NDCG@20': 8}
2026/08/25 15:28:09 - __main__ - INFO - 714 - trainer - Epoch: 9
2026/08/25 15:28:09 - __main__ - INFO - 719 - trainer - start predicting: 2026-08-25 15:28:09.356321
2026/08/25 15:28:10 - __main__ - INFO - 756 - trainer - {'Best_HR@5': 34.082, 'Best_NDCG@5': 25.3808, 'Best_HR@10': 43.7988, 'Best_NDCG@10': 28.5452, 'Best_HR@20': 57.8125, 'Best_NDCG@20': 32.0825}
2026/08/25 15:28:10 - __main__ - INFO - 757 - trainer - {'Best_epoch_HR@5': 9, 'Best_epoch_NDCG@5': 9, 'Best_epoch_HR@10': 9, 'Best_epoch_NDCG@10': 9, 'Best_epoch_HR@20': 9, 'Best_epoch_NDCG@20': 9}
2026/08/25 15:28:11 - __main__ - INFO - 714 - trainer - Epoch: 10
2026/08/25 15:28:11 - __main__ - INFO - 719 - trainer - start predicting: 2026-08-25 15:28:11.434746
2026/08/25 15:28:12 - __main__ - INFO - 756 - trainer - {'Best_HR@5': 35.2051, 'Best_NDCG@5': 26.5767, 'Best_HR@10': 45.3613, 'Best_NDCG@10': 29.8195, 'Best_HR@20': 58.252, 'Best_NDCG@20': 33.0656}
2026/08/25 15:28:12 - __main__ - INFO - 757 - trainer - {'Best_epoch_HR@5': 10, 'Best_epoch_NDCG@5': 10, 'Best_epoch_HR@10': 10, 'Best_epoch_NDCG@10': 10, 'Best_epoch_HR@20': 10, 'Best_epoch_NDCG@20': 10}
2026/08/25 15:28:13 - __main__ - INFO - 714 - trainer - Epoch: 11
2026/08/25 15:28:13 - __main__ - INFO - 719 - trainer - start predicting: 2026-08-25 15:28:13.514993
2026/08/25 15:28:15 - __main__ - INFO - 756 - trainer - {'Best_HR@5': 35.6934, 'Best_NDCG@5': 26.7837, 'Best_HR@10': 45.7031, 'Best_NDCG@10': 30.0318, 'Best_HR@20': 59.7168, 'Best_NDCG@20': 33.5643}
2026/08/25 15:28:15 - __main__ - INFO - 757 - trainer - {'Best_epoch_HR@5': 11, 'Best_epoch_NDCG@5': 11, 'Best_epoch_HR@10': 11, 'Best_epoch_NDCG@10': 11, 'Best_epoch_HR@20': 11, 'Best_epoch_NDCG@20': 11}
2026/08/25 15:28:15 - __main__ - INFO - 714 - trainer - Epoch: 12
2026/08/25 15:28:15 - __main__ - INFO - 719 - trainer - start predicting: 2026-08-25 15:28:15.625783
2026/08/25 15:28:17 - __main__ - INFO - 756 - trainer - {'Best_HR@5': 35.8398, 'Best_NDCG@5': 26.7837, 'Best_HR@10': 46.8262, 'Best_NDCG@10': 30.2067, 'Best_HR@20': 59.7168, 'Best_NDCG@20': 33.5643}
2026/08/25 15:28:17 - __main__ - INFO - 757 - trainer - {'Best_epoch_HR@5': 12, 'Best_epoch_NDCG@5': 11, 'Best_epoch_HR@10': 12, 'Best_epoch_NDCG@10': 12, 'Best_epoch_HR@20': 11, 'Best_epoch_NDCG@20': 11}
2026/08/25 15:28:17 - __main__ - INFO - 714 - trainer - Epoch: 13
2026/08/25 15:28:17 - __main__ - INFO - 719 - trainer - start predicting: 2026-08-25 15:28:17.778880
2026/08/25 15:28:19 - __main__ - INFO - 756 - trainer - {'Best_HR@5': 36.6211, 'Best_NDCG@5': 27.2182, 'Best_HR@10': 46.9727, 'Best_NDCG@10': 30.5792, 'Best_HR@20': 59.7168, 'Best_NDCG@20': 33.6729}
2026/08/25 15:28:19 - __main__ - INFO - 757 - trainer - {'Best_epoch_HR@5': 13, 'Best_epoch_NDCG@5': 13, 'Best_epoch_HR@10': 13, 'Best_epoch_NDCG@10': 13, 'Best_epoch_HR@20': 11, 'Best_epoch_NDCG@20': 13}
2026/08/25 15:28:19 - __main__ - INFO - 714 - trainer - Epoch: 14
2026/08/25 15:28:19 - __main__ - INFO - 719 - trainer - start predicting: 2026-08-25 15:28:19.871131
2026/08/25 15:28:21 - __main__ - INFO - 756 - trainer - {'Best_HR@5': 37.5488, 'Best_NDCG@5': 27.6205, 'Best_HR@10': 46.9727, 'Best_NDCG@10': 30.6173, 'Best_HR@20': 60.1074, 'Best_NDCG@20': 33.9573}
2026/08/25 15:28:21 - __main__ - INFO - 757 - trainer - {'Best_epoch_HR@5': 14, 'Best_epoch_NDCG@5': 14, 'Best_epoch_HR@10': 13, 'Best_epoch_NDCG@10': 14, 'Best_epoch_HR@20': 14, 'Best_epoch_NDCG@20': 14}
2026/08/25 15:28:22 - __main__ - INFO - 714 - trainer - Epoch: 15
2026/08/25 15:28:22 - __main__ - INFO - 719 - trainer - start predicting: 2026-08-25 15:28:22.009937
2026/08/25 15:28:23 - __main__ - INFO - 756 - trainer - {'Best_HR@5': 37.5488, 'Best_NDCG@5': 27.6643, 'Best_HR@10': 47.6074, 'Best_NDCG@10': 31.0266, 'Best_HR@20': 60.1562, 'Best_NDCG@20': 34.1883}
2026/08/25 15:28:23 - __main__ - INFO - 757 - trainer - {'Best_epoch_HR@5': 14, 'Best_epoch_NDCG@5': 15, 'Best_epoch_HR@10': 15, 'Best_epoch_NDCG@10': 15, 'Best_epoch_HR@20': 15, 'Best_epoch_NDCG@20': 15}
2026/08/25 15:28:24 - __main__ - INFO - 714 - trainer - Epoch: 16
2026/08/25 15:28:24 - __main__ - INFO - 719 - trainer - start predicting: 2026-08-25 15:28:24.384685
2026/08/25 15:28:25 - __main__ - INFO - 756 - trainer - {'Best_HR@5': 37.5977, 'Best_NDCG@5': 27.9375, 'Best_HR@10': 47.6074, 'Best_NDCG@10': 31.086, 'Best_HR@20': 60.2051, 'Best_NDCG@20': 34.3357}
2026/08/25 15:28:25 - __main__ - INFO - 757 - trainer - {'Best_epoch_HR@5': 16, 'Best_epoch_NDCG@5': 16, 'Best_epoch_HR@10': 15, 'Best_epoch_NDCG@10': 16, 'Best_epoch_HR@20': 16, 'Best_epoch_NDCG@20': 16}
2026/08/25 15:28:26 - __main__ - INFO - 714 - trainer - Epoch: 17
2026/08/25 15:28:26 - __main__ - INFO - 719 - trainer - start predicting: 2026-08-25 15:28:26.599248
2026/08/25 15:28:28 - __main__ - INFO - 714 - trainer - Epoch: 18
2026/08/25 15:28:28 - __main__ - INFO - 719 - trainer - start predicting: 2026-08-25 15:28:28.695621
2026/08/25 15:28:30 - __main__ - INFO - 756 - trainer - {'Best_HR@5': 37.793, 'Best_NDCG@5': 27.9375, 'Best_HR@10': 47.6562, 'Best_NDCG@10': 31.086, 'Best_HR@20': 60.2051, 'Best_NDCG@20': 34.3357}
2026/08/25 15:28:30 - __main__ - INFO - 757 - trainer - {'Best_epoch_HR@5': 18, 'Best_epoch_NDCG@5': 16, 'Best_epoch_HR@10': 18, 'Best_epoch_NDCG@10': 16, 'Best_epoch_HR@20': 16, 'Best_epoch_NDCG@20': 16}
2026/08/25 15:28:30 - __main__ - INFO - 714 - trainer - Epoch: 19
2026/08/25 15:28:30 - __main__ - INFO - 719 - trainer - start predicting: 2026-08-25 15:28:30.803291
2026/08/25 15:28:32 - __main__ - INFO - 756 - trainer - {'Best_HR@5': 37.9883, 'Best_NDCG@5': 28.0794, 'Best_HR@10': 47.7539, 'Best_NDCG@10': 31.2497, 'Best_HR@20': 60.2051, 'Best_NDCG@20': 34.357}
2026/08/25 15:28:32 - __main__ - INFO - 757 - trainer - {'Best_epoch_HR@5': 19, 'Best_epoch_NDCG@5': 19, 'Best_epoch_HR@10': 19, 'Best_epoch_NDCG@10': 19, 'Best_epoch_HR@20': 16, 'Best_epoch_NDCG@20': 19}
2026/08/25 15:28:32 - __main__ - INFO - 714 - trainer - Epoch: 20
2026/08/25 15:28:32 - __main__ - INFO - 719 - trainer - start predicting: 2026-08-25 15:28:32.941380
2026/08/25 15:28:34 - __main__ - INFO - 756 - trainer - {'Best_HR@5': 37.9883, 'Best_NDCG@5': 28.0794, 'Best_HR@10': 48.4375, 'Best_NDCG@10': 31.2497, 'Best_HR@20': 60.2539, 'Best_NDCG@20': 34.357}
2026/08/25 15:28:34 - __main__ - INFO - 757 - trainer - {'Best_epoch_HR@5': 19, 'Best_epoch_NDCG@5': 19, 'Best_epoch_HR@10': 20, 'Best_epoch_NDCG@10': 19, 'Best_epoch_HR@20': 20, 'Best_epoch_NDCG@20': 19}
2026/08/25 15:28:35 - __main__ - INFO - 714 - trainer - Epoch: 21
2026/08/25 15:28:35 - __main__ - INFO - 719 - trainer - start predicting: 2026-08-25 15:28:35.043939
2026/08/25 15:28:36 - __main__ - INFO - 756 - trainer - {'Best_HR@5': 38.5254, 'Best_NDCG@5': 28.0794, 'Best_HR@10': 48.4375, 'Best_NDCG@10': 31.2497, 'Best_HR@20': 60.4004, 'Best_NDCG@20': 34.357}
2026/08/25 15:28:36 - __main__ - INFO - 757 - trainer - {'Best_epoch_HR@5': 21, 'Best_epoch_NDCG@5': 19, 'Best_epoch_HR@10': 20, 'Best_epoch_NDCG@10': 19, 'Best_epoch_HR@20': 21, 'Best_epoch_NDCG@20': 19}
2026/08/25 15:28:37 - __main__ - INFO - 714 - trainer - Epoch: 22
2026/08/25 15:28:37 - __main__ - INFO - 719 - trainer - start predicting: 2026-08-25 15:28:37.163572
2026/08/25 15:28:39 - __main__ - INFO - 714 - trainer - Epoch: 23
2026/08/25 15:28:39 - __main__ - INFO - 719 - trainer - start predicting: 2026-08-25 15:28:39.266817
2026/08/25 15:28:41 - __main__ - INFO - 714 - trainer - Epoch: 24
2026/08/25 15:28:41 - __main__ - INFO - 719 - trainer - start predicting: 2026-08-25 15:28:41.339154
2026/08/25 15:28:43 - __main__ - INFO - 714 - trainer - Epoch: 25
2026/08/25 15:28:43 - __main__ - INFO - 719 - trainer - start predicting: 2026-08-25 15:28:43.472249
2026/08/25 15:28:45 - __main__ - INFO - 714 - trainer - Epoch: 26
2026/08/25 15:28:45 - __main__ - INFO - 719 - trainer - start predicting: 2026-08-25 15:28:45.616444
2026/08/25 15:28:47 - __main__ - INFO - 766 - trainer - {'Best_HR@5': 38.5254, 'Best_NDCG@5': 28.0794, 'Best_HR@10': 48.4375, 'Best_NDCG@10': 31.2497, 'Best_HR@20': 60.4004, 'Best_NDCG@20': 34.357}
2026/08/25 15:28:47 - __main__ - INFO - 767 - trainer - {'Best_epoch_HR@5': 21, 'Best_epoch_NDCG@5': 19, 'Best_epoch_HR@10': 20, 'Best_epoch_NDCG@10': 19, 'Best_epoch_HR@20': 21, 'Best_epoch_NDCG@20': 19}
2026/08/25 15:28:47 - __main__ - INFO - 873 - trainer - Target Popularity Definition---------------------------------------------
2026/08/25 15:28:47 - __main__ - INFO - 878 - trainer - {'domain': 'Target', 'popular_ratio': 0.2, 'observed_train_items': 21856, 'popular_items': 4372, 'unpopular_seen_items': 17484, 'unseen_items_in_test': 'calculated from test ground truth'}
2026/08/25 15:28:48 - __main__ - INFO - 1154 - trainer - %s Test Overall------------------------------------------------------
2026/08/25 15:28:48 - __main__ - INFO - 1158 - trainer - {'HR@5': 38.9105, 'NDCG@5': 28.6142, 'HR@10': 49.6109, 'NDCG@10': 32.0459, 'HR@20': 62.1595, 'NDCG@20': 35.1923}
2026/08/25 15:28:48 - __main__ - INFO - 1249 - trainer - Target Test Group Size----------------------------------------------
2026/08/25 15:28:48 - __main__ - INFO - 1254 - trainer - {'domain': 'Target', 'Overall_test_samples': 2056, 'Popular_test_samples': 1372, 'Unpopular_seen_test_samples': 505, 'Unseen_test_samples': 179, 'Grouped_test_samples': 2056}
2026/08/25 15:28:48 - __main__ - INFO - 1256 - trainer - Target Test Popular Ground Truth-------------------------------------
2026/08/25 15:28:48 - __main__ - INFO - 1261 - trainer - {'HR@5': 56.414, 'NDCG@5': 41.884, 'HR@10': 70.4082, 'NDCG@10': 46.3769, 'HR@20': 83.6006, 'NDCG@20': 49.6971}
2026/08/25 15:28:48 - __main__ - INFO - 1263 - trainer - Target Test Unpopular-Seen Ground Truth------------------------------
2026/08/25 15:28:48 - __main__ - INFO - 1268 - trainer - {'HR@5': 5.1485, 'NDCG@5': 2.7047, 'HR@10': 10.6931, 'NDCG@10': 4.4699, 'HR@20': 25.9406, 'NDCG@20': 8.2592}
2026/08/25 15:28:48 - __main__ - INFO - 1272 - trainer - Target Test Unseen Ground Truth--------------------------------------
2026/08/25 15:28:48 - __main__ - INFO - 1277 - trainer - {'HR@5': 0.0, 'NDCG@5': 0.0, 'HR@10': 0.0, 'NDCG@10': 0.0, 'HR@20': 0.0, 'NDCG@20': 0.0}
2026/08/25 15:28:48 - __main__ - INFO - 1279 - trainer - Target Recommendation Popularity-------------------------------------
2026/08/25 15:28:48 - __main__ - INFO - 1284 - trainer - {'PopularRatio@5': 85.9825, 'PopularRatio@10': 72.3833, 'PopularRatio@20': 56.0214}
2026/08/25 15:28:48 - __main__ - INFO - 1287 - trainer - Best Eval---------------------------------------------------------
2026/08/25 15:28:48 - __main__ - INFO - 1290 - trainer - {'Best_HR@5': 38.5254, 'Best_NDCG@5': 28.0794, 'Best_HR@10': 48.4375, 'Best_NDCG@10': 31.2497, 'Best_HR@20': 60.4004, 'Best_NDCG@20': 34.357}
2026/08/25 15:28:48 - __main__ - INFO - 1291 - trainer - {'Best_epoch_HR@5': 21, 'Best_epoch_NDCG@5': 19, 'Best_epoch_HR@10': 20, 'Best_epoch_NDCG@10': 19, 'Best_epoch_HR@20': 21, 'Best_epoch_NDCG@20': 19}
2026/08/25 15:28:49 - __main__ - INFO - 179 - main - Target model saved at: ./saved_model/movie_video/target_model.pth
