2026/08/25 14:56:36 - __main__ - INFO - 93 - main - Namespace(batch_size=512, decay_step=100, description='Diffu_norm_score', device='cuda', diffusion_steps=32, dropout=0.1, emb_dropout=0.3, epochs=100, eval_interval=5, gamma=0.1, group_alignment=1, group_alignment_mode='both', group_context_threshold=0.5, group_pop_weight=1.0, group_tail_weight=1.0, hidden_act='gelu', hidden_size=128, lambda_uncertainty=0.001, log_file='log/', loss_lambda=1, lr=0.001, max_len=8, metric_ks=[5, 10, 20], momentum=None, noise_schedule='trunc_lin', num_blocks=4, num_gpu=1, optimizer='Adam', p=0.3, patience=2, popular_ratio=0.2, random_seed=1997, rescale_timesteps=True, s_dataset='movie', schedule_sampler_name='lossaware', t_dataset='video', target_next_focus_bin='very_low', target_next_reweight_alpha=0.1, target_next_rule_reweight=1, w=1.0, weight_decay=0)
2026/08/25 14:56:40 - __main__ - INFO - 562 - trainer - Group-aware Alignment Definition------------------------------------
2026/08/25 14:56:40 - __main__ - INFO - 566 - trainer - {'group_alignment': True, 'alignment_mode': 'both', 'context_threshold': 0.5, 'popular_weight': 1.0, 'tail_weight': 1.0, 'source_popular_items': 17856, 'target_popular_items': 4372}
2026/08/25 14:56:40 - __main__ - INFO - 698 - trainer - Group-aware Alignment Batch------------------------------------
2026/08/25 14:56:40 - __main__ - INFO - 703 - trainer - {'Epoch': 0, 'Source Popular-context': 407, 'Source Tail-context': 75, 'Target Popular-context': 379, 'Target Tail-context': 87}
2026/08/25 14:56:45 - __main__ - INFO - 714 - trainer - Epoch: 0
2026/08/25 14:56:45 - __main__ - INFO - 698 - trainer - Group-aware Alignment Batch------------------------------------
2026/08/25 14:56:45 - __main__ - INFO - 703 - trainer - {'Epoch': 1, 'Source Popular-context': 394, 'Source Tail-context': 77, 'Target Popular-context': 372, 'Target Tail-context': 83}
2026/08/25 14:56:49 - __main__ - INFO - 714 - trainer - Epoch: 1
2026/08/25 14:56:49 - __main__ - INFO - 698 - trainer - Group-aware Alignment Batch------------------------------------
2026/08/25 14:56:49 - __main__ - INFO - 703 - trainer - {'Epoch': 2, 'Source Popular-context': 393, 'Source Tail-context': 73, 'Target Popular-context': 387, 'Target Tail-context': 77}
2026/08/25 14:56:54 - __main__ - INFO - 714 - trainer - Epoch: 2
2026/08/25 14:56:54 - __main__ - INFO - 698 - trainer - Group-aware Alignment Batch------------------------------------
2026/08/25 14:56:54 - __main__ - INFO - 703 - trainer - {'Epoch': 3, 'Source Popular-context': 409, 'Source Tail-context': 56, 'Target Popular-context': 342, 'Target Tail-context': 98}
2026/08/25 14:56:58 - __main__ - INFO - 714 - trainer - Epoch: 3
2026/08/25 14:56:58 - __main__ - INFO - 698 - trainer - Group-aware Alignment Batch------------------------------------
2026/08/25 14:56:58 - __main__ - INFO - 703 - trainer - {'Epoch': 4, 'Source Popular-context': 418, 'Source Tail-context': 59, 'Target Popular-context': 370, 'Target Tail-context': 79}
2026/08/25 14:57:03 - __main__ - INFO - 714 - trainer - Epoch: 4
2026/08/25 14:57:03 - __main__ - INFO - 698 - trainer - Group-aware Alignment Batch------------------------------------
2026/08/25 14:57:03 - __main__ - INFO - 703 - trainer - {'Epoch': 5, 'Source Popular-context': 403, 'Source Tail-context': 59, 'Target Popular-context': 368, 'Target Tail-context': 85}
2026/08/25 14:57:07 - __main__ - INFO - 714 - trainer - Epoch: 5
2026/08/25 14:57:07 - __main__ - INFO - 719 - trainer - start predicting: 2026-08-25 14:57:07.473028
2026/08/25 14:57:18 - __main__ - INFO - 756 - trainer - {'Best_HR@5': 38.6621, 'Best_NDCG@5': 29.8305, 'Best_HR@10': 49.1016, 'Best_NDCG@10': 33.2054, 'Best_HR@20': 61.8359, 'Best_NDCG@20': 36.4132}
2026/08/25 14:57:18 - __main__ - INFO - 757 - trainer - {'Best_epoch_HR@5': 5, 'Best_epoch_NDCG@5': 5, 'Best_epoch_HR@10': 5, 'Best_epoch_NDCG@10': 5, 'Best_epoch_HR@20': 5, 'Best_epoch_NDCG@20': 5}
2026/08/25 14:57:19 - __main__ - INFO - 698 - trainer - Group-aware Alignment Batch------------------------------------
2026/08/25 14:57:19 - __main__ - INFO - 703 - trainer - {'Epoch': 6, 'Source Popular-context': 423, 'Source Tail-context': 54, 'Target Popular-context': 362, 'Target Tail-context': 95}
2026/08/25 14:57:23 - __main__ - INFO - 714 - trainer - Epoch: 6
2026/08/25 14:57:23 - __main__ - INFO - 698 - trainer - Group-aware Alignment Batch------------------------------------
2026/08/25 14:57:23 - __main__ - INFO - 703 - trainer - {'Epoch': 7, 'Source Popular-context': 421, 'Source Tail-context': 63, 'Target Popular-context': 375, 'Target Tail-context': 85}
2026/08/25 14:57:28 - __main__ - INFO - 714 - trainer - Epoch: 7
2026/08/25 14:57:28 - __main__ - INFO - 698 - trainer - Group-aware Alignment Batch------------------------------------
2026/08/25 14:57:28 - __main__ - INFO - 703 - trainer - {'Epoch': 8, 'Source Popular-context': 421, 'Source Tail-context': 59, 'Target Popular-context': 368, 'Target Tail-context': 94}
2026/08/25 14:57:32 - __main__ - INFO - 714 - trainer - Epoch: 8
2026/08/25 14:57:32 - __main__ - INFO - 698 - trainer - Group-aware Alignment Batch------------------------------------
2026/08/25 14:57:32 - __main__ - INFO - 703 - trainer - {'Epoch': 9, 'Source Popular-context': 402, 'Source Tail-context': 78, 'Target Popular-context': 378, 'Target Tail-context': 85}
2026/08/25 14:57:37 - __main__ - INFO - 714 - trainer - Epoch: 9
2026/08/25 14:57:37 - __main__ - INFO - 698 - trainer - Group-aware Alignment Batch------------------------------------
2026/08/25 14:57:37 - __main__ - INFO - 703 - trainer - {'Epoch': 10, 'Source Popular-context': 428, 'Source Tail-context': 46, 'Target Popular-context': 374, 'Target Tail-context': 78}
2026/08/25 14:57:41 - __main__ - INFO - 714 - trainer - Epoch: 10
2026/08/25 14:57:41 - __main__ - INFO - 719 - trainer - start predicting: 2026-08-25 14:57:41.259179
2026/08/25 14:57:52 - __main__ - INFO - 756 - trainer - {'Best_HR@5': 48.2227, 'Best_NDCG@5': 36.8793, 'Best_HR@10': 58.877, 'Best_NDCG@10': 40.3294, 'Best_HR@20': 69.4629, 'Best_NDCG@20': 43.0071}
2026/08/25 14:57:52 - __main__ - INFO - 757 - trainer - {'Best_epoch_HR@5': 10, 'Best_epoch_NDCG@5': 10, 'Best_epoch_HR@10': 10, 'Best_epoch_NDCG@10': 10, 'Best_epoch_HR@20': 10, 'Best_epoch_NDCG@20': 10}
2026/08/25 14:57:52 - __main__ - INFO - 698 - trainer - Group-aware Alignment Batch------------------------------------
2026/08/25 14:57:52 - __main__ - INFO - 703 - trainer - {'Epoch': 11, 'Source Popular-context': 413, 'Source Tail-context': 60, 'Target Popular-context': 381, 'Target Tail-context': 85}
2026/08/25 14:57:56 - __main__ - INFO - 714 - trainer - Epoch: 11
2026/08/25 14:57:56 - __main__ - INFO - 698 - trainer - Group-aware Alignment Batch------------------------------------
2026/08/25 14:57:56 - __main__ - INFO - 703 - trainer - {'Epoch': 12, 'Source Popular-context': 424, 'Source Tail-context': 60, 'Target Popular-context': 372, 'Target Tail-context': 80}
2026/08/25 14:58:01 - __main__ - INFO - 714 - trainer - Epoch: 12
2026/08/25 14:58:01 - __main__ - INFO - 698 - trainer - Group-aware Alignment Batch------------------------------------
2026/08/25 14:58:01 - __main__ - INFO - 703 - trainer - {'Epoch': 13, 'Source Popular-context': 411, 'Source Tail-context': 73, 'Target Popular-context': 382, 'Target Tail-context': 79}
2026/08/25 14:58:05 - __main__ - INFO - 714 - trainer - Epoch: 13
2026/08/25 14:58:05 - __main__ - INFO - 698 - trainer - Group-aware Alignment Batch------------------------------------
2026/08/25 14:58:05 - __main__ - INFO - 703 - trainer - {'Epoch': 14, 'Source Popular-context': 423, 'Source Tail-context': 65, 'Target Popular-context': 379, 'Target Tail-context': 94}
2026/08/25 14:58:10 - __main__ - INFO - 714 - trainer - Epoch: 14
2026/08/25 14:58:10 - __main__ - INFO - 698 - trainer - Group-aware Alignment Batch------------------------------------
2026/08/25 14:58:10 - __main__ - INFO - 703 - trainer - {'Epoch': 15, 'Source Popular-context': 422, 'Source Tail-context': 58, 'Target Popular-context': 373, 'Target Tail-context': 98}
2026/08/25 14:58:14 - __main__ - INFO - 714 - trainer - Epoch: 15
2026/08/25 14:58:14 - __main__ - INFO - 719 - trainer - start predicting: 2026-08-25 14:58:14.870777
2026/08/25 14:58:26 - __main__ - INFO - 756 - trainer - {'Best_HR@5': 49.1797, 'Best_NDCG@5': 37.4333, 'Best_HR@10': 60.3223, 'Best_NDCG@10': 41.0498, 'Best_HR@20': 70.4297, 'Best_NDCG@20': 43.6145}
2026/08/25 14:58:26 - __main__ - INFO - 757 - trainer - {'Best_epoch_HR@5': 15, 'Best_epoch_NDCG@5': 15, 'Best_epoch_HR@10': 15, 'Best_epoch_NDCG@10': 15, 'Best_epoch_HR@20': 15, 'Best_epoch_NDCG@20': 15}
2026/08/25 14:58:27 - __main__ - INFO - 698 - trainer - Group-aware Alignment Batch------------------------------------
2026/08/25 14:58:27 - __main__ - INFO - 703 - trainer - {'Epoch': 16, 'Source Popular-context': 403, 'Source Tail-context': 65, 'Target Popular-context': 374, 'Target Tail-context': 89}
2026/08/25 14:58:31 - __main__ - INFO - 714 - trainer - Epoch: 16
2026/08/25 14:58:31 - __main__ - INFO - 698 - trainer - Group-aware Alignment Batch------------------------------------
2026/08/25 14:58:31 - __main__ - INFO - 703 - trainer - {'Epoch': 17, 'Source Popular-context': 423, 'Source Tail-context': 52, 'Target Popular-context': 355, 'Target Tail-context': 109}
2026/08/25 14:58:36 - __main__ - INFO - 714 - trainer - Epoch: 17
2026/08/25 14:58:36 - __main__ - INFO - 698 - trainer - Group-aware Alignment Batch------------------------------------
2026/08/25 14:58:36 - __main__ - INFO - 703 - trainer - {'Epoch': 18, 'Source Popular-context': 413, 'Source Tail-context': 63, 'Target Popular-context': 386, 'Target Tail-context': 85}
2026/08/25 14:58:40 - __main__ - INFO - 714 - trainer - Epoch: 18
2026/08/25 14:58:40 - __main__ - INFO - 698 - trainer - Group-aware Alignment Batch------------------------------------
2026/08/25 14:58:40 - __main__ - INFO - 703 - trainer - {'Epoch': 19, 'Source Popular-context': 402, 'Source Tail-context': 63, 'Target Popular-context': 367, 'Target Tail-context': 94}
2026/08/25 14:58:45 - __main__ - INFO - 714 - trainer - Epoch: 19
2026/08/25 14:58:45 - __main__ - INFO - 698 - trainer - Group-aware Alignment Batch------------------------------------
2026/08/25 14:58:45 - __main__ - INFO - 703 - trainer - {'Epoch': 20, 'Source Popular-context': 409, 'Source Tail-context': 62, 'Target Popular-context': 373, 'Target Tail-context': 82}
2026/08/25 14:58:50 - __main__ - INFO - 714 - trainer - Epoch: 20
2026/08/25 14:58:50 - __main__ - INFO - 719 - trainer - start predicting: 2026-08-25 14:58:50.097222
2026/08/25 14:59:02 - __main__ - INFO - 698 - trainer - Group-aware Alignment Batch------------------------------------
2026/08/25 14:59:02 - __main__ - INFO - 703 - trainer - {'Epoch': 21, 'Source Popular-context': 404, 'Source Tail-context': 63, 'Target Popular-context': 372, 'Target Tail-context': 83}
2026/08/25 14:59:06 - __main__ - INFO - 714 - trainer - Epoch: 21
2026/08/25 14:59:06 - __main__ - INFO - 698 - trainer - Group-aware Alignment Batch------------------------------------
2026/08/25 14:59:06 - __main__ - INFO - 703 - trainer - {'Epoch': 22, 'Source Popular-context': 416, 'Source Tail-context': 59, 'Target Popular-context': 370, 'Target Tail-context': 78}
2026/08/25 14:59:11 - __main__ - INFO - 714 - trainer - Epoch: 22
2026/08/25 14:59:11 - __main__ - INFO - 698 - trainer - Group-aware Alignment Batch------------------------------------
2026/08/25 14:59:11 - __main__ - INFO - 703 - trainer - {'Epoch': 23, 'Source Popular-context': 404, 'Source Tail-context': 69, 'Target Popular-context': 385, 'Target Tail-context': 81}
2026/08/25 14:59:15 - __main__ - INFO - 714 - trainer - Epoch: 23
2026/08/25 14:59:15 - __main__ - INFO - 698 - trainer - Group-aware Alignment Batch------------------------------------
2026/08/25 14:59:15 - __main__ - INFO - 703 - trainer - {'Epoch': 24, 'Source Popular-context': 400, 'Source Tail-context': 74, 'Target Popular-context': 373, 'Target Tail-context': 90}
2026/08/25 14:59:20 - __main__ - INFO - 714 - trainer - Epoch: 24
2026/08/25 14:59:20 - __main__ - INFO - 698 - trainer - Group-aware Alignment Batch------------------------------------
2026/08/25 14:59:20 - __main__ - INFO - 703 - trainer - {'Epoch': 25, 'Source Popular-context': 415, 'Source Tail-context': 50, 'Target Popular-context': 382, 'Target Tail-context': 81}
2026/08/25 14:59:24 - __main__ - INFO - 714 - trainer - Epoch: 25
2026/08/25 14:59:24 - __main__ - INFO - 719 - trainer - start predicting: 2026-08-25 14:59:24.680277
2026/08/25 14:59:36 - __main__ - INFO - 766 - trainer - {'Best_HR@5': 49.1797, 'Best_NDCG@5': 37.4333, 'Best_HR@10': 60.3223, 'Best_NDCG@10': 41.0498, 'Best_HR@20': 70.4297, 'Best_NDCG@20': 43.6145}
2026/08/25 14:59:36 - __main__ - INFO - 767 - trainer - {'Best_epoch_HR@5': 15, 'Best_epoch_NDCG@5': 15, 'Best_epoch_HR@10': 15, 'Best_epoch_NDCG@10': 15, 'Best_epoch_HR@20': 15, 'Best_epoch_NDCG@20': 15}
2026/08/25 14:59:36 - __main__ - INFO - 873 - trainer - Source Popularity Definition---------------------------------------------
2026/08/25 14:59:36 - __main__ - INFO - 878 - trainer - {'domain': 'Source', 'popular_ratio': 0.2, 'observed_train_items': 89276, 'popular_items': 17856, 'unpopular_seen_items': 71420, 'unseen_items_in_test': 'calculated from test ground truth'}
2026/08/25 14:59:43 - __main__ - INFO - 1154 - trainer - %s Test Overall------------------------------------------------------
2026/08/25 14:59:43 - __main__ - INFO - 1158 - trainer - {'HR@5': 49.8753, 'NDCG@5': 38.1821, 'HR@10': 60.4107, 'NDCG@10': 41.608, 'HR@20': 70.1785, 'NDCG@20': 44.0883}
2026/08/25 14:59:43 - __main__ - INFO - 1249 - trainer - Source Test Group Size----------------------------------------------
2026/08/25 14:59:43 - __main__ - INFO - 1254 - trainer - {'domain': 'Source', 'Overall_test_samples': 10422, 'Popular_test_samples': 7854, 'Unpopular_seen_test_samples': 1824, 'Unseen_test_samples': 744, 'Grouped_test_samples': 10422}
2026/08/25 14:59:43 - __main__ - INFO - 1256 - trainer - Source Test Popular Ground Truth-------------------------------------
2026/08/25 14:59:43 - __main__ - INFO - 1261 - trainer - {'HR@5': 65.4826, 'NDCG@5': 50.336, 'HR@10': 78.2022, 'NDCG@10': 54.4832, 'HR@20': 87.9297, 'NDCG@20': 56.9665}
2026/08/25 14:59:43 - __main__ - INFO - 1263 - trainer - Source Test Unpopular-Seen Ground Truth------------------------------
2026/08/25 14:59:43 - __main__ - INFO - 1268 - trainer - {'HR@5': 3.0154, 'NDCG@5': 1.4225, 'HR@10': 8.443, 'NDCG@10': 3.1399, 'HR@20': 22.3684, 'NDCG@20': 6.6193}
2026/08/25 14:59:43 - __main__ - INFO - 1272 - trainer - Source Test Unseen Ground Truth--------------------------------------
2026/08/25 14:59:43 - __main__ - INFO - 1277 - trainer - {'HR@5': 0.0, 'NDCG@5': 0.0, 'HR@10': 0.0, 'NDCG@10': 0.0, 'HR@20': 0.0, 'NDCG@20': 0.0}
2026/08/25 14:59:43 - __main__ - INFO - 1279 - trainer - Source Recommendation Popularity-------------------------------------
2026/08/25 14:59:43 - __main__ - INFO - 1284 - trainer - {'PopularRatio@5': 93.5483, 'PopularRatio@10': 82.1061, 'PopularRatio@20': 61.7319}
2026/08/25 14:59:43 - __main__ - INFO - 1287 - trainer - Best Eval---------------------------------------------------------
2026/08/25 14:59:43 - __main__ - INFO - 1290 - trainer - {'Best_HR@5': 49.1797, 'Best_NDCG@5': 37.4333, 'Best_HR@10': 60.3223, 'Best_NDCG@10': 41.0498, 'Best_HR@20': 70.4297, 'Best_NDCG@20': 43.6145}
2026/08/25 14:59:43 - __main__ - INFO - 1291 - trainer - {'Best_epoch_HR@5': 15, 'Best_epoch_NDCG@5': 15, 'Best_epoch_HR@10': 15, 'Best_epoch_NDCG@10': 15, 'Best_epoch_HR@20': 15, 'Best_epoch_NDCG@20': 15}
2026/08/25 14:59:43 - __main__ - INFO - 505 - trainer - D1 Sample-wise Target Next Regulation
2026/08/25 14:59:43 - __main__ - INFO - 508 - trainer - {'D1': 'Sample-wise Target Next Regulation', 'Popular Next Action': 'Normal', 'Unpopular Next Action': 'Reweight', 'Popular Next Samples': 11526, 'Unpopular Next Samples': 4912, 'Alpha': 0.1, 'Mean Unpopular Raw Weight': 1.025}
2026/08/25 14:59:44 - __main__ - INFO - 714 - trainer - Epoch: 0
2026/08/25 14:59:44 - __main__ - INFO - 714 - trainer - Epoch: 1
2026/08/25 14:59:44 - __main__ - INFO - 719 - trainer - start predicting: 2026-08-25 14:59:44.611599
2026/08/25 14:59:46 - __main__ - INFO - 756 - trainer - {'Best_HR@5': 8.0078, 'Best_NDCG@5': 4.4309, 'Best_HR@10': 14.6973, 'Best_NDCG@10': 6.5627, 'Best_HR@20': 30.2734, 'Best_NDCG@20': 10.4645}
2026/08/25 14:59:46 - __main__ - INFO - 757 - trainer - {'Best_epoch_HR@5': 1, 'Best_epoch_NDCG@5': 1, 'Best_epoch_HR@10': 1, 'Best_epoch_NDCG@10': 1, 'Best_epoch_HR@20': 1, 'Best_epoch_NDCG@20': 1}
2026/08/25 14:59:46 - __main__ - INFO - 714 - trainer - Epoch: 2
2026/08/25 14:59:46 - __main__ - INFO - 719 - trainer - start predicting: 2026-08-25 14:59:46.814546
2026/08/25 14:59:48 - __main__ - INFO - 756 - trainer - {'Best_HR@5': 13.5254, 'Best_NDCG@5': 8.3709, 'Best_HR@10': 22.4609, 'Best_NDCG@10': 11.2056, 'Best_HR@20': 38.3789, 'Best_NDCG@20': 15.1945}
2026/08/25 14:59:48 - __main__ - INFO - 757 - trainer - {'Best_epoch_HR@5': 2, 'Best_epoch_NDCG@5': 2, 'Best_epoch_HR@10': 2, 'Best_epoch_NDCG@10': 2, 'Best_epoch_HR@20': 2, 'Best_epoch_NDCG@20': 2}
2026/08/25 14:59:48 - __main__ - INFO - 714 - trainer - Epoch: 3
2026/08/25 14:59:48 - __main__ - INFO - 719 - trainer - start predicting: 2026-08-25 14:59:48.906789
2026/08/25 14:59:50 - __main__ - INFO - 756 - trainer - {'Best_HR@5': 18.8965, 'Best_NDCG@5': 12.2065, 'Best_HR@10': 30.127, 'Best_NDCG@10': 15.7839, 'Best_HR@20': 45.8984, 'Best_NDCG@20': 19.7483}
2026/08/25 14:59:50 - __main__ - INFO - 757 - trainer - {'Best_epoch_HR@5': 3, 'Best_epoch_NDCG@5': 3, 'Best_epoch_HR@10': 3, 'Best_epoch_NDCG@10': 3, 'Best_epoch_HR@20': 3, 'Best_epoch_NDCG@20': 3}
2026/08/25 14:59:51 - __main__ - INFO - 714 - trainer - Epoch: 4
2026/08/25 14:59:51 - __main__ - INFO - 719 - trainer - start predicting: 2026-08-25 14:59:51.007112
2026/08/25 14:59:52 - __main__ - INFO - 756 - trainer - {'Best_HR@5': 24.1699, 'Best_NDCG@5': 16.0717, 'Best_HR@10': 35.1562, 'Best_NDCG@10': 19.5872, 'Best_HR@20': 50.3906, 'Best_NDCG@20': 23.4256}
2026/08/25 14:59:52 - __main__ - INFO - 757 - trainer - {'Best_epoch_HR@5': 4, 'Best_epoch_NDCG@5': 4, 'Best_epoch_HR@10': 4, 'Best_epoch_NDCG@10': 4, 'Best_epoch_HR@20': 4, 'Best_epoch_NDCG@20': 4}
2026/08/25 14:59:53 - __main__ - INFO - 714 - trainer - Epoch: 5
2026/08/25 14:59:53 - __main__ - INFO - 719 - trainer - start predicting: 2026-08-25 14:59:53.139345
2026/08/25 14:59:54 - __main__ - INFO - 756 - trainer - {'Best_HR@5': 25.8789, 'Best_NDCG@5': 18.0965, 'Best_HR@10': 37.8906, 'Best_NDCG@10': 21.9932, 'Best_HR@20': 53.2227, 'Best_NDCG@20': 25.8418}
2026/08/25 14:59:54 - __main__ - INFO - 757 - trainer - {'Best_epoch_HR@5': 5, 'Best_epoch_NDCG@5': 5, 'Best_epoch_HR@10': 5, 'Best_epoch_NDCG@10': 5, 'Best_epoch_HR@20': 5, 'Best_epoch_NDCG@20': 5}
2026/08/25 14:59:55 - __main__ - INFO - 714 - trainer - Epoch: 6
2026/08/25 14:59:55 - __main__ - INFO - 719 - trainer - start predicting: 2026-08-25 14:59:55.239764
2026/08/25 14:59:56 - __main__ - INFO - 756 - trainer - {'Best_HR@5': 30.0293, 'Best_NDCG@5': 21.2449, 'Best_HR@10': 40.2832, 'Best_NDCG@10': 24.5505, 'Best_HR@20': 55.957, 'Best_NDCG@20': 28.4822}
2026/08/25 14:59:56 - __main__ - INFO - 757 - trainer - {'Best_epoch_HR@5': 6, 'Best_epoch_NDCG@5': 6, 'Best_epoch_HR@10': 6, 'Best_epoch_NDCG@10': 6, 'Best_epoch_HR@20': 6, 'Best_epoch_NDCG@20': 6}
2026/08/25 14:59:57 - __main__ - INFO - 714 - trainer - Epoch: 7
2026/08/25 14:59:57 - __main__ - INFO - 719 - trainer - start predicting: 2026-08-25 14:59:57.359519
2026/08/25 14:59:58 - __main__ - INFO - 756 - trainer - {'Best_HR@5': 32.4219, 'Best_NDCG@5': 23.3587, 'Best_HR@10': 41.8945, 'Best_NDCG@10': 26.4084, 'Best_HR@20': 56.8359, 'Best_NDCG@20': 30.1372}
2026/08/25 14:59:58 - __main__ - INFO - 757 - trainer - {'Best_epoch_HR@5': 7, 'Best_epoch_NDCG@5': 7, 'Best_epoch_HR@10': 7, 'Best_epoch_NDCG@10': 7, 'Best_epoch_HR@20': 7, 'Best_epoch_NDCG@20': 7}
2026/08/25 14:59:59 - __main__ - INFO - 714 - trainer - Epoch: 8
2026/08/25 14:59:59 - __main__ - INFO - 719 - trainer - start predicting: 2026-08-25 14:59:59.412359
2026/08/25 15:00:00 - __main__ - INFO - 756 - trainer - {'Best_HR@5': 33.1543, 'Best_NDCG@5': 24.8519, 'Best_HR@10': 43.4082, 'Best_NDCG@10': 28.1419, 'Best_HR@20': 57.9102, 'Best_NDCG@20': 31.7967}
2026/08/25 15:00:00 - __main__ - INFO - 757 - trainer - {'Best_epoch_HR@5': 8, 'Best_epoch_NDCG@5': 8, 'Best_epoch_HR@10': 8, 'Best_epoch_NDCG@10': 8, 'Best_epoch_HR@20': 8, 'Best_epoch_NDCG@20': 8}
2026/08/25 15:00:01 - __main__ - INFO - 714 - trainer - Epoch: 9
2026/08/25 15:00:01 - __main__ - INFO - 719 - trainer - start predicting: 2026-08-25 15:00:01.482965
2026/08/25 15:00:03 - __main__ - INFO - 756 - trainer - {'Best_HR@5': 34.8145, 'Best_NDCG@5': 25.8, 'Best_HR@10': 44.5801, 'Best_NDCG@10': 28.9496, 'Best_HR@20': 57.9102, 'Best_NDCG@20': 32.2751}
2026/08/25 15:00:03 - __main__ - INFO - 757 - trainer - {'Best_epoch_HR@5': 9, 'Best_epoch_NDCG@5': 9, 'Best_epoch_HR@10': 9, 'Best_epoch_NDCG@10': 9, 'Best_epoch_HR@20': 8, 'Best_epoch_NDCG@20': 9}
2026/08/25 15:00:03 - __main__ - INFO - 714 - trainer - Epoch: 10
2026/08/25 15:00:03 - __main__ - INFO - 719 - trainer - start predicting: 2026-08-25 15:00:03.568603
2026/08/25 15:00:05 - __main__ - INFO - 756 - trainer - {'Best_HR@5': 35.498, 'Best_NDCG@5': 26.8956, 'Best_HR@10': 46.0449, 'Best_NDCG@10': 30.282, 'Best_HR@20': 58.5449, 'Best_NDCG@20': 33.4193}
2026/08/25 15:00:05 - __main__ - INFO - 757 - trainer - {'Best_epoch_HR@5': 10, 'Best_epoch_NDCG@5': 10, 'Best_epoch_HR@10': 10, 'Best_epoch_NDCG@10': 10, 'Best_epoch_HR@20': 10, 'Best_epoch_NDCG@20': 10}
2026/08/25 15:00:05 - __main__ - INFO - 714 - trainer - Epoch: 11
2026/08/25 15:00:05 - __main__ - INFO - 719 - trainer - start predicting: 2026-08-25 15:00:05.697348
2026/08/25 15:00:07 - __main__ - INFO - 756 - trainer - {'Best_HR@5': 36.3281, 'Best_NDCG@5': 27.1563, 'Best_HR@10': 46.3867, 'Best_NDCG@10': 30.4361, 'Best_HR@20': 59.9121, 'Best_NDCG@20': 33.8402}
2026/08/25 15:00:07 - __main__ - INFO - 757 - trainer - {'Best_epoch_HR@5': 11, 'Best_epoch_NDCG@5': 11, 'Best_epoch_HR@10': 11, 'Best_epoch_NDCG@10': 11, 'Best_epoch_HR@20': 11, 'Best_epoch_NDCG@20': 11}
2026/08/25 15:00:07 - __main__ - INFO - 714 - trainer - Epoch: 12
2026/08/25 15:00:07 - __main__ - INFO - 719 - trainer - start predicting: 2026-08-25 15:00:07.775955
2026/08/25 15:00:09 - __main__ - INFO - 756 - trainer - {'Best_HR@5': 36.5234, 'Best_NDCG@5': 27.1563, 'Best_HR@10': 48.1934, 'Best_NDCG@10': 30.8927, 'Best_HR@20': 59.9121, 'Best_NDCG@20': 33.8402}
2026/08/25 15:00:09 - __main__ - INFO - 757 - trainer - {'Best_epoch_HR@5': 12, 'Best_epoch_NDCG@5': 11, 'Best_epoch_HR@10': 12, 'Best_epoch_NDCG@10': 12, 'Best_epoch_HR@20': 11, 'Best_epoch_NDCG@20': 11}
2026/08/25 15:00:09 - __main__ - INFO - 714 - trainer - Epoch: 13
2026/08/25 15:00:09 - __main__ - INFO - 719 - trainer - start predicting: 2026-08-25 15:00:09.864323
2026/08/25 15:00:11 - __main__ - INFO - 756 - trainer - {'Best_HR@5': 37.1582, 'Best_NDCG@5': 27.6273, 'Best_HR@10': 48.1934, 'Best_NDCG@10': 31.0089, 'Best_HR@20': 59.9121, 'Best_NDCG@20': 33.9992}
2026/08/25 15:00:11 - __main__ - INFO - 757 - trainer - {'Best_epoch_HR@5': 13, 'Best_epoch_NDCG@5': 13, 'Best_epoch_HR@10': 12, 'Best_epoch_NDCG@10': 13, 'Best_epoch_HR@20': 11, 'Best_epoch_NDCG@20': 13}
2026/08/25 15:00:11 - __main__ - INFO - 714 - trainer - Epoch: 14
2026/08/25 15:00:11 - __main__ - INFO - 719 - trainer - start predicting: 2026-08-25 15:00:11.965918
2026/08/25 15:00:13 - __main__ - INFO - 756 - trainer - {'Best_HR@5': 37.5488, 'Best_NDCG@5': 27.7318, 'Best_HR@10': 48.1934, 'Best_NDCG@10': 31.0089, 'Best_HR@20': 59.9121, 'Best_NDCG@20': 34.0734}
2026/08/25 15:00:13 - __main__ - INFO - 757 - trainer - {'Best_epoch_HR@5': 14, 'Best_epoch_NDCG@5': 14, 'Best_epoch_HR@10': 12, 'Best_epoch_NDCG@10': 13, 'Best_epoch_HR@20': 11, 'Best_epoch_NDCG@20': 14}
2026/08/25 15:00:14 - __main__ - INFO - 714 - trainer - Epoch: 15
2026/08/25 15:00:14 - __main__ - INFO - 719 - trainer - start predicting: 2026-08-25 15:00:14.129642
2026/08/25 15:00:15 - __main__ - INFO - 756 - trainer - {'Best_HR@5': 37.5488, 'Best_NDCG@5': 27.9112, 'Best_HR@10': 48.1934, 'Best_NDCG@10': 31.3854, 'Best_HR@20': 60.498, 'Best_NDCG@20': 34.4967}
2026/08/25 15:00:15 - __main__ - INFO - 757 - trainer - {'Best_epoch_HR@5': 14, 'Best_epoch_NDCG@5': 15, 'Best_epoch_HR@10': 12, 'Best_epoch_NDCG@10': 15, 'Best_epoch_HR@20': 15, 'Best_epoch_NDCG@20': 15}
2026/08/25 15:00:16 - __main__ - INFO - 714 - trainer - Epoch: 16
2026/08/25 15:00:16 - __main__ - INFO - 719 - trainer - start predicting: 2026-08-25 15:00:16.298015
2026/08/25 15:00:17 - __main__ - INFO - 756 - trainer - {'Best_HR@5': 37.9395, 'Best_NDCG@5': 28.1827, 'Best_HR@10': 48.3398, 'Best_NDCG@10': 31.5177, 'Best_HR@20': 60.498, 'Best_NDCG@20': 34.5556}
2026/08/25 15:00:17 - __main__ - INFO - 757 - trainer - {'Best_epoch_HR@5': 16, 'Best_epoch_NDCG@5': 16, 'Best_epoch_HR@10': 16, 'Best_epoch_NDCG@10': 16, 'Best_epoch_HR@20': 15, 'Best_epoch_NDCG@20': 16}
2026/08/25 15:00:18 - __main__ - INFO - 714 - trainer - Epoch: 17
2026/08/25 15:00:18 - __main__ - INFO - 719 - trainer - start predicting: 2026-08-25 15:00:18.537198
2026/08/25 15:00:20 - __main__ - INFO - 714 - trainer - Epoch: 18
2026/08/25 15:00:20 - __main__ - INFO - 719 - trainer - start predicting: 2026-08-25 15:00:20.612660
2026/08/25 15:00:22 - __main__ - INFO - 756 - trainer - {'Best_HR@5': 38.3789, 'Best_NDCG@5': 28.1827, 'Best_HR@10': 48.3398, 'Best_NDCG@10': 31.5177, 'Best_HR@20': 60.5957, 'Best_NDCG@20': 34.5556}
2026/08/25 15:00:22 - __main__ - INFO - 757 - trainer - {'Best_epoch_HR@5': 18, 'Best_epoch_NDCG@5': 16, 'Best_epoch_HR@10': 16, 'Best_epoch_NDCG@10': 16, 'Best_epoch_HR@20': 18, 'Best_epoch_NDCG@20': 16}
2026/08/25 15:00:22 - __main__ - INFO - 714 - trainer - Epoch: 19
2026/08/25 15:00:22 - __main__ - INFO - 719 - trainer - start predicting: 2026-08-25 15:00:22.670516
2026/08/25 15:00:24 - __main__ - INFO - 756 - trainer - {'Best_HR@5': 38.5254, 'Best_NDCG@5': 28.3018, 'Best_HR@10': 48.7793, 'Best_NDCG@10': 31.6024, 'Best_HR@20': 60.6934, 'Best_NDCG@20': 34.6011}
2026/08/25 15:00:24 - __main__ - INFO - 757 - trainer - {'Best_epoch_HR@5': 19, 'Best_epoch_NDCG@5': 19, 'Best_epoch_HR@10': 19, 'Best_epoch_NDCG@10': 19, 'Best_epoch_HR@20': 19, 'Best_epoch_NDCG@20': 19}
2026/08/25 15:00:24 - __main__ - INFO - 714 - trainer - Epoch: 20
2026/08/25 15:00:24 - __main__ - INFO - 719 - trainer - start predicting: 2026-08-25 15:00:24.769073
2026/08/25 15:00:26 - __main__ - INFO - 756 - trainer - {'Best_HR@5': 38.5254, 'Best_NDCG@5': 28.3018, 'Best_HR@10': 48.877, 'Best_NDCG@10': 31.6024, 'Best_HR@20': 60.6934, 'Best_NDCG@20': 34.6011}
2026/08/25 15:00:26 - __main__ - INFO - 757 - trainer - {'Best_epoch_HR@5': 19, 'Best_epoch_NDCG@5': 19, 'Best_epoch_HR@10': 20, 'Best_epoch_NDCG@10': 19, 'Best_epoch_HR@20': 19, 'Best_epoch_NDCG@20': 19}
2026/08/25 15:00:26 - __main__ - INFO - 714 - trainer - Epoch: 21
2026/08/25 15:00:26 - __main__ - INFO - 719 - trainer - start predicting: 2026-08-25 15:00:26.852243
2026/08/25 15:00:28 - __main__ - INFO - 756 - trainer - {'Best_HR@5': 38.6719, 'Best_NDCG@5': 28.3018, 'Best_HR@10': 48.877, 'Best_NDCG@10': 31.6024, 'Best_HR@20': 60.6934, 'Best_NDCG@20': 34.6011}
2026/08/25 15:00:28 - __main__ - INFO - 757 - trainer - {'Best_epoch_HR@5': 21, 'Best_epoch_NDCG@5': 19, 'Best_epoch_HR@10': 20, 'Best_epoch_NDCG@10': 19, 'Best_epoch_HR@20': 19, 'Best_epoch_NDCG@20': 19}
2026/08/25 15:00:28 - __main__ - INFO - 714 - trainer - Epoch: 22
2026/08/25 15:00:28 - __main__ - INFO - 719 - trainer - start predicting: 2026-08-25 15:00:28.973554
2026/08/25 15:00:31 - __main__ - INFO - 714 - trainer - Epoch: 23
2026/08/25 15:00:31 - __main__ - INFO - 719 - trainer - start predicting: 2026-08-25 15:00:31.083741
2026/08/25 15:00:33 - __main__ - INFO - 714 - trainer - Epoch: 24
2026/08/25 15:00:33 - __main__ - INFO - 719 - trainer - start predicting: 2026-08-25 15:00:33.174351
2026/08/25 15:00:35 - __main__ - INFO - 714 - trainer - Epoch: 25
2026/08/25 15:00:35 - __main__ - INFO - 719 - trainer - start predicting: 2026-08-25 15:00:35.295225
2026/08/25 15:00:37 - __main__ - INFO - 714 - trainer - Epoch: 26
2026/08/25 15:00:37 - __main__ - INFO - 719 - trainer - start predicting: 2026-08-25 15:00:37.389047
2026/08/25 15:00:38 - __main__ - INFO - 766 - trainer - {'Best_HR@5': 38.6719, 'Best_NDCG@5': 28.3018, 'Best_HR@10': 48.877, 'Best_NDCG@10': 31.6024, 'Best_HR@20': 60.6934, 'Best_NDCG@20': 34.6011}
2026/08/25 15:00:38 - __main__ - INFO - 767 - trainer - {'Best_epoch_HR@5': 21, 'Best_epoch_NDCG@5': 19, 'Best_epoch_HR@10': 20, 'Best_epoch_NDCG@10': 19, 'Best_epoch_HR@20': 19, 'Best_epoch_NDCG@20': 19}
2026/08/25 15:00:38 - __main__ - INFO - 873 - trainer - Target Popularity Definition---------------------------------------------
2026/08/25 15:00:38 - __main__ - INFO - 878 - trainer - {'domain': 'Target', 'popular_ratio': 0.2, 'observed_train_items': 21856, 'popular_items': 4372, 'unpopular_seen_items': 17484, 'unseen_items_in_test': 'calculated from test ground truth'}
2026/08/25 15:00:40 - __main__ - INFO - 1154 - trainer - %s Test Overall------------------------------------------------------
2026/08/25 15:00:40 - __main__ - INFO - 1158 - trainer - {'HR@5': 39.251, 'NDCG@5': 28.5768, 'HR@10': 50.5837, 'NDCG@10': 32.2306, 'HR@20': 62.2082, 'NDCG@20': 35.1619}
2026/08/25 15:00:40 - __main__ - INFO - 1249 - trainer - Target Test Group Size----------------------------------------------
2026/08/25 15:00:40 - __main__ - INFO - 1254 - trainer - {'domain': 'Target', 'Overall_test_samples': 2056, 'Popular_test_samples': 1372, 'Unpopular_seen_test_samples': 505, 'Unseen_test_samples': 179, 'Grouped_test_samples': 2056}
2026/08/25 15:00:40 - __main__ - INFO - 1256 - trainer - Target Test Popular Ground Truth-------------------------------------
2026/08/25 15:00:40 - __main__ - INFO - 1261 - trainer - {'HR@5': 57.07, 'NDCG@5': 41.9545, 'HR@10': 71.3557, 'NDCG@10': 46.577, 'HR@20': 83.6006, 'NDCG@20': 49.6885}
2026/08/25 15:00:40 - __main__ - INFO - 1263 - trainer - Target Test Unpopular-Seen Ground Truth------------------------------
2026/08/25 15:00:40 - __main__ - INFO - 1268 - trainer - {'HR@5': 4.7525, 'NDCG@5': 2.361, 'HR@10': 12.0792, 'NDCG@10': 4.678, 'HR@20': 26.1386, 'NDCG@20': 8.1587}
2026/08/25 15:00:40 - __main__ - INFO - 1272 - trainer - Target Test Unseen Ground Truth--------------------------------------
2026/08/25 15:00:40 - __main__ - INFO - 1277 - trainer - {'HR@5': 0.0, 'NDCG@5': 0.0, 'HR@10': 0.0, 'NDCG@10': 0.0, 'HR@20': 0.0, 'NDCG@20': 0.0}
2026/08/25 15:00:40 - __main__ - INFO - 1279 - trainer - Target Recommendation Popularity-------------------------------------
2026/08/25 15:00:40 - __main__ - INFO - 1284 - trainer - {'PopularRatio@5': 87.6751, 'PopularRatio@10': 74.4066, 'PopularRatio@20': 56.8458}
2026/08/25 15:00:40 - __main__ - INFO - 1287 - trainer - Best Eval---------------------------------------------------------
2026/08/25 15:00:40 - __main__ - INFO - 1290 - trainer - {'Best_HR@5': 38.6719, 'Best_NDCG@5': 28.3018, 'Best_HR@10': 48.877, 'Best_NDCG@10': 31.6024, 'Best_HR@20': 60.6934, 'Best_NDCG@20': 34.6011}
2026/08/25 15:00:40 - __main__ - INFO - 1291 - trainer - {'Best_epoch_HR@5': 21, 'Best_epoch_NDCG@5': 19, 'Best_epoch_HR@10': 20, 'Best_epoch_NDCG@10': 19, 'Best_epoch_HR@20': 19, 'Best_epoch_NDCG@20': 19}
2026/08/25 15:00:40 - __main__ - INFO - 179 - main - Target model saved at: ./saved_model/movie_video/target_model.pth
