2026/08/26 13:34:28 - __main__ - INFO - 98 - main - Namespace(batch_size=512, decay_step=100, description='Diffu_norm_score', device='cuda', diffusion_steps=32, dropout=0.1, e_context_high_threshold=0.75, e_context_low_threshold=0.5, e_context_state='high', emb_dropout=0.3, epochs=100, eval_interval=5, gamma=0.1, group_alignment=1, group_alignment_mode='both', group_context_threshold=0.5, group_pop_weight=1.0, group_tail_weight=1.0, hidden_act='gelu', hidden_size=128, inspect_e_distribution=0, lambda_uncertainty=0.001, log_file='log/', loss_lambda=1, lr=0.001, max_len=8, metric_ks=[5, 10, 20], momentum=None, noise_schedule='trunc_lin', num_blocks=4, num_gpu=1, optimizer='Adam', p=0.3, patience=2, popular_ratio=0.2, random_seed=1997, rescale_timesteps=True, s_dataset='movie', schedule_sampler_name='lossaware', t_dataset='video', tail_aug_probability=0.5, tail_context_regulation=1, tail_drop_probability=0.1, tail_preserve_recent=2, w=1.0, weight_decay=0)
2026/08/26 13:34:32 - __main__ - INFO - 870 - trainer - Group-aware Alignment Definition------------------------------------
2026/08/26 13:34:32 - __main__ - INFO - 874 - trainer - {'group_alignment': True, 'alignment_mode': 'both', 'context_threshold': 0.5, 'popular_weight': 1.0, 'tail_weight': 1.0, 'source_popular_items': 17856, 'target_popular_items': 4372}
2026/08/26 13:34:32 - __main__ - INFO - 1157 - trainer - Group-aware Alignment Batch------------------------------------
2026/08/26 13:34:32 - __main__ - INFO - 1162 - trainer - {'Epoch': 0, 'Source Popular-context': 407, 'Source Tail-context': 75, 'Target Popular-context': 379, 'Target Tail-context': 87}
2026/08/26 13:34:37 - __main__ - INFO - 1173 - trainer - Epoch: 0
2026/08/26 13:34:37 - __main__ - INFO - 1157 - trainer - Group-aware Alignment Batch------------------------------------
2026/08/26 13:34:37 - __main__ - INFO - 1162 - trainer - {'Epoch': 1, 'Source Popular-context': 394, 'Source Tail-context': 77, 'Target Popular-context': 372, 'Target Tail-context': 83}
2026/08/26 13:34:41 - __main__ - INFO - 1173 - trainer - Epoch: 1
2026/08/26 13:34:41 - __main__ - INFO - 1157 - trainer - Group-aware Alignment Batch------------------------------------
2026/08/26 13:34:41 - __main__ - INFO - 1162 - trainer - {'Epoch': 2, 'Source Popular-context': 393, 'Source Tail-context': 73, 'Target Popular-context': 387, 'Target Tail-context': 77}
2026/08/26 13:34:46 - __main__ - INFO - 1173 - trainer - Epoch: 2
2026/08/26 13:34:46 - __main__ - INFO - 1157 - trainer - Group-aware Alignment Batch------------------------------------
2026/08/26 13:34:46 - __main__ - INFO - 1162 - trainer - {'Epoch': 3, 'Source Popular-context': 409, 'Source Tail-context': 56, 'Target Popular-context': 342, 'Target Tail-context': 98}
2026/08/26 13:34:50 - __main__ - INFO - 1173 - trainer - Epoch: 3
2026/08/26 13:34:50 - __main__ - INFO - 1157 - trainer - Group-aware Alignment Batch------------------------------------
2026/08/26 13:34:50 - __main__ - INFO - 1162 - trainer - {'Epoch': 4, 'Source Popular-context': 418, 'Source Tail-context': 59, 'Target Popular-context': 370, 'Target Tail-context': 79}
2026/08/26 13:34:55 - __main__ - INFO - 1173 - trainer - Epoch: 4
2026/08/26 13:34:55 - __main__ - INFO - 1157 - trainer - Group-aware Alignment Batch------------------------------------
2026/08/26 13:34:55 - __main__ - INFO - 1162 - trainer - {'Epoch': 5, 'Source Popular-context': 403, 'Source Tail-context': 59, 'Target Popular-context': 368, 'Target Tail-context': 85}
2026/08/26 13:34:59 - __main__ - INFO - 1173 - trainer - Epoch: 5
2026/08/26 13:34:59 - __main__ - INFO - 1178 - trainer - start predicting: 2026-08-26 13:34:59.588752
2026/08/26 13:35:11 - __main__ - INFO - 1215 - trainer - {'Best_HR@5': 38.6621, 'Best_NDCG@5': 29.8305, 'Best_HR@10': 49.1016, 'Best_NDCG@10': 33.2054, 'Best_HR@20': 61.8359, 'Best_NDCG@20': 36.4132}
2026/08/26 13:35:11 - __main__ - INFO - 1216 - trainer - {'Best_epoch_HR@5': 5, 'Best_epoch_NDCG@5': 5, 'Best_epoch_HR@10': 5, 'Best_epoch_NDCG@10': 5, 'Best_epoch_HR@20': 5, 'Best_epoch_NDCG@20': 5}
2026/08/26 13:35:11 - __main__ - INFO - 1157 - trainer - Group-aware Alignment Batch------------------------------------
2026/08/26 13:35:11 - __main__ - INFO - 1162 - trainer - {'Epoch': 6, 'Source Popular-context': 423, 'Source Tail-context': 54, 'Target Popular-context': 362, 'Target Tail-context': 95}
2026/08/26 13:35:15 - __main__ - INFO - 1173 - trainer - Epoch: 6
2026/08/26 13:35:15 - __main__ - INFO - 1157 - trainer - Group-aware Alignment Batch------------------------------------
2026/08/26 13:35:15 - __main__ - INFO - 1162 - trainer - {'Epoch': 7, 'Source Popular-context': 421, 'Source Tail-context': 63, 'Target Popular-context': 375, 'Target Tail-context': 85}
2026/08/26 13:35:20 - __main__ - INFO - 1173 - trainer - Epoch: 7
2026/08/26 13:35:20 - __main__ - INFO - 1157 - trainer - Group-aware Alignment Batch------------------------------------
2026/08/26 13:35:20 - __main__ - INFO - 1162 - trainer - {'Epoch': 8, 'Source Popular-context': 421, 'Source Tail-context': 59, 'Target Popular-context': 368, 'Target Tail-context': 94}
2026/08/26 13:35:24 - __main__ - INFO - 1173 - trainer - Epoch: 8
2026/08/26 13:35:24 - __main__ - INFO - 1157 - trainer - Group-aware Alignment Batch------------------------------------
2026/08/26 13:35:24 - __main__ - INFO - 1162 - trainer - {'Epoch': 9, 'Source Popular-context': 402, 'Source Tail-context': 78, 'Target Popular-context': 378, 'Target Tail-context': 85}
2026/08/26 13:35:29 - __main__ - INFO - 1173 - trainer - Epoch: 9
2026/08/26 13:35:29 - __main__ - INFO - 1157 - trainer - Group-aware Alignment Batch------------------------------------
2026/08/26 13:35:29 - __main__ - INFO - 1162 - trainer - {'Epoch': 10, 'Source Popular-context': 428, 'Source Tail-context': 46, 'Target Popular-context': 374, 'Target Tail-context': 78}
2026/08/26 13:35:33 - __main__ - INFO - 1173 - trainer - Epoch: 10
2026/08/26 13:35:33 - __main__ - INFO - 1178 - trainer - start predicting: 2026-08-26 13:35:33.903285
2026/08/26 13:35:45 - __main__ - INFO - 1215 - trainer - {'Best_HR@5': 48.2227, 'Best_NDCG@5': 36.8793, 'Best_HR@10': 58.877, 'Best_NDCG@10': 40.3294, 'Best_HR@20': 69.4629, 'Best_NDCG@20': 43.0071}
2026/08/26 13:35:45 - __main__ - INFO - 1216 - trainer - {'Best_epoch_HR@5': 10, 'Best_epoch_NDCG@5': 10, 'Best_epoch_HR@10': 10, 'Best_epoch_NDCG@10': 10, 'Best_epoch_HR@20': 10, 'Best_epoch_NDCG@20': 10}
2026/08/26 13:35:45 - __main__ - INFO - 1157 - trainer - Group-aware Alignment Batch------------------------------------
2026/08/26 13:35:45 - __main__ - INFO - 1162 - trainer - {'Epoch': 11, 'Source Popular-context': 413, 'Source Tail-context': 60, 'Target Popular-context': 381, 'Target Tail-context': 85}
2026/08/26 13:35:50 - __main__ - INFO - 1173 - trainer - Epoch: 11
2026/08/26 13:35:50 - __main__ - INFO - 1157 - trainer - Group-aware Alignment Batch------------------------------------
2026/08/26 13:35:50 - __main__ - INFO - 1162 - trainer - {'Epoch': 12, 'Source Popular-context': 424, 'Source Tail-context': 60, 'Target Popular-context': 372, 'Target Tail-context': 80}
2026/08/26 13:35:54 - __main__ - INFO - 1173 - trainer - Epoch: 12
2026/08/26 13:35:54 - __main__ - INFO - 1157 - trainer - Group-aware Alignment Batch------------------------------------
2026/08/26 13:35:54 - __main__ - INFO - 1162 - trainer - {'Epoch': 13, 'Source Popular-context': 411, 'Source Tail-context': 73, 'Target Popular-context': 382, 'Target Tail-context': 79}
2026/08/26 13:35:59 - __main__ - INFO - 1173 - trainer - Epoch: 13
2026/08/26 13:35:59 - __main__ - INFO - 1157 - trainer - Group-aware Alignment Batch------------------------------------
2026/08/26 13:35:59 - __main__ - INFO - 1162 - trainer - {'Epoch': 14, 'Source Popular-context': 423, 'Source Tail-context': 65, 'Target Popular-context': 379, 'Target Tail-context': 94}
2026/08/26 13:36:04 - __main__ - INFO - 1173 - trainer - Epoch: 14
2026/08/26 13:36:04 - __main__ - INFO - 1157 - trainer - Group-aware Alignment Batch------------------------------------
2026/08/26 13:36:04 - __main__ - INFO - 1162 - trainer - {'Epoch': 15, 'Source Popular-context': 422, 'Source Tail-context': 58, 'Target Popular-context': 373, 'Target Tail-context': 98}
2026/08/26 13:36:08 - __main__ - INFO - 1173 - trainer - Epoch: 15
2026/08/26 13:36:08 - __main__ - INFO - 1178 - trainer - start predicting: 2026-08-26 13:36:08.516351
2026/08/26 13:36:20 - __main__ - INFO - 1215 - trainer - {'Best_HR@5': 49.1797, 'Best_NDCG@5': 37.4333, 'Best_HR@10': 60.3223, 'Best_NDCG@10': 41.0498, 'Best_HR@20': 70.4297, 'Best_NDCG@20': 43.6145}
2026/08/26 13:36:20 - __main__ - INFO - 1216 - trainer - {'Best_epoch_HR@5': 15, 'Best_epoch_NDCG@5': 15, 'Best_epoch_HR@10': 15, 'Best_epoch_NDCG@10': 15, 'Best_epoch_HR@20': 15, 'Best_epoch_NDCG@20': 15}
2026/08/26 13:36:20 - __main__ - INFO - 1157 - trainer - Group-aware Alignment Batch------------------------------------
2026/08/26 13:36:20 - __main__ - INFO - 1162 - trainer - {'Epoch': 16, 'Source Popular-context': 403, 'Source Tail-context': 65, 'Target Popular-context': 374, 'Target Tail-context': 89}
2026/08/26 13:36:24 - __main__ - INFO - 1173 - trainer - Epoch: 16
2026/08/26 13:36:24 - __main__ - INFO - 1157 - trainer - Group-aware Alignment Batch------------------------------------
2026/08/26 13:36:24 - __main__ - INFO - 1162 - trainer - {'Epoch': 17, 'Source Popular-context': 423, 'Source Tail-context': 52, 'Target Popular-context': 355, 'Target Tail-context': 109}
2026/08/26 13:36:29 - __main__ - INFO - 1173 - trainer - Epoch: 17
2026/08/26 13:36:29 - __main__ - INFO - 1157 - trainer - Group-aware Alignment Batch------------------------------------
2026/08/26 13:36:29 - __main__ - INFO - 1162 - trainer - {'Epoch': 18, 'Source Popular-context': 413, 'Source Tail-context': 63, 'Target Popular-context': 386, 'Target Tail-context': 85}
2026/08/26 13:36:33 - __main__ - INFO - 1173 - trainer - Epoch: 18
2026/08/26 13:36:33 - __main__ - INFO - 1157 - trainer - Group-aware Alignment Batch------------------------------------
2026/08/26 13:36:33 - __main__ - INFO - 1162 - trainer - {'Epoch': 19, 'Source Popular-context': 402, 'Source Tail-context': 63, 'Target Popular-context': 367, 'Target Tail-context': 94}
2026/08/26 13:36:38 - __main__ - INFO - 1173 - trainer - Epoch: 19
2026/08/26 13:36:38 - __main__ - INFO - 1157 - trainer - Group-aware Alignment Batch------------------------------------
2026/08/26 13:36:38 - __main__ - INFO - 1162 - trainer - {'Epoch': 20, 'Source Popular-context': 409, 'Source Tail-context': 62, 'Target Popular-context': 373, 'Target Tail-context': 82}
2026/08/26 13:36:42 - __main__ - INFO - 1173 - trainer - Epoch: 20
2026/08/26 13:36:42 - __main__ - INFO - 1178 - trainer - start predicting: 2026-08-26 13:36:42.461459
2026/08/26 13:36:54 - __main__ - INFO - 1157 - trainer - Group-aware Alignment Batch------------------------------------
2026/08/26 13:36:54 - __main__ - INFO - 1162 - trainer - {'Epoch': 21, 'Source Popular-context': 404, 'Source Tail-context': 63, 'Target Popular-context': 372, 'Target Tail-context': 83}
2026/08/26 13:36:58 - __main__ - INFO - 1173 - trainer - Epoch: 21
2026/08/26 13:36:58 - __main__ - INFO - 1157 - trainer - Group-aware Alignment Batch------------------------------------
2026/08/26 13:36:58 - __main__ - INFO - 1162 - trainer - {'Epoch': 22, 'Source Popular-context': 416, 'Source Tail-context': 59, 'Target Popular-context': 370, 'Target Tail-context': 78}
2026/08/26 13:37:03 - __main__ - INFO - 1173 - trainer - Epoch: 22
2026/08/26 13:37:03 - __main__ - INFO - 1157 - trainer - Group-aware Alignment Batch------------------------------------
2026/08/26 13:37:03 - __main__ - INFO - 1162 - trainer - {'Epoch': 23, 'Source Popular-context': 404, 'Source Tail-context': 69, 'Target Popular-context': 385, 'Target Tail-context': 81}
2026/08/26 13:37:07 - __main__ - INFO - 1173 - trainer - Epoch: 23
2026/08/26 13:37:07 - __main__ - INFO - 1157 - trainer - Group-aware Alignment Batch------------------------------------
2026/08/26 13:37:07 - __main__ - INFO - 1162 - trainer - {'Epoch': 24, 'Source Popular-context': 400, 'Source Tail-context': 74, 'Target Popular-context': 373, 'Target Tail-context': 90}
2026/08/26 13:37:12 - __main__ - INFO - 1173 - trainer - Epoch: 24
2026/08/26 13:37:12 - __main__ - INFO - 1157 - trainer - Group-aware Alignment Batch------------------------------------
2026/08/26 13:37:12 - __main__ - INFO - 1162 - trainer - {'Epoch': 25, 'Source Popular-context': 415, 'Source Tail-context': 50, 'Target Popular-context': 382, 'Target Tail-context': 81}
2026/08/26 13:37:16 - __main__ - INFO - 1173 - trainer - Epoch: 25
2026/08/26 13:37:16 - __main__ - INFO - 1178 - trainer - start predicting: 2026-08-26 13:37:16.875566
2026/08/26 13:37:28 - __main__ - INFO - 1225 - trainer - {'Best_HR@5': 49.1797, 'Best_NDCG@5': 37.4333, 'Best_HR@10': 60.3223, 'Best_NDCG@10': 41.0498, 'Best_HR@20': 70.4297, 'Best_NDCG@20': 43.6145}
2026/08/26 13:37:28 - __main__ - INFO - 1226 - trainer - {'Best_epoch_HR@5': 15, 'Best_epoch_NDCG@5': 15, 'Best_epoch_HR@10': 15, 'Best_epoch_NDCG@10': 15, 'Best_epoch_HR@20': 15, 'Best_epoch_NDCG@20': 15}
2026/08/26 13:37:28 - __main__ - INFO - 1332 - trainer - Source Popularity Definition---------------------------------------------
2026/08/26 13:37:28 - __main__ - INFO - 1337 - trainer - {'domain': 'Source', 'popular_ratio': 0.2, 'observed_train_items': 89276, 'popular_items': 17856, 'unpopular_seen_items': 71420, 'unseen_items_in_test': 'calculated from test ground truth'}
2026/08/26 13:37:35 - __main__ - INFO - 1613 - trainer - %s Test Overall------------------------------------------------------
2026/08/26 13:37:35 - __main__ - INFO - 1617 - trainer - {'HR@5': 49.8753, 'NDCG@5': 38.1821, 'HR@10': 60.4107, 'NDCG@10': 41.608, 'HR@20': 70.1785, 'NDCG@20': 44.0883}
2026/08/26 13:37:35 - __main__ - INFO - 1708 - trainer - Source Test Group Size----------------------------------------------
2026/08/26 13:37:35 - __main__ - INFO - 1713 - trainer - {'domain': 'Source', 'Overall_test_samples': 10422, 'Popular_test_samples': 7854, 'Unpopular_seen_test_samples': 1824, 'Unseen_test_samples': 744, 'Grouped_test_samples': 10422}
2026/08/26 13:37:35 - __main__ - INFO - 1715 - trainer - Source Test Popular Ground Truth-------------------------------------
2026/08/26 13:37:35 - __main__ - INFO - 1720 - trainer - {'HR@5': 65.4826, 'NDCG@5': 50.336, 'HR@10': 78.2022, 'NDCG@10': 54.4832, 'HR@20': 87.9297, 'NDCG@20': 56.9665}
2026/08/26 13:37:35 - __main__ - INFO - 1722 - trainer - Source Test Unpopular-Seen Ground Truth------------------------------
2026/08/26 13:37:35 - __main__ - INFO - 1727 - trainer - {'HR@5': 3.0154, 'NDCG@5': 1.4225, 'HR@10': 8.443, 'NDCG@10': 3.1399, 'HR@20': 22.3684, 'NDCG@20': 6.6193}
2026/08/26 13:37:35 - __main__ - INFO - 1731 - trainer - Source Test Unseen Ground Truth--------------------------------------
2026/08/26 13:37:35 - __main__ - INFO - 1736 - trainer - {'HR@5': 0.0, 'NDCG@5': 0.0, 'HR@10': 0.0, 'NDCG@10': 0.0, 'HR@20': 0.0, 'NDCG@20': 0.0}
2026/08/26 13:37:35 - __main__ - INFO - 1738 - trainer - Source Recommendation Popularity-------------------------------------
2026/08/26 13:37:35 - __main__ - INFO - 1743 - trainer - {'PopularRatio@5': 93.5483, 'PopularRatio@10': 82.1061, 'PopularRatio@20': 61.7319}
2026/08/26 13:37:35 - __main__ - INFO - 1746 - trainer - Best Eval---------------------------------------------------------
2026/08/26 13:37:35 - __main__ - INFO - 1749 - trainer - {'Best_HR@5': 49.1797, 'Best_NDCG@5': 37.4333, 'Best_HR@10': 60.3223, 'Best_NDCG@10': 41.0498, 'Best_HR@20': 70.4297, 'Best_NDCG@20': 43.6145}
2026/08/26 13:37:35 - __main__ - INFO - 1750 - trainer - {'Best_epoch_HR@5': 15, 'Best_epoch_NDCG@5': 15, 'Best_epoch_HR@10': 15, 'Best_epoch_NDCG@10': 15, 'Best_epoch_HR@20': 15, 'Best_epoch_NDCG@20': 15}
2026/08/26 13:37:35 - __main__ - INFO - 957 - trainer - D2 Tail-target Context Regulation
2026/08/26 13:37:35 - __main__ - INFO - 961 - trainer - {'Experiment': 'E', 'Mechanism': 'M2 Representation Dominance', 'Action': 'D2 Sequence Regulation', 'Next_condition': 'Unpopular Next', 'Context_state': 'high', 'Low': 'SeqPopRatio < 0.5', 'Medium': '0.5 <= SeqPopRatio < 0.75', 'High': 'SeqPopRatio >= 0.75', 'augmentation_probability': 0.5, 'drop_probability': 0.1, 'preserve_recent': 2, 'popular_items': 4372, 'unpopular_seen_items': 17484}
2026/08/26 13:37:35 - __main__ - INFO - 1045 - trainer - D2 Context Regulation Batch Check
2026/08/26 13:37:35 - __main__ - INFO - 1049 - trainer - {'batch_size': 512, 'experiment_e_state': 'high', 'low_threshold': 0.5, 'high_threshold': 0.75, 'drop_probability': 0.1, 'unpopular_next_samples': 163, 'eligible_state_unpopnext': 64, 'augmented_samples': 28, 'eligible_ratio': 0.125, 'augmentation_ratio_among_eligible': 0.4375, 'avg_eligible_sequence_pop_ratio': 0.8549, 'dropped_items': 13}
2026/08/26 13:37:35 - __main__ - INFO - 1045 - trainer - D2 Context Regulation Batch Check
2026/08/26 13:37:35 - __main__ - INFO - 1049 - trainer - {'batch_size': 512, 'experiment_e_state': 'high', 'low_threshold': 0.5, 'high_threshold': 0.75, 'drop_probability': 0.1, 'unpopular_next_samples': 160, 'eligible_state_unpopnext': 69, 'augmented_samples': 42, 'eligible_ratio': 0.1348, 'augmentation_ratio_among_eligible': 0.6087, 'avg_eligible_sequence_pop_ratio': 0.8773, 'dropped_items': 16}
2026/08/26 13:37:35 - __main__ - INFO - 1045 - trainer - D2 Context Regulation Batch Check
2026/08/26 13:37:35 - __main__ - INFO - 1049 - trainer - {'batch_size': 512, 'experiment_e_state': 'high', 'low_threshold': 0.5, 'high_threshold': 0.75, 'drop_probability': 0.1, 'unpopular_next_samples': 145, 'eligible_state_unpopnext': 56, 'augmented_samples': 25, 'eligible_ratio': 0.1094, 'augmentation_ratio_among_eligible': 0.4464, 'avg_eligible_sequence_pop_ratio': 0.8916, 'dropped_items': 8}
2026/08/26 13:37:36 - __main__ - INFO - 1173 - trainer - Epoch: 0
2026/08/26 13:37:36 - __main__ - INFO - 1173 - trainer - Epoch: 1
2026/08/26 13:37:36 - __main__ - INFO - 1178 - trainer - start predicting: 2026-08-26 13:37:36.885136
2026/08/26 13:37:38 - __main__ - INFO - 1215 - trainer - {'Best_HR@5': 7.7637, 'Best_NDCG@5': 4.3122, 'Best_HR@10': 14.8438, 'Best_NDCG@10': 6.5485, 'Best_HR@20': 30.0293, 'Best_NDCG@20': 10.3422}
2026/08/26 13:37:38 - __main__ - INFO - 1216 - trainer - {'Best_epoch_HR@5': 1, 'Best_epoch_NDCG@5': 1, 'Best_epoch_HR@10': 1, 'Best_epoch_NDCG@10': 1, 'Best_epoch_HR@20': 1, 'Best_epoch_NDCG@20': 1}
2026/08/26 13:37:39 - __main__ - INFO - 1173 - trainer - Epoch: 2
2026/08/26 13:37:39 - __main__ - INFO - 1178 - trainer - start predicting: 2026-08-26 13:37:39.121020
2026/08/26 13:37:40 - __main__ - INFO - 1215 - trainer - {'Best_HR@5': 13.1348, 'Best_NDCG@5': 8.3697, 'Best_HR@10': 22.7051, 'Best_NDCG@10': 11.4132, 'Best_HR@20': 38.623, 'Best_NDCG@20': 15.391}
2026/08/26 13:37:40 - __main__ - INFO - 1216 - trainer - {'Best_epoch_HR@5': 2, 'Best_epoch_NDCG@5': 2, 'Best_epoch_HR@10': 2, 'Best_epoch_NDCG@10': 2, 'Best_epoch_HR@20': 2, 'Best_epoch_NDCG@20': 2}
2026/08/26 13:37:41 - __main__ - INFO - 1173 - trainer - Epoch: 3
2026/08/26 13:37:41 - __main__ - INFO - 1178 - trainer - start predicting: 2026-08-26 13:37:41.336193
2026/08/26 13:37:42 - __main__ - INFO - 1215 - trainer - {'Best_HR@5': 19.043, 'Best_NDCG@5': 12.5344, 'Best_HR@10': 30.1758, 'Best_NDCG@10': 16.1169, 'Best_HR@20': 46.1426, 'Best_NDCG@20': 20.1353}
2026/08/26 13:37:42 - __main__ - INFO - 1216 - trainer - {'Best_epoch_HR@5': 3, 'Best_epoch_NDCG@5': 3, 'Best_epoch_HR@10': 3, 'Best_epoch_NDCG@10': 3, 'Best_epoch_HR@20': 3, 'Best_epoch_NDCG@20': 3}
2026/08/26 13:37:43 - __main__ - INFO - 1173 - trainer - Epoch: 4
2026/08/26 13:37:43 - __main__ - INFO - 1178 - trainer - start predicting: 2026-08-26 13:37:43.635323
2026/08/26 13:37:45 - __main__ - INFO - 1215 - trainer - {'Best_HR@5': 24.9512, 'Best_NDCG@5': 16.5947, 'Best_HR@10': 35.3516, 'Best_NDCG@10': 19.9136, 'Best_HR@20': 50.5859, 'Best_NDCG@20': 23.7502}
2026/08/26 13:37:45 - __main__ - INFO - 1216 - trainer - {'Best_epoch_HR@5': 4, 'Best_epoch_NDCG@5': 4, 'Best_epoch_HR@10': 4, 'Best_epoch_NDCG@10': 4, 'Best_epoch_HR@20': 4, 'Best_epoch_NDCG@20': 4}
2026/08/26 13:37:45 - __main__ - INFO - 1173 - trainer - Epoch: 5
2026/08/26 13:37:45 - __main__ - INFO - 1178 - trainer - start predicting: 2026-08-26 13:37:45.920476
2026/08/26 13:37:47 - __main__ - INFO - 1215 - trainer - {'Best_HR@5': 27.0996, 'Best_NDCG@5': 18.9231, 'Best_HR@10': 37.8906, 'Best_NDCG@10': 22.4206, 'Best_HR@20': 53.7598, 'Best_NDCG@20': 26.3995}
2026/08/26 13:37:47 - __main__ - INFO - 1216 - trainer - {'Best_epoch_HR@5': 5, 'Best_epoch_NDCG@5': 5, 'Best_epoch_HR@10': 5, 'Best_epoch_NDCG@10': 5, 'Best_epoch_HR@20': 5, 'Best_epoch_NDCG@20': 5}
2026/08/26 13:37:48 - __main__ - INFO - 1173 - trainer - Epoch: 6
2026/08/26 13:37:48 - __main__ - INFO - 1178 - trainer - start predicting: 2026-08-26 13:37:48.153906
2026/08/26 13:37:49 - __main__ - INFO - 1215 - trainer - {'Best_HR@5': 30.4199, 'Best_NDCG@5': 21.5374, 'Best_HR@10': 40.1855, 'Best_NDCG@10': 24.6987, 'Best_HR@20': 55.8594, 'Best_NDCG@20': 28.6371}
2026/08/26 13:37:49 - __main__ - INFO - 1216 - trainer - {'Best_epoch_HR@5': 6, 'Best_epoch_NDCG@5': 6, 'Best_epoch_HR@10': 6, 'Best_epoch_NDCG@10': 6, 'Best_epoch_HR@20': 6, 'Best_epoch_NDCG@20': 6}
2026/08/26 13:37:50 - __main__ - INFO - 1173 - trainer - Epoch: 7
2026/08/26 13:37:50 - __main__ - INFO - 1178 - trainer - start predicting: 2026-08-26 13:37:50.493677
2026/08/26 13:37:52 - __main__ - INFO - 1215 - trainer - {'Best_HR@5': 32.373, 'Best_NDCG@5': 23.5132, 'Best_HR@10': 42.3828, 'Best_NDCG@10': 26.7313, 'Best_HR@20': 56.8848, 'Best_NDCG@20': 30.3507}
2026/08/26 13:37:52 - __main__ - INFO - 1216 - trainer - {'Best_epoch_HR@5': 7, 'Best_epoch_NDCG@5': 7, 'Best_epoch_HR@10': 7, 'Best_epoch_NDCG@10': 7, 'Best_epoch_HR@20': 7, 'Best_epoch_NDCG@20': 7}
2026/08/26 13:37:52 - __main__ - INFO - 1173 - trainer - Epoch: 8
2026/08/26 13:37:52 - __main__ - INFO - 1178 - trainer - start predicting: 2026-08-26 13:37:52.738112
2026/08/26 13:37:54 - __main__ - INFO - 1215 - trainer - {'Best_HR@5': 33.2031, 'Best_NDCG@5': 25.096, 'Best_HR@10': 43.457, 'Best_NDCG@10': 28.3928, 'Best_HR@20': 57.7637, 'Best_NDCG@20': 31.9947}
2026/08/26 13:37:54 - __main__ - INFO - 1216 - trainer - {'Best_epoch_HR@5': 8, 'Best_epoch_NDCG@5': 8, 'Best_epoch_HR@10': 8, 'Best_epoch_NDCG@10': 8, 'Best_epoch_HR@20': 8, 'Best_epoch_NDCG@20': 8}
2026/08/26 13:37:54 - __main__ - INFO - 1173 - trainer - Epoch: 9
2026/08/26 13:37:54 - __main__ - INFO - 1178 - trainer - start predicting: 2026-08-26 13:37:54.936087
2026/08/26 13:37:56 - __main__ - INFO - 1215 - trainer - {'Best_HR@5': 34.5215, 'Best_NDCG@5': 25.8169, 'Best_HR@10': 44.9219, 'Best_NDCG@10': 29.178, 'Best_HR@20': 58.1055, 'Best_NDCG@20': 32.4891}
2026/08/26 13:37:56 - __main__ - INFO - 1216 - trainer - {'Best_epoch_HR@5': 9, 'Best_epoch_NDCG@5': 9, 'Best_epoch_HR@10': 9, 'Best_epoch_NDCG@10': 9, 'Best_epoch_HR@20': 9, 'Best_epoch_NDCG@20': 9}
2026/08/26 13:37:57 - __main__ - INFO - 1173 - trainer - Epoch: 10
2026/08/26 13:37:57 - __main__ - INFO - 1178 - trainer - start predicting: 2026-08-26 13:37:57.218137
2026/08/26 13:37:58 - __main__ - INFO - 1215 - trainer - {'Best_HR@5': 35.498, 'Best_NDCG@5': 26.8093, 'Best_HR@10': 46.1914, 'Best_NDCG@10': 30.2517, 'Best_HR@20': 58.9355, 'Best_NDCG@20': 33.4464}
2026/08/26 13:37:58 - __main__ - INFO - 1216 - trainer - {'Best_epoch_HR@5': 10, 'Best_epoch_NDCG@5': 10, 'Best_epoch_HR@10': 10, 'Best_epoch_NDCG@10': 10, 'Best_epoch_HR@20': 10, 'Best_epoch_NDCG@20': 10}
2026/08/26 13:37:59 - __main__ - INFO - 1173 - trainer - Epoch: 11
2026/08/26 13:37:59 - __main__ - INFO - 1178 - trainer - start predicting: 2026-08-26 13:37:59.485032
2026/08/26 13:38:01 - __main__ - INFO - 1215 - trainer - {'Best_HR@5': 36.4746, 'Best_NDCG@5': 27.2543, 'Best_HR@10': 47.3633, 'Best_NDCG@10': 30.763, 'Best_HR@20': 59.9121, 'Best_NDCG@20': 33.9046}
2026/08/26 13:38:01 - __main__ - INFO - 1216 - trainer - {'Best_epoch_HR@5': 11, 'Best_epoch_NDCG@5': 11, 'Best_epoch_HR@10': 11, 'Best_epoch_NDCG@10': 11, 'Best_epoch_HR@20': 11, 'Best_epoch_NDCG@20': 11}
2026/08/26 13:38:01 - __main__ - INFO - 1173 - trainer - Epoch: 12
2026/08/26 13:38:01 - __main__ - INFO - 1178 - trainer - start predicting: 2026-08-26 13:38:01.715078
2026/08/26 13:38:03 - __main__ - INFO - 1215 - trainer - {'Best_HR@5': 37.0117, 'Best_NDCG@5': 27.3261, 'Best_HR@10': 47.9004, 'Best_NDCG@10': 30.8232, 'Best_HR@20': 59.9121, 'Best_NDCG@20': 33.9046}
2026/08/26 13:38:03 - __main__ - INFO - 1216 - trainer - {'Best_epoch_HR@5': 12, 'Best_epoch_NDCG@5': 12, 'Best_epoch_HR@10': 12, 'Best_epoch_NDCG@10': 12, 'Best_epoch_HR@20': 11, 'Best_epoch_NDCG@20': 11}
2026/08/26 13:38:03 - __main__ - INFO - 1173 - trainer - Epoch: 13
2026/08/26 13:38:03 - __main__ - INFO - 1178 - trainer - start predicting: 2026-08-26 13:38:03.978215
2026/08/26 13:38:05 - __main__ - INFO - 1215 - trainer - {'Best_HR@5': 37.0117, 'Best_NDCG@5': 27.5032, 'Best_HR@10': 48.0957, 'Best_NDCG@10': 31.1095, 'Best_HR@20': 59.9121, 'Best_NDCG@20': 34.0034}
2026/08/26 13:38:05 - __main__ - INFO - 1216 - trainer - {'Best_epoch_HR@5': 12, 'Best_epoch_NDCG@5': 13, 'Best_epoch_HR@10': 13, 'Best_epoch_NDCG@10': 13, 'Best_epoch_HR@20': 11, 'Best_epoch_NDCG@20': 13}
2026/08/26 13:38:06 - __main__ - INFO - 1173 - trainer - Epoch: 14
2026/08/26 13:38:06 - __main__ - INFO - 1178 - trainer - start predicting: 2026-08-26 13:38:06.323899
2026/08/26 13:38:07 - __main__ - INFO - 1215 - trainer - {'Best_HR@5': 37.8418, 'Best_NDCG@5': 27.9032, 'Best_HR@10': 48.0957, 'Best_NDCG@10': 31.1724, 'Best_HR@20': 60.0098, 'Best_NDCG@20': 34.2032}
2026/08/26 13:38:07 - __main__ - INFO - 1216 - trainer - {'Best_epoch_HR@5': 14, 'Best_epoch_NDCG@5': 14, 'Best_epoch_HR@10': 13, 'Best_epoch_NDCG@10': 14, 'Best_epoch_HR@20': 14, 'Best_epoch_NDCG@20': 14}
2026/08/26 13:38:08 - __main__ - INFO - 1173 - trainer - Epoch: 15
2026/08/26 13:38:08 - __main__ - INFO - 1178 - trainer - start predicting: 2026-08-26 13:38:08.558300
2026/08/26 13:38:10 - __main__ - INFO - 1215 - trainer - {'Best_HR@5': 38.0371, 'Best_NDCG@5': 28.2925, 'Best_HR@10': 48.7305, 'Best_NDCG@10': 31.745, 'Best_HR@20': 60.1074, 'Best_NDCG@20': 34.598}
2026/08/26 13:38:10 - __main__ - INFO - 1216 - trainer - {'Best_epoch_HR@5': 15, 'Best_epoch_NDCG@5': 15, 'Best_epoch_HR@10': 15, 'Best_epoch_NDCG@10': 15, 'Best_epoch_HR@20': 15, 'Best_epoch_NDCG@20': 15}
2026/08/26 13:38:10 - __main__ - INFO - 1173 - trainer - Epoch: 16
2026/08/26 13:38:10 - __main__ - INFO - 1178 - trainer - start predicting: 2026-08-26 13:38:10.888799
2026/08/26 13:38:13 - __main__ - INFO - 1173 - trainer - Epoch: 17
2026/08/26 13:38:13 - __main__ - INFO - 1178 - trainer - start predicting: 2026-08-26 13:38:13.157241
2026/08/26 13:38:14 - __main__ - INFO - 1215 - trainer - {'Best_HR@5': 38.0371, 'Best_NDCG@5': 28.2925, 'Best_HR@10': 48.8281, 'Best_NDCG@10': 31.745, 'Best_HR@20': 60.1074, 'Best_NDCG@20': 34.598}
2026/08/26 13:38:14 - __main__ - INFO - 1216 - trainer - {'Best_epoch_HR@5': 15, 'Best_epoch_NDCG@5': 15, 'Best_epoch_HR@10': 17, 'Best_epoch_NDCG@10': 15, 'Best_epoch_HR@20': 15, 'Best_epoch_NDCG@20': 15}
2026/08/26 13:38:15 - __main__ - INFO - 1173 - trainer - Epoch: 18
2026/08/26 13:38:15 - __main__ - INFO - 1178 - trainer - start predicting: 2026-08-26 13:38:15.359017
2026/08/26 13:38:16 - __main__ - INFO - 1215 - trainer - {'Best_HR@5': 38.2324, 'Best_NDCG@5': 28.2925, 'Best_HR@10': 48.8281, 'Best_NDCG@10': 31.745, 'Best_HR@20': 60.4004, 'Best_NDCG@20': 34.598}
2026/08/26 13:38:16 - __main__ - INFO - 1216 - trainer - {'Best_epoch_HR@5': 18, 'Best_epoch_NDCG@5': 15, 'Best_epoch_HR@10': 17, 'Best_epoch_NDCG@10': 15, 'Best_epoch_HR@20': 18, 'Best_epoch_NDCG@20': 15}
2026/08/26 13:38:17 - __main__ - INFO - 1173 - trainer - Epoch: 19
2026/08/26 13:38:17 - __main__ - INFO - 1178 - trainer - start predicting: 2026-08-26 13:38:17.600930
2026/08/26 13:38:19 - __main__ - INFO - 1173 - trainer - Epoch: 20
2026/08/26 13:38:19 - __main__ - INFO - 1178 - trainer - start predicting: 2026-08-26 13:38:19.828605
2026/08/26 13:38:22 - __main__ - INFO - 1173 - trainer - Epoch: 21
2026/08/26 13:38:22 - __main__ - INFO - 1178 - trainer - start predicting: 2026-08-26 13:38:22.023986
2026/08/26 13:38:24 - __main__ - INFO - 1173 - trainer - Epoch: 22
2026/08/26 13:38:24 - __main__ - INFO - 1178 - trainer - start predicting: 2026-08-26 13:38:24.224384
2026/08/26 13:38:25 - __main__ - INFO - 1215 - trainer - {'Best_HR@5': 38.2324, 'Best_NDCG@5': 28.2925, 'Best_HR@10': 48.8281, 'Best_NDCG@10': 31.745, 'Best_HR@20': 60.5469, 'Best_NDCG@20': 34.598}
2026/08/26 13:38:25 - __main__ - INFO - 1216 - trainer - {'Best_epoch_HR@5': 18, 'Best_epoch_NDCG@5': 15, 'Best_epoch_HR@10': 17, 'Best_epoch_NDCG@10': 15, 'Best_epoch_HR@20': 22, 'Best_epoch_NDCG@20': 15}
2026/08/26 13:38:26 - __main__ - INFO - 1173 - trainer - Epoch: 23
2026/08/26 13:38:26 - __main__ - INFO - 1178 - trainer - start predicting: 2026-08-26 13:38:26.423676
2026/08/26 13:38:28 - __main__ - INFO - 1173 - trainer - Epoch: 24
2026/08/26 13:38:28 - __main__ - INFO - 1178 - trainer - start predicting: 2026-08-26 13:38:28.641831
2026/08/26 13:38:30 - __main__ - INFO - 1173 - trainer - Epoch: 25
2026/08/26 13:38:30 - __main__ - INFO - 1178 - trainer - start predicting: 2026-08-26 13:38:30.896872
2026/08/26 13:38:33 - __main__ - INFO - 1173 - trainer - Epoch: 26
2026/08/26 13:38:33 - __main__ - INFO - 1178 - trainer - start predicting: 2026-08-26 13:38:33.108669
2026/08/26 13:38:35 - __main__ - INFO - 1173 - trainer - Epoch: 27
2026/08/26 13:38:35 - __main__ - INFO - 1178 - trainer - start predicting: 2026-08-26 13:38:35.331827
2026/08/26 13:38:36 - __main__ - INFO - 1225 - trainer - {'Best_HR@5': 38.2324, 'Best_NDCG@5': 28.2925, 'Best_HR@10': 48.8281, 'Best_NDCG@10': 31.745, 'Best_HR@20': 60.5469, 'Best_NDCG@20': 34.598}
2026/08/26 13:38:36 - __main__ - INFO - 1226 - trainer - {'Best_epoch_HR@5': 18, 'Best_epoch_NDCG@5': 15, 'Best_epoch_HR@10': 17, 'Best_epoch_NDCG@10': 15, 'Best_epoch_HR@20': 22, 'Best_epoch_NDCG@20': 15}
2026/08/26 13:38:36 - __main__ - INFO - 1332 - trainer - Target Popularity Definition---------------------------------------------
2026/08/26 13:38:36 - __main__ - INFO - 1337 - trainer - {'domain': 'Target', 'popular_ratio': 0.2, 'observed_train_items': 21856, 'popular_items': 4372, 'unpopular_seen_items': 17484, 'unseen_items_in_test': 'calculated from test ground truth'}
2026/08/26 13:38:38 - __main__ - INFO - 1613 - trainer - %s Test Overall------------------------------------------------------
2026/08/26 13:38:38 - __main__ - INFO - 1617 - trainer - {'HR@5': 39.7374, 'NDCG@5': 29.2093, 'HR@10': 50.2432, 'NDCG@10': 32.5832, 'HR@20': 62.0623, 'NDCG@20': 35.5572}
2026/08/26 13:38:38 - __main__ - INFO - 1708 - trainer - Target Test Group Size----------------------------------------------
2026/08/26 13:38:38 - __main__ - INFO - 1713 - trainer - {'domain': 'Target', 'Overall_test_samples': 2056, 'Popular_test_samples': 1372, 'Unpopular_seen_test_samples': 505, 'Unseen_test_samples': 179, 'Grouped_test_samples': 2056}
2026/08/26 13:38:38 - __main__ - INFO - 1715 - trainer - Target Test Popular Ground Truth-------------------------------------
2026/08/26 13:38:38 - __main__ - INFO - 1720 - trainer - {'HR@5': 57.7259, 'NDCG@5': 42.799, 'HR@10': 71.137, 'NDCG@10': 47.1231, 'HR@20': 83.2362, 'NDCG@20': 50.1693}
2026/08/26 13:38:38 - __main__ - INFO - 1722 - trainer - Target Test Unpopular-Seen Ground Truth------------------------------
2026/08/26 13:38:38 - __main__ - INFO - 1727 - trainer - {'HR@5': 4.9505, 'NDCG@5': 2.6419, 'HR@10': 11.2871, 'NDCG@10': 4.63, 'HR@20': 26.5347, 'NDCG@20': 8.462}
2026/08/26 13:38:38 - __main__ - INFO - 1731 - trainer - Target Test Unseen Ground Truth--------------------------------------
2026/08/26 13:38:38 - __main__ - INFO - 1736 - trainer - {'HR@5': 0.0, 'NDCG@5': 0.0, 'HR@10': 0.0, 'NDCG@10': 0.0, 'HR@20': 0.0, 'NDCG@20': 0.0}
2026/08/26 13:38:38 - __main__ - INFO - 1738 - trainer - Target Recommendation Popularity-------------------------------------
2026/08/26 13:38:38 - __main__ - INFO - 1743 - trainer - {'PopularRatio@5': 88.5019, 'PopularRatio@10': 75.107, 'PopularRatio@20': 56.7972}
2026/08/26 13:38:38 - __main__ - INFO - 1746 - trainer - Best Eval---------------------------------------------------------
2026/08/26 13:38:38 - __main__ - INFO - 1749 - trainer - {'Best_HR@5': 38.2324, 'Best_NDCG@5': 28.2925, 'Best_HR@10': 48.8281, 'Best_NDCG@10': 31.745, 'Best_HR@20': 60.5469, 'Best_NDCG@20': 34.598}
2026/08/26 13:38:38 - __main__ - INFO - 1750 - trainer - {'Best_epoch_HR@5': 18, 'Best_epoch_NDCG@5': 15, 'Best_epoch_HR@10': 17, 'Best_epoch_NDCG@10': 15, 'Best_epoch_HR@20': 22, 'Best_epoch_NDCG@20': 15}
2026/08/26 13:38:38 - __main__ - INFO - 209 - main - Target model saved at: ./saved_model/movie_video/target_model.pth
