2026/08/26 10:58:37 - __main__ - INFO - 93 - main - Namespace(batch_size=512, decay_step=100, description='Diffu_norm_score', device='cuda', diffusion_steps=32, dropout=0.1, emb_dropout=0.3, epochs=100, eval_interval=5, gamma=0.1, group_alignment=1, group_alignment_mode='both', group_context_threshold=0.5, group_pop_weight=1.0, group_tail_weight=1.0, hidden_act='gelu', hidden_size=128, lambda_uncertainty=0.001, log_file='log/', loss_lambda=1, lr=0.001, max_len=8, metric_ks=[5, 10, 20], momentum=None, noise_schedule='trunc_lin', num_blocks=4, num_gpu=1, optimizer='Adam', p=0.3, patience=2, popular_ratio=0.2, random_seed=1997, rescale_timesteps=True, s_dataset='movie', schedule_sampler_name='lossaware', t_dataset='video', target_next_focus_bin='low_repeat', target_next_reweight_alpha=0.25, target_next_rule_reweight=1, w=1.0, weight_decay=0)
2026/08/26 10:58:41 - __main__ - INFO - 779 - trainer - Group-aware Alignment Definition------------------------------------
2026/08/26 10:58:41 - __main__ - INFO - 783 - trainer - {'group_alignment': True, 'alignment_mode': 'both', 'context_threshold': 0.5, 'popular_weight': 1.0, 'tail_weight': 1.0, 'source_popular_items': 17856, 'target_popular_items': 4372}
2026/08/26 10:58:41 - __main__ - INFO - 915 - trainer - Group-aware Alignment Batch------------------------------------
2026/08/26 10:58:41 - __main__ - INFO - 920 - trainer - {'Epoch': 0, 'Source Popular-context': 407, 'Source Tail-context': 75, 'Target Popular-context': 379, 'Target Tail-context': 87}
2026/08/26 10:58:46 - __main__ - INFO - 931 - trainer - Epoch: 0
2026/08/26 10:58:46 - __main__ - INFO - 915 - trainer - Group-aware Alignment Batch------------------------------------
2026/08/26 10:58:46 - __main__ - INFO - 920 - trainer - {'Epoch': 1, 'Source Popular-context': 394, 'Source Tail-context': 77, 'Target Popular-context': 372, 'Target Tail-context': 83}
2026/08/26 10:58:50 - __main__ - INFO - 931 - trainer - Epoch: 1
2026/08/26 10:58:50 - __main__ - INFO - 915 - trainer - Group-aware Alignment Batch------------------------------------
2026/08/26 10:58:50 - __main__ - INFO - 920 - trainer - {'Epoch': 2, 'Source Popular-context': 393, 'Source Tail-context': 73, 'Target Popular-context': 387, 'Target Tail-context': 77}
2026/08/26 10:58:55 - __main__ - INFO - 931 - trainer - Epoch: 2
2026/08/26 10:58:55 - __main__ - INFO - 915 - trainer - Group-aware Alignment Batch------------------------------------
2026/08/26 10:58:55 - __main__ - INFO - 920 - trainer - {'Epoch': 3, 'Source Popular-context': 409, 'Source Tail-context': 56, 'Target Popular-context': 342, 'Target Tail-context': 98}
2026/08/26 10:59:00 - __main__ - INFO - 931 - trainer - Epoch: 3
2026/08/26 10:59:00 - __main__ - INFO - 915 - trainer - Group-aware Alignment Batch------------------------------------
2026/08/26 10:59:00 - __main__ - INFO - 920 - trainer - {'Epoch': 4, 'Source Popular-context': 418, 'Source Tail-context': 59, 'Target Popular-context': 370, 'Target Tail-context': 79}
2026/08/26 10:59:04 - __main__ - INFO - 931 - trainer - Epoch: 4
2026/08/26 10:59:04 - __main__ - INFO - 915 - trainer - Group-aware Alignment Batch------------------------------------
2026/08/26 10:59:04 - __main__ - INFO - 920 - trainer - {'Epoch': 5, 'Source Popular-context': 403, 'Source Tail-context': 59, 'Target Popular-context': 368, 'Target Tail-context': 85}
2026/08/26 10:59:09 - __main__ - INFO - 931 - trainer - Epoch: 5
2026/08/26 10:59:09 - __main__ - INFO - 936 - trainer - start predicting: 2026-08-26 10:59:09.071909
2026/08/26 10:59:20 - __main__ - INFO - 973 - trainer - {'Best_HR@5': 38.6621, 'Best_NDCG@5': 29.8305, 'Best_HR@10': 49.1016, 'Best_NDCG@10': 33.2054, 'Best_HR@20': 61.8359, 'Best_NDCG@20': 36.4132}
2026/08/26 10:59:20 - __main__ - INFO - 974 - trainer - {'Best_epoch_HR@5': 5, 'Best_epoch_NDCG@5': 5, 'Best_epoch_HR@10': 5, 'Best_epoch_NDCG@10': 5, 'Best_epoch_HR@20': 5, 'Best_epoch_NDCG@20': 5}
2026/08/26 10:59:20 - __main__ - INFO - 915 - trainer - Group-aware Alignment Batch------------------------------------
2026/08/26 10:59:20 - __main__ - INFO - 920 - trainer - {'Epoch': 6, 'Source Popular-context': 423, 'Source Tail-context': 54, 'Target Popular-context': 362, 'Target Tail-context': 95}
2026/08/26 10:59:25 - __main__ - INFO - 931 - trainer - Epoch: 6
2026/08/26 10:59:25 - __main__ - INFO - 915 - trainer - Group-aware Alignment Batch------------------------------------
2026/08/26 10:59:25 - __main__ - INFO - 920 - trainer - {'Epoch': 7, 'Source Popular-context': 421, 'Source Tail-context': 63, 'Target Popular-context': 375, 'Target Tail-context': 85}
2026/08/26 10:59:29 - __main__ - INFO - 931 - trainer - Epoch: 7
2026/08/26 10:59:29 - __main__ - INFO - 915 - trainer - Group-aware Alignment Batch------------------------------------
2026/08/26 10:59:29 - __main__ - INFO - 920 - trainer - {'Epoch': 8, 'Source Popular-context': 421, 'Source Tail-context': 59, 'Target Popular-context': 368, 'Target Tail-context': 94}
2026/08/26 10:59:34 - __main__ - INFO - 931 - trainer - Epoch: 8
2026/08/26 10:59:34 - __main__ - INFO - 915 - trainer - Group-aware Alignment Batch------------------------------------
2026/08/26 10:59:34 - __main__ - INFO - 920 - trainer - {'Epoch': 9, 'Source Popular-context': 402, 'Source Tail-context': 78, 'Target Popular-context': 378, 'Target Tail-context': 85}
2026/08/26 10:59:38 - __main__ - INFO - 931 - trainer - Epoch: 9
2026/08/26 10:59:38 - __main__ - INFO - 915 - trainer - Group-aware Alignment Batch------------------------------------
2026/08/26 10:59:38 - __main__ - INFO - 920 - trainer - {'Epoch': 10, 'Source Popular-context': 428, 'Source Tail-context': 46, 'Target Popular-context': 374, 'Target Tail-context': 78}
2026/08/26 10:59:43 - __main__ - INFO - 931 - trainer - Epoch: 10
2026/08/26 10:59:43 - __main__ - INFO - 936 - trainer - start predicting: 2026-08-26 10:59:43.358253
2026/08/26 10:59:54 - __main__ - INFO - 973 - trainer - {'Best_HR@5': 48.2227, 'Best_NDCG@5': 36.8793, 'Best_HR@10': 58.877, 'Best_NDCG@10': 40.3294, 'Best_HR@20': 69.4629, 'Best_NDCG@20': 43.0071}
2026/08/26 10:59:54 - __main__ - INFO - 974 - trainer - {'Best_epoch_HR@5': 10, 'Best_epoch_NDCG@5': 10, 'Best_epoch_HR@10': 10, 'Best_epoch_NDCG@10': 10, 'Best_epoch_HR@20': 10, 'Best_epoch_NDCG@20': 10}
2026/08/26 10:59:55 - __main__ - INFO - 915 - trainer - Group-aware Alignment Batch------------------------------------
2026/08/26 10:59:55 - __main__ - INFO - 920 - trainer - {'Epoch': 11, 'Source Popular-context': 413, 'Source Tail-context': 60, 'Target Popular-context': 381, 'Target Tail-context': 85}
2026/08/26 10:59:59 - __main__ - INFO - 931 - trainer - Epoch: 11
2026/08/26 10:59:59 - __main__ - INFO - 915 - trainer - Group-aware Alignment Batch------------------------------------
2026/08/26 10:59:59 - __main__ - INFO - 920 - trainer - {'Epoch': 12, 'Source Popular-context': 424, 'Source Tail-context': 60, 'Target Popular-context': 372, 'Target Tail-context': 80}
2026/08/26 11:00:04 - __main__ - INFO - 931 - trainer - Epoch: 12
2026/08/26 11:00:04 - __main__ - INFO - 915 - trainer - Group-aware Alignment Batch------------------------------------
2026/08/26 11:00:04 - __main__ - INFO - 920 - trainer - {'Epoch': 13, 'Source Popular-context': 411, 'Source Tail-context': 73, 'Target Popular-context': 382, 'Target Tail-context': 79}
2026/08/26 11:00:08 - __main__ - INFO - 931 - trainer - Epoch: 13
2026/08/26 11:00:08 - __main__ - INFO - 915 - trainer - Group-aware Alignment Batch------------------------------------
2026/08/26 11:00:08 - __main__ - INFO - 920 - trainer - {'Epoch': 14, 'Source Popular-context': 423, 'Source Tail-context': 65, 'Target Popular-context': 379, 'Target Tail-context': 94}
2026/08/26 11:00:13 - __main__ - INFO - 931 - trainer - Epoch: 14
2026/08/26 11:00:13 - __main__ - INFO - 915 - trainer - Group-aware Alignment Batch------------------------------------
2026/08/26 11:00:13 - __main__ - INFO - 920 - trainer - {'Epoch': 15, 'Source Popular-context': 422, 'Source Tail-context': 58, 'Target Popular-context': 373, 'Target Tail-context': 98}
2026/08/26 11:00:17 - __main__ - INFO - 931 - trainer - Epoch: 15
2026/08/26 11:00:17 - __main__ - INFO - 936 - trainer - start predicting: 2026-08-26 11:00:17.564947
2026/08/26 11:00:29 - __main__ - INFO - 973 - trainer - {'Best_HR@5': 49.1797, 'Best_NDCG@5': 37.4333, 'Best_HR@10': 60.3223, 'Best_NDCG@10': 41.0498, 'Best_HR@20': 70.4297, 'Best_NDCG@20': 43.6145}
2026/08/26 11:00:29 - __main__ - INFO - 974 - trainer - {'Best_epoch_HR@5': 15, 'Best_epoch_NDCG@5': 15, 'Best_epoch_HR@10': 15, 'Best_epoch_NDCG@10': 15, 'Best_epoch_HR@20': 15, 'Best_epoch_NDCG@20': 15}
2026/08/26 11:00:29 - __main__ - INFO - 915 - trainer - Group-aware Alignment Batch------------------------------------
2026/08/26 11:00:29 - __main__ - INFO - 920 - trainer - {'Epoch': 16, 'Source Popular-context': 403, 'Source Tail-context': 65, 'Target Popular-context': 374, 'Target Tail-context': 89}
2026/08/26 11:00:34 - __main__ - INFO - 931 - trainer - Epoch: 16
2026/08/26 11:00:34 - __main__ - INFO - 915 - trainer - Group-aware Alignment Batch------------------------------------
2026/08/26 11:00:34 - __main__ - INFO - 920 - trainer - {'Epoch': 17, 'Source Popular-context': 423, 'Source Tail-context': 52, 'Target Popular-context': 355, 'Target Tail-context': 109}
2026/08/26 11:00:38 - __main__ - INFO - 931 - trainer - Epoch: 17
2026/08/26 11:00:38 - __main__ - INFO - 915 - trainer - Group-aware Alignment Batch------------------------------------
2026/08/26 11:00:38 - __main__ - INFO - 920 - trainer - {'Epoch': 18, 'Source Popular-context': 413, 'Source Tail-context': 63, 'Target Popular-context': 386, 'Target Tail-context': 85}
2026/08/26 11:00:43 - __main__ - INFO - 931 - trainer - Epoch: 18
2026/08/26 11:00:43 - __main__ - INFO - 915 - trainer - Group-aware Alignment Batch------------------------------------
2026/08/26 11:00:43 - __main__ - INFO - 920 - trainer - {'Epoch': 19, 'Source Popular-context': 402, 'Source Tail-context': 63, 'Target Popular-context': 367, 'Target Tail-context': 94}
2026/08/26 11:00:47 - __main__ - INFO - 931 - trainer - Epoch: 19
2026/08/26 11:00:47 - __main__ - INFO - 915 - trainer - Group-aware Alignment Batch------------------------------------
2026/08/26 11:00:47 - __main__ - INFO - 920 - trainer - {'Epoch': 20, 'Source Popular-context': 409, 'Source Tail-context': 62, 'Target Popular-context': 373, 'Target Tail-context': 82}
2026/08/26 11:00:52 - __main__ - INFO - 931 - trainer - Epoch: 20
2026/08/26 11:00:52 - __main__ - INFO - 936 - trainer - start predicting: 2026-08-26 11:00:52.034389
2026/08/26 11:01:03 - __main__ - INFO - 915 - trainer - Group-aware Alignment Batch------------------------------------
2026/08/26 11:01:03 - __main__ - INFO - 920 - trainer - {'Epoch': 21, 'Source Popular-context': 404, 'Source Tail-context': 63, 'Target Popular-context': 372, 'Target Tail-context': 83}
2026/08/26 11:01:08 - __main__ - INFO - 931 - trainer - Epoch: 21
2026/08/26 11:01:08 - __main__ - INFO - 915 - trainer - Group-aware Alignment Batch------------------------------------
2026/08/26 11:01:08 - __main__ - INFO - 920 - trainer - {'Epoch': 22, 'Source Popular-context': 416, 'Source Tail-context': 59, 'Target Popular-context': 370, 'Target Tail-context': 78}
2026/08/26 11:01:12 - __main__ - INFO - 931 - trainer - Epoch: 22
2026/08/26 11:01:12 - __main__ - INFO - 915 - trainer - Group-aware Alignment Batch------------------------------------
2026/08/26 11:01:12 - __main__ - INFO - 920 - trainer - {'Epoch': 23, 'Source Popular-context': 404, 'Source Tail-context': 69, 'Target Popular-context': 385, 'Target Tail-context': 81}
2026/08/26 11:01:17 - __main__ - INFO - 931 - trainer - Epoch: 23
2026/08/26 11:01:17 - __main__ - INFO - 915 - trainer - Group-aware Alignment Batch------------------------------------
2026/08/26 11:01:17 - __main__ - INFO - 920 - trainer - {'Epoch': 24, 'Source Popular-context': 400, 'Source Tail-context': 74, 'Target Popular-context': 373, 'Target Tail-context': 90}
2026/08/26 11:01:21 - __main__ - INFO - 931 - trainer - Epoch: 24
2026/08/26 11:01:21 - __main__ - INFO - 915 - trainer - Group-aware Alignment Batch------------------------------------
2026/08/26 11:01:21 - __main__ - INFO - 920 - trainer - {'Epoch': 25, 'Source Popular-context': 415, 'Source Tail-context': 50, 'Target Popular-context': 382, 'Target Tail-context': 81}
2026/08/26 11:01:25 - __main__ - INFO - 931 - trainer - Epoch: 25
2026/08/26 11:01:25 - __main__ - INFO - 936 - trainer - start predicting: 2026-08-26 11:01:25.921800
2026/08/26 11:01:37 - __main__ - INFO - 983 - trainer - {'Best_HR@5': 49.1797, 'Best_NDCG@5': 37.4333, 'Best_HR@10': 60.3223, 'Best_NDCG@10': 41.0498, 'Best_HR@20': 70.4297, 'Best_NDCG@20': 43.6145}
2026/08/26 11:01:37 - __main__ - INFO - 984 - trainer - {'Best_epoch_HR@5': 15, 'Best_epoch_NDCG@5': 15, 'Best_epoch_HR@10': 15, 'Best_epoch_NDCG@10': 15, 'Best_epoch_HR@20': 15, 'Best_epoch_NDCG@20': 15}
2026/08/26 11:01:37 - __main__ - INFO - 1090 - trainer - Source Popularity Definition---------------------------------------------
2026/08/26 11:01:37 - __main__ - INFO - 1095 - trainer - {'domain': 'Source', 'popular_ratio': 0.2, 'observed_train_items': 89276, 'popular_items': 17856, 'unpopular_seen_items': 71420, 'unseen_items_in_test': 'calculated from test ground truth'}
2026/08/26 11:01:44 - __main__ - INFO - 1371 - trainer - %s Test Overall------------------------------------------------------
2026/08/26 11:01:44 - __main__ - INFO - 1375 - trainer - {'HR@5': 49.8753, 'NDCG@5': 38.1821, 'HR@10': 60.4107, 'NDCG@10': 41.608, 'HR@20': 70.1785, 'NDCG@20': 44.0883}
2026/08/26 11:01:44 - __main__ - INFO - 1466 - trainer - Source Test Group Size----------------------------------------------
2026/08/26 11:01:44 - __main__ - INFO - 1471 - trainer - {'domain': 'Source', 'Overall_test_samples': 10422, 'Popular_test_samples': 7854, 'Unpopular_seen_test_samples': 1824, 'Unseen_test_samples': 744, 'Grouped_test_samples': 10422}
2026/08/26 11:01:44 - __main__ - INFO - 1473 - trainer - Source Test Popular Ground Truth-------------------------------------
2026/08/26 11:01:44 - __main__ - INFO - 1478 - trainer - {'HR@5': 65.4826, 'NDCG@5': 50.336, 'HR@10': 78.2022, 'NDCG@10': 54.4832, 'HR@20': 87.9297, 'NDCG@20': 56.9665}
2026/08/26 11:01:44 - __main__ - INFO - 1480 - trainer - Source Test Unpopular-Seen Ground Truth------------------------------
2026/08/26 11:01:44 - __main__ - INFO - 1485 - trainer - {'HR@5': 3.0154, 'NDCG@5': 1.4225, 'HR@10': 8.443, 'NDCG@10': 3.1399, 'HR@20': 22.3684, 'NDCG@20': 6.6193}
2026/08/26 11:01:44 - __main__ - INFO - 1489 - trainer - Source Test Unseen Ground Truth--------------------------------------
2026/08/26 11:01:44 - __main__ - INFO - 1494 - trainer - {'HR@5': 0.0, 'NDCG@5': 0.0, 'HR@10': 0.0, 'NDCG@10': 0.0, 'HR@20': 0.0, 'NDCG@20': 0.0}
2026/08/26 11:01:44 - __main__ - INFO - 1496 - trainer - Source Recommendation Popularity-------------------------------------
2026/08/26 11:01:44 - __main__ - INFO - 1501 - trainer - {'PopularRatio@5': 93.5483, 'PopularRatio@10': 82.1061, 'PopularRatio@20': 61.7319}
2026/08/26 11:01:44 - __main__ - INFO - 1504 - trainer - Best Eval---------------------------------------------------------
2026/08/26 11:01:44 - __main__ - INFO - 1507 - trainer - {'Best_HR@5': 49.1797, 'Best_NDCG@5': 37.4333, 'Best_HR@10': 60.3223, 'Best_NDCG@10': 41.0498, 'Best_HR@20': 70.4297, 'Best_NDCG@20': 43.6145}
2026/08/26 11:01:44 - __main__ - INFO - 1508 - trainer - {'Best_epoch_HR@5': 15, 'Best_epoch_NDCG@5': 15, 'Best_epoch_HR@10': 15, 'Best_epoch_NDCG@10': 15, 'Best_epoch_HR@20': 15, 'Best_epoch_NDCG@20': 15}
2026/08/26 11:01:44 - __main__ - INFO - 697 - trainer - D1 Sample-wise Target Next Regulation
2026/08/26 11:01:44 - __main__ - INFO - 700 - trainer - {'Experiment': 'D', 'State Characteristic': 'Unpopular Next Supervision Exposure', 'Focus State': 'low_repeat', 'Action': 'D1 Target Next Reweighting', 'Alpha': 0.25, 'Applied Weight': 1.25, 'Popular Next Samples': 11526, 'Unpopular Next Samples': 4912}
2026/08/26 11:01:44 - __main__ - INFO - 701 - trainer - Experiment D Frequency State Distribution---------------------------------------------
2026/08/26 11:01:44 - __main__ - INFO - 711 - trainer - {'State': 'singleton', 'Unique Items': 3592, 'Training Samples': 3592, 'Min Next Frequency': 1, 'Max Next Frequency': 1, 'Mean Next Frequency': 1.0}
2026/08/26 11:01:44 - __main__ - INFO - 711 - trainer - {'State': 'low_repeat', 'Unique Items': 466, 'Training Samples': 932, 'Min Next Frequency': 2, 'Max Next Frequency': 2, 'Mean Next Frequency': 2.0}
2026/08/26 11:01:44 - __main__ - INFO - 711 - trainer - {'State': 'higher_repeat', 'Unique Items': 119, 'Training Samples': 388, 'Min Next Frequency': 3, 'Max Next Frequency': 5, 'Mean Next Frequency': 3.2605}
2026/08/26 11:01:44 - __main__ - INFO - 719 - trainer - Unpopular Next Actual Frequency Distribution---------------------------------------------
2026/08/26 11:01:44 - __main__ - INFO - 725 - trainer - {'Next Frequency': 1, 'Unique Items': 3592, 'Training Samples': 3592}
2026/08/26 11:01:44 - __main__ - INFO - 725 - trainer - {'Next Frequency': 2, 'Unique Items': 466, 'Training Samples': 932}
2026/08/26 11:01:44 - __main__ - INFO - 725 - trainer - {'Next Frequency': 3, 'Unique Items': 94, 'Training Samples': 282}
2026/08/26 11:01:44 - __main__ - INFO - 725 - trainer - {'Next Frequency': 4, 'Unique Items': 19, 'Training Samples': 76}
2026/08/26 11:01:44 - __main__ - INFO - 725 - trainer - {'Next Frequency': 5, 'Unique Items': 6, 'Training Samples': 30}
2026/08/26 11:01:45 - __main__ - INFO - 931 - trainer - Epoch: 0
2026/08/26 11:01:45 - __main__ - INFO - 931 - trainer - Epoch: 1
2026/08/26 11:01:45 - __main__ - INFO - 936 - trainer - start predicting: 2026-08-26 11:01:45.614076
2026/08/26 11:01:47 - __main__ - INFO - 973 - trainer - {'Best_HR@5': 7.7637, 'Best_NDCG@5': 4.294, 'Best_HR@10': 14.7949, 'Best_NDCG@10': 6.5226, 'Best_HR@20': 30.3223, 'Best_NDCG@20': 10.3975}
2026/08/26 11:01:47 - __main__ - INFO - 974 - trainer - {'Best_epoch_HR@5': 1, 'Best_epoch_NDCG@5': 1, 'Best_epoch_HR@10': 1, 'Best_epoch_NDCG@10': 1, 'Best_epoch_HR@20': 1, 'Best_epoch_NDCG@20': 1}
2026/08/26 11:01:47 - __main__ - INFO - 931 - trainer - Epoch: 2
2026/08/26 11:01:47 - __main__ - INFO - 936 - trainer - start predicting: 2026-08-26 11:01:47.690258
2026/08/26 11:01:49 - __main__ - INFO - 973 - trainer - {'Best_HR@5': 12.8906, 'Best_NDCG@5': 8.0768, 'Best_HR@10': 22.5098, 'Best_NDCG@10': 11.1522, 'Best_HR@20': 38.3301, 'Best_NDCG@20': 15.1272}
2026/08/26 11:01:49 - __main__ - INFO - 974 - trainer - {'Best_epoch_HR@5': 2, 'Best_epoch_NDCG@5': 2, 'Best_epoch_HR@10': 2, 'Best_epoch_NDCG@10': 2, 'Best_epoch_HR@20': 2, 'Best_epoch_NDCG@20': 2}
2026/08/26 11:01:49 - __main__ - INFO - 931 - trainer - Epoch: 3
2026/08/26 11:01:49 - __main__ - INFO - 936 - trainer - start predicting: 2026-08-26 11:01:49.862907
2026/08/26 11:01:51 - __main__ - INFO - 973 - trainer - {'Best_HR@5': 18.9941, 'Best_NDCG@5': 12.1752, 'Best_HR@10': 29.3457, 'Best_NDCG@10': 15.4758, 'Best_HR@20': 46.1426, 'Best_NDCG@20': 19.6967}
2026/08/26 11:01:51 - __main__ - INFO - 974 - trainer - {'Best_epoch_HR@5': 3, 'Best_epoch_NDCG@5': 3, 'Best_epoch_HR@10': 3, 'Best_epoch_NDCG@10': 3, 'Best_epoch_HR@20': 3, 'Best_epoch_NDCG@20': 3}
2026/08/26 11:01:52 - __main__ - INFO - 931 - trainer - Epoch: 4
2026/08/26 11:01:52 - __main__ - INFO - 936 - trainer - start predicting: 2026-08-26 11:01:52.016100
2026/08/26 11:01:53 - __main__ - INFO - 973 - trainer - {'Best_HR@5': 23.7793, 'Best_NDCG@5': 15.7739, 'Best_HR@10': 35.0098, 'Best_NDCG@10': 19.3743, 'Best_HR@20': 50.3906, 'Best_NDCG@20': 23.2419}
2026/08/26 11:01:53 - __main__ - INFO - 974 - trainer - {'Best_epoch_HR@5': 4, 'Best_epoch_NDCG@5': 4, 'Best_epoch_HR@10': 4, 'Best_epoch_NDCG@10': 4, 'Best_epoch_HR@20': 4, 'Best_epoch_NDCG@20': 4}
2026/08/26 11:01:54 - __main__ - INFO - 931 - trainer - Epoch: 5
2026/08/26 11:01:54 - __main__ - INFO - 936 - trainer - start predicting: 2026-08-26 11:01:54.125358
2026/08/26 11:01:55 - __main__ - INFO - 973 - trainer - {'Best_HR@5': 25.4395, 'Best_NDCG@5': 17.7677, 'Best_HR@10': 38.1836, 'Best_NDCG@10': 21.8973, 'Best_HR@20': 53.3203, 'Best_NDCG@20': 25.6829}
2026/08/26 11:01:55 - __main__ - INFO - 974 - trainer - {'Best_epoch_HR@5': 5, 'Best_epoch_NDCG@5': 5, 'Best_epoch_HR@10': 5, 'Best_epoch_NDCG@10': 5, 'Best_epoch_HR@20': 5, 'Best_epoch_NDCG@20': 5}
2026/08/26 11:01:56 - __main__ - INFO - 931 - trainer - Epoch: 6
2026/08/26 11:01:56 - __main__ - INFO - 936 - trainer - start predicting: 2026-08-26 11:01:56.240281
2026/08/26 11:01:57 - __main__ - INFO - 973 - trainer - {'Best_HR@5': 29.7852, 'Best_NDCG@5': 20.9252, 'Best_HR@10': 40.7227, 'Best_NDCG@10': 24.438, 'Best_HR@20': 55.3711, 'Best_NDCG@20': 28.1116}
2026/08/26 11:01:57 - __main__ - INFO - 974 - trainer - {'Best_epoch_HR@5': 6, 'Best_epoch_NDCG@5': 6, 'Best_epoch_HR@10': 6, 'Best_epoch_NDCG@10': 6, 'Best_epoch_HR@20': 6, 'Best_epoch_NDCG@20': 6}
2026/08/26 11:01:58 - __main__ - INFO - 931 - trainer - Epoch: 7
2026/08/26 11:01:58 - __main__ - INFO - 936 - trainer - start predicting: 2026-08-26 11:01:58.335267
2026/08/26 11:01:59 - __main__ - INFO - 973 - trainer - {'Best_HR@5': 31.9824, 'Best_NDCG@5': 22.9178, 'Best_HR@10': 41.8457, 'Best_NDCG@10': 26.1064, 'Best_HR@20': 56.25, 'Best_NDCG@20': 29.7176}
2026/08/26 11:01:59 - __main__ - INFO - 974 - trainer - {'Best_epoch_HR@5': 7, 'Best_epoch_NDCG@5': 7, 'Best_epoch_HR@10': 7, 'Best_epoch_NDCG@10': 7, 'Best_epoch_HR@20': 7, 'Best_epoch_NDCG@20': 7}
2026/08/26 11:02:00 - __main__ - INFO - 931 - trainer - Epoch: 8
2026/08/26 11:02:00 - __main__ - INFO - 936 - trainer - start predicting: 2026-08-26 11:02:00.394611
2026/08/26 11:02:01 - __main__ - INFO - 973 - trainer - {'Best_HR@5': 32.8613, 'Best_NDCG@5': 24.6628, 'Best_HR@10': 43.457, 'Best_NDCG@10': 28.0774, 'Best_HR@20': 57.666, 'Best_NDCG@20': 31.653}
2026/08/26 11:02:01 - __main__ - INFO - 974 - trainer - {'Best_epoch_HR@5': 8, 'Best_epoch_NDCG@5': 8, 'Best_epoch_HR@10': 8, 'Best_epoch_NDCG@10': 8, 'Best_epoch_HR@20': 8, 'Best_epoch_NDCG@20': 8}
2026/08/26 11:02:02 - __main__ - INFO - 931 - trainer - Epoch: 9
2026/08/26 11:02:02 - __main__ - INFO - 936 - trainer - start predicting: 2026-08-26 11:02:02.443115
2026/08/26 11:02:03 - __main__ - INFO - 973 - trainer - {'Best_HR@5': 34.6191, 'Best_NDCG@5': 25.5844, 'Best_HR@10': 44.3359, 'Best_NDCG@10': 28.7408, 'Best_HR@20': 57.666, 'Best_NDCG@20': 32.0817}
2026/08/26 11:02:03 - __main__ - INFO - 974 - trainer - {'Best_epoch_HR@5': 9, 'Best_epoch_NDCG@5': 9, 'Best_epoch_HR@10': 9, 'Best_epoch_NDCG@10': 9, 'Best_epoch_HR@20': 8, 'Best_epoch_NDCG@20': 9}
2026/08/26 11:02:04 - __main__ - INFO - 931 - trainer - Epoch: 10
2026/08/26 11:02:04 - __main__ - INFO - 936 - trainer - start predicting: 2026-08-26 11:02:04.525081
2026/08/26 11:02:06 - __main__ - INFO - 973 - trainer - {'Best_HR@5': 35.5469, 'Best_NDCG@5': 26.6705, 'Best_HR@10': 45.6543, 'Best_NDCG@10': 29.9106, 'Best_HR@20': 58.7402, 'Best_NDCG@20': 33.1959}
2026/08/26 11:02:06 - __main__ - INFO - 974 - trainer - {'Best_epoch_HR@5': 10, 'Best_epoch_NDCG@5': 10, 'Best_epoch_HR@10': 10, 'Best_epoch_NDCG@10': 10, 'Best_epoch_HR@20': 10, 'Best_epoch_NDCG@20': 10}
2026/08/26 11:02:06 - __main__ - INFO - 931 - trainer - Epoch: 11
2026/08/26 11:02:06 - __main__ - INFO - 936 - trainer - start predicting: 2026-08-26 11:02:06.616201
2026/08/26 11:02:08 - __main__ - INFO - 973 - trainer - {'Best_HR@5': 35.9375, 'Best_NDCG@5': 26.8835, 'Best_HR@10': 46.582, 'Best_NDCG@10': 30.3305, 'Best_HR@20': 59.5703, 'Best_NDCG@20': 33.5988}
2026/08/26 11:02:08 - __main__ - INFO - 974 - trainer - {'Best_epoch_HR@5': 11, 'Best_epoch_NDCG@5': 11, 'Best_epoch_HR@10': 11, 'Best_epoch_NDCG@10': 11, 'Best_epoch_HR@20': 11, 'Best_epoch_NDCG@20': 11}
2026/08/26 11:02:08 - __main__ - INFO - 931 - trainer - Epoch: 12
2026/08/26 11:02:08 - __main__ - INFO - 936 - trainer - start predicting: 2026-08-26 11:02:08.705669
2026/08/26 11:02:10 - __main__ - INFO - 973 - trainer - {'Best_HR@5': 36.3281, 'Best_NDCG@5': 26.8976, 'Best_HR@10': 47.5586, 'Best_NDCG@10': 30.5307, 'Best_HR@20': 59.7168, 'Best_NDCG@20': 33.6029}
2026/08/26 11:02:10 - __main__ - INFO - 974 - trainer - {'Best_epoch_HR@5': 12, 'Best_epoch_NDCG@5': 12, 'Best_epoch_HR@10': 12, 'Best_epoch_NDCG@10': 12, 'Best_epoch_HR@20': 12, 'Best_epoch_NDCG@20': 12}
2026/08/26 11:02:10 - __main__ - INFO - 931 - trainer - Epoch: 13
2026/08/26 11:02:10 - __main__ - INFO - 936 - trainer - start predicting: 2026-08-26 11:02:10.872253
2026/08/26 11:02:12 - __main__ - INFO - 973 - trainer - {'Best_HR@5': 36.9629, 'Best_NDCG@5': 27.2127, 'Best_HR@10': 47.5586, 'Best_NDCG@10': 30.569, 'Best_HR@20': 59.7656, 'Best_NDCG@20': 33.7253}
2026/08/26 11:02:12 - __main__ - INFO - 974 - trainer - {'Best_epoch_HR@5': 13, 'Best_epoch_NDCG@5': 13, 'Best_epoch_HR@10': 12, 'Best_epoch_NDCG@10': 13, 'Best_epoch_HR@20': 13, 'Best_epoch_NDCG@20': 13}
2026/08/26 11:02:12 - __main__ - INFO - 931 - trainer - Epoch: 14
2026/08/26 11:02:12 - __main__ - INFO - 936 - trainer - start predicting: 2026-08-26 11:02:12.973015
2026/08/26 11:02:14 - __main__ - INFO - 973 - trainer - {'Best_HR@5': 37.3047, 'Best_NDCG@5': 27.5625, 'Best_HR@10': 47.5586, 'Best_NDCG@10': 30.8955, 'Best_HR@20': 60.0098, 'Best_NDCG@20': 34.0214}
2026/08/26 11:02:14 - __main__ - INFO - 974 - trainer - {'Best_epoch_HR@5': 14, 'Best_epoch_NDCG@5': 14, 'Best_epoch_HR@10': 12, 'Best_epoch_NDCG@10': 14, 'Best_epoch_HR@20': 14, 'Best_epoch_NDCG@20': 14}
2026/08/26 11:02:15 - __main__ - INFO - 931 - trainer - Epoch: 15
2026/08/26 11:02:15 - __main__ - INFO - 936 - trainer - start predicting: 2026-08-26 11:02:15.032983
2026/08/26 11:02:16 - __main__ - INFO - 973 - trainer - {'Best_HR@5': 37.8418, 'Best_NDCG@5': 27.8721, 'Best_HR@10': 47.6562, 'Best_NDCG@10': 31.0017, 'Best_HR@20': 60.4004, 'Best_NDCG@20': 34.2198}
2026/08/26 11:02:16 - __main__ - INFO - 974 - trainer - {'Best_epoch_HR@5': 15, 'Best_epoch_NDCG@5': 15, 'Best_epoch_HR@10': 15, 'Best_epoch_NDCG@10': 15, 'Best_epoch_HR@20': 15, 'Best_epoch_NDCG@20': 15}
2026/08/26 11:02:17 - __main__ - INFO - 931 - trainer - Epoch: 16
2026/08/26 11:02:17 - __main__ - INFO - 936 - trainer - start predicting: 2026-08-26 11:02:17.165789
2026/08/26 11:02:18 - __main__ - INFO - 973 - trainer - {'Best_HR@5': 37.8418, 'Best_NDCG@5': 27.8721, 'Best_HR@10': 47.9492, 'Best_NDCG@10': 31.156, 'Best_HR@20': 60.4492, 'Best_NDCG@20': 34.3158}
2026/08/26 11:02:18 - __main__ - INFO - 974 - trainer - {'Best_epoch_HR@5': 15, 'Best_epoch_NDCG@5': 15, 'Best_epoch_HR@10': 16, 'Best_epoch_NDCG@10': 16, 'Best_epoch_HR@20': 16, 'Best_epoch_NDCG@20': 16}
2026/08/26 11:02:19 - __main__ - INFO - 931 - trainer - Epoch: 17
2026/08/26 11:02:19 - __main__ - INFO - 936 - trainer - start predicting: 2026-08-26 11:02:19.278766
2026/08/26 11:02:21 - __main__ - INFO - 931 - trainer - Epoch: 18
2026/08/26 11:02:21 - __main__ - INFO - 936 - trainer - start predicting: 2026-08-26 11:02:21.384687
2026/08/26 11:02:22 - __main__ - INFO - 973 - trainer - {'Best_HR@5': 38.2324, 'Best_NDCG@5': 27.8721, 'Best_HR@10': 47.9492, 'Best_NDCG@10': 31.156, 'Best_HR@20': 60.4492, 'Best_NDCG@20': 34.3158}
2026/08/26 11:02:22 - __main__ - INFO - 974 - trainer - {'Best_epoch_HR@5': 18, 'Best_epoch_NDCG@5': 15, 'Best_epoch_HR@10': 16, 'Best_epoch_NDCG@10': 16, 'Best_epoch_HR@20': 16, 'Best_epoch_NDCG@20': 16}
2026/08/26 11:02:23 - __main__ - INFO - 931 - trainer - Epoch: 19
2026/08/26 11:02:23 - __main__ - INFO - 936 - trainer - start predicting: 2026-08-26 11:02:23.493041
2026/08/26 11:02:25 - __main__ - INFO - 973 - trainer - {'Best_HR@5': 38.2324, 'Best_NDCG@5': 27.8721, 'Best_HR@10': 48.2422, 'Best_NDCG@10': 31.2026, 'Best_HR@20': 60.4492, 'Best_NDCG@20': 34.3158}
2026/08/26 11:02:25 - __main__ - INFO - 974 - trainer - {'Best_epoch_HR@5': 18, 'Best_epoch_NDCG@5': 15, 'Best_epoch_HR@10': 19, 'Best_epoch_NDCG@10': 19, 'Best_epoch_HR@20': 16, 'Best_epoch_NDCG@20': 16}
2026/08/26 11:02:25 - __main__ - INFO - 931 - trainer - Epoch: 20
2026/08/26 11:02:25 - __main__ - INFO - 936 - trainer - start predicting: 2026-08-26 11:02:25.585772
2026/08/26 11:02:27 - __main__ - INFO - 973 - trainer - {'Best_HR@5': 38.2324, 'Best_NDCG@5': 27.8721, 'Best_HR@10': 48.7305, 'Best_NDCG@10': 31.2026, 'Best_HR@20': 60.4492, 'Best_NDCG@20': 34.3158}
2026/08/26 11:02:27 - __main__ - INFO - 974 - trainer - {'Best_epoch_HR@5': 18, 'Best_epoch_NDCG@5': 15, 'Best_epoch_HR@10': 20, 'Best_epoch_NDCG@10': 19, 'Best_epoch_HR@20': 16, 'Best_epoch_NDCG@20': 16}
2026/08/26 11:02:27 - __main__ - INFO - 931 - trainer - Epoch: 21
2026/08/26 11:02:27 - __main__ - INFO - 936 - trainer - start predicting: 2026-08-26 11:02:27.692788
2026/08/26 11:02:29 - __main__ - INFO - 973 - trainer - {'Best_HR@5': 38.3301, 'Best_NDCG@5': 27.8721, 'Best_HR@10': 48.7305, 'Best_NDCG@10': 31.2026, 'Best_HR@20': 60.5957, 'Best_NDCG@20': 34.3158}
2026/08/26 11:02:29 - __main__ - INFO - 974 - trainer - {'Best_epoch_HR@5': 21, 'Best_epoch_NDCG@5': 15, 'Best_epoch_HR@10': 20, 'Best_epoch_NDCG@10': 19, 'Best_epoch_HR@20': 21, 'Best_epoch_NDCG@20': 16}
2026/08/26 11:02:29 - __main__ - INFO - 931 - trainer - Epoch: 22
2026/08/26 11:02:29 - __main__ - INFO - 936 - trainer - start predicting: 2026-08-26 11:02:29.802675
2026/08/26 11:02:31 - __main__ - INFO - 931 - trainer - Epoch: 23
2026/08/26 11:02:31 - __main__ - INFO - 936 - trainer - start predicting: 2026-08-26 11:02:31.925253
2026/08/26 11:02:34 - __main__ - INFO - 931 - trainer - Epoch: 24
2026/08/26 11:02:34 - __main__ - INFO - 936 - trainer - start predicting: 2026-08-26 11:02:34.048302
2026/08/26 11:02:36 - __main__ - INFO - 931 - trainer - Epoch: 25
2026/08/26 11:02:36 - __main__ - INFO - 936 - trainer - start predicting: 2026-08-26 11:02:36.147159
2026/08/26 11:02:38 - __main__ - INFO - 931 - trainer - Epoch: 26
2026/08/26 11:02:38 - __main__ - INFO - 936 - trainer - start predicting: 2026-08-26 11:02:38.219805
2026/08/26 11:02:39 - __main__ - INFO - 983 - trainer - {'Best_HR@5': 38.3301, 'Best_NDCG@5': 27.8721, 'Best_HR@10': 48.7305, 'Best_NDCG@10': 31.2026, 'Best_HR@20': 60.5957, 'Best_NDCG@20': 34.3158}
2026/08/26 11:02:39 - __main__ - INFO - 984 - trainer - {'Best_epoch_HR@5': 21, 'Best_epoch_NDCG@5': 15, 'Best_epoch_HR@10': 20, 'Best_epoch_NDCG@10': 19, 'Best_epoch_HR@20': 21, 'Best_epoch_NDCG@20': 16}
2026/08/26 11:02:39 - __main__ - INFO - 1090 - trainer - Target Popularity Definition---------------------------------------------
2026/08/26 11:02:39 - __main__ - INFO - 1095 - trainer - {'domain': 'Target', 'popular_ratio': 0.2, 'observed_train_items': 21856, 'popular_items': 4372, 'unpopular_seen_items': 17484, 'unseen_items_in_test': 'calculated from test ground truth'}
2026/08/26 11:02:41 - __main__ - INFO - 1371 - trainer - %s Test Overall------------------------------------------------------
2026/08/26 11:02:41 - __main__ - INFO - 1375 - trainer - {'HR@5': 38.8132, 'NDCG@5': 28.4955, 'HR@10': 50.3891, 'NDCG@10': 32.23, 'HR@20': 62.5, 'NDCG@20': 35.2767}
2026/08/26 11:02:41 - __main__ - INFO - 1466 - trainer - Target Test Group Size----------------------------------------------
2026/08/26 11:02:41 - __main__ - INFO - 1471 - trainer - {'domain': 'Target', 'Overall_test_samples': 2056, 'Popular_test_samples': 1372, 'Unpopular_seen_test_samples': 505, 'Unseen_test_samples': 179, 'Grouped_test_samples': 2056}
2026/08/26 11:02:41 - __main__ - INFO - 1473 - trainer - Target Test Popular Ground Truth-------------------------------------
2026/08/26 11:02:41 - __main__ - INFO - 1478 - trainer - {'HR@5': 56.0496, 'NDCG@5': 41.6174, 'HR@10': 71.0641, 'NDCG@10': 46.5004, 'HR@20': 83.6006, 'NDCG@20': 49.6692}
2026/08/26 11:02:41 - __main__ - INFO - 1480 - trainer - Target Test Unpopular-Seen Ground Truth------------------------------
2026/08/26 11:02:41 - __main__ - INFO - 1485 - trainer - {'HR@5': 5.7426, 'NDCG@5': 2.946, 'HR@10': 12.0792, 'NDCG@10': 4.8838, 'HR@20': 27.3267, 'NDCG@20': 8.6789}
2026/08/26 11:02:41 - __main__ - INFO - 1489 - trainer - Target Test Unseen Ground Truth--------------------------------------
2026/08/26 11:02:41 - __main__ - INFO - 1494 - trainer - {'HR@5': 0.0, 'NDCG@5': 0.0, 'HR@10': 0.0, 'NDCG@10': 0.0, 'HR@20': 0.0, 'NDCG@20': 0.0}
2026/08/26 11:02:41 - __main__ - INFO - 1496 - trainer - Target Recommendation Popularity-------------------------------------
2026/08/26 11:02:41 - __main__ - INFO - 1501 - trainer - {'PopularRatio@5': 86.8385, 'PopularRatio@10': 73.964, 'PopularRatio@20': 56.8677}
2026/08/26 11:02:41 - __main__ - INFO - 1504 - trainer - Best Eval---------------------------------------------------------
2026/08/26 11:02:41 - __main__ - INFO - 1507 - trainer - {'Best_HR@5': 38.3301, 'Best_NDCG@5': 27.8721, 'Best_HR@10': 48.7305, 'Best_NDCG@10': 31.2026, 'Best_HR@20': 60.5957, 'Best_NDCG@20': 34.3158}
2026/08/26 11:02:41 - __main__ - INFO - 1508 - trainer - {'Best_epoch_HR@5': 21, 'Best_epoch_NDCG@5': 15, 'Best_epoch_HR@10': 20, 'Best_epoch_NDCG@10': 19, 'Best_epoch_HR@20': 21, 'Best_epoch_NDCG@20': 16}
2026/08/26 11:02:41 - __main__ - INFO - 179 - main - Target model saved at: ./saved_model/movie_video/target_model.pth
