2026/07/27 16:24:04 - __main__ - INFO - 87 - main - Namespace(batch_size=512, decay_step=100, description='Diffu_norm_score', device='cuda', diffusion_steps=32, dropout=0.1, emb_dropout=0.3, epochs=100, eval_interval=5, gamma=0.1, hidden_act='gelu', hidden_size=128, lambda_uncertainty=0.001, log_file='log/', loss_lambda=1, lr=0.001, max_len=8, metric_ks=[5, 10, 20], momentum=None, noise_schedule='trunc_lin', num_blocks=4, num_gpu=1, optimizer='Adam', p=0.3, patience=2, popular_ratio=0.2, random_seed=1997, rescale_timesteps=True, s_dataset='movie', schedule_sampler_name='lossaware', t_dataset='video', tail_drop_probability=0.2, tail_preserve_recent=2, w=1.0, weight_decay=0)
2026/07/27 16:24:13 - __main__ - INFO - 664 - trainer - Epoch: 0
2026/07/27 16:24:16 - __main__ - INFO - 664 - trainer - Epoch: 1
2026/07/27 16:24:20 - __main__ - INFO - 664 - trainer - Epoch: 2
2026/07/27 16:24:24 - __main__ - INFO - 664 - trainer - Epoch: 3
2026/07/27 16:24:28 - __main__ - INFO - 664 - trainer - Epoch: 4
2026/07/27 16:24:32 - __main__ - INFO - 664 - trainer - Epoch: 5
2026/07/27 16:24:32 - __main__ - INFO - 669 - trainer - start predicting: 2026-07-27 16:24:32.381492
2026/07/27 16:24:43 - __main__ - INFO - 706 - trainer - {'Best_HR@5': 40.0781, 'Best_NDCG@5': 30.654, 'Best_HR@10': 50.8398, 'Best_NDCG@10': 34.1316, 'Best_HR@20': 64.2285, 'Best_NDCG@20': 37.5062}
2026/07/27 16:24:43 - __main__ - INFO - 707 - trainer - {'Best_epoch_HR@5': 5, 'Best_epoch_NDCG@5': 5, 'Best_epoch_HR@10': 5, 'Best_epoch_NDCG@10': 5, 'Best_epoch_HR@20': 5, 'Best_epoch_NDCG@20': 5}
2026/07/27 16:24:48 - __main__ - INFO - 664 - trainer - Epoch: 6
2026/07/27 16:24:51 - __main__ - INFO - 664 - trainer - Epoch: 7
2026/07/27 16:24:55 - __main__ - INFO - 664 - trainer - Epoch: 8
2026/07/27 16:24:59 - __main__ - INFO - 664 - trainer - Epoch: 9
2026/07/27 16:25:03 - __main__ - INFO - 664 - trainer - Epoch: 10
2026/07/27 16:25:03 - __main__ - INFO - 669 - trainer - start predicting: 2026-07-27 16:25:03.641912
2026/07/27 16:25:15 - __main__ - INFO - 706 - trainer - {'Best_HR@5': 48.5449, 'Best_NDCG@5': 36.8868, 'Best_HR@10': 59.4336, 'Best_NDCG@10': 40.4176, 'Best_HR@20': 70.0391, 'Best_NDCG@20': 43.0941}
2026/07/27 16:25:15 - __main__ - INFO - 707 - trainer - {'Best_epoch_HR@5': 10, 'Best_epoch_NDCG@5': 10, 'Best_epoch_HR@10': 10, 'Best_epoch_NDCG@10': 10, 'Best_epoch_HR@20': 10, 'Best_epoch_NDCG@20': 10}
2026/07/27 16:25:19 - __main__ - INFO - 664 - trainer - Epoch: 11
2026/07/27 16:25:23 - __main__ - INFO - 664 - trainer - Epoch: 12
2026/07/27 16:25:26 - __main__ - INFO - 664 - trainer - Epoch: 13
2026/07/27 16:25:30 - __main__ - INFO - 664 - trainer - Epoch: 14
2026/07/27 16:25:34 - __main__ - INFO - 664 - trainer - Epoch: 15
2026/07/27 16:25:34 - __main__ - INFO - 669 - trainer - start predicting: 2026-07-27 16:25:34.917339
2026/07/27 16:25:46 - __main__ - INFO - 706 - trainer - {'Best_HR@5': 49.5605, 'Best_NDCG@5': 37.605, 'Best_HR@10': 60.2441, 'Best_NDCG@10': 41.0625, 'Best_HR@20': 70.8301, 'Best_NDCG@20': 43.7448}
2026/07/27 16:25:46 - __main__ - INFO - 707 - trainer - {'Best_epoch_HR@5': 15, 'Best_epoch_NDCG@5': 15, 'Best_epoch_HR@10': 15, 'Best_epoch_NDCG@10': 15, 'Best_epoch_HR@20': 15, 'Best_epoch_NDCG@20': 15}
2026/07/27 16:25:50 - __main__ - INFO - 664 - trainer - Epoch: 16
2026/07/27 16:25:54 - __main__ - INFO - 664 - trainer - Epoch: 17
2026/07/27 16:25:58 - __main__ - INFO - 664 - trainer - Epoch: 18
2026/07/27 16:26:02 - __main__ - INFO - 664 - trainer - Epoch: 19
2026/07/27 16:26:06 - __main__ - INFO - 664 - trainer - Epoch: 20
2026/07/27 16:26:06 - __main__ - INFO - 669 - trainer - start predicting: 2026-07-27 16:26:06.111708
2026/07/27 16:26:21 - __main__ - INFO - 664 - trainer - Epoch: 21
2026/07/27 16:26:25 - __main__ - INFO - 664 - trainer - Epoch: 22
2026/07/27 16:26:28 - __main__ - INFO - 664 - trainer - Epoch: 23
2026/07/27 16:26:32 - __main__ - INFO - 664 - trainer - Epoch: 24
2026/07/27 16:26:36 - __main__ - INFO - 664 - trainer - Epoch: 25
2026/07/27 16:26:36 - __main__ - INFO - 669 - trainer - start predicting: 2026-07-27 16:26:36.131975
2026/07/27 16:26:48 - __main__ - INFO - 716 - trainer - {'Best_HR@5': 49.5605, 'Best_NDCG@5': 37.605, 'Best_HR@10': 60.2441, 'Best_NDCG@10': 41.0625, 'Best_HR@20': 70.8301, 'Best_NDCG@20': 43.7448}
2026/07/27 16:26:48 - __main__ - INFO - 717 - trainer - {'Best_epoch_HR@5': 15, 'Best_epoch_NDCG@5': 15, 'Best_epoch_HR@10': 15, 'Best_epoch_NDCG@10': 15, 'Best_epoch_HR@20': 15, 'Best_epoch_NDCG@20': 15}
2026/07/27 16:26:55 - __main__ - INFO - 1061 - trainer - Test Overall------------------------------------------------------
2026/07/27 16:26:55 - __main__ - INFO - 1065 - trainer - {'HR@5': 49.6546, 'NDCG@5': 38.1466, 'HR@10': 60.3531, 'NDCG@10': 41.6257, 'HR@20': 70.3224, 'NDCG@20': 44.1492}
2026/07/27 16:26:55 - __main__ - INFO - 1181 - trainer - Best Eval---------------------------------------------------------
2026/07/27 16:26:55 - __main__ - INFO - 1184 - trainer - {'Best_HR@5': 49.5605, 'Best_NDCG@5': 37.605, 'Best_HR@10': 60.2441, 'Best_NDCG@10': 41.0625, 'Best_HR@20': 70.8301, 'Best_NDCG@20': 43.7448}
2026/07/27 16:26:55 - __main__ - INFO - 1185 - trainer - {'Best_epoch_HR@5': 15, 'Best_epoch_NDCG@5': 15, 'Best_epoch_HR@10': 15, 'Best_epoch_NDCG@10': 15, 'Best_epoch_HR@20': 15, 'Best_epoch_NDCG@20': 15}
2026/07/27 16:26:55 - __main__ - INFO - 539 - trainer - Tail Dataset Augmentation Setup------------------------------------------
2026/07/27 16:26:55 - __main__ - INFO - 543 - trainer - {'augmentation_method': 'one original plus one augmented copy', 'popular_items': 4372, 'unpopular_seen_items': 17484, 'tail_drop_probability': 0.2, 'tail_preserve_recent': 2, 'original_training_samples': 16438, 'original_tail_samples': 4912, 'augmented_tail_copies': 4912, 'final_training_samples': 21350, 'final_tail_samples': 9824, 'original_tail_ratio': 0.2988, 'final_tail_ratio': 0.4601, 'unchanged_augmented_sequences': 0}
2026/07/27 16:26:56 - __main__ - INFO - 664 - trainer - Epoch: 0
2026/07/27 16:26:57 - __main__ - INFO - 664 - trainer - Epoch: 1
2026/07/27 16:26:57 - __main__ - INFO - 669 - trainer - start predicting: 2026-07-27 16:26:57.381790
2026/07/27 16:26:58 - __main__ - INFO - 706 - trainer - {'Best_HR@5': 10.3516, 'Best_NDCG@5': 6.1109, 'Best_HR@10': 18.6523, 'Best_NDCG@10': 8.7469, 'Best_HR@20': 34.2285, 'Best_NDCG@20': 12.6254}
2026/07/27 16:26:58 - __main__ - INFO - 707 - trainer - {'Best_epoch_HR@5': 1, 'Best_epoch_NDCG@5': 1, 'Best_epoch_HR@10': 1, 'Best_epoch_NDCG@10': 1, 'Best_epoch_HR@20': 1, 'Best_epoch_NDCG@20': 1}
2026/07/27 16:26:59 - __main__ - INFO - 664 - trainer - Epoch: 2
2026/07/27 16:26:59 - __main__ - INFO - 669 - trainer - start predicting: 2026-07-27 16:26:59.642004
2026/07/27 16:27:01 - __main__ - INFO - 706 - trainer - {'Best_HR@5': 14.5508, 'Best_NDCG@5': 9.1329, 'Best_HR@10': 25.7812, 'Best_NDCG@10': 12.7209, 'Best_HR@20': 43.1641, 'Best_NDCG@20': 17.0765}
2026/07/27 16:27:01 - __main__ - INFO - 707 - trainer - {'Best_epoch_HR@5': 2, 'Best_epoch_NDCG@5': 2, 'Best_epoch_HR@10': 2, 'Best_epoch_NDCG@10': 2, 'Best_epoch_HR@20': 2, 'Best_epoch_NDCG@20': 2}
2026/07/27 16:27:01 - __main__ - INFO - 664 - trainer - Epoch: 3
2026/07/27 16:27:01 - __main__ - INFO - 669 - trainer - start predicting: 2026-07-27 16:27:01.871245
2026/07/27 16:27:03 - __main__ - INFO - 706 - trainer - {'Best_HR@5': 18.8477, 'Best_NDCG@5': 12.2644, 'Best_HR@10': 31.1523, 'Best_NDCG@10': 16.2174, 'Best_HR@20': 48.7305, 'Best_NDCG@20': 20.6485}
2026/07/27 16:27:03 - __main__ - INFO - 707 - trainer - {'Best_epoch_HR@5': 3, 'Best_epoch_NDCG@5': 3, 'Best_epoch_HR@10': 3, 'Best_epoch_NDCG@10': 3, 'Best_epoch_HR@20': 3, 'Best_epoch_NDCG@20': 3}
2026/07/27 16:27:04 - __main__ - INFO - 664 - trainer - Epoch: 4
2026/07/27 16:27:04 - __main__ - INFO - 669 - trainer - start predicting: 2026-07-27 16:27:04.108886
2026/07/27 16:27:05 - __main__ - INFO - 706 - trainer - {'Best_HR@5': 23.5352, 'Best_NDCG@5': 15.8899, 'Best_HR@10': 34.668, 'Best_NDCG@10': 19.4645, 'Best_HR@20': 50.4395, 'Best_NDCG@20': 23.4266}
2026/07/27 16:27:05 - __main__ - INFO - 707 - trainer - {'Best_epoch_HR@5': 4, 'Best_epoch_NDCG@5': 4, 'Best_epoch_HR@10': 4, 'Best_epoch_NDCG@10': 4, 'Best_epoch_HR@20': 4, 'Best_epoch_NDCG@20': 4}
2026/07/27 16:27:06 - __main__ - INFO - 664 - trainer - Epoch: 5
2026/07/27 16:27:06 - __main__ - INFO - 669 - trainer - start predicting: 2026-07-27 16:27:06.349371
2026/07/27 16:27:07 - __main__ - INFO - 706 - trainer - {'Best_HR@5': 25.4883, 'Best_NDCG@5': 17.9068, 'Best_HR@10': 37.5, 'Best_NDCG@10': 21.7841, 'Best_HR@20': 54.0039, 'Best_NDCG@20': 25.9235}
2026/07/27 16:27:07 - __main__ - INFO - 707 - trainer - {'Best_epoch_HR@5': 5, 'Best_epoch_NDCG@5': 5, 'Best_epoch_HR@10': 5, 'Best_epoch_NDCG@10': 5, 'Best_epoch_HR@20': 5, 'Best_epoch_NDCG@20': 5}
2026/07/27 16:27:08 - __main__ - INFO - 664 - trainer - Epoch: 6
2026/07/27 16:27:08 - __main__ - INFO - 669 - trainer - start predicting: 2026-07-27 16:27:08.599710
2026/07/27 16:27:10 - __main__ - INFO - 706 - trainer - {'Best_HR@5': 27.7344, 'Best_NDCG@5': 20.033, 'Best_HR@10': 39.2578, 'Best_NDCG@10': 23.753, 'Best_HR@20': 54.9316, 'Best_NDCG@20': 27.6654}
2026/07/27 16:27:10 - __main__ - INFO - 707 - trainer - {'Best_epoch_HR@5': 6, 'Best_epoch_NDCG@5': 6, 'Best_epoch_HR@10': 6, 'Best_epoch_NDCG@10': 6, 'Best_epoch_HR@20': 6, 'Best_epoch_NDCG@20': 6}
2026/07/27 16:27:10 - __main__ - INFO - 664 - trainer - Epoch: 7
2026/07/27 16:27:10 - __main__ - INFO - 669 - trainer - start predicting: 2026-07-27 16:27:10.883031
2026/07/27 16:27:12 - __main__ - INFO - 706 - trainer - {'Best_HR@5': 30.8594, 'Best_NDCG@5': 23.1467, 'Best_HR@10': 40.7715, 'Best_NDCG@10': 26.317, 'Best_HR@20': 56.2988, 'Best_NDCG@20': 30.2126}
2026/07/27 16:27:12 - __main__ - INFO - 707 - trainer - {'Best_epoch_HR@5': 7, 'Best_epoch_NDCG@5': 7, 'Best_epoch_HR@10': 7, 'Best_epoch_NDCG@10': 7, 'Best_epoch_HR@20': 7, 'Best_epoch_NDCG@20': 7}
2026/07/27 16:27:13 - __main__ - INFO - 664 - trainer - Epoch: 8
2026/07/27 16:27:13 - __main__ - INFO - 669 - trainer - start predicting: 2026-07-27 16:27:13.167226
2026/07/27 16:27:14 - __main__ - INFO - 706 - trainer - {'Best_HR@5': 32.373, 'Best_NDCG@5': 24.1877, 'Best_HR@10': 41.748, 'Best_NDCG@10': 27.1988, 'Best_HR@20': 56.8359, 'Best_NDCG@20': 30.9678}
2026/07/27 16:27:14 - __main__ - INFO - 707 - trainer - {'Best_epoch_HR@5': 8, 'Best_epoch_NDCG@5': 8, 'Best_epoch_HR@10': 8, 'Best_epoch_NDCG@10': 8, 'Best_epoch_HR@20': 8, 'Best_epoch_NDCG@20': 8}
2026/07/27 16:27:15 - __main__ - INFO - 664 - trainer - Epoch: 9
2026/07/27 16:27:15 - __main__ - INFO - 669 - trainer - start predicting: 2026-07-27 16:27:15.535691
2026/07/27 16:27:17 - __main__ - INFO - 706 - trainer - {'Best_HR@5': 33.1055, 'Best_NDCG@5': 24.8393, 'Best_HR@10': 42.0898, 'Best_NDCG@10': 27.701, 'Best_HR@20': 57.0801, 'Best_NDCG@20': 31.4574}
2026/07/27 16:27:17 - __main__ - INFO - 707 - trainer - {'Best_epoch_HR@5': 9, 'Best_epoch_NDCG@5': 9, 'Best_epoch_HR@10': 9, 'Best_epoch_NDCG@10': 9, 'Best_epoch_HR@20': 9, 'Best_epoch_NDCG@20': 9}
2026/07/27 16:27:17 - __main__ - INFO - 664 - trainer - Epoch: 10
2026/07/27 16:27:17 - __main__ - INFO - 669 - trainer - start predicting: 2026-07-27 16:27:17.878254
2026/07/27 16:27:19 - __main__ - INFO - 706 - trainer - {'Best_HR@5': 33.3984, 'Best_NDCG@5': 25.1829, 'Best_HR@10': 43.6523, 'Best_NDCG@10': 28.4486, 'Best_HR@20': 57.4219, 'Best_NDCG@20': 31.8965}
2026/07/27 16:27:19 - __main__ - INFO - 707 - trainer - {'Best_epoch_HR@5': 10, 'Best_epoch_NDCG@5': 10, 'Best_epoch_HR@10': 10, 'Best_epoch_NDCG@10': 10, 'Best_epoch_HR@20': 10, 'Best_epoch_NDCG@20': 10}
2026/07/27 16:27:20 - __main__ - INFO - 664 - trainer - Epoch: 11
2026/07/27 16:27:20 - __main__ - INFO - 669 - trainer - start predicting: 2026-07-27 16:27:20.245359
2026/07/27 16:27:21 - __main__ - INFO - 706 - trainer - {'Best_HR@5': 34.7656, 'Best_NDCG@5': 26.0497, 'Best_HR@10': 44.043, 'Best_NDCG@10': 29.0617, 'Best_HR@20': 57.4219, 'Best_NDCG@20': 32.297}
2026/07/27 16:27:21 - __main__ - INFO - 707 - trainer - {'Best_epoch_HR@5': 11, 'Best_epoch_NDCG@5': 11, 'Best_epoch_HR@10': 11, 'Best_epoch_NDCG@10': 11, 'Best_epoch_HR@20': 10, 'Best_epoch_NDCG@20': 11}
2026/07/27 16:27:22 - __main__ - INFO - 664 - trainer - Epoch: 12
2026/07/27 16:27:22 - __main__ - INFO - 669 - trainer - start predicting: 2026-07-27 16:27:22.515261
2026/07/27 16:27:24 - __main__ - INFO - 706 - trainer - {'Best_HR@5': 34.7656, 'Best_NDCG@5': 26.0497, 'Best_HR@10': 44.043, 'Best_NDCG@10': 29.0617, 'Best_HR@20': 57.5684, 'Best_NDCG@20': 32.297}
2026/07/27 16:27:24 - __main__ - INFO - 707 - trainer - {'Best_epoch_HR@5': 11, 'Best_epoch_NDCG@5': 11, 'Best_epoch_HR@10': 11, 'Best_epoch_NDCG@10': 11, 'Best_epoch_HR@20': 12, 'Best_epoch_NDCG@20': 11}
2026/07/27 16:27:24 - __main__ - INFO - 664 - trainer - Epoch: 13
2026/07/27 16:27:24 - __main__ - INFO - 669 - trainer - start predicting: 2026-07-27 16:27:24.847977
2026/07/27 16:27:26 - __main__ - INFO - 706 - trainer - {'Best_HR@5': 34.7656, 'Best_NDCG@5': 26.0497, 'Best_HR@10': 44.3848, 'Best_NDCG@10': 29.0617, 'Best_HR@20': 57.5684, 'Best_NDCG@20': 32.297}
2026/07/27 16:27:26 - __main__ - INFO - 707 - trainer - {'Best_epoch_HR@5': 11, 'Best_epoch_NDCG@5': 11, 'Best_epoch_HR@10': 13, 'Best_epoch_NDCG@10': 11, 'Best_epoch_HR@20': 12, 'Best_epoch_NDCG@20': 11}
2026/07/27 16:27:27 - __main__ - INFO - 664 - trainer - Epoch: 14
2026/07/27 16:27:27 - __main__ - INFO - 669 - trainer - start predicting: 2026-07-27 16:27:27.159988
2026/07/27 16:27:29 - __main__ - INFO - 664 - trainer - Epoch: 15
2026/07/27 16:27:29 - __main__ - INFO - 669 - trainer - start predicting: 2026-07-27 16:27:29.446532
2026/07/27 16:27:31 - __main__ - INFO - 706 - trainer - {'Best_HR@5': 35.7422, 'Best_NDCG@5': 26.2405, 'Best_HR@10': 44.7266, 'Best_NDCG@10': 29.1198, 'Best_HR@20': 57.8613, 'Best_NDCG@20': 32.4188}
2026/07/27 16:27:31 - __main__ - INFO - 707 - trainer - {'Best_epoch_HR@5': 15, 'Best_epoch_NDCG@5': 15, 'Best_epoch_HR@10': 15, 'Best_epoch_NDCG@10': 15, 'Best_epoch_HR@20': 15, 'Best_epoch_NDCG@20': 15}
2026/07/27 16:27:31 - __main__ - INFO - 664 - trainer - Epoch: 16
2026/07/27 16:27:31 - __main__ - INFO - 669 - trainer - start predicting: 2026-07-27 16:27:31.770031
2026/07/27 16:27:34 - __main__ - INFO - 664 - trainer - Epoch: 17
2026/07/27 16:27:34 - __main__ - INFO - 669 - trainer - start predicting: 2026-07-27 16:27:34.105973
2026/07/27 16:27:35 - __main__ - INFO - 706 - trainer - {'Best_HR@5': 35.7422, 'Best_NDCG@5': 26.2405, 'Best_HR@10': 44.7266, 'Best_NDCG@10': 29.1198, 'Best_HR@20': 57.8613, 'Best_NDCG@20': 32.4302}
2026/07/27 16:27:35 - __main__ - INFO - 707 - trainer - {'Best_epoch_HR@5': 15, 'Best_epoch_NDCG@5': 15, 'Best_epoch_HR@10': 15, 'Best_epoch_NDCG@10': 15, 'Best_epoch_HR@20': 15, 'Best_epoch_NDCG@20': 17}
2026/07/27 16:27:36 - __main__ - INFO - 664 - trainer - Epoch: 18
2026/07/27 16:27:36 - __main__ - INFO - 669 - trainer - start predicting: 2026-07-27 16:27:36.368826
2026/07/27 16:27:38 - __main__ - INFO - 664 - trainer - Epoch: 19
2026/07/27 16:27:38 - __main__ - INFO - 669 - trainer - start predicting: 2026-07-27 16:27:38.640860
2026/07/27 16:27:40 - __main__ - INFO - 664 - trainer - Epoch: 20
2026/07/27 16:27:40 - __main__ - INFO - 669 - trainer - start predicting: 2026-07-27 16:27:40.902604
2026/07/27 16:27:43 - __main__ - INFO - 664 - trainer - Epoch: 21
2026/07/27 16:27:43 - __main__ - INFO - 669 - trainer - start predicting: 2026-07-27 16:27:43.159445
2026/07/27 16:27:45 - __main__ - INFO - 664 - trainer - Epoch: 22
2026/07/27 16:27:45 - __main__ - INFO - 669 - trainer - start predicting: 2026-07-27 16:27:45.384519
2026/07/27 16:27:46 - __main__ - INFO - 716 - trainer - {'Best_HR@5': 35.7422, 'Best_NDCG@5': 26.2405, 'Best_HR@10': 44.7266, 'Best_NDCG@10': 29.1198, 'Best_HR@20': 57.8613, 'Best_NDCG@20': 32.4302}
2026/07/27 16:27:46 - __main__ - INFO - 717 - trainer - {'Best_epoch_HR@5': 15, 'Best_epoch_NDCG@5': 15, 'Best_epoch_HR@10': 15, 'Best_epoch_NDCG@10': 15, 'Best_epoch_HR@20': 15, 'Best_epoch_NDCG@20': 17}
2026/07/27 16:27:46 - __main__ - INFO - 798 - trainer - Popularity Definition------------------------------------------------
2026/07/27 16:27:46 - __main__ - INFO - 802 - trainer - {'popular_ratio': 0.2, 'observed_train_items': 21856, 'popular_items': 4372, 'unpopular_seen_items': 17484, 'unseen_items_in_test': 'calculated from test ground truth'}
2026/07/27 16:27:48 - __main__ - INFO - 1061 - trainer - Test Overall------------------------------------------------------
2026/07/27 16:27:48 - __main__ - INFO - 1065 - trainer - {'HR@5': 34.8249, 'NDCG@5': 26.2029, 'HR@10': 45.6226, 'NDCG@10': 29.6761, 'HR@20': 59.0953, 'NDCG@20': 33.0511}
2026/07/27 16:27:48 - __main__ - INFO - 1150 - trainer - Test Group Size---------------------------------------------------
2026/07/27 16:27:48 - __main__ - INFO - 1154 - trainer - {'Overall_test_samples': 2056, 'Popular_test_samples': 1372, 'Unpopular_seen_test_samples': 505, 'Unseen_test_samples': 179, 'Grouped_test_samples': 2056}
2026/07/27 16:27:48 - __main__ - INFO - 1156 - trainer - Test Popular Ground Truth------------------------------------------
2026/07/27 16:27:48 - __main__ - INFO - 1160 - trainer - {'HR@5': 49.2711, 'NDCG@5': 37.6645, 'HR@10': 62.2449, 'NDCG@10': 41.8682, 'HR@20': 77.4052, 'NDCG@20': 45.6581}
2026/07/27 16:27:48 - __main__ - INFO - 1162 - trainer - Test Unpopular-Seen Ground Truth-----------------------------------
2026/07/27 16:27:48 - __main__ - INFO - 1166 - trainer - {'HR@5': 7.9208, 'NDCG@5': 4.3515, 'HR@10': 16.6337, 'NDCG@10': 7.0708, 'HR@20': 30.297, 'NDCG@20': 10.5152}
2026/07/27 16:27:48 - __main__ - INFO - 1168 - trainer - Test Unseen Ground Truth-------------------------------------------
2026/07/27 16:27:48 - __main__ - INFO - 1172 - trainer - {'HR@5': 0.0, 'NDCG@5': 0.0, 'HR@10': 0.0, 'NDCG@10': 0.0, 'HR@20': 0.0, 'NDCG@20': 0.0}
2026/07/27 16:27:48 - __main__ - INFO - 1174 - trainer - Recommendation Popularity------------------------------------------
2026/07/27 16:27:48 - __main__ - INFO - 1178 - trainer - {'PopularRatio@5': 66.4883, 'PopularRatio@10': 55.0146, 'PopularRatio@20': 45.9193}
2026/07/27 16:27:48 - __main__ - INFO - 1181 - trainer - Best Eval---------------------------------------------------------
2026/07/27 16:27:48 - __main__ - INFO - 1184 - trainer - {'Best_HR@5': 35.7422, 'Best_NDCG@5': 26.2405, 'Best_HR@10': 44.7266, 'Best_NDCG@10': 29.1198, 'Best_HR@20': 57.8613, 'Best_NDCG@20': 32.4302}
2026/07/27 16:27:48 - __main__ - INFO - 1185 - trainer - {'Best_epoch_HR@5': 15, 'Best_epoch_NDCG@5': 15, 'Best_epoch_HR@10': 15, 'Best_epoch_NDCG@10': 15, 'Best_epoch_HR@20': 15, 'Best_epoch_NDCG@20': 17}
2026/07/27 16:27:48 - __main__ - INFO - 173 - main - Target model saved at: ./saved_model/movie_video/target_model.pth
