2026/08/20 16:23:24 - __main__ - INFO - 96 - main - Namespace(batch_size=512, decay_step=100, description='Diffu_norm_score', device='cuda', diffusion_steps=32, dropout=0.1, emb_dropout=0.3, epochs=100, eval_interval=5, gamma=0.1, group_alignment=1, group_alignment_mode='both', group_context_threshold=0.5, group_pop_weight=1.0, group_tail_weight=1.0, hidden_act='gelu', hidden_size=128, lambda_uncertainty=0.001, log_file='log/', loss_lambda=1, lr=0.001, max_len=8, metric_ks=[5, 10, 20], momentum=None, noise_schedule='trunc_lin', num_blocks=4, num_gpu=1, optimizer='Adam', p=0.3, patience=2, popular_ratio=0.2, random_seed=1997, rescale_timesteps=True, s_dataset='movie', schedule_sampler_name='lossaware', t_dataset='video', tail_aug_probability=0.5, tail_context_regulation=1, tail_drop_probability=0.2, tail_preserve_recent=2, target_next_reweight_alpha=0.25, target_next_rule_reweight=1, w=1.0, weight_decay=0)
2026/08/20 16:23:28 - __main__ - INFO - 702 - trainer - Group-aware Alignment Definition------------------------------------
2026/08/20 16:23:28 - __main__ - INFO - 706 - trainer - {'group_alignment': True, 'alignment_mode': 'both', 'context_threshold': 0.5, 'popular_weight': 1.0, 'tail_weight': 1.0, 'source_popular_items': 17856, 'target_popular_items': 4372}
2026/08/20 16:23:28 - __main__ - INFO - 1151 - trainer - Group-aware Alignment Batch------------------------------------
2026/08/20 16:23:28 - __main__ - INFO - 1156 - trainer - {'Epoch': 0, 'Source Popular-context': 407, 'Source Tail-context': 75, 'Target Popular-context': 379, 'Target Tail-context': 87}
2026/08/20 16:23:33 - __main__ - INFO - 1167 - trainer - Epoch: 0
2026/08/20 16:23:33 - __main__ - INFO - 1151 - trainer - Group-aware Alignment Batch------------------------------------
2026/08/20 16:23:33 - __main__ - INFO - 1156 - trainer - {'Epoch': 1, 'Source Popular-context': 394, 'Source Tail-context': 77, 'Target Popular-context': 372, 'Target Tail-context': 83}
2026/08/20 16:23:37 - __main__ - INFO - 1167 - trainer - Epoch: 1
2026/08/20 16:23:37 - __main__ - INFO - 1151 - trainer - Group-aware Alignment Batch------------------------------------
2026/08/20 16:23:37 - __main__ - INFO - 1156 - trainer - {'Epoch': 2, 'Source Popular-context': 393, 'Source Tail-context': 73, 'Target Popular-context': 387, 'Target Tail-context': 77}
2026/08/20 16:23:42 - __main__ - INFO - 1167 - trainer - Epoch: 2
2026/08/20 16:23:42 - __main__ - INFO - 1151 - trainer - Group-aware Alignment Batch------------------------------------
2026/08/20 16:23:42 - __main__ - INFO - 1156 - trainer - {'Epoch': 3, 'Source Popular-context': 409, 'Source Tail-context': 56, 'Target Popular-context': 342, 'Target Tail-context': 98}
2026/08/20 16:23:46 - __main__ - INFO - 1167 - trainer - Epoch: 3
2026/08/20 16:23:46 - __main__ - INFO - 1151 - trainer - Group-aware Alignment Batch------------------------------------
2026/08/20 16:23:46 - __main__ - INFO - 1156 - trainer - {'Epoch': 4, 'Source Popular-context': 418, 'Source Tail-context': 59, 'Target Popular-context': 370, 'Target Tail-context': 79}
2026/08/20 16:23:51 - __main__ - INFO - 1167 - trainer - Epoch: 4
2026/08/20 16:23:51 - __main__ - INFO - 1151 - trainer - Group-aware Alignment Batch------------------------------------
2026/08/20 16:23:51 - __main__ - INFO - 1156 - trainer - {'Epoch': 5, 'Source Popular-context': 403, 'Source Tail-context': 59, 'Target Popular-context': 368, 'Target Tail-context': 85}
2026/08/20 16:23:55 - __main__ - INFO - 1167 - trainer - Epoch: 5
2026/08/20 16:23:55 - __main__ - INFO - 1172 - trainer - start predicting: 2026-08-20 16:23:55.597712
2026/08/20 16:24:07 - __main__ - INFO - 1209 - trainer - {'Best_HR@5': 38.6621, 'Best_NDCG@5': 29.8305, 'Best_HR@10': 49.1016, 'Best_NDCG@10': 33.2054, 'Best_HR@20': 61.8359, 'Best_NDCG@20': 36.4132}
2026/08/20 16:24:07 - __main__ - INFO - 1210 - trainer - {'Best_epoch_HR@5': 5, 'Best_epoch_NDCG@5': 5, 'Best_epoch_HR@10': 5, 'Best_epoch_NDCG@10': 5, 'Best_epoch_HR@20': 5, 'Best_epoch_NDCG@20': 5}
2026/08/20 16:24:07 - __main__ - INFO - 1151 - trainer - Group-aware Alignment Batch------------------------------------
2026/08/20 16:24:07 - __main__ - INFO - 1156 - trainer - {'Epoch': 6, 'Source Popular-context': 423, 'Source Tail-context': 54, 'Target Popular-context': 362, 'Target Tail-context': 95}
2026/08/20 16:24:12 - __main__ - INFO - 1167 - trainer - Epoch: 6
2026/08/20 16:24:12 - __main__ - INFO - 1151 - trainer - Group-aware Alignment Batch------------------------------------
2026/08/20 16:24:12 - __main__ - INFO - 1156 - trainer - {'Epoch': 7, 'Source Popular-context': 421, 'Source Tail-context': 63, 'Target Popular-context': 375, 'Target Tail-context': 85}
2026/08/20 16:24:16 - __main__ - INFO - 1167 - trainer - Epoch: 7
2026/08/20 16:24:16 - __main__ - INFO - 1151 - trainer - Group-aware Alignment Batch------------------------------------
2026/08/20 16:24:16 - __main__ - INFO - 1156 - trainer - {'Epoch': 8, 'Source Popular-context': 421, 'Source Tail-context': 59, 'Target Popular-context': 368, 'Target Tail-context': 94}
2026/08/20 16:24:20 - __main__ - INFO - 1167 - trainer - Epoch: 8
2026/08/20 16:24:20 - __main__ - INFO - 1151 - trainer - Group-aware Alignment Batch------------------------------------
2026/08/20 16:24:20 - __main__ - INFO - 1156 - trainer - {'Epoch': 9, 'Source Popular-context': 402, 'Source Tail-context': 78, 'Target Popular-context': 378, 'Target Tail-context': 85}
2026/08/20 16:24:25 - __main__ - INFO - 1167 - trainer - Epoch: 9
2026/08/20 16:24:25 - __main__ - INFO - 1151 - trainer - Group-aware Alignment Batch------------------------------------
2026/08/20 16:24:25 - __main__ - INFO - 1156 - trainer - {'Epoch': 10, 'Source Popular-context': 428, 'Source Tail-context': 46, 'Target Popular-context': 374, 'Target Tail-context': 78}
2026/08/20 16:24:29 - __main__ - INFO - 1167 - trainer - Epoch: 10
2026/08/20 16:24:29 - __main__ - INFO - 1172 - trainer - start predicting: 2026-08-20 16:24:29.898157
2026/08/20 16:24:42 - __main__ - INFO - 1209 - trainer - {'Best_HR@5': 48.2227, 'Best_NDCG@5': 36.8793, 'Best_HR@10': 58.877, 'Best_NDCG@10': 40.3294, 'Best_HR@20': 69.4629, 'Best_NDCG@20': 43.0071}
2026/08/20 16:24:42 - __main__ - INFO - 1210 - trainer - {'Best_epoch_HR@5': 10, 'Best_epoch_NDCG@5': 10, 'Best_epoch_HR@10': 10, 'Best_epoch_NDCG@10': 10, 'Best_epoch_HR@20': 10, 'Best_epoch_NDCG@20': 10}
2026/08/20 16:24:42 - __main__ - INFO - 1151 - trainer - Group-aware Alignment Batch------------------------------------
2026/08/20 16:24:42 - __main__ - INFO - 1156 - trainer - {'Epoch': 11, 'Source Popular-context': 413, 'Source Tail-context': 60, 'Target Popular-context': 381, 'Target Tail-context': 85}
2026/08/20 16:24:46 - __main__ - INFO - 1167 - trainer - Epoch: 11
2026/08/20 16:24:46 - __main__ - INFO - 1151 - trainer - Group-aware Alignment Batch------------------------------------
2026/08/20 16:24:46 - __main__ - INFO - 1156 - trainer - {'Epoch': 12, 'Source Popular-context': 424, 'Source Tail-context': 60, 'Target Popular-context': 372, 'Target Tail-context': 80}
2026/08/20 16:24:51 - __main__ - INFO - 1167 - trainer - Epoch: 12
2026/08/20 16:24:51 - __main__ - INFO - 1151 - trainer - Group-aware Alignment Batch------------------------------------
2026/08/20 16:24:51 - __main__ - INFO - 1156 - trainer - {'Epoch': 13, 'Source Popular-context': 411, 'Source Tail-context': 73, 'Target Popular-context': 382, 'Target Tail-context': 79}
2026/08/20 16:24:55 - __main__ - INFO - 1167 - trainer - Epoch: 13
2026/08/20 16:24:55 - __main__ - INFO - 1151 - trainer - Group-aware Alignment Batch------------------------------------
2026/08/20 16:24:55 - __main__ - INFO - 1156 - trainer - {'Epoch': 14, 'Source Popular-context': 423, 'Source Tail-context': 65, 'Target Popular-context': 379, 'Target Tail-context': 94}
2026/08/20 16:25:00 - __main__ - INFO - 1167 - trainer - Epoch: 14
2026/08/20 16:25:00 - __main__ - INFO - 1151 - trainer - Group-aware Alignment Batch------------------------------------
2026/08/20 16:25:00 - __main__ - INFO - 1156 - trainer - {'Epoch': 15, 'Source Popular-context': 422, 'Source Tail-context': 58, 'Target Popular-context': 373, 'Target Tail-context': 98}
2026/08/20 16:25:04 - __main__ - INFO - 1167 - trainer - Epoch: 15
2026/08/20 16:25:04 - __main__ - INFO - 1172 - trainer - start predicting: 2026-08-20 16:25:04.535073
2026/08/20 16:25:16 - __main__ - INFO - 1209 - trainer - {'Best_HR@5': 49.1797, 'Best_NDCG@5': 37.4333, 'Best_HR@10': 60.3223, 'Best_NDCG@10': 41.0498, 'Best_HR@20': 70.4297, 'Best_NDCG@20': 43.6145}
2026/08/20 16:25:16 - __main__ - INFO - 1210 - trainer - {'Best_epoch_HR@5': 15, 'Best_epoch_NDCG@5': 15, 'Best_epoch_HR@10': 15, 'Best_epoch_NDCG@10': 15, 'Best_epoch_HR@20': 15, 'Best_epoch_NDCG@20': 15}
2026/08/20 16:25:16 - __main__ - INFO - 1151 - trainer - Group-aware Alignment Batch------------------------------------
2026/08/20 16:25:16 - __main__ - INFO - 1156 - trainer - {'Epoch': 16, 'Source Popular-context': 403, 'Source Tail-context': 65, 'Target Popular-context': 374, 'Target Tail-context': 89}
2026/08/20 16:25:20 - __main__ - INFO - 1167 - trainer - Epoch: 16
2026/08/20 16:25:20 - __main__ - INFO - 1151 - trainer - Group-aware Alignment Batch------------------------------------
2026/08/20 16:25:20 - __main__ - INFO - 1156 - trainer - {'Epoch': 17, 'Source Popular-context': 423, 'Source Tail-context': 52, 'Target Popular-context': 355, 'Target Tail-context': 109}
2026/08/20 16:25:25 - __main__ - INFO - 1167 - trainer - Epoch: 17
2026/08/20 16:25:25 - __main__ - INFO - 1151 - trainer - Group-aware Alignment Batch------------------------------------
2026/08/20 16:25:25 - __main__ - INFO - 1156 - trainer - {'Epoch': 18, 'Source Popular-context': 413, 'Source Tail-context': 63, 'Target Popular-context': 386, 'Target Tail-context': 85}
2026/08/20 16:25:29 - __main__ - INFO - 1167 - trainer - Epoch: 18
2026/08/20 16:25:29 - __main__ - INFO - 1151 - trainer - Group-aware Alignment Batch------------------------------------
2026/08/20 16:25:29 - __main__ - INFO - 1156 - trainer - {'Epoch': 19, 'Source Popular-context': 402, 'Source Tail-context': 63, 'Target Popular-context': 367, 'Target Tail-context': 94}
2026/08/20 16:25:33 - __main__ - INFO - 1167 - trainer - Epoch: 19
2026/08/20 16:25:33 - __main__ - INFO - 1151 - trainer - Group-aware Alignment Batch------------------------------------
2026/08/20 16:25:33 - __main__ - INFO - 1156 - trainer - {'Epoch': 20, 'Source Popular-context': 409, 'Source Tail-context': 62, 'Target Popular-context': 373, 'Target Tail-context': 82}
2026/08/20 16:25:38 - __main__ - INFO - 1167 - trainer - Epoch: 20
2026/08/20 16:25:38 - __main__ - INFO - 1172 - trainer - start predicting: 2026-08-20 16:25:38.270871
2026/08/20 16:25:50 - __main__ - INFO - 1151 - trainer - Group-aware Alignment Batch------------------------------------
2026/08/20 16:25:50 - __main__ - INFO - 1156 - trainer - {'Epoch': 21, 'Source Popular-context': 404, 'Source Tail-context': 63, 'Target Popular-context': 372, 'Target Tail-context': 83}
2026/08/20 16:25:54 - __main__ - INFO - 1167 - trainer - Epoch: 21
2026/08/20 16:25:54 - __main__ - INFO - 1151 - trainer - Group-aware Alignment Batch------------------------------------
2026/08/20 16:25:54 - __main__ - INFO - 1156 - trainer - {'Epoch': 22, 'Source Popular-context': 416, 'Source Tail-context': 59, 'Target Popular-context': 370, 'Target Tail-context': 78}
2026/08/20 16:25:59 - __main__ - INFO - 1167 - trainer - Epoch: 22
2026/08/20 16:25:59 - __main__ - INFO - 1151 - trainer - Group-aware Alignment Batch------------------------------------
2026/08/20 16:25:59 - __main__ - INFO - 1156 - trainer - {'Epoch': 23, 'Source Popular-context': 404, 'Source Tail-context': 69, 'Target Popular-context': 385, 'Target Tail-context': 81}
2026/08/20 16:26:03 - __main__ - INFO - 1167 - trainer - Epoch: 23
2026/08/20 16:26:03 - __main__ - INFO - 1151 - trainer - Group-aware Alignment Batch------------------------------------
2026/08/20 16:26:03 - __main__ - INFO - 1156 - trainer - {'Epoch': 24, 'Source Popular-context': 400, 'Source Tail-context': 74, 'Target Popular-context': 373, 'Target Tail-context': 90}
2026/08/20 16:26:08 - __main__ - INFO - 1167 - trainer - Epoch: 24
2026/08/20 16:26:08 - __main__ - INFO - 1151 - trainer - Group-aware Alignment Batch------------------------------------
2026/08/20 16:26:08 - __main__ - INFO - 1156 - trainer - {'Epoch': 25, 'Source Popular-context': 415, 'Source Tail-context': 50, 'Target Popular-context': 382, 'Target Tail-context': 81}
2026/08/20 16:26:12 - __main__ - INFO - 1167 - trainer - Epoch: 25
2026/08/20 16:26:12 - __main__ - INFO - 1172 - trainer - start predicting: 2026-08-20 16:26:12.652317
2026/08/20 16:26:24 - __main__ - INFO - 1219 - trainer - {'Best_HR@5': 49.1797, 'Best_NDCG@5': 37.4333, 'Best_HR@10': 60.3223, 'Best_NDCG@10': 41.0498, 'Best_HR@20': 70.4297, 'Best_NDCG@20': 43.6145}
2026/08/20 16:26:24 - __main__ - INFO - 1220 - trainer - {'Best_epoch_HR@5': 15, 'Best_epoch_NDCG@5': 15, 'Best_epoch_HR@10': 15, 'Best_epoch_NDCG@10': 15, 'Best_epoch_HR@20': 15, 'Best_epoch_NDCG@20': 15}
2026/08/20 16:26:24 - __main__ - INFO - 1326 - trainer - Source Popularity Definition---------------------------------------------
2026/08/20 16:26:24 - __main__ - INFO - 1331 - trainer - {'domain': 'Source', 'popular_ratio': 0.2, 'observed_train_items': 89276, 'popular_items': 17856, 'unpopular_seen_items': 71420, 'unseen_items_in_test': 'calculated from test ground truth'}
2026/08/20 16:26:31 - __main__ - INFO - 1607 - trainer - %s Test Overall------------------------------------------------------
2026/08/20 16:26:31 - __main__ - INFO - 1611 - trainer - {'HR@5': 49.8753, 'NDCG@5': 38.1821, 'HR@10': 60.4107, 'NDCG@10': 41.608, 'HR@20': 70.1785, 'NDCG@20': 44.0883}
2026/08/20 16:26:31 - __main__ - INFO - 1702 - trainer - Source Test Group Size----------------------------------------------
2026/08/20 16:26:31 - __main__ - INFO - 1707 - trainer - {'domain': 'Source', 'Overall_test_samples': 10422, 'Popular_test_samples': 7854, 'Unpopular_seen_test_samples': 1824, 'Unseen_test_samples': 744, 'Grouped_test_samples': 10422}
2026/08/20 16:26:31 - __main__ - INFO - 1709 - trainer - Source Test Popular Ground Truth-------------------------------------
2026/08/20 16:26:31 - __main__ - INFO - 1714 - trainer - {'HR@5': 65.4826, 'NDCG@5': 50.336, 'HR@10': 78.2022, 'NDCG@10': 54.4832, 'HR@20': 87.9297, 'NDCG@20': 56.9665}
2026/08/20 16:26:31 - __main__ - INFO - 1716 - trainer - Source Test Unpopular-Seen Ground Truth------------------------------
2026/08/20 16:26:31 - __main__ - INFO - 1721 - trainer - {'HR@5': 3.0154, 'NDCG@5': 1.4225, 'HR@10': 8.443, 'NDCG@10': 3.1399, 'HR@20': 22.3684, 'NDCG@20': 6.6193}
2026/08/20 16:26:31 - __main__ - INFO - 1725 - trainer - Source Test Unseen Ground Truth--------------------------------------
2026/08/20 16:26:31 - __main__ - INFO - 1730 - trainer - {'HR@5': 0.0, 'NDCG@5': 0.0, 'HR@10': 0.0, 'NDCG@10': 0.0, 'HR@20': 0.0, 'NDCG@20': 0.0}
2026/08/20 16:26:31 - __main__ - INFO - 1732 - trainer - Source Recommendation Popularity-------------------------------------
2026/08/20 16:26:31 - __main__ - INFO - 1737 - trainer - {'PopularRatio@5': 93.5483, 'PopularRatio@10': 82.1061, 'PopularRatio@20': 61.7319}
2026/08/20 16:26:31 - __main__ - INFO - 1740 - trainer - Best Eval---------------------------------------------------------
2026/08/20 16:26:31 - __main__ - INFO - 1743 - trainer - {'Best_HR@5': 49.1797, 'Best_NDCG@5': 37.4333, 'Best_HR@10': 60.3223, 'Best_NDCG@10': 41.0498, 'Best_HR@20': 70.4297, 'Best_NDCG@20': 43.6145}
2026/08/20 16:26:31 - __main__ - INFO - 1744 - trainer - {'Best_epoch_HR@5': 15, 'Best_epoch_NDCG@5': 15, 'Best_epoch_HR@10': 15, 'Best_epoch_NDCG@10': 15, 'Best_epoch_HR@20': 15, 'Best_epoch_NDCG@20': 15}
2026/08/20 16:26:31 - __main__ - INFO - 802 - trainer - D1 Sample-wise Target Next Regulation
2026/08/20 16:26:31 - __main__ - INFO - 806 - trainer - {'D1': 'Sample-wise Target Next Regulation', 'Popular Next Action': 'Normal', 'Unpopular Next Action': 'Reweight', 'Popular Next Samples': 11526, 'Unpopular Next Samples': 4912, 'Alpha': 0.25, 'Mean Unpopular Raw Weight': 1.2101}
2026/08/20 16:26:31 - __main__ - INFO - 874 - trainer - D2 Tail-target Context Regulation
2026/08/20 16:26:31 - __main__ - INFO - 878 - trainer - {'D2': 'Tail-target Context Regulation', 'State_1': 'Sequence Popularity', 'State_2': 'Next-item Popularity', 'Rule': 'Unpopular Next + SeqPopRatio > 0.5 -> Context Dropout', 'augmentation_probability': 0.5, 'drop_probability': 0.2, 'preserve_recent': 2, 'popular_items': 4372, 'unpopular_seen_items': 17484}
2026/08/20 16:26:31 - __main__ - INFO - 957 - trainer - D2 Context Regulation Batch Check
2026/08/20 16:26:31 - __main__ - INFO - 961 - trainer - {'batch_size': 512, 'unpopular_next_samples': 163, 'eligible_popcontext_unpopnext': 78, 'augmented_samples': 41, 'eligible_ratio': 0.1523, 'augmentation_ratio_among_eligible': 0.5256, 'avg_eligible_sequence_pop_ratio': 0.8139, 'dropped_items': 30}
2026/08/20 16:26:31 - __main__ - INFO - 957 - trainer - D2 Context Regulation Batch Check
2026/08/20 16:26:31 - __main__ - INFO - 961 - trainer - {'batch_size': 512, 'unpopular_next_samples': 160, 'eligible_popcontext_unpopnext': 94, 'augmented_samples': 49, 'eligible_ratio': 0.1836, 'augmentation_ratio_among_eligible': 0.5213, 'avg_eligible_sequence_pop_ratio': 0.8111, 'dropped_items': 45}
2026/08/20 16:26:31 - __main__ - INFO - 957 - trainer - D2 Context Regulation Batch Check
2026/08/20 16:26:31 - __main__ - INFO - 961 - trainer - {'batch_size': 512, 'unpopular_next_samples': 145, 'eligible_popcontext_unpopnext': 78, 'augmented_samples': 33, 'eligible_ratio': 0.1523, 'augmentation_ratio_among_eligible': 0.4231, 'avg_eligible_sequence_pop_ratio': 0.8202, 'dropped_items': 32}
2026/08/20 16:26:32 - __main__ - INFO - 1167 - trainer - Epoch: 0
2026/08/20 16:26:32 - __main__ - INFO - 1167 - trainer - Epoch: 1
2026/08/20 16:26:32 - __main__ - INFO - 1172 - trainer - start predicting: 2026-08-20 16:26:32.804115
2026/08/20 16:26:34 - __main__ - INFO - 1209 - trainer - {'Best_HR@5': 6.9336, 'Best_NDCG@5': 3.5796, 'Best_HR@10': 14.7461, 'Best_NDCG@10': 6.0573, 'Best_HR@20': 28.8086, 'Best_NDCG@20': 9.582}
2026/08/20 16:26:34 - __main__ - INFO - 1210 - trainer - {'Best_epoch_HR@5': 1, 'Best_epoch_NDCG@5': 1, 'Best_epoch_HR@10': 1, 'Best_epoch_NDCG@10': 1, 'Best_epoch_HR@20': 1, 'Best_epoch_NDCG@20': 1}
2026/08/20 16:26:35 - __main__ - INFO - 1167 - trainer - Epoch: 2
2026/08/20 16:26:35 - __main__ - INFO - 1172 - trainer - start predicting: 2026-08-20 16:26:35.028306
2026/08/20 16:26:36 - __main__ - INFO - 1209 - trainer - {'Best_HR@5': 12.5, 'Best_NDCG@5': 7.6671, 'Best_HR@10': 20.752, 'Best_NDCG@10': 10.33, 'Best_HR@20': 36.4258, 'Best_NDCG@20': 14.2818}
2026/08/20 16:26:36 - __main__ - INFO - 1210 - trainer - {'Best_epoch_HR@5': 2, 'Best_epoch_NDCG@5': 2, 'Best_epoch_HR@10': 2, 'Best_epoch_NDCG@10': 2, 'Best_epoch_HR@20': 2, 'Best_epoch_NDCG@20': 2}
2026/08/20 16:26:37 - __main__ - INFO - 1167 - trainer - Epoch: 3
2026/08/20 16:26:37 - __main__ - INFO - 1172 - trainer - start predicting: 2026-08-20 16:26:37.227510
2026/08/20 16:26:38 - __main__ - INFO - 1209 - trainer - {'Best_HR@5': 17.7246, 'Best_NDCG@5': 11.542, 'Best_HR@10': 29.1992, 'Best_NDCG@10': 15.2392, 'Best_HR@20': 45.6055, 'Best_NDCG@20': 19.3595}
2026/08/20 16:26:38 - __main__ - INFO - 1210 - trainer - {'Best_epoch_HR@5': 3, 'Best_epoch_NDCG@5': 3, 'Best_epoch_HR@10': 3, 'Best_epoch_NDCG@10': 3, 'Best_epoch_HR@20': 3, 'Best_epoch_NDCG@20': 3}
2026/08/20 16:26:39 - __main__ - INFO - 1167 - trainer - Epoch: 4
2026/08/20 16:26:39 - __main__ - INFO - 1172 - trainer - start predicting: 2026-08-20 16:26:39.487706
2026/08/20 16:26:41 - __main__ - INFO - 1209 - trainer - {'Best_HR@5': 22.9492, 'Best_NDCG@5': 15.314, 'Best_HR@10': 35.0098, 'Best_NDCG@10': 19.1819, 'Best_HR@20': 50.0488, 'Best_NDCG@20': 22.9635}
2026/08/20 16:26:41 - __main__ - INFO - 1210 - trainer - {'Best_epoch_HR@5': 4, 'Best_epoch_NDCG@5': 4, 'Best_epoch_HR@10': 4, 'Best_epoch_NDCG@10': 4, 'Best_epoch_HR@20': 4, 'Best_epoch_NDCG@20': 4}
2026/08/20 16:26:41 - __main__ - INFO - 1167 - trainer - Epoch: 5
2026/08/20 16:26:41 - __main__ - INFO - 1172 - trainer - start predicting: 2026-08-20 16:26:41.685468
2026/08/20 16:26:43 - __main__ - INFO - 1209 - trainer - {'Best_HR@5': 25.7812, 'Best_NDCG@5': 17.7791, 'Best_HR@10': 37.3047, 'Best_NDCG@10': 21.519, 'Best_HR@20': 53.3203, 'Best_NDCG@20': 25.5304}
2026/08/20 16:26:43 - __main__ - INFO - 1210 - trainer - {'Best_epoch_HR@5': 5, 'Best_epoch_NDCG@5': 5, 'Best_epoch_HR@10': 5, 'Best_epoch_NDCG@10': 5, 'Best_epoch_HR@20': 5, 'Best_epoch_NDCG@20': 5}
2026/08/20 16:26:43 - __main__ - INFO - 1167 - trainer - Epoch: 6
2026/08/20 16:26:43 - __main__ - INFO - 1172 - trainer - start predicting: 2026-08-20 16:26:43.983307
2026/08/20 16:26:45 - __main__ - INFO - 1209 - trainer - {'Best_HR@5': 29.1992, 'Best_NDCG@5': 20.561, 'Best_HR@10': 39.5996, 'Best_NDCG@10': 23.9099, 'Best_HR@20': 55.8105, 'Best_NDCG@20': 27.9721}
2026/08/20 16:26:45 - __main__ - INFO - 1210 - trainer - {'Best_epoch_HR@5': 6, 'Best_epoch_NDCG@5': 6, 'Best_epoch_HR@10': 6, 'Best_epoch_NDCG@10': 6, 'Best_epoch_HR@20': 6, 'Best_epoch_NDCG@20': 6}
2026/08/20 16:26:46 - __main__ - INFO - 1167 - trainer - Epoch: 7
2026/08/20 16:26:46 - __main__ - INFO - 1172 - trainer - start predicting: 2026-08-20 16:26:46.163972
2026/08/20 16:26:47 - __main__ - INFO - 1209 - trainer - {'Best_HR@5': 31.3477, 'Best_NDCG@5': 22.6212, 'Best_HR@10': 41.2109, 'Best_NDCG@10': 25.7961, 'Best_HR@20': 56.2988, 'Best_NDCG@20': 29.5798}
2026/08/20 16:26:47 - __main__ - INFO - 1210 - trainer - {'Best_epoch_HR@5': 7, 'Best_epoch_NDCG@5': 7, 'Best_epoch_HR@10': 7, 'Best_epoch_NDCG@10': 7, 'Best_epoch_HR@20': 7, 'Best_epoch_NDCG@20': 7}
2026/08/20 16:26:48 - __main__ - INFO - 1167 - trainer - Epoch: 8
2026/08/20 16:26:48 - __main__ - INFO - 1172 - trainer - start predicting: 2026-08-20 16:26:48.374041
2026/08/20 16:26:49 - __main__ - INFO - 1209 - trainer - {'Best_HR@5': 32.4707, 'Best_NDCG@5': 24.2964, 'Best_HR@10': 42.334, 'Best_NDCG@10': 27.4574, 'Best_HR@20': 57.6172, 'Best_NDCG@20': 31.3098}
2026/08/20 16:26:49 - __main__ - INFO - 1210 - trainer - {'Best_epoch_HR@5': 8, 'Best_epoch_NDCG@5': 8, 'Best_epoch_HR@10': 8, 'Best_epoch_NDCG@10': 8, 'Best_epoch_HR@20': 8, 'Best_epoch_NDCG@20': 8}
2026/08/20 16:26:50 - __main__ - INFO - 1167 - trainer - Epoch: 9
2026/08/20 16:26:50 - __main__ - INFO - 1172 - trainer - start predicting: 2026-08-20 16:26:50.577455
2026/08/20 16:26:52 - __main__ - INFO - 1209 - trainer - {'Best_HR@5': 33.5449, 'Best_NDCG@5': 25.1871, 'Best_HR@10': 43.3105, 'Best_NDCG@10': 28.3546, 'Best_HR@20': 57.7637, 'Best_NDCG@20': 31.9947}
2026/08/20 16:26:52 - __main__ - INFO - 1210 - trainer - {'Best_epoch_HR@5': 9, 'Best_epoch_NDCG@5': 9, 'Best_epoch_HR@10': 9, 'Best_epoch_NDCG@10': 9, 'Best_epoch_HR@20': 9, 'Best_epoch_NDCG@20': 9}
2026/08/20 16:26:52 - __main__ - INFO - 1167 - trainer - Epoch: 10
2026/08/20 16:26:52 - __main__ - INFO - 1172 - trainer - start predicting: 2026-08-20 16:26:52.868783
2026/08/20 16:26:54 - __main__ - INFO - 1209 - trainer - {'Best_HR@5': 34.9609, 'Best_NDCG@5': 26.2558, 'Best_HR@10': 45.0195, 'Best_NDCG@10': 29.4994, 'Best_HR@20': 58.3984, 'Best_NDCG@20': 32.8774}
2026/08/20 16:26:54 - __main__ - INFO - 1210 - trainer - {'Best_epoch_HR@5': 10, 'Best_epoch_NDCG@5': 10, 'Best_epoch_HR@10': 10, 'Best_epoch_NDCG@10': 10, 'Best_epoch_HR@20': 10, 'Best_epoch_NDCG@20': 10}
2026/08/20 16:26:55 - __main__ - INFO - 1167 - trainer - Epoch: 11
2026/08/20 16:26:55 - __main__ - INFO - 1172 - trainer - start predicting: 2026-08-20 16:26:55.074841
2026/08/20 16:26:56 - __main__ - INFO - 1209 - trainer - {'Best_HR@5': 35.5957, 'Best_NDCG@5': 26.738, 'Best_HR@10': 46.0938, 'Best_NDCG@10': 30.1431, 'Best_HR@20': 59.4238, 'Best_NDCG@20': 33.4805}
2026/08/20 16:26:56 - __main__ - INFO - 1210 - trainer - {'Best_epoch_HR@5': 11, 'Best_epoch_NDCG@5': 11, 'Best_epoch_HR@10': 11, 'Best_epoch_NDCG@10': 11, 'Best_epoch_HR@20': 11, 'Best_epoch_NDCG@20': 11}
2026/08/20 16:26:57 - __main__ - INFO - 1167 - trainer - Epoch: 12
2026/08/20 16:26:57 - __main__ - INFO - 1172 - trainer - start predicting: 2026-08-20 16:26:57.525201
2026/08/20 16:26:59 - __main__ - INFO - 1209 - trainer - {'Best_HR@5': 36.1816, 'Best_NDCG@5': 26.9745, 'Best_HR@10': 47.2656, 'Best_NDCG@10': 30.5297, 'Best_HR@20': 59.4238, 'Best_NDCG@20': 33.5247}
2026/08/20 16:26:59 - __main__ - INFO - 1210 - trainer - {'Best_epoch_HR@5': 12, 'Best_epoch_NDCG@5': 12, 'Best_epoch_HR@10': 12, 'Best_epoch_NDCG@10': 12, 'Best_epoch_HR@20': 11, 'Best_epoch_NDCG@20': 12}
2026/08/20 16:26:59 - __main__ - INFO - 1167 - trainer - Epoch: 13
2026/08/20 16:26:59 - __main__ - INFO - 1172 - trainer - start predicting: 2026-08-20 16:26:59.875039
2026/08/20 16:27:01 - __main__ - INFO - 1209 - trainer - {'Best_HR@5': 36.4746, 'Best_NDCG@5': 27.2795, 'Best_HR@10': 47.2656, 'Best_NDCG@10': 30.7576, 'Best_HR@20': 59.4238, 'Best_NDCG@20': 33.6689}
2026/08/20 16:27:01 - __main__ - INFO - 1210 - trainer - {'Best_epoch_HR@5': 13, 'Best_epoch_NDCG@5': 13, 'Best_epoch_HR@10': 12, 'Best_epoch_NDCG@10': 13, 'Best_epoch_HR@20': 11, 'Best_epoch_NDCG@20': 13}
2026/08/20 16:27:02 - __main__ - INFO - 1167 - trainer - Epoch: 14
2026/08/20 16:27:02 - __main__ - INFO - 1172 - trainer - start predicting: 2026-08-20 16:27:02.151824
2026/08/20 16:27:03 - __main__ - INFO - 1209 - trainer - {'Best_HR@5': 37.8418, 'Best_NDCG@5': 27.7584, 'Best_HR@10': 47.2656, 'Best_NDCG@10': 30.7576, 'Best_HR@20': 59.4238, 'Best_NDCG@20': 33.7611}
2026/08/20 16:27:03 - __main__ - INFO - 1210 - trainer - {'Best_epoch_HR@5': 14, 'Best_epoch_NDCG@5': 14, 'Best_epoch_HR@10': 12, 'Best_epoch_NDCG@10': 13, 'Best_epoch_HR@20': 11, 'Best_epoch_NDCG@20': 14}
2026/08/20 16:27:04 - __main__ - INFO - 1167 - trainer - Epoch: 15
2026/08/20 16:27:04 - __main__ - INFO - 1172 - trainer - start predicting: 2026-08-20 16:27:04.352328
2026/08/20 16:27:05 - __main__ - INFO - 1209 - trainer - {'Best_HR@5': 37.8418, 'Best_NDCG@5': 28.2035, 'Best_HR@10': 47.8516, 'Best_NDCG@10': 31.5402, 'Best_HR@20': 59.8145, 'Best_NDCG@20': 34.5485}
2026/08/20 16:27:05 - __main__ - INFO - 1210 - trainer - {'Best_epoch_HR@5': 14, 'Best_epoch_NDCG@5': 15, 'Best_epoch_HR@10': 15, 'Best_epoch_NDCG@10': 15, 'Best_epoch_HR@20': 15, 'Best_epoch_NDCG@20': 15}
2026/08/20 16:27:06 - __main__ - INFO - 1167 - trainer - Epoch: 16
2026/08/20 16:27:06 - __main__ - INFO - 1172 - trainer - start predicting: 2026-08-20 16:27:06.666809
2026/08/20 16:27:08 - __main__ - INFO - 1209 - trainer - {'Best_HR@5': 37.8418, 'Best_NDCG@5': 28.2035, 'Best_HR@10': 47.8516, 'Best_NDCG@10': 31.5402, 'Best_HR@20': 60.1074, 'Best_NDCG@20': 34.5485}
2026/08/20 16:27:08 - __main__ - INFO - 1210 - trainer - {'Best_epoch_HR@5': 14, 'Best_epoch_NDCG@5': 15, 'Best_epoch_HR@10': 15, 'Best_epoch_NDCG@10': 15, 'Best_epoch_HR@20': 16, 'Best_epoch_NDCG@20': 15}
2026/08/20 16:27:08 - __main__ - INFO - 1167 - trainer - Epoch: 17
2026/08/20 16:27:08 - __main__ - INFO - 1172 - trainer - start predicting: 2026-08-20 16:27:08.938711
2026/08/20 16:27:11 - __main__ - INFO - 1167 - trainer - Epoch: 18
2026/08/20 16:27:11 - __main__ - INFO - 1172 - trainer - start predicting: 2026-08-20 16:27:11.152990
2026/08/20 16:27:12 - __main__ - INFO - 1209 - trainer - {'Best_HR@5': 38.2812, 'Best_NDCG@5': 28.2035, 'Best_HR@10': 48.0469, 'Best_NDCG@10': 31.5402, 'Best_HR@20': 60.1562, 'Best_NDCG@20': 34.5485}
2026/08/20 16:27:12 - __main__ - INFO - 1210 - trainer - {'Best_epoch_HR@5': 18, 'Best_epoch_NDCG@5': 15, 'Best_epoch_HR@10': 18, 'Best_epoch_NDCG@10': 15, 'Best_epoch_HR@20': 18, 'Best_epoch_NDCG@20': 15}
2026/08/20 16:27:13 - __main__ - INFO - 1167 - trainer - Epoch: 19
2026/08/20 16:27:13 - __main__ - INFO - 1172 - trainer - start predicting: 2026-08-20 16:27:13.377545
2026/08/20 16:27:15 - __main__ - INFO - 1167 - trainer - Epoch: 20
2026/08/20 16:27:15 - __main__ - INFO - 1172 - trainer - start predicting: 2026-08-20 16:27:15.616375
2026/08/20 16:27:17 - __main__ - INFO - 1209 - trainer - {'Best_HR@5': 38.2812, 'Best_NDCG@5': 28.2035, 'Best_HR@10': 48.1934, 'Best_NDCG@10': 31.5402, 'Best_HR@20': 60.1562, 'Best_NDCG@20': 34.5485}
2026/08/20 16:27:17 - __main__ - INFO - 1210 - trainer - {'Best_epoch_HR@5': 18, 'Best_epoch_NDCG@5': 15, 'Best_epoch_HR@10': 20, 'Best_epoch_NDCG@10': 15, 'Best_epoch_HR@20': 18, 'Best_epoch_NDCG@20': 15}
2026/08/20 16:27:17 - __main__ - INFO - 1167 - trainer - Epoch: 21
2026/08/20 16:27:17 - __main__ - INFO - 1172 - trainer - start predicting: 2026-08-20 16:27:17.835305
2026/08/20 16:27:19 - __main__ - INFO - 1209 - trainer - {'Best_HR@5': 38.3789, 'Best_NDCG@5': 28.2035, 'Best_HR@10': 48.291, 'Best_NDCG@10': 31.5402, 'Best_HR@20': 60.1562, 'Best_NDCG@20': 34.5485}
2026/08/20 16:27:19 - __main__ - INFO - 1210 - trainer - {'Best_epoch_HR@5': 21, 'Best_epoch_NDCG@5': 15, 'Best_epoch_HR@10': 21, 'Best_epoch_NDCG@10': 15, 'Best_epoch_HR@20': 18, 'Best_epoch_NDCG@20': 15}
2026/08/20 16:27:20 - __main__ - INFO - 1167 - trainer - Epoch: 22
2026/08/20 16:27:20 - __main__ - INFO - 1172 - trainer - start predicting: 2026-08-20 16:27:20.074790
2026/08/20 16:27:21 - __main__ - INFO - 1209 - trainer - {'Best_HR@5': 38.3789, 'Best_NDCG@5': 28.2035, 'Best_HR@10': 48.291, 'Best_NDCG@10': 31.5402, 'Best_HR@20': 60.6934, 'Best_NDCG@20': 34.5485}
2026/08/20 16:27:21 - __main__ - INFO - 1210 - trainer - {'Best_epoch_HR@5': 21, 'Best_epoch_NDCG@5': 15, 'Best_epoch_HR@10': 21, 'Best_epoch_NDCG@10': 15, 'Best_epoch_HR@20': 22, 'Best_epoch_NDCG@20': 15}
2026/08/20 16:27:22 - __main__ - INFO - 1167 - trainer - Epoch: 23
2026/08/20 16:27:22 - __main__ - INFO - 1172 - trainer - start predicting: 2026-08-20 16:27:22.302293
2026/08/20 16:27:24 - __main__ - INFO - 1167 - trainer - Epoch: 24
2026/08/20 16:27:24 - __main__ - INFO - 1172 - trainer - start predicting: 2026-08-20 16:27:24.536268
2026/08/20 16:27:26 - __main__ - INFO - 1167 - trainer - Epoch: 25
2026/08/20 16:27:26 - __main__ - INFO - 1172 - trainer - start predicting: 2026-08-20 16:27:26.753651
2026/08/20 16:27:28 - __main__ - INFO - 1167 - trainer - Epoch: 26
2026/08/20 16:27:28 - __main__ - INFO - 1172 - trainer - start predicting: 2026-08-20 16:27:28.971708
2026/08/20 16:27:31 - __main__ - INFO - 1167 - trainer - Epoch: 27
2026/08/20 16:27:31 - __main__ - INFO - 1172 - trainer - start predicting: 2026-08-20 16:27:31.203362
2026/08/20 16:27:32 - __main__ - INFO - 1219 - trainer - {'Best_HR@5': 38.3789, 'Best_NDCG@5': 28.2035, 'Best_HR@10': 48.291, 'Best_NDCG@10': 31.5402, 'Best_HR@20': 60.6934, 'Best_NDCG@20': 34.5485}
2026/08/20 16:27:32 - __main__ - INFO - 1220 - trainer - {'Best_epoch_HR@5': 21, 'Best_epoch_NDCG@5': 15, 'Best_epoch_HR@10': 21, 'Best_epoch_NDCG@10': 15, 'Best_epoch_HR@20': 22, 'Best_epoch_NDCG@20': 15}
2026/08/20 16:27:32 - __main__ - INFO - 1326 - trainer - Target Popularity Definition---------------------------------------------
2026/08/20 16:27:32 - __main__ - INFO - 1331 - trainer - {'domain': 'Target', 'popular_ratio': 0.2, 'observed_train_items': 21856, 'popular_items': 4372, 'unpopular_seen_items': 17484, 'unseen_items_in_test': 'calculated from test ground truth'}
2026/08/20 16:27:34 - __main__ - INFO - 1607 - trainer - %s Test Overall------------------------------------------------------
2026/08/20 16:27:34 - __main__ - INFO - 1611 - trainer - {'HR@5': 38.5214, 'NDCG@5': 28.2734, 'HR@10': 49.8054, 'NDCG@10': 31.8928, 'HR@20': 61.1868, 'NDCG@20': 34.7595}
2026/08/20 16:27:34 - __main__ - INFO - 1702 - trainer - Target Test Group Size----------------------------------------------
2026/08/20 16:27:34 - __main__ - INFO - 1707 - trainer - {'domain': 'Target', 'Overall_test_samples': 2056, 'Popular_test_samples': 1372, 'Unpopular_seen_test_samples': 505, 'Unseen_test_samples': 179, 'Grouped_test_samples': 2056}
2026/08/20 16:27:34 - __main__ - INFO - 1709 - trainer - Target Test Popular Ground Truth-------------------------------------
2026/08/20 16:27:34 - __main__ - INFO - 1714 - trainer - {'HR@5': 56.0496, 'NDCG@5': 41.5422, 'HR@10': 70.3353, 'NDCG@10': 46.1343, 'HR@20': 82.4344, 'NDCG@20': 49.1848}
2026/08/20 16:27:34 - __main__ - INFO - 1716 - trainer - Target Test Unpopular-Seen Ground Truth------------------------------
2026/08/20 16:27:34 - __main__ - INFO - 1721 - trainer - {'HR@5': 4.5545, 'NDCG@5': 2.2459, 'HR@10': 11.6832, 'NDCG@10': 4.5056, 'HR@20': 25.1485, 'NDCG@20': 7.889}
2026/08/20 16:27:34 - __main__ - INFO - 1725 - trainer - Target Test Unseen Ground Truth--------------------------------------
2026/08/20 16:27:34 - __main__ - INFO - 1730 - trainer - {'HR@5': 0.0, 'NDCG@5': 0.0, 'HR@10': 0.0, 'NDCG@10': 0.0, 'HR@20': 0.0, 'NDCG@20': 0.0}
2026/08/20 16:27:34 - __main__ - INFO - 1732 - trainer - Target Recommendation Popularity-------------------------------------
2026/08/20 16:27:34 - __main__ - INFO - 1737 - trainer - {'PopularRatio@5': 84.6012, 'PopularRatio@10': 71.3765, 'PopularRatio@20': 54.8419}
2026/08/20 16:27:34 - __main__ - INFO - 1740 - trainer - Best Eval---------------------------------------------------------
2026/08/20 16:27:34 - __main__ - INFO - 1743 - trainer - {'Best_HR@5': 38.3789, 'Best_NDCG@5': 28.2035, 'Best_HR@10': 48.291, 'Best_NDCG@10': 31.5402, 'Best_HR@20': 60.6934, 'Best_NDCG@20': 34.5485}
2026/08/20 16:27:34 - __main__ - INFO - 1744 - trainer - {'Best_epoch_HR@5': 21, 'Best_epoch_NDCG@5': 15, 'Best_epoch_HR@10': 21, 'Best_epoch_NDCG@10': 15, 'Best_epoch_HR@20': 22, 'Best_epoch_NDCG@20': 15}
2026/08/20 16:27:34 - __main__ - INFO - 182 - main - Target model saved at: ./saved_model/movie_video/target_model.pth
