2026/09/12 22:46:20 - __main__ - INFO - 106 - main - Namespace(batch_size=512, decay_step=100, description='Diffu_norm_score', device='cuda', diffusion_steps=32, dropout=0.1, e_context_high_threshold=0.75, e_context_low_threshold=0.5, e_context_state='legacy', emb_dropout=0.3, epochs=100, eval_interval=5, experiment_f=1, f_margin_beta=0.25, f_meta_batch_size=64, f_meta_ratio=0.1, f_popmass_gamma=0.25, f_probe_repeats=3, f_probe_samples=32, f_run_probe=1, gamma=0.1, group_alignment=1, group_alignment_mode='both', group_context_threshold=0.5, group_pop_weight=1.0, group_tail_weight=1.0, hidden_act='gelu', hidden_size=128, inspect_e_distribution=0, lambda_uncertainty=0.001, log_file='log/', loss_lambda=1, lr=0.001, max_len=8, metric_ks=[5, 10, 20], momentum=None, noise_schedule='trunc_lin', num_blocks=4, num_gpu=1, optimizer='Adam', p=0.3, patience=2, popular_ratio=0.2, random_seed=1997, rescale_timesteps=True, s_dataset='movie', schedule_sampler_name='lossaware', t_dataset='video', tail_aug_probability=0.5, tail_context_regulation=1, tail_drop_probability=0.2, tail_preserve_recent=2, w=1.0, weight_decay=0)
2026/09/12 22:46:20 - __main__ - INFO - 221 - main - Experiment F Data Split
2026/09/12 22:46:20 - __main__ - INFO - 225 - main - {'Experiment': 'F', 'Original Target Train': 16438, 'Inner Train': 14794, 'Meta Pool': 1644, 'Meta Ratio': 0.1, 'Popular Items': 4372, 'Tail Items': 17484}
2026/09/12 22:46:24 - __main__ - INFO - 2785 - trainer - Group-aware Alignment Definition------------------------------------
2026/09/12 22:46:24 - __main__ - INFO - 2789 - trainer - {'group_alignment': True, 'alignment_mode': 'both', 'context_threshold': 0.5, 'popular_weight': 1.0, 'tail_weight': 1.0, 'source_popular_items': 17856, 'target_popular_items': 4372}
2026/09/12 22:46:24 - __main__ - INFO - 3079 - trainer - Group-aware Alignment Batch------------------------------------
2026/09/12 22:46:24 - __main__ - INFO - 3084 - trainer - {'Epoch': 0, 'Source Popular-context': 407, 'Source Tail-context': 75, 'Target Popular-context': 366, 'Target Tail-context': 95}
2026/09/12 22:46:29 - __main__ - INFO - 3095 - trainer - Epoch: 0
2026/09/12 22:46:29 - __main__ - INFO - 3079 - trainer - Group-aware Alignment Batch------------------------------------
2026/09/12 22:46:29 - __main__ - INFO - 3084 - trainer - {'Epoch': 1, 'Source Popular-context': 411, 'Source Tail-context': 52, 'Target Popular-context': 351, 'Target Tail-context': 95}
2026/09/12 22:46:34 - __main__ - INFO - 3095 - trainer - Epoch: 1
2026/09/12 22:46:34 - __main__ - INFO - 3079 - trainer - Group-aware Alignment Batch------------------------------------
2026/09/12 22:46:34 - __main__ - INFO - 3084 - trainer - {'Epoch': 2, 'Source Popular-context': 405, 'Source Tail-context': 52, 'Target Popular-context': 371, 'Target Tail-context': 77}
2026/09/12 22:46:38 - __main__ - INFO - 3095 - trainer - Epoch: 2
2026/09/12 22:46:38 - __main__ - INFO - 3079 - trainer - Group-aware Alignment Batch------------------------------------
2026/09/12 22:46:38 - __main__ - INFO - 3084 - trainer - {'Epoch': 3, 'Source Popular-context': 395, 'Source Tail-context': 62, 'Target Popular-context': 361, 'Target Tail-context': 97}
2026/09/12 22:46:43 - __main__ - INFO - 3095 - trainer - Epoch: 3
2026/09/12 22:46:43 - __main__ - INFO - 3079 - trainer - Group-aware Alignment Batch------------------------------------
2026/09/12 22:46:43 - __main__ - INFO - 3084 - trainer - {'Epoch': 4, 'Source Popular-context': 405, 'Source Tail-context': 72, 'Target Popular-context': 376, 'Target Tail-context': 79}
2026/09/12 22:46:48 - __main__ - INFO - 3095 - trainer - Epoch: 4
2026/09/12 22:46:48 - __main__ - INFO - 3079 - trainer - Group-aware Alignment Batch------------------------------------
2026/09/12 22:46:48 - __main__ - INFO - 3084 - trainer - {'Epoch': 5, 'Source Popular-context': 417, 'Source Tail-context': 62, 'Target Popular-context': 364, 'Target Tail-context': 100}
2026/09/12 22:46:52 - __main__ - INFO - 3095 - trainer - Epoch: 5
2026/09/12 22:46:52 - __main__ - INFO - 3100 - trainer - start predicting: 2026-09-12 22:46:52.529654
2026/09/12 22:47:04 - __main__ - INFO - 3137 - trainer - {'Best_HR@5': 38.4766, 'Best_NDCG@5': 29.5684, 'Best_HR@10': 49.3457, 'Best_NDCG@10': 33.0672, 'Best_HR@20': 61.8262, 'Best_NDCG@20': 36.2151}
2026/09/12 22:47:04 - __main__ - INFO - 3138 - trainer - {'Best_epoch_HR@5': 5, 'Best_epoch_NDCG@5': 5, 'Best_epoch_HR@10': 5, 'Best_epoch_NDCG@10': 5, 'Best_epoch_HR@20': 5, 'Best_epoch_NDCG@20': 5}
2026/09/12 22:47:04 - __main__ - INFO - 3079 - trainer - Group-aware Alignment Batch------------------------------------
2026/09/12 22:47:04 - __main__ - INFO - 3084 - trainer - {'Epoch': 6, 'Source Popular-context': 414, 'Source Tail-context': 66, 'Target Popular-context': 354, 'Target Tail-context': 101}
2026/09/12 22:47:09 - __main__ - INFO - 3095 - trainer - Epoch: 6
2026/09/12 22:47:09 - __main__ - INFO - 3079 - trainer - Group-aware Alignment Batch------------------------------------
2026/09/12 22:47:09 - __main__ - INFO - 3084 - trainer - {'Epoch': 7, 'Source Popular-context': 415, 'Source Tail-context': 65, 'Target Popular-context': 379, 'Target Tail-context': 88}
2026/09/12 22:47:13 - __main__ - INFO - 3095 - trainer - Epoch: 7
2026/09/12 22:47:13 - __main__ - INFO - 3079 - trainer - Group-aware Alignment Batch------------------------------------
2026/09/12 22:47:13 - __main__ - INFO - 3084 - trainer - {'Epoch': 8, 'Source Popular-context': 420, 'Source Tail-context': 53, 'Target Popular-context': 361, 'Target Tail-context': 99}
2026/09/12 22:47:18 - __main__ - INFO - 3095 - trainer - Epoch: 8
2026/09/12 22:47:18 - __main__ - INFO - 3079 - trainer - Group-aware Alignment Batch------------------------------------
2026/09/12 22:47:18 - __main__ - INFO - 3084 - trainer - {'Epoch': 9, 'Source Popular-context': 414, 'Source Tail-context': 68, 'Target Popular-context': 368, 'Target Tail-context': 90}
2026/09/12 22:47:23 - __main__ - INFO - 3095 - trainer - Epoch: 9
2026/09/12 22:47:23 - __main__ - INFO - 3079 - trainer - Group-aware Alignment Batch------------------------------------
2026/09/12 22:47:23 - __main__ - INFO - 3084 - trainer - {'Epoch': 10, 'Source Popular-context': 412, 'Source Tail-context': 59, 'Target Popular-context': 372, 'Target Tail-context': 85}
2026/09/12 22:47:27 - __main__ - INFO - 3095 - trainer - Epoch: 10
2026/09/12 22:47:27 - __main__ - INFO - 3100 - trainer - start predicting: 2026-09-12 22:47:27.518830
2026/09/12 22:47:39 - __main__ - INFO - 3137 - trainer - {'Best_HR@5': 48.7793, 'Best_NDCG@5': 37.0562, 'Best_HR@10': 58.7891, 'Best_NDCG@10': 40.2961, 'Best_HR@20': 69.7656, 'Best_NDCG@20': 43.0739}
2026/09/12 22:47:39 - __main__ - INFO - 3138 - trainer - {'Best_epoch_HR@5': 10, 'Best_epoch_NDCG@5': 10, 'Best_epoch_HR@10': 10, 'Best_epoch_NDCG@10': 10, 'Best_epoch_HR@20': 10, 'Best_epoch_NDCG@20': 10}
2026/09/12 22:47:40 - __main__ - INFO - 3079 - trainer - Group-aware Alignment Batch------------------------------------
2026/09/12 22:47:40 - __main__ - INFO - 3084 - trainer - {'Epoch': 11, 'Source Popular-context': 401, 'Source Tail-context': 80, 'Target Popular-context': 376, 'Target Tail-context': 80}
2026/09/12 22:47:44 - __main__ - INFO - 3095 - trainer - Epoch: 11
2026/09/12 22:47:44 - __main__ - INFO - 3079 - trainer - Group-aware Alignment Batch------------------------------------
2026/09/12 22:47:44 - __main__ - INFO - 3084 - trainer - {'Epoch': 12, 'Source Popular-context': 412, 'Source Tail-context': 59, 'Target Popular-context': 369, 'Target Tail-context': 88}
2026/09/12 22:47:49 - __main__ - INFO - 3095 - trainer - Epoch: 12
2026/09/12 22:47:49 - __main__ - INFO - 3079 - trainer - Group-aware Alignment Batch------------------------------------
2026/09/12 22:47:49 - __main__ - INFO - 3084 - trainer - {'Epoch': 13, 'Source Popular-context': 409, 'Source Tail-context': 67, 'Target Popular-context': 373, 'Target Tail-context': 91}
2026/09/12 22:47:54 - __main__ - INFO - 3095 - trainer - Epoch: 13
2026/09/12 22:47:54 - __main__ - INFO - 3079 - trainer - Group-aware Alignment Batch------------------------------------
2026/09/12 22:47:54 - __main__ - INFO - 3084 - trainer - {'Epoch': 14, 'Source Popular-context': 395, 'Source Tail-context': 81, 'Target Popular-context': 371, 'Target Tail-context': 96}
2026/09/12 22:47:58 - __main__ - INFO - 3095 - trainer - Epoch: 14
2026/09/12 22:47:58 - __main__ - INFO - 3079 - trainer - Group-aware Alignment Batch------------------------------------
2026/09/12 22:47:58 - __main__ - INFO - 3084 - trainer - {'Epoch': 15, 'Source Popular-context': 418, 'Source Tail-context': 69, 'Target Popular-context': 368, 'Target Tail-context': 87}
2026/09/12 22:48:03 - __main__ - INFO - 3095 - trainer - Epoch: 15
2026/09/12 22:48:03 - __main__ - INFO - 3100 - trainer - start predicting: 2026-09-12 22:48:03.169466
2026/09/12 22:48:14 - __main__ - INFO - 3137 - trainer - {'Best_HR@5': 49.3848, 'Best_NDCG@5': 37.3998, 'Best_HR@10': 60.3809, 'Best_NDCG@10': 40.9611, 'Best_HR@20': 70.6348, 'Best_NDCG@20': 43.5548}
2026/09/12 22:48:14 - __main__ - INFO - 3138 - trainer - {'Best_epoch_HR@5': 15, 'Best_epoch_NDCG@5': 15, 'Best_epoch_HR@10': 15, 'Best_epoch_NDCG@10': 15, 'Best_epoch_HR@20': 15, 'Best_epoch_NDCG@20': 15}
2026/09/12 22:48:15 - __main__ - INFO - 3079 - trainer - Group-aware Alignment Batch------------------------------------
2026/09/12 22:48:15 - __main__ - INFO - 3084 - trainer - {'Epoch': 16, 'Source Popular-context': 420, 'Source Tail-context': 58, 'Target Popular-context': 355, 'Target Tail-context': 109}
2026/09/12 22:48:19 - __main__ - INFO - 3095 - trainer - Epoch: 16
2026/09/12 22:48:19 - __main__ - INFO - 3079 - trainer - Group-aware Alignment Batch------------------------------------
2026/09/12 22:48:19 - __main__ - INFO - 3084 - trainer - {'Epoch': 17, 'Source Popular-context': 418, 'Source Tail-context': 54, 'Target Popular-context': 377, 'Target Tail-context': 82}
2026/09/12 22:48:24 - __main__ - INFO - 3095 - trainer - Epoch: 17
2026/09/12 22:48:24 - __main__ - INFO - 3079 - trainer - Group-aware Alignment Batch------------------------------------
2026/09/12 22:48:24 - __main__ - INFO - 3084 - trainer - {'Epoch': 18, 'Source Popular-context': 410, 'Source Tail-context': 59, 'Target Popular-context': 365, 'Target Tail-context': 87}
2026/09/12 22:48:28 - __main__ - INFO - 3095 - trainer - Epoch: 18
2026/09/12 22:48:28 - __main__ - INFO - 3079 - trainer - Group-aware Alignment Batch------------------------------------
2026/09/12 22:48:28 - __main__ - INFO - 3084 - trainer - {'Epoch': 19, 'Source Popular-context': 412, 'Source Tail-context': 71, 'Target Popular-context': 380, 'Target Tail-context': 84}
2026/09/12 22:48:33 - __main__ - INFO - 3095 - trainer - Epoch: 19
2026/09/12 22:48:33 - __main__ - INFO - 3079 - trainer - Group-aware Alignment Batch------------------------------------
2026/09/12 22:48:33 - __main__ - INFO - 3084 - trainer - {'Epoch': 20, 'Source Popular-context': 418, 'Source Tail-context': 71, 'Target Popular-context': 378, 'Target Tail-context': 89}
2026/09/12 22:48:37 - __main__ - INFO - 3095 - trainer - Epoch: 20
2026/09/12 22:48:37 - __main__ - INFO - 3100 - trainer - start predicting: 2026-09-12 22:48:37.684922
2026/09/12 22:48:49 - __main__ - INFO - 3079 - trainer - Group-aware Alignment Batch------------------------------------
2026/09/12 22:48:49 - __main__ - INFO - 3084 - trainer - {'Epoch': 21, 'Source Popular-context': 418, 'Source Tail-context': 61, 'Target Popular-context': 372, 'Target Tail-context': 92}
2026/09/12 22:48:54 - __main__ - INFO - 3095 - trainer - Epoch: 21
2026/09/12 22:48:54 - __main__ - INFO - 3079 - trainer - Group-aware Alignment Batch------------------------------------
2026/09/12 22:48:54 - __main__ - INFO - 3084 - trainer - {'Epoch': 22, 'Source Popular-context': 389, 'Source Tail-context': 84, 'Target Popular-context': 376, 'Target Tail-context': 87}
2026/09/12 22:48:59 - __main__ - INFO - 3095 - trainer - Epoch: 22
2026/09/12 22:48:59 - __main__ - INFO - 3079 - trainer - Group-aware Alignment Batch------------------------------------
2026/09/12 22:48:59 - __main__ - INFO - 3084 - trainer - {'Epoch': 23, 'Source Popular-context': 410, 'Source Tail-context': 65, 'Target Popular-context': 354, 'Target Tail-context': 110}
2026/09/12 22:49:03 - __main__ - INFO - 3095 - trainer - Epoch: 23
2026/09/12 22:49:03 - __main__ - INFO - 3079 - trainer - Group-aware Alignment Batch------------------------------------
2026/09/12 22:49:03 - __main__ - INFO - 3084 - trainer - {'Epoch': 24, 'Source Popular-context': 408, 'Source Tail-context': 63, 'Target Popular-context': 364, 'Target Tail-context': 91}
2026/09/12 22:49:08 - __main__ - INFO - 3095 - trainer - Epoch: 24
2026/09/12 22:49:08 - __main__ - INFO - 3079 - trainer - Group-aware Alignment Batch------------------------------------
2026/09/12 22:49:08 - __main__ - INFO - 3084 - trainer - {'Epoch': 25, 'Source Popular-context': 416, 'Source Tail-context': 55, 'Target Popular-context': 373, 'Target Tail-context': 88}
2026/09/12 22:49:13 - __main__ - INFO - 3095 - trainer - Epoch: 25
2026/09/12 22:49:13 - __main__ - INFO - 3100 - trainer - start predicting: 2026-09-12 22:49:13.389453
2026/09/12 22:49:25 - __main__ - INFO - 3147 - trainer - {'Best_HR@5': 49.3848, 'Best_NDCG@5': 37.3998, 'Best_HR@10': 60.3809, 'Best_NDCG@10': 40.9611, 'Best_HR@20': 70.6348, 'Best_NDCG@20': 43.5548}
2026/09/12 22:49:25 - __main__ - INFO - 3148 - trainer - {'Best_epoch_HR@5': 15, 'Best_epoch_NDCG@5': 15, 'Best_epoch_HR@10': 15, 'Best_epoch_NDCG@10': 15, 'Best_epoch_HR@20': 15, 'Best_epoch_NDCG@20': 15}
2026/09/12 22:49:25 - __main__ - INFO - 3264 - trainer - Source Popularity Definition---------------------------------------------
2026/09/12 22:49:25 - __main__ - INFO - 3269 - trainer - {'domain': 'Source', 'popular_ratio': 0.2, 'observed_train_items': 89276, 'popular_items': 17856, 'unpopular_seen_items': 71420, 'unseen_items_in_test': 'calculated from test ground truth'}
2026/09/12 22:49:33 - __main__ - INFO - 3545 - trainer - %s Test Overall------------------------------------------------------
2026/09/12 22:49:33 - __main__ - INFO - 3549 - trainer - {'HR@5': 49.5874, 'NDCG@5': 38.0221, 'HR@10': 60.5066, 'NDCG@10': 41.5607, 'HR@20': 70.284, 'NDCG@20': 44.0305}
2026/09/12 22:49:33 - __main__ - INFO - 3640 - trainer - Source Test Group Size----------------------------------------------
2026/09/12 22:49:33 - __main__ - INFO - 3645 - trainer - {'domain': 'Source', 'Overall_test_samples': 10422, 'Popular_test_samples': 7854, 'Unpopular_seen_test_samples': 1824, 'Unseen_test_samples': 744, 'Grouped_test_samples': 10422}
2026/09/12 22:49:33 - __main__ - INFO - 3647 - trainer - Source Test Popular Ground Truth-------------------------------------
2026/09/12 22:49:33 - __main__ - INFO - 3652 - trainer - {'HR@5': 65.1515, 'NDCG@5': 50.1479, 'HR@10': 78.1895, 'NDCG@10': 54.3783, 'HR@20': 88.1334, 'NDCG@20': 56.9053}
2026/09/12 22:49:33 - __main__ - INFO - 3654 - trainer - Source Test Unpopular-Seen Ground Truth------------------------------
2026/09/12 22:49:33 - __main__ - INFO - 3659 - trainer - {'HR@5': 2.7961, 'NDCG@5': 1.318, 'HR@10': 9.0461, 'NDCG@10': 3.3218, 'HR@20': 22.0395, 'NDCG@20': 6.5382}
2026/09/12 22:49:33 - __main__ - INFO - 3663 - trainer - Source Test Unseen Ground Truth--------------------------------------
2026/09/12 22:49:33 - __main__ - INFO - 3668 - trainer - {'HR@5': 0.0, 'NDCG@5': 0.0, 'HR@10': 0.0, 'NDCG@10': 0.0, 'HR@20': 0.1344, 'NDCG@20': 0.0344}
2026/09/12 22:49:33 - __main__ - INFO - 3670 - trainer - Source Recommendation Popularity-------------------------------------
2026/09/12 22:49:33 - __main__ - INFO - 3675 - trainer - {'PopularRatio@5': 93.3871, 'PopularRatio@10': 81.7415, 'PopularRatio@20': 61.4517}
2026/09/12 22:49:33 - __main__ - INFO - 3678 - trainer - Best Eval---------------------------------------------------------
2026/09/12 22:49:33 - __main__ - INFO - 3681 - trainer - {'Best_HR@5': 49.3848, 'Best_NDCG@5': 37.3998, 'Best_HR@10': 60.3809, 'Best_NDCG@10': 40.9611, 'Best_HR@20': 70.6348, 'Best_NDCG@20': 43.5548}
2026/09/12 22:49:33 - __main__ - INFO - 3682 - trainer - {'Best_epoch_HR@5': 15, 'Best_epoch_NDCG@5': 15, 'Best_epoch_HR@10': 15, 'Best_epoch_NDCG@10': 15, 'Best_epoch_HR@20': 15, 'Best_epoch_NDCG@20': 15}
2026/09/12 22:49:33 - __main__ - INFO - 329 - main - Experiment F Reference Model: D2 disabled, D3 kept ON.
2026/09/12 22:49:33 - __main__ - INFO - 3095 - trainer - Epoch: 0
2026/09/12 22:49:34 - __main__ - INFO - 3095 - trainer - Epoch: 1
2026/09/12 22:49:34 - __main__ - INFO - 3100 - trainer - start predicting: 2026-09-12 22:49:34.050940
2026/09/12 22:49:35 - __main__ - INFO - 3137 - trainer - {'Best_HR@5': 6.25, 'Best_NDCG@5': 3.437, 'Best_HR@10': 12.9395, 'Best_NDCG@10': 5.6021, 'Best_HR@20': 25.8301, 'Best_NDCG@20': 8.8059}
2026/09/12 22:49:35 - __main__ - INFO - 3138 - trainer - {'Best_epoch_HR@5': 1, 'Best_epoch_NDCG@5': 1, 'Best_epoch_HR@10': 1, 'Best_epoch_NDCG@10': 1, 'Best_epoch_HR@20': 1, 'Best_epoch_NDCG@20': 1}
2026/09/12 22:49:36 - __main__ - INFO - 3095 - trainer - Epoch: 2
2026/09/12 22:49:36 - __main__ - INFO - 3100 - trainer - start predicting: 2026-09-12 22:49:36.121224
2026/09/12 22:49:37 - __main__ - INFO - 3137 - trainer - {'Best_HR@5': 9.9121, 'Best_NDCG@5': 5.9965, 'Best_HR@10': 17.9688, 'Best_NDCG@10': 8.5859, 'Best_HR@20': 31.4941, 'Best_NDCG@20': 11.9896}
2026/09/12 22:49:37 - __main__ - INFO - 3138 - trainer - {'Best_epoch_HR@5': 2, 'Best_epoch_NDCG@5': 2, 'Best_epoch_HR@10': 2, 'Best_epoch_NDCG@10': 2, 'Best_epoch_HR@20': 2, 'Best_epoch_NDCG@20': 2}
2026/09/12 22:49:38 - __main__ - INFO - 3095 - trainer - Epoch: 3
2026/09/12 22:49:38 - __main__ - INFO - 3100 - trainer - start predicting: 2026-09-12 22:49:38.176720
2026/09/12 22:49:39 - __main__ - INFO - 3137 - trainer - {'Best_HR@5': 14.3066, 'Best_NDCG@5': 9.2882, 'Best_HR@10': 25.1465, 'Best_NDCG@10': 12.7589, 'Best_HR@20': 40.7715, 'Best_NDCG@20': 16.6741}
2026/09/12 22:49:39 - __main__ - INFO - 3138 - trainer - {'Best_epoch_HR@5': 3, 'Best_epoch_NDCG@5': 3, 'Best_epoch_HR@10': 3, 'Best_epoch_NDCG@10': 3, 'Best_epoch_HR@20': 3, 'Best_epoch_NDCG@20': 3}
2026/09/12 22:49:40 - __main__ - INFO - 3095 - trainer - Epoch: 4
2026/09/12 22:49:40 - __main__ - INFO - 3100 - trainer - start predicting: 2026-09-12 22:49:40.278360
2026/09/12 22:49:41 - __main__ - INFO - 3137 - trainer - {'Best_HR@5': 18.8965, 'Best_NDCG@5': 12.2782, 'Best_HR@10': 31.6895, 'Best_NDCG@10': 16.3956, 'Best_HR@20': 46.9727, 'Best_NDCG@20': 20.2299}
2026/09/12 22:49:41 - __main__ - INFO - 3138 - trainer - {'Best_epoch_HR@5': 4, 'Best_epoch_NDCG@5': 4, 'Best_epoch_HR@10': 4, 'Best_epoch_NDCG@10': 4, 'Best_epoch_HR@20': 4, 'Best_epoch_NDCG@20': 4}
2026/09/12 22:49:42 - __main__ - INFO - 3095 - trainer - Epoch: 5
2026/09/12 22:49:42 - __main__ - INFO - 3100 - trainer - start predicting: 2026-09-12 22:49:42.336590
2026/09/12 22:49:43 - __main__ - INFO - 3137 - trainer - {'Best_HR@5': 24.3652, 'Best_NDCG@5': 15.9234, 'Best_HR@10': 35.9863, 'Best_NDCG@10': 19.6628, 'Best_HR@20': 51.5137, 'Best_NDCG@20': 23.5534}
2026/09/12 22:49:43 - __main__ - INFO - 3138 - trainer - {'Best_epoch_HR@5': 5, 'Best_epoch_NDCG@5': 5, 'Best_epoch_HR@10': 5, 'Best_epoch_NDCG@10': 5, 'Best_epoch_HR@20': 5, 'Best_epoch_NDCG@20': 5}
2026/09/12 22:49:44 - __main__ - INFO - 3095 - trainer - Epoch: 6
2026/09/12 22:49:44 - __main__ - INFO - 3100 - trainer - start predicting: 2026-09-12 22:49:44.412954
2026/09/12 22:49:46 - __main__ - INFO - 3137 - trainer - {'Best_HR@5': 27.3926, 'Best_NDCG@5': 19.182, 'Best_HR@10': 38.8672, 'Best_NDCG@10': 22.8334, 'Best_HR@20': 54.7363, 'Best_NDCG@20': 26.829}
2026/09/12 22:49:46 - __main__ - INFO - 3138 - trainer - {'Best_epoch_HR@5': 6, 'Best_epoch_NDCG@5': 6, 'Best_epoch_HR@10': 6, 'Best_epoch_NDCG@10': 6, 'Best_epoch_HR@20': 6, 'Best_epoch_NDCG@20': 6}
2026/09/12 22:49:46 - __main__ - INFO - 3095 - trainer - Epoch: 7
2026/09/12 22:49:46 - __main__ - INFO - 3100 - trainer - start predicting: 2026-09-12 22:49:46.522391
2026/09/12 22:49:48 - __main__ - INFO - 3137 - trainer - {'Best_HR@5': 29.1016, 'Best_NDCG@5': 20.9263, 'Best_HR@10': 40.8203, 'Best_NDCG@10': 24.6995, 'Best_HR@20': 56.0547, 'Best_NDCG@20': 28.536}
2026/09/12 22:49:48 - __main__ - INFO - 3138 - trainer - {'Best_epoch_HR@5': 7, 'Best_epoch_NDCG@5': 7, 'Best_epoch_HR@10': 7, 'Best_epoch_NDCG@10': 7, 'Best_epoch_HR@20': 7, 'Best_epoch_NDCG@20': 7}
2026/09/12 22:49:48 - __main__ - INFO - 3095 - trainer - Epoch: 8
2026/09/12 22:49:48 - __main__ - INFO - 3100 - trainer - start predicting: 2026-09-12 22:49:48.653224
2026/09/12 22:49:50 - __main__ - INFO - 3137 - trainer - {'Best_HR@5': 31.543, 'Best_NDCG@5': 22.7563, 'Best_HR@10': 42.2363, 'Best_NDCG@10': 26.2409, 'Best_HR@20': 57.959, 'Best_NDCG@20': 30.2028}
2026/09/12 22:49:50 - __main__ - INFO - 3138 - trainer - {'Best_epoch_HR@5': 8, 'Best_epoch_NDCG@5': 8, 'Best_epoch_HR@10': 8, 'Best_epoch_NDCG@10': 8, 'Best_epoch_HR@20': 8, 'Best_epoch_NDCG@20': 8}
2026/09/12 22:49:50 - __main__ - INFO - 3095 - trainer - Epoch: 9
2026/09/12 22:49:50 - __main__ - INFO - 3100 - trainer - start predicting: 2026-09-12 22:49:50.848618
2026/09/12 22:49:52 - __main__ - INFO - 3137 - trainer - {'Best_HR@5': 33.3008, 'Best_NDCG@5': 24.3641, 'Best_HR@10': 44.3359, 'Best_NDCG@10': 27.9241, 'Best_HR@20': 58.3008, 'Best_NDCG@20': 31.4388}
2026/09/12 22:49:52 - __main__ - INFO - 3138 - trainer - {'Best_epoch_HR@5': 9, 'Best_epoch_NDCG@5': 9, 'Best_epoch_HR@10': 9, 'Best_epoch_NDCG@10': 9, 'Best_epoch_HR@20': 9, 'Best_epoch_NDCG@20': 9}
2026/09/12 22:49:52 - __main__ - INFO - 3095 - trainer - Epoch: 10
2026/09/12 22:49:52 - __main__ - INFO - 3100 - trainer - start predicting: 2026-09-12 22:49:52.945683
2026/09/12 22:49:54 - __main__ - INFO - 3137 - trainer - {'Best_HR@5': 35.0098, 'Best_NDCG@5': 25.8515, 'Best_HR@10': 45.5566, 'Best_NDCG@10': 29.2326, 'Best_HR@20': 59.0332, 'Best_NDCG@20': 32.6142}
2026/09/12 22:49:54 - __main__ - INFO - 3138 - trainer - {'Best_epoch_HR@5': 10, 'Best_epoch_NDCG@5': 10, 'Best_epoch_HR@10': 10, 'Best_epoch_NDCG@10': 10, 'Best_epoch_HR@20': 10, 'Best_epoch_NDCG@20': 10}
2026/09/12 22:49:55 - __main__ - INFO - 3095 - trainer - Epoch: 11
2026/09/12 22:49:55 - __main__ - INFO - 3100 - trainer - start predicting: 2026-09-12 22:49:55.056962
2026/09/12 22:49:56 - __main__ - INFO - 3137 - trainer - {'Best_HR@5': 35.9375, 'Best_NDCG@5': 26.3718, 'Best_HR@10': 46.8262, 'Best_NDCG@10': 29.8928, 'Best_HR@20': 59.082, 'Best_NDCG@20': 32.9873}
2026/09/12 22:49:56 - __main__ - INFO - 3138 - trainer - {'Best_epoch_HR@5': 11, 'Best_epoch_NDCG@5': 11, 'Best_epoch_HR@10': 11, 'Best_epoch_NDCG@10': 11, 'Best_epoch_HR@20': 11, 'Best_epoch_NDCG@20': 11}
2026/09/12 22:49:57 - __main__ - INFO - 3095 - trainer - Epoch: 12
2026/09/12 22:49:57 - __main__ - INFO - 3100 - trainer - start predicting: 2026-09-12 22:49:57.138932
2026/09/12 22:49:58 - __main__ - INFO - 3137 - trainer - {'Best_HR@5': 36.377, 'Best_NDCG@5': 26.7876, 'Best_HR@10': 47.7539, 'Best_NDCG@10': 30.4567, 'Best_HR@20': 59.7656, 'Best_NDCG@20': 33.4813}
2026/09/12 22:49:58 - __main__ - INFO - 3138 - trainer - {'Best_epoch_HR@5': 12, 'Best_epoch_NDCG@5': 12, 'Best_epoch_HR@10': 12, 'Best_epoch_NDCG@10': 12, 'Best_epoch_HR@20': 12, 'Best_epoch_NDCG@20': 12}
2026/09/12 22:49:59 - __main__ - INFO - 3095 - trainer - Epoch: 13
2026/09/12 22:49:59 - __main__ - INFO - 3100 - trainer - start predicting: 2026-09-12 22:49:59.225960
2026/09/12 22:50:00 - __main__ - INFO - 3137 - trainer - {'Best_HR@5': 37.9395, 'Best_NDCG@5': 27.6481, 'Best_HR@10': 47.7539, 'Best_NDCG@10': 30.7186, 'Best_HR@20': 59.7656, 'Best_NDCG@20': 33.8129}
2026/09/12 22:50:00 - __main__ - INFO - 3138 - trainer - {'Best_epoch_HR@5': 13, 'Best_epoch_NDCG@5': 13, 'Best_epoch_HR@10': 12, 'Best_epoch_NDCG@10': 13, 'Best_epoch_HR@20': 12, 'Best_epoch_NDCG@20': 13}
2026/09/12 22:50:01 - __main__ - INFO - 3095 - trainer - Epoch: 14
2026/09/12 22:50:01 - __main__ - INFO - 3100 - trainer - start predicting: 2026-09-12 22:50:01.313212
2026/09/12 22:50:02 - __main__ - INFO - 3137 - trainer - {'Best_HR@5': 38.0371, 'Best_NDCG@5': 27.8287, 'Best_HR@10': 48.0957, 'Best_NDCG@10': 31.1007, 'Best_HR@20': 59.8633, 'Best_NDCG@20': 34.0655}
2026/09/12 22:50:02 - __main__ - INFO - 3138 - trainer - {'Best_epoch_HR@5': 14, 'Best_epoch_NDCG@5': 14, 'Best_epoch_HR@10': 14, 'Best_epoch_NDCG@10': 14, 'Best_epoch_HR@20': 14, 'Best_epoch_NDCG@20': 14}
2026/09/12 22:50:03 - __main__ - INFO - 3095 - trainer - Epoch: 15
2026/09/12 22:50:03 - __main__ - INFO - 3100 - trainer - start predicting: 2026-09-12 22:50:03.397016
2026/09/12 22:50:05 - __main__ - INFO - 3137 - trainer - {'Best_HR@5': 38.8184, 'Best_NDCG@5': 28.1742, 'Best_HR@10': 48.7305, 'Best_NDCG@10': 31.3675, 'Best_HR@20': 60.4004, 'Best_NDCG@20': 34.3151}
2026/09/12 22:50:05 - __main__ - INFO - 3138 - trainer - {'Best_epoch_HR@5': 15, 'Best_epoch_NDCG@5': 15, 'Best_epoch_HR@10': 15, 'Best_epoch_NDCG@10': 15, 'Best_epoch_HR@20': 15, 'Best_epoch_NDCG@20': 15}
2026/09/12 22:50:05 - __main__ - INFO - 3095 - trainer - Epoch: 16
2026/09/12 22:50:05 - __main__ - INFO - 3100 - trainer - start predicting: 2026-09-12 22:50:05.476920
2026/09/12 22:50:07 - __main__ - INFO - 3137 - trainer - {'Best_HR@5': 38.8184, 'Best_NDCG@5': 28.3093, 'Best_HR@10': 49.1211, 'Best_NDCG@10': 31.7933, 'Best_HR@20': 60.5957, 'Best_NDCG@20': 34.7093}
2026/09/12 22:50:07 - __main__ - INFO - 3138 - trainer - {'Best_epoch_HR@5': 15, 'Best_epoch_NDCG@5': 16, 'Best_epoch_HR@10': 16, 'Best_epoch_NDCG@10': 16, 'Best_epoch_HR@20': 16, 'Best_epoch_NDCG@20': 16}
2026/09/12 22:50:07 - __main__ - INFO - 3095 - trainer - Epoch: 17
2026/09/12 22:50:07 - __main__ - INFO - 3100 - trainer - start predicting: 2026-09-12 22:50:07.565677
2026/09/12 22:50:09 - __main__ - INFO - 3095 - trainer - Epoch: 18
2026/09/12 22:50:09 - __main__ - INFO - 3100 - trainer - start predicting: 2026-09-12 22:50:09.654680
2026/09/12 22:50:11 - __main__ - INFO - 3137 - trainer - {'Best_HR@5': 38.8184, 'Best_NDCG@5': 28.3119, 'Best_HR@10': 49.1211, 'Best_NDCG@10': 31.7933, 'Best_HR@20': 60.7422, 'Best_NDCG@20': 34.7093}
2026/09/12 22:50:11 - __main__ - INFO - 3138 - trainer - {'Best_epoch_HR@5': 15, 'Best_epoch_NDCG@5': 18, 'Best_epoch_HR@10': 16, 'Best_epoch_NDCG@10': 16, 'Best_epoch_HR@20': 18, 'Best_epoch_NDCG@20': 16}
2026/09/12 22:50:11 - __main__ - INFO - 3095 - trainer - Epoch: 19
2026/09/12 22:50:11 - __main__ - INFO - 3100 - trainer - start predicting: 2026-09-12 22:50:11.709772
2026/09/12 22:50:13 - __main__ - INFO - 3095 - trainer - Epoch: 20
2026/09/12 22:50:13 - __main__ - INFO - 3100 - trainer - start predicting: 2026-09-12 22:50:13.808856
2026/09/12 22:50:15 - __main__ - INFO - 3137 - trainer - {'Best_HR@5': 38.8184, 'Best_NDCG@5': 28.3268, 'Best_HR@10': 49.1211, 'Best_NDCG@10': 31.7933, 'Best_HR@20': 60.7422, 'Best_NDCG@20': 34.7093}
2026/09/12 22:50:15 - __main__ - INFO - 3138 - trainer - {'Best_epoch_HR@5': 15, 'Best_epoch_NDCG@5': 20, 'Best_epoch_HR@10': 16, 'Best_epoch_NDCG@10': 16, 'Best_epoch_HR@20': 18, 'Best_epoch_NDCG@20': 16}
2026/09/12 22:50:15 - __main__ - INFO - 3095 - trainer - Epoch: 21
2026/09/12 22:50:15 - __main__ - INFO - 3100 - trainer - start predicting: 2026-09-12 22:50:15.900630
2026/09/12 22:50:17 - __main__ - INFO - 3137 - trainer - {'Best_HR@5': 38.8184, 'Best_NDCG@5': 28.3268, 'Best_HR@10': 49.2188, 'Best_NDCG@10': 31.7933, 'Best_HR@20': 60.7422, 'Best_NDCG@20': 34.7093}
2026/09/12 22:50:17 - __main__ - INFO - 3138 - trainer - {'Best_epoch_HR@5': 15, 'Best_epoch_NDCG@5': 20, 'Best_epoch_HR@10': 21, 'Best_epoch_NDCG@10': 16, 'Best_epoch_HR@20': 18, 'Best_epoch_NDCG@20': 16}
2026/09/12 22:50:17 - __main__ - INFO - 3095 - trainer - Epoch: 22
2026/09/12 22:50:17 - __main__ - INFO - 3100 - trainer - start predicting: 2026-09-12 22:50:17.986999
2026/09/12 22:50:19 - __main__ - INFO - 3137 - trainer - {'Best_HR@5': 38.8184, 'Best_NDCG@5': 28.3268, 'Best_HR@10': 49.2676, 'Best_NDCG@10': 31.7933, 'Best_HR@20': 60.7422, 'Best_NDCG@20': 34.7093}
2026/09/12 22:50:19 - __main__ - INFO - 3138 - trainer - {'Best_epoch_HR@5': 15, 'Best_epoch_NDCG@5': 20, 'Best_epoch_HR@10': 22, 'Best_epoch_NDCG@10': 16, 'Best_epoch_HR@20': 18, 'Best_epoch_NDCG@20': 16}
2026/09/12 22:50:20 - __main__ - INFO - 3095 - trainer - Epoch: 23
2026/09/12 22:50:20 - __main__ - INFO - 3100 - trainer - start predicting: 2026-09-12 22:50:20.082801
2026/09/12 22:50:22 - __main__ - INFO - 3095 - trainer - Epoch: 24
2026/09/12 22:50:22 - __main__ - INFO - 3100 - trainer - start predicting: 2026-09-12 22:50:22.162756
2026/09/12 22:50:24 - __main__ - INFO - 3095 - trainer - Epoch: 25
2026/09/12 22:50:24 - __main__ - INFO - 3100 - trainer - start predicting: 2026-09-12 22:50:24.248355
2026/09/12 22:50:26 - __main__ - INFO - 3095 - trainer - Epoch: 26
2026/09/12 22:50:26 - __main__ - INFO - 3100 - trainer - start predicting: 2026-09-12 22:50:26.300386
2026/09/12 22:50:28 - __main__ - INFO - 3095 - trainer - Epoch: 27
2026/09/12 22:50:28 - __main__ - INFO - 3100 - trainer - start predicting: 2026-09-12 22:50:28.400990
2026/09/12 22:50:29 - __main__ - INFO - 3147 - trainer - {'Best_HR@5': 38.8184, 'Best_NDCG@5': 28.3268, 'Best_HR@10': 49.2676, 'Best_NDCG@10': 31.7933, 'Best_HR@20': 60.7422, 'Best_NDCG@20': 34.7093}
2026/09/12 22:50:29 - __main__ - INFO - 3148 - trainer - {'Best_epoch_HR@5': 15, 'Best_epoch_NDCG@5': 20, 'Best_epoch_HR@10': 22, 'Best_epoch_NDCG@10': 16, 'Best_epoch_HR@20': 18, 'Best_epoch_NDCG@20': 16}
2026/09/12 22:50:30 - __main__ - INFO - 3264 - trainer - Target Popularity Definition---------------------------------------------
2026/09/12 22:50:30 - __main__ - INFO - 3269 - trainer - {'domain': 'Target', 'popular_ratio': 0.2, 'observed_train_items': 21856, 'popular_items': 4372, 'unpopular_seen_items': 17484, 'unseen_items_in_test': 'calculated from test ground truth'}
2026/09/12 22:50:31 - __main__ - INFO - 3545 - trainer - %s Test Overall------------------------------------------------------
2026/09/12 22:50:31 - __main__ - INFO - 3549 - trainer - {'HR@5': 39.1537, 'NDCG@5': 29.0433, 'HR@10': 49.9514, 'NDCG@10': 32.5051, 'HR@20': 62.3054, 'NDCG@20': 35.6255}
2026/09/12 22:50:31 - __main__ - INFO - 3640 - trainer - Target Test Group Size----------------------------------------------
2026/09/12 22:50:31 - __main__ - INFO - 3645 - trainer - {'domain': 'Target', 'Overall_test_samples': 2056, 'Popular_test_samples': 1372, 'Unpopular_seen_test_samples': 505, 'Unseen_test_samples': 179, 'Grouped_test_samples': 2056}
2026/09/12 22:50:31 - __main__ - INFO - 3647 - trainer - Target Test Popular Ground Truth-------------------------------------
2026/09/12 22:50:31 - __main__ - INFO - 3652 - trainer - {'HR@5': 57.1429, 'NDCG@5': 42.7556, 'HR@10': 70.9913, 'NDCG@10': 47.2215, 'HR@20': 84.0379, 'NDCG@20': 50.5184}
2026/09/12 22:50:31 - __main__ - INFO - 3654 - trainer - Target Test Unpopular-Seen Ground Truth------------------------------
2026/09/12 22:50:31 - __main__ - INFO - 3659 - trainer - {'HR@5': 4.1584, 'NDCG@5': 2.084, 'HR@10': 10.495, 'NDCG@10': 4.0446, 'HR@20': 25.3465, 'NDCG@20': 7.7917}
2026/09/12 22:50:31 - __main__ - INFO - 3663 - trainer - Target Test Unseen Ground Truth--------------------------------------
2026/09/12 22:50:31 - __main__ - INFO - 3668 - trainer - {'HR@5': 0.0, 'NDCG@5': 0.0, 'HR@10': 0.0, 'NDCG@10': 0.0, 'HR@20': 0.0, 'NDCG@20': 0.0}
2026/09/12 22:50:31 - __main__ - INFO - 3670 - trainer - Target Recommendation Popularity-------------------------------------
2026/09/12 22:50:31 - __main__ - INFO - 3675 - trainer - {'PopularRatio@5': 87.928, 'PopularRatio@10': 74.3191, 'PopularRatio@20': 57.179}
2026/09/12 22:50:31 - __main__ - INFO - 3678 - trainer - Best Eval---------------------------------------------------------
2026/09/12 22:50:31 - __main__ - INFO - 3681 - trainer - {'Best_HR@5': 38.8184, 'Best_NDCG@5': 28.3268, 'Best_HR@10': 49.2676, 'Best_NDCG@10': 31.7933, 'Best_HR@20': 60.7422, 'Best_NDCG@20': 34.7093}
2026/09/12 22:50:31 - __main__ - INFO - 3682 - trainer - {'Best_epoch_HR@5': 15, 'Best_epoch_NDCG@5': 20, 'Best_epoch_HR@10': 22, 'Best_epoch_NDCG@10': 16, 'Best_epoch_HR@20': 18, 'Best_epoch_NDCG@20': 16}
2026/09/12 22:50:31 - __main__ - INFO - 715 - trainer - Experiment F Meta Batch
2026/09/12 22:50:31 - __main__ - INFO - 719 - trainer - {'Meta Pool Size': 1644, 'Meta Batch Size': 64, 'Popular Next': 32, 'Tail Next': 32, 'Popular Items': 4372, 'Tail Items': 17484}
2026/09/12 22:50:31 - __main__ - INFO - 914 - trainer - Experiment F Meta Objective
2026/09/12 22:50:31 - __main__ - INFO - 918 - trainer - {'Objective': 'M0_balanced', 'Total Loss': 10.663429, 'Balanced Loss': 10.663429, 'Popular CE': 8.832239, 'Tail CE': 12.49462, 'Margin Loss': 7.769807, 'PopMass Loss': 0.693457, 'Meta Grad Norm': 3.42187}
2026/09/12 22:50:31 - __main__ - INFO - 914 - trainer - Experiment F Meta Objective
2026/09/12 22:50:31 - __main__ - INFO - 918 - trainer - {'Objective': 'M1_margin', 'Total Loss': 12.605881, 'Balanced Loss': 10.663429, 'Popular CE': 8.832239, 'Tail CE': 12.49462, 'Margin Loss': 7.769807, 'PopMass Loss': 0.693457, 'Meta Grad Norm': 7.427537}
2026/09/12 22:50:31 - __main__ - INFO - 914 - trainer - Experiment F Meta Objective
2026/09/12 22:50:31 - __main__ - INFO - 918 - trainer - {'Objective': 'M2_popmass', 'Total Loss': 10.836794, 'Balanced Loss': 10.663429, 'Popular CE': 8.832239, 'Tail CE': 12.49462, 'Margin Loss': 7.769807, 'PopMass Loss': 0.693457, 'Meta Grad Norm': 3.475722}
2026/09/12 22:50:32 - __main__ - INFO - 1625 - trainer - Experiment F-E Probe Samples
2026/09/12 22:50:32 - __main__ - INFO - 1629 - trainer - {'low': 32, 'medium': 32, 'high': 32}
2026/09/12 22:50:42 - __main__ - INFO - 2000 - trainer - Experiment F-E Reward Summary
2026/09/12 22:50:42 - __main__ - INFO - 2004 - trainer - M0_balanced
2026/09/12 22:50:42 - __main__ - INFO - 2008 - trainer - [{'meta_objective': 'M0_balanced', 'state': 'high', 'strength': 0.1, 'utility_mean': 0.0028067243401892483, 'utility_std': 0.0016615863122264503, 'cosine_mean': 0.0016824034248656972, 'sample_grad_norm_mean': 1.668181558450063, 'sample_loss_mean': 9.512408728400866, 'augmentation_rate': 0.4791666666666667, 'dropped_items_mean': 0.17708333333333334}, {'meta_objective': 'M0_balanced', 'state': 'high', 'strength': 0.2, 'utility_mean': 0.002857715321927875, 'utility_std': 0.001685866198406557, 'cosine_mean': 0.0017151018580534583, 'sample_grad_norm_mean': 1.6668436601758003, 'sample_loss_mean': 9.509147678812345, 'augmentation_rate': 0.4791666666666667, 'dropped_items_mean': 0.2916666666666667}, {'meta_objective': 'M0_balanced', 'state': 'high', 'strength': 0.4, 'utility_mean': 0.0029053621886608503, 'utility_std': 0.0018273538393025772, 'cosine_mean': 0.001748244198476338, 'sample_grad_norm_mean': 1.6634731118877728, 'sample_loss_mean': 9.507338047027588, 'augmentation_rate': 0.4791666666666667, 'dropped_items_mean': 0.625}, {'meta_objective': 'M0_balanced', 'state': 'low', 'strength': 0.1, 'utility_mean': 0.0028668336005163533, 'utility_std': 0.0012868390907791387, 'cosine_mean': 0.0017650278111129107, 'sample_grad_norm_mean': 1.6174561629692714, 'sample_loss_mean': 9.734733566641808, 'augmentation_rate': 0.4375, 'dropped_items_mean': 0.13541666666666666}, {'meta_objective': 'M0_balanced', 'state': 'low', 'strength': 0.2, 'utility_mean': 0.0028781050411150013, 'utility_std': 0.001333250131506601, 'cosine_mean': 0.0017729923586860725, 'sample_grad_norm_mean': 1.616587904592355, 'sample_loss_mean': 9.734118903676668, 'augmentation_rate': 0.4375, 'dropped_items_mean': 0.3020833333333333}, {'meta_objective': 'M0_balanced', 'state': 'low', 'strength': 0.4, 'utility_mean': 0.002925365757619147, 'utility_std': 0.0014287812180884942, 'cosine_mean': 0.0018042383574652376, 'sample_grad_norm_mean': 1.6155726176997025, 'sample_loss_mean': 9.735332106550535, 'augmentation_rate': 0.4375, 'dropped_items_mean': 0.5833333333333334}, {'meta_objective': 'M0_balanced', 'state': 'medium', 'strength': 0.1, 'utility_mean': 0.002864555848039648, 'utility_std': 0.0019396990242288184, 'cosine_mean': 0.0017433883425989432, 'sample_grad_norm_mean': 1.6431204515198867, 'sample_loss_mean': 9.54677677154541, 'augmentation_rate': 0.53125, 'dropped_items_mean': 0.21875}, {'meta_objective': 'M0_balanced', 'state': 'medium', 'strength': 0.2, 'utility_mean': 0.0028652218085577865, 'utility_std': 0.0019524135270052672, 'cosine_mean': 0.0017459135582669205, 'sample_grad_norm_mean': 1.6413745594521363, 'sample_loss_mean': 9.545546422402063, 'augmentation_rate': 0.53125, 'dropped_items_mean': 0.40625}, {'meta_objective': 'M0_balanced', 'state': 'medium', 'strength': 0.4, 'utility_mean': 0.002847407545838602, 'utility_std': 0.0021026370268966907, 'cosine_mean': 0.0017364331959299761, 'sample_grad_norm_mean': 1.6387932548920314, 'sample_loss_mean': 9.543382162849108, 'augmentation_rate': 0.53125, 'dropped_items_mean': 0.7708333333333334}]
2026/09/12 22:50:42 - __main__ - INFO - 2000 - trainer - Experiment F-E Reward Summary
2026/09/12 22:50:42 - __main__ - INFO - 2004 - trainer - M1_margin
2026/09/12 22:50:42 - __main__ - INFO - 2008 - trainer - [{'meta_objective': 'M1_margin', 'state': 'high', 'strength': 0.1, 'utility_mean': 0.016064407924811046, 'utility_std': 0.004470136698742547, 'cosine_mean': 0.009582918253727257, 'sample_grad_norm_mean': 1.668181558450063, 'sample_loss_mean': 9.512408728400866, 'augmentation_rate': 0.4791666666666667, 'dropped_items_mean': 0.17708333333333334}, {'meta_objective': 'M1_margin', 'state': 'high', 'strength': 0.2, 'utility_mean': 0.015961580153089017, 'utility_std': 0.00432478850882592, 'cosine_mean': 0.009531216574638771, 'sample_grad_norm_mean': 1.6668436601758003, 'sample_loss_mean': 9.509147678812345, 'augmentation_rate': 0.4791666666666667, 'dropped_items_mean': 0.2916666666666667}, {'meta_objective': 'M1_margin', 'state': 'high', 'strength': 0.4, 'utility_mean': 0.015761240569797035, 'utility_std': 0.004411638101423777, 'cosine_mean': 0.009427290147868916, 'sample_grad_norm_mean': 1.6634731118877728, 'sample_loss_mean': 9.507338047027588, 'augmentation_rate': 0.4791666666666667, 'dropped_items_mean': 0.625}, {'meta_objective': 'M1_margin', 'state': 'low', 'strength': 0.1, 'utility_mean': 0.01202751365781296, 'utility_std': 0.0031144935098478027, 'cosine_mean': 0.007395356985701558, 'sample_grad_norm_mean': 1.6174561629692714, 'sample_loss_mean': 9.734733566641808, 'augmentation_rate': 0.4375, 'dropped_items_mean': 0.13541666666666666}, {'meta_objective': 'M1_margin', 'state': 'low', 'strength': 0.2, 'utility_mean': 0.011975102082942612, 'utility_std': 0.0031355471994204925, 'cosine_mean': 0.007366540012299083, 'sample_grad_norm_mean': 1.616587904592355, 'sample_loss_mean': 9.734118903676668, 'augmentation_rate': 0.4375, 'dropped_items_mean': 0.3020833333333333}, {'meta_objective': 'M1_margin', 'state': 'low', 'strength': 0.4, 'utility_mean': 0.011898938755621202, 'utility_std': 0.0031178706327159773, 'cosine_mean': 0.007325541761626179, 'sample_grad_norm_mean': 1.6155726176997025, 'sample_loss_mean': 9.735332106550535, 'augmentation_rate': 0.4375, 'dropped_items_mean': 0.5833333333333334}, {'meta_objective': 'M1_margin', 'state': 'medium', 'strength': 0.1, 'utility_mean': 0.013112337668038284, 'utility_std': 0.002986093677433004, 'cosine_mean': 0.007960126172595968, 'sample_grad_norm_mean': 1.6431204515198867, 'sample_loss_mean': 9.54677677154541, 'augmentation_rate': 0.53125, 'dropped_items_mean': 0.21875}, {'meta_objective': 'M1_margin', 'state': 'medium', 'strength': 0.2, 'utility_mean': 0.013018262926683141, 'utility_std': 0.0029704802933210386, 'cosine_mean': 0.007911515628317526, 'sample_grad_norm_mean': 1.6413745594521363, 'sample_loss_mean': 9.545546422402063, 'augmentation_rate': 0.53125, 'dropped_items_mean': 0.40625}, {'meta_objective': 'M1_margin', 'state': 'medium', 'strength': 0.4, 'utility_mean': 0.012815513357054442, 'utility_std': 0.0031991736691899257, 'cosine_mean': 0.007797220326513828, 'sample_grad_norm_mean': 1.6387932548920314, 'sample_loss_mean': 9.543382162849108, 'augmentation_rate': 0.53125, 'dropped_items_mean': 0.7708333333333334}]
2026/09/12 22:50:42 - __main__ - INFO - 2000 - trainer - Experiment F-E Reward Summary
2026/09/12 22:50:42 - __main__ - INFO - 2004 - trainer - M2_popmass
2026/09/12 22:50:42 - __main__ - INFO - 2008 - trainer - [{'meta_objective': 'M2_popmass', 'state': 'high', 'strength': 0.1, 'utility_mean': 0.003534674473485211, 'utility_std': 0.0015988064453703993, 'cosine_mean': 0.0021175289747740558, 'sample_grad_norm_mean': 1.668181558450063, 'sample_loss_mean': 9.512408728400866, 'augmentation_rate': 0.4791666666666667, 'dropped_items_mean': 0.17708333333333334}, {'meta_objective': 'M2_popmass', 'state': 'high', 'strength': 0.2, 'utility_mean': 0.0035851945588850262, 'utility_std': 0.0016207031312473364, 'cosine_mean': 0.00215031430699734, 'sample_grad_norm_mean': 1.6668436601758003, 'sample_loss_mean': 9.509147678812345, 'augmentation_rate': 0.4791666666666667, 'dropped_items_mean': 0.2916666666666667}, {'meta_objective': 'M2_popmass', 'state': 'high', 'strength': 0.4, 'utility_mean': 0.0036296681391831953, 'utility_std': 0.0017677319208323156, 'cosine_mean': 0.0021824781811119465, 'sample_grad_norm_mean': 1.6634731118877728, 'sample_loss_mean': 9.507338047027588, 'augmentation_rate': 0.4791666666666667, 'dropped_items_mean': 0.625}, {'meta_objective': 'M2_popmass', 'state': 'low', 'strength': 0.1, 'utility_mean': 0.0034555804874495757, 'utility_std': 0.001286870285617474, 'cosine_mean': 0.002128334796149526, 'sample_grad_norm_mean': 1.6174561629692714, 'sample_loss_mean': 9.734733566641808, 'augmentation_rate': 0.4375, 'dropped_items_mean': 0.13541666666666666}, {'meta_objective': 'M2_popmass', 'state': 'low', 'strength': 0.2, 'utility_mean': 0.0034661105625370205, 'utility_std': 0.0013365382858904174, 'cosine_mean': 0.002136046358070113, 'sample_grad_norm_mean': 1.616587904592355, 'sample_loss_mean': 9.734118903676668, 'augmentation_rate': 0.4375, 'dropped_items_mean': 0.3020833333333333}, {'meta_objective': 'M2_popmass', 'state': 'low', 'strength': 0.4, 'utility_mean': 0.0035130681559773316, 'utility_std': 0.0014355168756314614, 'cosine_mean': 0.002167347215466483, 'sample_grad_norm_mean': 1.6155726176997025, 'sample_loss_mean': 9.735332106550535, 'augmentation_rate': 0.4375, 'dropped_items_mean': 0.5833333333333334}, {'meta_objective': 'M2_popmass', 'state': 'medium', 'strength': 0.1, 'utility_mean': 0.003558803828127566, 'utility_std': 0.001922274971896097, 'cosine_mean': 0.002165698140136859, 'sample_grad_norm_mean': 1.6431204515198867, 'sample_loss_mean': 9.54677677154541, 'augmentation_rate': 0.53125, 'dropped_items_mean': 0.21875}, {'meta_objective': 'M2_popmass', 'state': 'medium', 'strength': 0.2, 'utility_mean': 0.0035572272524101813, 'utility_std': 0.0019364709786418213, 'cosine_mean': 0.0021672693283107947, 'sample_grad_norm_mean': 1.6413745594521363, 'sample_loss_mean': 9.545546422402063, 'augmentation_rate': 0.53125, 'dropped_items_mean': 0.40625}, {'meta_objective': 'M2_popmass', 'state': 'medium', 'strength': 0.4, 'utility_mean': 0.0035340282817439097, 'utility_std': 0.002105474450809704, 'cosine_mean': 0.0021551445235369706, 'sample_grad_norm_mean': 1.6387932548920314, 'sample_loss_mean': 9.543382162849108, 'augmentation_rate': 0.53125, 'dropped_items_mean': 0.7708333333333334}]
2026/09/12 22:50:43 - __main__ - INFO - 437 - main - Target model saved at: ./saved_model/movie_video/target_model_f_reference.pth
