2026/08/26 10:48:33 - __main__ - INFO - 93 - main - Namespace(batch_size=512, decay_step=100, description='Diffu_norm_score', device='cuda', diffusion_steps=32, dropout=0.1, emb_dropout=0.3, epochs=100, eval_interval=5, gamma=0.1, group_alignment=1, group_alignment_mode='both', group_context_threshold=0.5, group_pop_weight=1.0, group_tail_weight=1.0, hidden_act='gelu', hidden_size=128, lambda_uncertainty=0.001, log_file='log/', loss_lambda=1, lr=0.001, max_len=8, metric_ks=[5, 10, 20], momentum=None, noise_schedule='trunc_lin', num_blocks=4, num_gpu=1, optimizer='Adam', p=0.3, patience=2, popular_ratio=0.2, random_seed=1997, rescale_timesteps=True, s_dataset='movie', schedule_sampler_name='lossaware', t_dataset='video', target_next_focus_bin='singleton', target_next_reweight_alpha=0.4, target_next_rule_reweight=1, w=1.0, weight_decay=0)
2026/08/26 10:48:37 - __main__ - INFO - 779 - trainer - Group-aware Alignment Definition------------------------------------
2026/08/26 10:48:37 - __main__ - INFO - 783 - trainer - {'group_alignment': True, 'alignment_mode': 'both', 'context_threshold': 0.5, 'popular_weight': 1.0, 'tail_weight': 1.0, 'source_popular_items': 17856, 'target_popular_items': 4372}
2026/08/26 10:48:37 - __main__ - INFO - 915 - trainer - Group-aware Alignment Batch------------------------------------
2026/08/26 10:48:37 - __main__ - INFO - 920 - trainer - {'Epoch': 0, 'Source Popular-context': 407, 'Source Tail-context': 75, 'Target Popular-context': 379, 'Target Tail-context': 87}
2026/08/26 10:48:42 - __main__ - INFO - 931 - trainer - Epoch: 0
2026/08/26 10:48:42 - __main__ - INFO - 915 - trainer - Group-aware Alignment Batch------------------------------------
2026/08/26 10:48:42 - __main__ - INFO - 920 - trainer - {'Epoch': 1, 'Source Popular-context': 394, 'Source Tail-context': 77, 'Target Popular-context': 372, 'Target Tail-context': 83}
2026/08/26 10:48:46 - __main__ - INFO - 931 - trainer - Epoch: 1
2026/08/26 10:48:46 - __main__ - INFO - 915 - trainer - Group-aware Alignment Batch------------------------------------
2026/08/26 10:48:46 - __main__ - INFO - 920 - trainer - {'Epoch': 2, 'Source Popular-context': 393, 'Source Tail-context': 73, 'Target Popular-context': 387, 'Target Tail-context': 77}
2026/08/26 10:48:51 - __main__ - INFO - 931 - trainer - Epoch: 2
2026/08/26 10:48:51 - __main__ - INFO - 915 - trainer - Group-aware Alignment Batch------------------------------------
2026/08/26 10:48:51 - __main__ - INFO - 920 - trainer - {'Epoch': 3, 'Source Popular-context': 409, 'Source Tail-context': 56, 'Target Popular-context': 342, 'Target Tail-context': 98}
2026/08/26 10:48:55 - __main__ - INFO - 931 - trainer - Epoch: 3
2026/08/26 10:48:55 - __main__ - INFO - 915 - trainer - Group-aware Alignment Batch------------------------------------
2026/08/26 10:48:55 - __main__ - INFO - 920 - trainer - {'Epoch': 4, 'Source Popular-context': 418, 'Source Tail-context': 59, 'Target Popular-context': 370, 'Target Tail-context': 79}
2026/08/26 10:49:00 - __main__ - INFO - 931 - trainer - Epoch: 4
2026/08/26 10:49:00 - __main__ - INFO - 915 - trainer - Group-aware Alignment Batch------------------------------------
2026/08/26 10:49:00 - __main__ - INFO - 920 - trainer - {'Epoch': 5, 'Source Popular-context': 403, 'Source Tail-context': 59, 'Target Popular-context': 368, 'Target Tail-context': 85}
2026/08/26 10:49:04 - __main__ - INFO - 931 - trainer - Epoch: 5
2026/08/26 10:49:04 - __main__ - INFO - 936 - trainer - start predicting: 2026-08-26 10:49:04.867125
2026/08/26 10:49:16 - __main__ - INFO - 973 - trainer - {'Best_HR@5': 38.6621, 'Best_NDCG@5': 29.8305, 'Best_HR@10': 49.1016, 'Best_NDCG@10': 33.2054, 'Best_HR@20': 61.8359, 'Best_NDCG@20': 36.4132}
2026/08/26 10:49:16 - __main__ - INFO - 974 - trainer - {'Best_epoch_HR@5': 5, 'Best_epoch_NDCG@5': 5, 'Best_epoch_HR@10': 5, 'Best_epoch_NDCG@10': 5, 'Best_epoch_HR@20': 5, 'Best_epoch_NDCG@20': 5}
2026/08/26 10:49:16 - __main__ - INFO - 915 - trainer - Group-aware Alignment Batch------------------------------------
2026/08/26 10:49:16 - __main__ - INFO - 920 - trainer - {'Epoch': 6, 'Source Popular-context': 423, 'Source Tail-context': 54, 'Target Popular-context': 362, 'Target Tail-context': 95}
2026/08/26 10:49:21 - __main__ - INFO - 931 - trainer - Epoch: 6
2026/08/26 10:49:21 - __main__ - INFO - 915 - trainer - Group-aware Alignment Batch------------------------------------
2026/08/26 10:49:21 - __main__ - INFO - 920 - trainer - {'Epoch': 7, 'Source Popular-context': 421, 'Source Tail-context': 63, 'Target Popular-context': 375, 'Target Tail-context': 85}
2026/08/26 10:49:25 - __main__ - INFO - 931 - trainer - Epoch: 7
2026/08/26 10:49:25 - __main__ - INFO - 915 - trainer - Group-aware Alignment Batch------------------------------------
2026/08/26 10:49:25 - __main__ - INFO - 920 - trainer - {'Epoch': 8, 'Source Popular-context': 421, 'Source Tail-context': 59, 'Target Popular-context': 368, 'Target Tail-context': 94}
2026/08/26 10:49:30 - __main__ - INFO - 931 - trainer - Epoch: 8
2026/08/26 10:49:30 - __main__ - INFO - 915 - trainer - Group-aware Alignment Batch------------------------------------
2026/08/26 10:49:30 - __main__ - INFO - 920 - trainer - {'Epoch': 9, 'Source Popular-context': 402, 'Source Tail-context': 78, 'Target Popular-context': 378, 'Target Tail-context': 85}
2026/08/26 10:49:34 - __main__ - INFO - 931 - trainer - Epoch: 9
2026/08/26 10:49:34 - __main__ - INFO - 915 - trainer - Group-aware Alignment Batch------------------------------------
2026/08/26 10:49:34 - __main__ - INFO - 920 - trainer - {'Epoch': 10, 'Source Popular-context': 428, 'Source Tail-context': 46, 'Target Popular-context': 374, 'Target Tail-context': 78}
2026/08/26 10:49:38 - __main__ - INFO - 931 - trainer - Epoch: 10
2026/08/26 10:49:38 - __main__ - INFO - 936 - trainer - start predicting: 2026-08-26 10:49:38.857668
2026/08/26 10:49:50 - __main__ - INFO - 973 - trainer - {'Best_HR@5': 48.2227, 'Best_NDCG@5': 36.8793, 'Best_HR@10': 58.877, 'Best_NDCG@10': 40.3294, 'Best_HR@20': 69.4629, 'Best_NDCG@20': 43.0071}
2026/08/26 10:49:50 - __main__ - INFO - 974 - trainer - {'Best_epoch_HR@5': 10, 'Best_epoch_NDCG@5': 10, 'Best_epoch_HR@10': 10, 'Best_epoch_NDCG@10': 10, 'Best_epoch_HR@20': 10, 'Best_epoch_NDCG@20': 10}
2026/08/26 10:49:50 - __main__ - INFO - 915 - trainer - Group-aware Alignment Batch------------------------------------
2026/08/26 10:49:50 - __main__ - INFO - 920 - trainer - {'Epoch': 11, 'Source Popular-context': 413, 'Source Tail-context': 60, 'Target Popular-context': 381, 'Target Tail-context': 85}
2026/08/26 10:49:55 - __main__ - INFO - 931 - trainer - Epoch: 11
2026/08/26 10:49:55 - __main__ - INFO - 915 - trainer - Group-aware Alignment Batch------------------------------------
2026/08/26 10:49:55 - __main__ - INFO - 920 - trainer - {'Epoch': 12, 'Source Popular-context': 424, 'Source Tail-context': 60, 'Target Popular-context': 372, 'Target Tail-context': 80}
2026/08/26 10:49:59 - __main__ - INFO - 931 - trainer - Epoch: 12
2026/08/26 10:49:59 - __main__ - INFO - 915 - trainer - Group-aware Alignment Batch------------------------------------
2026/08/26 10:49:59 - __main__ - INFO - 920 - trainer - {'Epoch': 13, 'Source Popular-context': 411, 'Source Tail-context': 73, 'Target Popular-context': 382, 'Target Tail-context': 79}
2026/08/26 10:50:03 - __main__ - INFO - 931 - trainer - Epoch: 13
2026/08/26 10:50:03 - __main__ - INFO - 915 - trainer - Group-aware Alignment Batch------------------------------------
2026/08/26 10:50:03 - __main__ - INFO - 920 - trainer - {'Epoch': 14, 'Source Popular-context': 423, 'Source Tail-context': 65, 'Target Popular-context': 379, 'Target Tail-context': 94}
2026/08/26 10:50:08 - __main__ - INFO - 931 - trainer - Epoch: 14
2026/08/26 10:50:08 - __main__ - INFO - 915 - trainer - Group-aware Alignment Batch------------------------------------
2026/08/26 10:50:08 - __main__ - INFO - 920 - trainer - {'Epoch': 15, 'Source Popular-context': 422, 'Source Tail-context': 58, 'Target Popular-context': 373, 'Target Tail-context': 98}
2026/08/26 10:50:12 - __main__ - INFO - 931 - trainer - Epoch: 15
2026/08/26 10:50:12 - __main__ - INFO - 936 - trainer - start predicting: 2026-08-26 10:50:12.521784
2026/08/26 10:50:24 - __main__ - INFO - 973 - trainer - {'Best_HR@5': 49.1797, 'Best_NDCG@5': 37.4333, 'Best_HR@10': 60.3223, 'Best_NDCG@10': 41.0498, 'Best_HR@20': 70.4297, 'Best_NDCG@20': 43.6145}
2026/08/26 10:50:24 - __main__ - INFO - 974 - trainer - {'Best_epoch_HR@5': 15, 'Best_epoch_NDCG@5': 15, 'Best_epoch_HR@10': 15, 'Best_epoch_NDCG@10': 15, 'Best_epoch_HR@20': 15, 'Best_epoch_NDCG@20': 15}
2026/08/26 10:50:24 - __main__ - INFO - 915 - trainer - Group-aware Alignment Batch------------------------------------
2026/08/26 10:50:24 - __main__ - INFO - 920 - trainer - {'Epoch': 16, 'Source Popular-context': 403, 'Source Tail-context': 65, 'Target Popular-context': 374, 'Target Tail-context': 89}
2026/08/26 10:50:29 - __main__ - INFO - 931 - trainer - Epoch: 16
2026/08/26 10:50:29 - __main__ - INFO - 915 - trainer - Group-aware Alignment Batch------------------------------------
2026/08/26 10:50:29 - __main__ - INFO - 920 - trainer - {'Epoch': 17, 'Source Popular-context': 423, 'Source Tail-context': 52, 'Target Popular-context': 355, 'Target Tail-context': 109}
2026/08/26 10:50:33 - __main__ - INFO - 931 - trainer - Epoch: 17
2026/08/26 10:50:33 - __main__ - INFO - 915 - trainer - Group-aware Alignment Batch------------------------------------
2026/08/26 10:50:33 - __main__ - INFO - 920 - trainer - {'Epoch': 18, 'Source Popular-context': 413, 'Source Tail-context': 63, 'Target Popular-context': 386, 'Target Tail-context': 85}
2026/08/26 10:50:38 - __main__ - INFO - 931 - trainer - Epoch: 18
2026/08/26 10:50:38 - __main__ - INFO - 915 - trainer - Group-aware Alignment Batch------------------------------------
2026/08/26 10:50:38 - __main__ - INFO - 920 - trainer - {'Epoch': 19, 'Source Popular-context': 402, 'Source Tail-context': 63, 'Target Popular-context': 367, 'Target Tail-context': 94}
2026/08/26 10:50:42 - __main__ - INFO - 931 - trainer - Epoch: 19
2026/08/26 10:50:42 - __main__ - INFO - 915 - trainer - Group-aware Alignment Batch------------------------------------
2026/08/26 10:50:42 - __main__ - INFO - 920 - trainer - {'Epoch': 20, 'Source Popular-context': 409, 'Source Tail-context': 62, 'Target Popular-context': 373, 'Target Tail-context': 82}
2026/08/26 10:50:46 - __main__ - INFO - 931 - trainer - Epoch: 20
2026/08/26 10:50:46 - __main__ - INFO - 936 - trainer - start predicting: 2026-08-26 10:50:46.703605
2026/08/26 10:50:58 - __main__ - INFO - 915 - trainer - Group-aware Alignment Batch------------------------------------
2026/08/26 10:50:58 - __main__ - INFO - 920 - trainer - {'Epoch': 21, 'Source Popular-context': 404, 'Source Tail-context': 63, 'Target Popular-context': 372, 'Target Tail-context': 83}
2026/08/26 10:51:02 - __main__ - INFO - 931 - trainer - Epoch: 21
2026/08/26 10:51:02 - __main__ - INFO - 915 - trainer - Group-aware Alignment Batch------------------------------------
2026/08/26 10:51:02 - __main__ - INFO - 920 - trainer - {'Epoch': 22, 'Source Popular-context': 416, 'Source Tail-context': 59, 'Target Popular-context': 370, 'Target Tail-context': 78}
2026/08/26 10:51:06 - __main__ - INFO - 931 - trainer - Epoch: 22
2026/08/26 10:51:06 - __main__ - INFO - 915 - trainer - Group-aware Alignment Batch------------------------------------
2026/08/26 10:51:06 - __main__ - INFO - 920 - trainer - {'Epoch': 23, 'Source Popular-context': 404, 'Source Tail-context': 69, 'Target Popular-context': 385, 'Target Tail-context': 81}
2026/08/26 10:51:11 - __main__ - INFO - 931 - trainer - Epoch: 23
2026/08/26 10:51:11 - __main__ - INFO - 915 - trainer - Group-aware Alignment Batch------------------------------------
2026/08/26 10:51:11 - __main__ - INFO - 920 - trainer - {'Epoch': 24, 'Source Popular-context': 400, 'Source Tail-context': 74, 'Target Popular-context': 373, 'Target Tail-context': 90}
2026/08/26 10:51:15 - __main__ - INFO - 931 - trainer - Epoch: 24
2026/08/26 10:51:15 - __main__ - INFO - 915 - trainer - Group-aware Alignment Batch------------------------------------
2026/08/26 10:51:15 - __main__ - INFO - 920 - trainer - {'Epoch': 25, 'Source Popular-context': 415, 'Source Tail-context': 50, 'Target Popular-context': 382, 'Target Tail-context': 81}
2026/08/26 10:51:19 - __main__ - INFO - 931 - trainer - Epoch: 25
2026/08/26 10:51:19 - __main__ - INFO - 936 - trainer - start predicting: 2026-08-26 10:51:19.808988
2026/08/26 10:51:31 - __main__ - INFO - 983 - trainer - {'Best_HR@5': 49.1797, 'Best_NDCG@5': 37.4333, 'Best_HR@10': 60.3223, 'Best_NDCG@10': 41.0498, 'Best_HR@20': 70.4297, 'Best_NDCG@20': 43.6145}
2026/08/26 10:51:31 - __main__ - INFO - 984 - trainer - {'Best_epoch_HR@5': 15, 'Best_epoch_NDCG@5': 15, 'Best_epoch_HR@10': 15, 'Best_epoch_NDCG@10': 15, 'Best_epoch_HR@20': 15, 'Best_epoch_NDCG@20': 15}
2026/08/26 10:51:31 - __main__ - INFO - 1090 - trainer - Source Popularity Definition---------------------------------------------
2026/08/26 10:51:31 - __main__ - INFO - 1095 - trainer - {'domain': 'Source', 'popular_ratio': 0.2, 'observed_train_items': 89276, 'popular_items': 17856, 'unpopular_seen_items': 71420, 'unseen_items_in_test': 'calculated from test ground truth'}
2026/08/26 10:51:38 - __main__ - INFO - 1371 - trainer - %s Test Overall------------------------------------------------------
2026/08/26 10:51:38 - __main__ - INFO - 1375 - trainer - {'HR@5': 49.8753, 'NDCG@5': 38.1821, 'HR@10': 60.4107, 'NDCG@10': 41.608, 'HR@20': 70.1785, 'NDCG@20': 44.0883}
2026/08/26 10:51:38 - __main__ - INFO - 1466 - trainer - Source Test Group Size----------------------------------------------
2026/08/26 10:51:38 - __main__ - INFO - 1471 - trainer - {'domain': 'Source', 'Overall_test_samples': 10422, 'Popular_test_samples': 7854, 'Unpopular_seen_test_samples': 1824, 'Unseen_test_samples': 744, 'Grouped_test_samples': 10422}
2026/08/26 10:51:38 - __main__ - INFO - 1473 - trainer - Source Test Popular Ground Truth-------------------------------------
2026/08/26 10:51:38 - __main__ - INFO - 1478 - trainer - {'HR@5': 65.4826, 'NDCG@5': 50.336, 'HR@10': 78.2022, 'NDCG@10': 54.4832, 'HR@20': 87.9297, 'NDCG@20': 56.9665}
2026/08/26 10:51:38 - __main__ - INFO - 1480 - trainer - Source Test Unpopular-Seen Ground Truth------------------------------
2026/08/26 10:51:38 - __main__ - INFO - 1485 - trainer - {'HR@5': 3.0154, 'NDCG@5': 1.4225, 'HR@10': 8.443, 'NDCG@10': 3.1399, 'HR@20': 22.3684, 'NDCG@20': 6.6193}
2026/08/26 10:51:38 - __main__ - INFO - 1489 - trainer - Source Test Unseen Ground Truth--------------------------------------
2026/08/26 10:51:38 - __main__ - INFO - 1494 - trainer - {'HR@5': 0.0, 'NDCG@5': 0.0, 'HR@10': 0.0, 'NDCG@10': 0.0, 'HR@20': 0.0, 'NDCG@20': 0.0}
2026/08/26 10:51:38 - __main__ - INFO - 1496 - trainer - Source Recommendation Popularity-------------------------------------
2026/08/26 10:51:38 - __main__ - INFO - 1501 - trainer - {'PopularRatio@5': 93.5483, 'PopularRatio@10': 82.1061, 'PopularRatio@20': 61.7319}
2026/08/26 10:51:38 - __main__ - INFO - 1504 - trainer - Best Eval---------------------------------------------------------
2026/08/26 10:51:38 - __main__ - INFO - 1507 - trainer - {'Best_HR@5': 49.1797, 'Best_NDCG@5': 37.4333, 'Best_HR@10': 60.3223, 'Best_NDCG@10': 41.0498, 'Best_HR@20': 70.4297, 'Best_NDCG@20': 43.6145}
2026/08/26 10:51:38 - __main__ - INFO - 1508 - trainer - {'Best_epoch_HR@5': 15, 'Best_epoch_NDCG@5': 15, 'Best_epoch_HR@10': 15, 'Best_epoch_NDCG@10': 15, 'Best_epoch_HR@20': 15, 'Best_epoch_NDCG@20': 15}
2026/08/26 10:51:38 - __main__ - INFO - 697 - trainer - D1 Sample-wise Target Next Regulation
2026/08/26 10:51:38 - __main__ - INFO - 700 - trainer - {'Experiment': 'D', 'State Characteristic': 'Unpopular Next Supervision Exposure', 'Focus State': 'singleton', 'Action': 'D1 Target Next Reweighting', 'Alpha': 0.4, 'Applied Weight': 1.4, 'Popular Next Samples': 11526, 'Unpopular Next Samples': 4912}
2026/08/26 10:51:38 - __main__ - INFO - 701 - trainer - Experiment D Frequency State Distribution---------------------------------------------
2026/08/26 10:51:38 - __main__ - INFO - 711 - trainer - {'State': 'singleton', 'Unique Items': 3592, 'Training Samples': 3592, 'Min Next Frequency': 1, 'Max Next Frequency': 1, 'Mean Next Frequency': 1.0}
2026/08/26 10:51:38 - __main__ - INFO - 711 - trainer - {'State': 'low_repeat', 'Unique Items': 466, 'Training Samples': 932, 'Min Next Frequency': 2, 'Max Next Frequency': 2, 'Mean Next Frequency': 2.0}
2026/08/26 10:51:38 - __main__ - INFO - 711 - trainer - {'State': 'higher_repeat', 'Unique Items': 119, 'Training Samples': 388, 'Min Next Frequency': 3, 'Max Next Frequency': 5, 'Mean Next Frequency': 3.2605}
2026/08/26 10:51:38 - __main__ - INFO - 719 - trainer - Unpopular Next Actual Frequency Distribution---------------------------------------------
2026/08/26 10:51:38 - __main__ - INFO - 725 - trainer - {'Next Frequency': 1, 'Unique Items': 3592, 'Training Samples': 3592}
2026/08/26 10:51:38 - __main__ - INFO - 725 - trainer - {'Next Frequency': 2, 'Unique Items': 466, 'Training Samples': 932}
2026/08/26 10:51:38 - __main__ - INFO - 725 - trainer - {'Next Frequency': 3, 'Unique Items': 94, 'Training Samples': 282}
2026/08/26 10:51:38 - __main__ - INFO - 725 - trainer - {'Next Frequency': 4, 'Unique Items': 19, 'Training Samples': 76}
2026/08/26 10:51:38 - __main__ - INFO - 725 - trainer - {'Next Frequency': 5, 'Unique Items': 6, 'Training Samples': 30}
2026/08/26 10:51:38 - __main__ - INFO - 931 - trainer - Epoch: 0
2026/08/26 10:51:39 - __main__ - INFO - 931 - trainer - Epoch: 1
2026/08/26 10:51:39 - __main__ - INFO - 936 - trainer - start predicting: 2026-08-26 10:51:39.290147
2026/08/26 10:51:40 - __main__ - INFO - 973 - trainer - {'Best_HR@5': 7.666, 'Best_NDCG@5': 4.2196, 'Best_HR@10': 14.3066, 'Best_NDCG@10': 6.338, 'Best_HR@20': 29.3457, 'Best_NDCG@20': 10.0993}
2026/08/26 10:51:40 - __main__ - INFO - 974 - trainer - {'Best_epoch_HR@5': 1, 'Best_epoch_NDCG@5': 1, 'Best_epoch_HR@10': 1, 'Best_epoch_NDCG@10': 1, 'Best_epoch_HR@20': 1, 'Best_epoch_NDCG@20': 1}
2026/08/26 10:51:41 - __main__ - INFO - 931 - trainer - Epoch: 2
2026/08/26 10:51:41 - __main__ - INFO - 936 - trainer - start predicting: 2026-08-26 10:51:41.383923
2026/08/26 10:51:42 - __main__ - INFO - 973 - trainer - {'Best_HR@5': 12.5977, 'Best_NDCG@5': 7.8618, 'Best_HR@10': 21.5332, 'Best_NDCG@10': 10.7392, 'Best_HR@20': 36.7676, 'Best_NDCG@20': 14.5855}
2026/08/26 10:51:42 - __main__ - INFO - 974 - trainer - {'Best_epoch_HR@5': 2, 'Best_epoch_NDCG@5': 2, 'Best_epoch_HR@10': 2, 'Best_epoch_NDCG@10': 2, 'Best_epoch_HR@20': 2, 'Best_epoch_NDCG@20': 2}
2026/08/26 10:51:43 - __main__ - INFO - 931 - trainer - Epoch: 3
2026/08/26 10:51:43 - __main__ - INFO - 936 - trainer - start predicting: 2026-08-26 10:51:43.422906
2026/08/26 10:51:45 - __main__ - INFO - 973 - trainer - {'Best_HR@5': 17.8711, 'Best_NDCG@5': 11.4644, 'Best_HR@10': 29.834, 'Best_NDCG@10': 15.2798, 'Best_HR@20': 45.6543, 'Best_NDCG@20': 19.2296}
2026/08/26 10:51:45 - __main__ - INFO - 974 - trainer - {'Best_epoch_HR@5': 3, 'Best_epoch_NDCG@5': 3, 'Best_epoch_HR@10': 3, 'Best_epoch_NDCG@10': 3, 'Best_epoch_HR@20': 3, 'Best_epoch_NDCG@20': 3}
2026/08/26 10:51:45 - __main__ - INFO - 931 - trainer - Epoch: 4
2026/08/26 10:51:45 - __main__ - INFO - 936 - trainer - start predicting: 2026-08-26 10:51:45.533770
2026/08/26 10:51:47 - __main__ - INFO - 973 - trainer - {'Best_HR@5': 22.998, 'Best_NDCG@5': 15.1502, 'Best_HR@10': 33.9844, 'Best_NDCG@10': 18.6663, 'Best_HR@20': 49.6094, 'Best_NDCG@20': 22.6213}
2026/08/26 10:51:47 - __main__ - INFO - 974 - trainer - {'Best_epoch_HR@5': 4, 'Best_epoch_NDCG@5': 4, 'Best_epoch_HR@10': 4, 'Best_epoch_NDCG@10': 4, 'Best_epoch_HR@20': 4, 'Best_epoch_NDCG@20': 4}
2026/08/26 10:51:47 - __main__ - INFO - 931 - trainer - Epoch: 5
2026/08/26 10:51:47 - __main__ - INFO - 936 - trainer - start predicting: 2026-08-26 10:51:47.661429
2026/08/26 10:51:49 - __main__ - INFO - 973 - trainer - {'Best_HR@5': 25.293, 'Best_NDCG@5': 17.4552, 'Best_HR@10': 37.0117, 'Best_NDCG@10': 21.2394, 'Best_HR@20': 52.2461, 'Best_NDCG@20': 25.049}
2026/08/26 10:51:49 - __main__ - INFO - 974 - trainer - {'Best_epoch_HR@5': 5, 'Best_epoch_NDCG@5': 5, 'Best_epoch_HR@10': 5, 'Best_epoch_NDCG@10': 5, 'Best_epoch_HR@20': 5, 'Best_epoch_NDCG@20': 5}
2026/08/26 10:51:49 - __main__ - INFO - 931 - trainer - Epoch: 6
2026/08/26 10:51:49 - __main__ - INFO - 936 - trainer - start predicting: 2026-08-26 10:51:49.788961
2026/08/26 10:51:51 - __main__ - INFO - 973 - trainer - {'Best_HR@5': 28.3203, 'Best_NDCG@5': 20.0463, 'Best_HR@10': 38.4766, 'Best_NDCG@10': 23.3446, 'Best_HR@20': 54.7852, 'Best_NDCG@20': 27.4447}
2026/08/26 10:51:51 - __main__ - INFO - 974 - trainer - {'Best_epoch_HR@5': 6, 'Best_epoch_NDCG@5': 6, 'Best_epoch_HR@10': 6, 'Best_epoch_NDCG@10': 6, 'Best_epoch_HR@20': 6, 'Best_epoch_NDCG@20': 6}
2026/08/26 10:51:51 - __main__ - INFO - 931 - trainer - Epoch: 7
2026/08/26 10:51:51 - __main__ - INFO - 936 - trainer - start predicting: 2026-08-26 10:51:51.891836
2026/08/26 10:51:53 - __main__ - INFO - 973 - trainer - {'Best_HR@5': 31.2988, 'Best_NDCG@5': 22.2355, 'Best_HR@10': 40.8691, 'Best_NDCG@10': 25.3, 'Best_HR@20': 55.5176, 'Best_NDCG@20': 28.9554}
2026/08/26 10:51:53 - __main__ - INFO - 974 - trainer - {'Best_epoch_HR@5': 7, 'Best_epoch_NDCG@5': 7, 'Best_epoch_HR@10': 7, 'Best_epoch_NDCG@10': 7, 'Best_epoch_HR@20': 7, 'Best_epoch_NDCG@20': 7}
2026/08/26 10:51:53 - __main__ - INFO - 931 - trainer - Epoch: 8
2026/08/26 10:51:53 - __main__ - INFO - 936 - trainer - start predicting: 2026-08-26 10:51:53.992670
2026/08/26 10:51:55 - __main__ - INFO - 973 - trainer - {'Best_HR@5': 32.0312, 'Best_NDCG@5': 24.1163, 'Best_HR@10': 41.9922, 'Best_NDCG@10': 27.2995, 'Best_HR@20': 57.0801, 'Best_NDCG@20': 31.077}
2026/08/26 10:51:55 - __main__ - INFO - 974 - trainer - {'Best_epoch_HR@5': 8, 'Best_epoch_NDCG@5': 8, 'Best_epoch_HR@10': 8, 'Best_epoch_NDCG@10': 8, 'Best_epoch_HR@20': 8, 'Best_epoch_NDCG@20': 8}
2026/08/26 10:51:56 - __main__ - INFO - 931 - trainer - Epoch: 9
2026/08/26 10:51:56 - __main__ - INFO - 936 - trainer - start predicting: 2026-08-26 10:51:56.078932
2026/08/26 10:51:57 - __main__ - INFO - 973 - trainer - {'Best_HR@5': 33.3984, 'Best_NDCG@5': 25.0412, 'Best_HR@10': 42.6758, 'Best_NDCG@10': 28.0275, 'Best_HR@20': 57.0801, 'Best_NDCG@20': 31.5826}
2026/08/26 10:51:57 - __main__ - INFO - 974 - trainer - {'Best_epoch_HR@5': 9, 'Best_epoch_NDCG@5': 9, 'Best_epoch_HR@10': 9, 'Best_epoch_NDCG@10': 9, 'Best_epoch_HR@20': 8, 'Best_epoch_NDCG@20': 9}
2026/08/26 10:51:58 - __main__ - INFO - 931 - trainer - Epoch: 10
2026/08/26 10:51:58 - __main__ - INFO - 936 - trainer - start predicting: 2026-08-26 10:51:58.201988
2026/08/26 10:51:59 - __main__ - INFO - 973 - trainer - {'Best_HR@5': 34.7656, 'Best_NDCG@5': 26.2871, 'Best_HR@10': 43.6035, 'Best_NDCG@10': 29.122, 'Best_HR@20': 57.7148, 'Best_NDCG@20': 32.6851}
2026/08/26 10:51:59 - __main__ - INFO - 974 - trainer - {'Best_epoch_HR@5': 10, 'Best_epoch_NDCG@5': 10, 'Best_epoch_HR@10': 10, 'Best_epoch_NDCG@10': 10, 'Best_epoch_HR@20': 10, 'Best_epoch_NDCG@20': 10}
2026/08/26 10:52:00 - __main__ - INFO - 931 - trainer - Epoch: 11
2026/08/26 10:52:00 - __main__ - INFO - 936 - trainer - start predicting: 2026-08-26 10:52:00.353963
2026/08/26 10:52:01 - __main__ - INFO - 973 - trainer - {'Best_HR@5': 35.498, 'Best_NDCG@5': 26.6153, 'Best_HR@10': 45.2637, 'Best_NDCG@10': 29.7534, 'Best_HR@20': 58.9355, 'Best_NDCG@20': 33.1681}
2026/08/26 10:52:01 - __main__ - INFO - 974 - trainer - {'Best_epoch_HR@5': 11, 'Best_epoch_NDCG@5': 11, 'Best_epoch_HR@10': 11, 'Best_epoch_NDCG@10': 11, 'Best_epoch_HR@20': 11, 'Best_epoch_NDCG@20': 11}
2026/08/26 10:52:02 - __main__ - INFO - 931 - trainer - Epoch: 12
2026/08/26 10:52:02 - __main__ - INFO - 936 - trainer - start predicting: 2026-08-26 10:52:02.478453
2026/08/26 10:52:04 - __main__ - INFO - 973 - trainer - {'Best_HR@5': 35.5469, 'Best_NDCG@5': 26.718, 'Best_HR@10': 45.6543, 'Best_NDCG@10': 29.9734, 'Best_HR@20': 58.9355, 'Best_NDCG@20': 33.2752}
2026/08/26 10:52:04 - __main__ - INFO - 974 - trainer - {'Best_epoch_HR@5': 12, 'Best_epoch_NDCG@5': 12, 'Best_epoch_HR@10': 12, 'Best_epoch_NDCG@10': 12, 'Best_epoch_HR@20': 11, 'Best_epoch_NDCG@20': 12}
2026/08/26 10:52:04 - __main__ - INFO - 931 - trainer - Epoch: 13
2026/08/26 10:52:04 - __main__ - INFO - 936 - trainer - start predicting: 2026-08-26 10:52:04.603665
2026/08/26 10:52:06 - __main__ - INFO - 973 - trainer - {'Best_HR@5': 36.084, 'Best_NDCG@5': 26.9355, 'Best_HR@10': 45.752, 'Best_NDCG@10': 30.0706, 'Best_HR@20': 58.9355, 'Best_NDCG@20': 33.2752}
2026/08/26 10:52:06 - __main__ - INFO - 974 - trainer - {'Best_epoch_HR@5': 13, 'Best_epoch_NDCG@5': 13, 'Best_epoch_HR@10': 13, 'Best_epoch_NDCG@10': 13, 'Best_epoch_HR@20': 11, 'Best_epoch_NDCG@20': 12}
2026/08/26 10:52:06 - __main__ - INFO - 931 - trainer - Epoch: 14
2026/08/26 10:52:06 - __main__ - INFO - 936 - trainer - start predicting: 2026-08-26 10:52:06.681001
2026/08/26 10:52:08 - __main__ - INFO - 973 - trainer - {'Best_HR@5': 36.8652, 'Best_NDCG@5': 27.1959, 'Best_HR@10': 46.0449, 'Best_NDCG@10': 30.1913, 'Best_HR@20': 58.9355, 'Best_NDCG@20': 33.3093}
2026/08/26 10:52:08 - __main__ - INFO - 974 - trainer - {'Best_epoch_HR@5': 14, 'Best_epoch_NDCG@5': 14, 'Best_epoch_HR@10': 14, 'Best_epoch_NDCG@10': 14, 'Best_epoch_HR@20': 11, 'Best_epoch_NDCG@20': 14}
2026/08/26 10:52:08 - __main__ - INFO - 931 - trainer - Epoch: 15
2026/08/26 10:52:08 - __main__ - INFO - 936 - trainer - start predicting: 2026-08-26 10:52:08.744637
2026/08/26 10:52:10 - __main__ - INFO - 973 - trainer - {'Best_HR@5': 37.3535, 'Best_NDCG@5': 27.7487, 'Best_HR@10': 46.582, 'Best_NDCG@10': 30.7123, 'Best_HR@20': 59.1797, 'Best_NDCG@20': 33.8889}
2026/08/26 10:52:10 - __main__ - INFO - 974 - trainer - {'Best_epoch_HR@5': 15, 'Best_epoch_NDCG@5': 15, 'Best_epoch_HR@10': 15, 'Best_epoch_NDCG@10': 15, 'Best_epoch_HR@20': 15, 'Best_epoch_NDCG@20': 15}
2026/08/26 10:52:10 - __main__ - INFO - 931 - trainer - Epoch: 16
2026/08/26 10:52:10 - __main__ - INFO - 936 - trainer - start predicting: 2026-08-26 10:52:10.808333
2026/08/26 10:52:12 - __main__ - INFO - 931 - trainer - Epoch: 17
2026/08/26 10:52:12 - __main__ - INFO - 936 - trainer - start predicting: 2026-08-26 10:52:12.835680
2026/08/26 10:52:14 - __main__ - INFO - 973 - trainer - {'Best_HR@5': 37.3535, 'Best_NDCG@5': 27.7547, 'Best_HR@10': 46.9238, 'Best_NDCG@10': 30.9179, 'Best_HR@20': 59.1797, 'Best_NDCG@20': 33.945}
2026/08/26 10:52:14 - __main__ - INFO - 974 - trainer - {'Best_epoch_HR@5': 15, 'Best_epoch_NDCG@5': 17, 'Best_epoch_HR@10': 17, 'Best_epoch_NDCG@10': 17, 'Best_epoch_HR@20': 15, 'Best_epoch_NDCG@20': 17}
2026/08/26 10:52:14 - __main__ - INFO - 931 - trainer - Epoch: 18
2026/08/26 10:52:14 - __main__ - INFO - 936 - trainer - start predicting: 2026-08-26 10:52:14.955030
2026/08/26 10:52:16 - __main__ - INFO - 973 - trainer - {'Best_HR@5': 37.4512, 'Best_NDCG@5': 27.8322, 'Best_HR@10': 47.5098, 'Best_NDCG@10': 31.077, 'Best_HR@20': 59.1797, 'Best_NDCG@20': 33.945}
2026/08/26 10:52:16 - __main__ - INFO - 974 - trainer - {'Best_epoch_HR@5': 18, 'Best_epoch_NDCG@5': 18, 'Best_epoch_HR@10': 18, 'Best_epoch_NDCG@10': 18, 'Best_epoch_HR@20': 15, 'Best_epoch_NDCG@20': 17}
2026/08/26 10:52:17 - __main__ - INFO - 931 - trainer - Epoch: 19
2026/08/26 10:52:17 - __main__ - INFO - 936 - trainer - start predicting: 2026-08-26 10:52:17.183292
2026/08/26 10:52:18 - __main__ - INFO - 973 - trainer - {'Best_HR@5': 37.4512, 'Best_NDCG@5': 27.8322, 'Best_HR@10': 47.6074, 'Best_NDCG@10': 31.077, 'Best_HR@20': 59.1797, 'Best_NDCG@20': 33.945}
2026/08/26 10:52:18 - __main__ - INFO - 974 - trainer - {'Best_epoch_HR@5': 18, 'Best_epoch_NDCG@5': 18, 'Best_epoch_HR@10': 19, 'Best_epoch_NDCG@10': 18, 'Best_epoch_HR@20': 15, 'Best_epoch_NDCG@20': 17}
2026/08/26 10:52:19 - __main__ - INFO - 931 - trainer - Epoch: 20
2026/08/26 10:52:19 - __main__ - INFO - 936 - trainer - start predicting: 2026-08-26 10:52:19.273308
2026/08/26 10:52:20 - __main__ - INFO - 973 - trainer - {'Best_HR@5': 37.6465, 'Best_NDCG@5': 27.8667, 'Best_HR@10': 47.6562, 'Best_NDCG@10': 31.1171, 'Best_HR@20': 59.1797, 'Best_NDCG@20': 33.945}
2026/08/26 10:52:20 - __main__ - INFO - 974 - trainer - {'Best_epoch_HR@5': 20, 'Best_epoch_NDCG@5': 20, 'Best_epoch_HR@10': 20, 'Best_epoch_NDCG@10': 20, 'Best_epoch_HR@20': 15, 'Best_epoch_NDCG@20': 17}
2026/08/26 10:52:21 - __main__ - INFO - 931 - trainer - Epoch: 21
2026/08/26 10:52:21 - __main__ - INFO - 936 - trainer - start predicting: 2026-08-26 10:52:21.360197
2026/08/26 10:52:22 - __main__ - INFO - 973 - trainer - {'Best_HR@5': 37.6953, 'Best_NDCG@5': 27.8667, 'Best_HR@10': 47.6562, 'Best_NDCG@10': 31.1171, 'Best_HR@20': 59.1797, 'Best_NDCG@20': 33.945}
2026/08/26 10:52:22 - __main__ - INFO - 974 - trainer - {'Best_epoch_HR@5': 21, 'Best_epoch_NDCG@5': 20, 'Best_epoch_HR@10': 20, 'Best_epoch_NDCG@10': 20, 'Best_epoch_HR@20': 15, 'Best_epoch_NDCG@20': 17}
2026/08/26 10:52:23 - __main__ - INFO - 931 - trainer - Epoch: 22
2026/08/26 10:52:23 - __main__ - INFO - 936 - trainer - start predicting: 2026-08-26 10:52:23.452906
2026/08/26 10:52:25 - __main__ - INFO - 931 - trainer - Epoch: 23
2026/08/26 10:52:25 - __main__ - INFO - 936 - trainer - start predicting: 2026-08-26 10:52:25.559181
2026/08/26 10:52:27 - __main__ - INFO - 931 - trainer - Epoch: 24
2026/08/26 10:52:27 - __main__ - INFO - 936 - trainer - start predicting: 2026-08-26 10:52:27.694365
2026/08/26 10:52:29 - __main__ - INFO - 931 - trainer - Epoch: 25
2026/08/26 10:52:29 - __main__ - INFO - 936 - trainer - start predicting: 2026-08-26 10:52:29.752537
2026/08/26 10:52:31 - __main__ - INFO - 931 - trainer - Epoch: 26
2026/08/26 10:52:31 - __main__ - INFO - 936 - trainer - start predicting: 2026-08-26 10:52:31.856266
2026/08/26 10:52:33 - __main__ - INFO - 983 - trainer - {'Best_HR@5': 37.6953, 'Best_NDCG@5': 27.8667, 'Best_HR@10': 47.6562, 'Best_NDCG@10': 31.1171, 'Best_HR@20': 59.1797, 'Best_NDCG@20': 33.945}
2026/08/26 10:52:33 - __main__ - INFO - 984 - trainer - {'Best_epoch_HR@5': 21, 'Best_epoch_NDCG@5': 20, 'Best_epoch_HR@10': 20, 'Best_epoch_NDCG@10': 20, 'Best_epoch_HR@20': 15, 'Best_epoch_NDCG@20': 17}
2026/08/26 10:52:33 - __main__ - INFO - 1090 - trainer - Target Popularity Definition---------------------------------------------
2026/08/26 10:52:33 - __main__ - INFO - 1095 - trainer - {'domain': 'Target', 'popular_ratio': 0.2, 'observed_train_items': 21856, 'popular_items': 4372, 'unpopular_seen_items': 17484, 'unseen_items_in_test': 'calculated from test ground truth'}
2026/08/26 10:52:34 - __main__ - INFO - 1371 - trainer - %s Test Overall------------------------------------------------------
2026/08/26 10:52:34 - __main__ - INFO - 1375 - trainer - {'HR@5': 38.4728, 'NDCG@5': 28.5239, 'HR@10': 48.93, 'NDCG@10': 31.8908, 'HR@20': 60.6518, 'NDCG@20': 34.8227}
2026/08/26 10:52:34 - __main__ - INFO - 1466 - trainer - Target Test Group Size----------------------------------------------
2026/08/26 10:52:34 - __main__ - INFO - 1471 - trainer - {'domain': 'Target', 'Overall_test_samples': 2056, 'Popular_test_samples': 1372, 'Unpopular_seen_test_samples': 505, 'Unseen_test_samples': 179, 'Grouped_test_samples': 2056}
2026/08/26 10:52:34 - __main__ - INFO - 1473 - trainer - Target Test Popular Ground Truth-------------------------------------
2026/08/26 10:52:34 - __main__ - INFO - 1478 - trainer - {'HR@5': 55.6851, 'NDCG@5': 41.8646, 'HR@10': 68.6589, 'NDCG@10': 46.0465, 'HR@20': 81.1224, 'NDCG@20': 49.1638}
2026/08/26 10:52:34 - __main__ - INFO - 1480 - trainer - Target Test Unpopular-Seen Ground Truth------------------------------
2026/08/26 10:52:34 - __main__ - INFO - 1485 - trainer - {'HR@5': 5.3465, 'NDCG@5': 2.3897, 'HR@10': 12.6733, 'NDCG@10': 4.7361, 'HR@20': 26.5347, 'NDCG@20': 8.2033}
2026/08/26 10:52:34 - __main__ - INFO - 1489 - trainer - Target Test Unseen Ground Truth--------------------------------------
2026/08/26 10:52:34 - __main__ - INFO - 1494 - trainer - {'HR@5': 0.0, 'NDCG@5': 0.0, 'HR@10': 0.0, 'NDCG@10': 0.0, 'HR@20': 0.0, 'NDCG@20': 0.0}
2026/08/26 10:52:34 - __main__ - INFO - 1496 - trainer - Target Recommendation Popularity-------------------------------------
2026/08/26 10:52:34 - __main__ - INFO - 1501 - trainer - {'PopularRatio@5': 84.0078, 'PopularRatio@10': 68.4144, 'PopularRatio@20': 52.8453}
2026/08/26 10:52:34 - __main__ - INFO - 1504 - trainer - Best Eval---------------------------------------------------------
2026/08/26 10:52:34 - __main__ - INFO - 1507 - trainer - {'Best_HR@5': 37.6953, 'Best_NDCG@5': 27.8667, 'Best_HR@10': 47.6562, 'Best_NDCG@10': 31.1171, 'Best_HR@20': 59.1797, 'Best_NDCG@20': 33.945}
2026/08/26 10:52:34 - __main__ - INFO - 1508 - trainer - {'Best_epoch_HR@5': 21, 'Best_epoch_NDCG@5': 20, 'Best_epoch_HR@10': 20, 'Best_epoch_NDCG@10': 20, 'Best_epoch_HR@20': 15, 'Best_epoch_NDCG@20': 17}
2026/08/26 10:52:35 - __main__ - INFO - 179 - main - Target model saved at: ./saved_model/movie_video/target_model.pth
