2026/08/20 14:34:08 - __main__ - INFO - 93 - main - Namespace(batch_size=512, decay_step=100, description='Diffu_norm_score', device='cuda', diffusion_steps=32, dropout=0.1, emb_dropout=0.3, epochs=100, eval_interval=5, gamma=0.1, group_alignment=1, group_alignment_mode='both', group_context_threshold=0.5, group_pop_weight=1.0, group_tail_weight=1.0, hidden_act='gelu', hidden_size=128, lambda_uncertainty=0.001, log_file='log/', loss_lambda=1, lr=0.001, max_len=8, metric_ks=[5, 10, 20], momentum=None, noise_schedule='trunc_lin', num_blocks=4, num_gpu=1, optimizer='Adam', p=0.3, patience=2, popular_ratio=0.2, random_seed=1997, rescale_timesteps=True, s_dataset='movie', schedule_sampler_name='lossaware', t_dataset='video', target_sequence_reg_min_keep=2, target_sequence_reg_pmax=0.4, target_sequence_regulation=1, w=1.0, weight_decay=0)
2026/08/20 14:34:11 - __main__ - INFO - 611 - trainer - Group-aware Alignment Definition------------------------------------
2026/08/20 14:34:11 - __main__ - INFO - 615 - trainer - {'group_alignment': True, 'alignment_mode': 'both', 'context_threshold': 0.5, 'popular_weight': 1.0, 'tail_weight': 1.0, 'source_popular_items': 17856, 'target_popular_items': 4372}
2026/08/20 14:34:11 - __main__ - INFO - 769 - trainer - Group-aware Alignment Batch------------------------------------
2026/08/20 14:34:11 - __main__ - INFO - 774 - trainer - {'Epoch': 0, 'Source Popular-context': 407, 'Source Tail-context': 75, 'Target Popular-context': 379, 'Target Tail-context': 87}
2026/08/20 14:34:16 - __main__ - INFO - 785 - trainer - Epoch: 0
2026/08/20 14:34:16 - __main__ - INFO - 769 - trainer - Group-aware Alignment Batch------------------------------------
2026/08/20 14:34:16 - __main__ - INFO - 774 - trainer - {'Epoch': 1, 'Source Popular-context': 394, 'Source Tail-context': 77, 'Target Popular-context': 372, 'Target Tail-context': 83}
2026/08/20 14:34:21 - __main__ - INFO - 785 - trainer - Epoch: 1
2026/08/20 14:34:21 - __main__ - INFO - 769 - trainer - Group-aware Alignment Batch------------------------------------
2026/08/20 14:34:21 - __main__ - INFO - 774 - trainer - {'Epoch': 2, 'Source Popular-context': 393, 'Source Tail-context': 73, 'Target Popular-context': 387, 'Target Tail-context': 77}
2026/08/20 14:34:25 - __main__ - INFO - 785 - trainer - Epoch: 2
2026/08/20 14:34:25 - __main__ - INFO - 769 - trainer - Group-aware Alignment Batch------------------------------------
2026/08/20 14:34:25 - __main__ - INFO - 774 - trainer - {'Epoch': 3, 'Source Popular-context': 409, 'Source Tail-context': 56, 'Target Popular-context': 342, 'Target Tail-context': 98}
2026/08/20 14:34:30 - __main__ - INFO - 785 - trainer - Epoch: 3
2026/08/20 14:34:30 - __main__ - INFO - 769 - trainer - Group-aware Alignment Batch------------------------------------
2026/08/20 14:34:30 - __main__ - INFO - 774 - trainer - {'Epoch': 4, 'Source Popular-context': 418, 'Source Tail-context': 59, 'Target Popular-context': 370, 'Target Tail-context': 79}
2026/08/20 14:34:34 - __main__ - INFO - 785 - trainer - Epoch: 4
2026/08/20 14:34:34 - __main__ - INFO - 769 - trainer - Group-aware Alignment Batch------------------------------------
2026/08/20 14:34:34 - __main__ - INFO - 774 - trainer - {'Epoch': 5, 'Source Popular-context': 403, 'Source Tail-context': 59, 'Target Popular-context': 368, 'Target Tail-context': 85}
2026/08/20 14:34:39 - __main__ - INFO - 785 - trainer - Epoch: 5
2026/08/20 14:34:39 - __main__ - INFO - 790 - trainer - start predicting: 2026-08-20 14:34:39.201497
2026/08/20 14:34:50 - __main__ - INFO - 827 - trainer - {'Best_HR@5': 38.6621, 'Best_NDCG@5': 29.8305, 'Best_HR@10': 49.1016, 'Best_NDCG@10': 33.2054, 'Best_HR@20': 61.8359, 'Best_NDCG@20': 36.4132}
2026/08/20 14:34:50 - __main__ - INFO - 828 - trainer - {'Best_epoch_HR@5': 5, 'Best_epoch_NDCG@5': 5, 'Best_epoch_HR@10': 5, 'Best_epoch_NDCG@10': 5, 'Best_epoch_HR@20': 5, 'Best_epoch_NDCG@20': 5}
2026/08/20 14:34:50 - __main__ - INFO - 769 - trainer - Group-aware Alignment Batch------------------------------------
2026/08/20 14:34:50 - __main__ - INFO - 774 - trainer - {'Epoch': 6, 'Source Popular-context': 423, 'Source Tail-context': 54, 'Target Popular-context': 362, 'Target Tail-context': 95}
2026/08/20 14:34:54 - __main__ - INFO - 785 - trainer - Epoch: 6
2026/08/20 14:34:54 - __main__ - INFO - 769 - trainer - Group-aware Alignment Batch------------------------------------
2026/08/20 14:34:54 - __main__ - INFO - 774 - trainer - {'Epoch': 7, 'Source Popular-context': 421, 'Source Tail-context': 63, 'Target Popular-context': 375, 'Target Tail-context': 85}
2026/08/20 14:34:58 - __main__ - INFO - 785 - trainer - Epoch: 7
2026/08/20 14:34:58 - __main__ - INFO - 769 - trainer - Group-aware Alignment Batch------------------------------------
2026/08/20 14:34:58 - __main__ - INFO - 774 - trainer - {'Epoch': 8, 'Source Popular-context': 421, 'Source Tail-context': 59, 'Target Popular-context': 368, 'Target Tail-context': 94}
2026/08/20 14:35:03 - __main__ - INFO - 785 - trainer - Epoch: 8
2026/08/20 14:35:03 - __main__ - INFO - 769 - trainer - Group-aware Alignment Batch------------------------------------
2026/08/20 14:35:03 - __main__ - INFO - 774 - trainer - {'Epoch': 9, 'Source Popular-context': 402, 'Source Tail-context': 78, 'Target Popular-context': 378, 'Target Tail-context': 85}
2026/08/20 14:35:07 - __main__ - INFO - 785 - trainer - Epoch: 9
2026/08/20 14:35:07 - __main__ - INFO - 769 - trainer - Group-aware Alignment Batch------------------------------------
2026/08/20 14:35:07 - __main__ - INFO - 774 - trainer - {'Epoch': 10, 'Source Popular-context': 428, 'Source Tail-context': 46, 'Target Popular-context': 374, 'Target Tail-context': 78}
2026/08/20 14:35:12 - __main__ - INFO - 785 - trainer - Epoch: 10
2026/08/20 14:35:12 - __main__ - INFO - 790 - trainer - start predicting: 2026-08-20 14:35:12.179550
2026/08/20 14:35:23 - __main__ - INFO - 827 - trainer - {'Best_HR@5': 48.2227, 'Best_NDCG@5': 36.8793, 'Best_HR@10': 58.877, 'Best_NDCG@10': 40.3294, 'Best_HR@20': 69.4629, 'Best_NDCG@20': 43.0071}
2026/08/20 14:35:23 - __main__ - INFO - 828 - trainer - {'Best_epoch_HR@5': 10, 'Best_epoch_NDCG@5': 10, 'Best_epoch_HR@10': 10, 'Best_epoch_NDCG@10': 10, 'Best_epoch_HR@20': 10, 'Best_epoch_NDCG@20': 10}
2026/08/20 14:35:24 - __main__ - INFO - 769 - trainer - Group-aware Alignment Batch------------------------------------
2026/08/20 14:35:24 - __main__ - INFO - 774 - trainer - {'Epoch': 11, 'Source Popular-context': 413, 'Source Tail-context': 60, 'Target Popular-context': 381, 'Target Tail-context': 85}
2026/08/20 14:35:28 - __main__ - INFO - 785 - trainer - Epoch: 11
2026/08/20 14:35:28 - __main__ - INFO - 769 - trainer - Group-aware Alignment Batch------------------------------------
2026/08/20 14:35:28 - __main__ - INFO - 774 - trainer - {'Epoch': 12, 'Source Popular-context': 424, 'Source Tail-context': 60, 'Target Popular-context': 372, 'Target Tail-context': 80}
2026/08/20 14:35:32 - __main__ - INFO - 785 - trainer - Epoch: 12
2026/08/20 14:35:32 - __main__ - INFO - 769 - trainer - Group-aware Alignment Batch------------------------------------
2026/08/20 14:35:32 - __main__ - INFO - 774 - trainer - {'Epoch': 13, 'Source Popular-context': 411, 'Source Tail-context': 73, 'Target Popular-context': 382, 'Target Tail-context': 79}
2026/08/20 14:35:37 - __main__ - INFO - 785 - trainer - Epoch: 13
2026/08/20 14:35:37 - __main__ - INFO - 769 - trainer - Group-aware Alignment Batch------------------------------------
2026/08/20 14:35:37 - __main__ - INFO - 774 - trainer - {'Epoch': 14, 'Source Popular-context': 423, 'Source Tail-context': 65, 'Target Popular-context': 379, 'Target Tail-context': 94}
2026/08/20 14:35:41 - __main__ - INFO - 785 - trainer - Epoch: 14
2026/08/20 14:35:41 - __main__ - INFO - 769 - trainer - Group-aware Alignment Batch------------------------------------
2026/08/20 14:35:41 - __main__ - INFO - 774 - trainer - {'Epoch': 15, 'Source Popular-context': 422, 'Source Tail-context': 58, 'Target Popular-context': 373, 'Target Tail-context': 98}
2026/08/20 14:35:45 - __main__ - INFO - 785 - trainer - Epoch: 15
2026/08/20 14:35:45 - __main__ - INFO - 790 - trainer - start predicting: 2026-08-20 14:35:45.716147
2026/08/20 14:35:57 - __main__ - INFO - 827 - trainer - {'Best_HR@5': 49.1797, 'Best_NDCG@5': 37.4333, 'Best_HR@10': 60.3223, 'Best_NDCG@10': 41.0498, 'Best_HR@20': 70.4297, 'Best_NDCG@20': 43.6145}
2026/08/20 14:35:57 - __main__ - INFO - 828 - trainer - {'Best_epoch_HR@5': 15, 'Best_epoch_NDCG@5': 15, 'Best_epoch_HR@10': 15, 'Best_epoch_NDCG@10': 15, 'Best_epoch_HR@20': 15, 'Best_epoch_NDCG@20': 15}
2026/08/20 14:35:57 - __main__ - INFO - 769 - trainer - Group-aware Alignment Batch------------------------------------
2026/08/20 14:35:57 - __main__ - INFO - 774 - trainer - {'Epoch': 16, 'Source Popular-context': 403, 'Source Tail-context': 65, 'Target Popular-context': 374, 'Target Tail-context': 89}
2026/08/20 14:36:02 - __main__ - INFO - 785 - trainer - Epoch: 16
2026/08/20 14:36:02 - __main__ - INFO - 769 - trainer - Group-aware Alignment Batch------------------------------------
2026/08/20 14:36:02 - __main__ - INFO - 774 - trainer - {'Epoch': 17, 'Source Popular-context': 423, 'Source Tail-context': 52, 'Target Popular-context': 355, 'Target Tail-context': 109}
2026/08/20 14:36:06 - __main__ - INFO - 785 - trainer - Epoch: 17
2026/08/20 14:36:06 - __main__ - INFO - 769 - trainer - Group-aware Alignment Batch------------------------------------
2026/08/20 14:36:06 - __main__ - INFO - 774 - trainer - {'Epoch': 18, 'Source Popular-context': 413, 'Source Tail-context': 63, 'Target Popular-context': 386, 'Target Tail-context': 85}
2026/08/20 14:36:10 - __main__ - INFO - 785 - trainer - Epoch: 18
2026/08/20 14:36:10 - __main__ - INFO - 769 - trainer - Group-aware Alignment Batch------------------------------------
2026/08/20 14:36:10 - __main__ - INFO - 774 - trainer - {'Epoch': 19, 'Source Popular-context': 402, 'Source Tail-context': 63, 'Target Popular-context': 367, 'Target Tail-context': 94}
2026/08/20 14:36:15 - __main__ - INFO - 785 - trainer - Epoch: 19
2026/08/20 14:36:15 - __main__ - INFO - 769 - trainer - Group-aware Alignment Batch------------------------------------
2026/08/20 14:36:15 - __main__ - INFO - 774 - trainer - {'Epoch': 20, 'Source Popular-context': 409, 'Source Tail-context': 62, 'Target Popular-context': 373, 'Target Tail-context': 82}
2026/08/20 14:36:19 - __main__ - INFO - 785 - trainer - Epoch: 20
2026/08/20 14:36:19 - __main__ - INFO - 790 - trainer - start predicting: 2026-08-20 14:36:19.544466
2026/08/20 14:36:31 - __main__ - INFO - 769 - trainer - Group-aware Alignment Batch------------------------------------
2026/08/20 14:36:31 - __main__ - INFO - 774 - trainer - {'Epoch': 21, 'Source Popular-context': 404, 'Source Tail-context': 63, 'Target Popular-context': 372, 'Target Tail-context': 83}
2026/08/20 14:36:35 - __main__ - INFO - 785 - trainer - Epoch: 21
2026/08/20 14:36:35 - __main__ - INFO - 769 - trainer - Group-aware Alignment Batch------------------------------------
2026/08/20 14:36:35 - __main__ - INFO - 774 - trainer - {'Epoch': 22, 'Source Popular-context': 416, 'Source Tail-context': 59, 'Target Popular-context': 370, 'Target Tail-context': 78}
2026/08/20 14:36:40 - __main__ - INFO - 785 - trainer - Epoch: 22
2026/08/20 14:36:40 - __main__ - INFO - 769 - trainer - Group-aware Alignment Batch------------------------------------
2026/08/20 14:36:40 - __main__ - INFO - 774 - trainer - {'Epoch': 23, 'Source Popular-context': 404, 'Source Tail-context': 69, 'Target Popular-context': 385, 'Target Tail-context': 81}
2026/08/20 14:36:44 - __main__ - INFO - 785 - trainer - Epoch: 23
2026/08/20 14:36:44 - __main__ - INFO - 769 - trainer - Group-aware Alignment Batch------------------------------------
2026/08/20 14:36:44 - __main__ - INFO - 774 - trainer - {'Epoch': 24, 'Source Popular-context': 400, 'Source Tail-context': 74, 'Target Popular-context': 373, 'Target Tail-context': 90}
2026/08/20 14:36:48 - __main__ - INFO - 785 - trainer - Epoch: 24
2026/08/20 14:36:48 - __main__ - INFO - 769 - trainer - Group-aware Alignment Batch------------------------------------
2026/08/20 14:36:48 - __main__ - INFO - 774 - trainer - {'Epoch': 25, 'Source Popular-context': 415, 'Source Tail-context': 50, 'Target Popular-context': 382, 'Target Tail-context': 81}
2026/08/20 14:36:53 - __main__ - INFO - 785 - trainer - Epoch: 25
2026/08/20 14:36:53 - __main__ - INFO - 790 - trainer - start predicting: 2026-08-20 14:36:53.156157
2026/08/20 14:37:04 - __main__ - INFO - 837 - trainer - {'Best_HR@5': 49.1797, 'Best_NDCG@5': 37.4333, 'Best_HR@10': 60.3223, 'Best_NDCG@10': 41.0498, 'Best_HR@20': 70.4297, 'Best_NDCG@20': 43.6145}
2026/08/20 14:37:04 - __main__ - INFO - 838 - trainer - {'Best_epoch_HR@5': 15, 'Best_epoch_NDCG@5': 15, 'Best_epoch_HR@10': 15, 'Best_epoch_NDCG@10': 15, 'Best_epoch_HR@20': 15, 'Best_epoch_NDCG@20': 15}
2026/08/20 14:37:04 - __main__ - INFO - 944 - trainer - Source Popularity Definition---------------------------------------------
2026/08/20 14:37:04 - __main__ - INFO - 949 - trainer - {'domain': 'Source', 'popular_ratio': 0.2, 'observed_train_items': 89276, 'popular_items': 17856, 'unpopular_seen_items': 71420, 'unseen_items_in_test': 'calculated from test ground truth'}
2026/08/20 14:37:11 - __main__ - INFO - 1225 - trainer - %s Test Overall------------------------------------------------------
2026/08/20 14:37:11 - __main__ - INFO - 1229 - trainer - {'HR@5': 49.8753, 'NDCG@5': 38.1821, 'HR@10': 60.4107, 'NDCG@10': 41.608, 'HR@20': 70.1785, 'NDCG@20': 44.0883}
2026/08/20 14:37:11 - __main__ - INFO - 1320 - trainer - Source Test Group Size----------------------------------------------
2026/08/20 14:37:11 - __main__ - INFO - 1325 - trainer - {'domain': 'Source', 'Overall_test_samples': 10422, 'Popular_test_samples': 7854, 'Unpopular_seen_test_samples': 1824, 'Unseen_test_samples': 744, 'Grouped_test_samples': 10422}
2026/08/20 14:37:11 - __main__ - INFO - 1327 - trainer - Source Test Popular Ground Truth-------------------------------------
2026/08/20 14:37:11 - __main__ - INFO - 1332 - trainer - {'HR@5': 65.4826, 'NDCG@5': 50.336, 'HR@10': 78.2022, 'NDCG@10': 54.4832, 'HR@20': 87.9297, 'NDCG@20': 56.9665}
2026/08/20 14:37:11 - __main__ - INFO - 1334 - trainer - Source Test Unpopular-Seen Ground Truth------------------------------
2026/08/20 14:37:11 - __main__ - INFO - 1339 - trainer - {'HR@5': 3.0154, 'NDCG@5': 1.4225, 'HR@10': 8.443, 'NDCG@10': 3.1399, 'HR@20': 22.3684, 'NDCG@20': 6.6193}
2026/08/20 14:37:11 - __main__ - INFO - 1343 - trainer - Source Test Unseen Ground Truth--------------------------------------
2026/08/20 14:37:11 - __main__ - INFO - 1348 - trainer - {'HR@5': 0.0, 'NDCG@5': 0.0, 'HR@10': 0.0, 'NDCG@10': 0.0, 'HR@20': 0.0, 'NDCG@20': 0.0}
2026/08/20 14:37:11 - __main__ - INFO - 1350 - trainer - Source Recommendation Popularity-------------------------------------
2026/08/20 14:37:11 - __main__ - INFO - 1355 - trainer - {'PopularRatio@5': 93.5483, 'PopularRatio@10': 82.1061, 'PopularRatio@20': 61.7319}
2026/08/20 14:37:11 - __main__ - INFO - 1491 - trainer - Best Eval---------------------------------------------------------
2026/08/20 14:37:11 - __main__ - INFO - 1494 - trainer - {'Best_HR@5': 49.1797, 'Best_NDCG@5': 37.4333, 'Best_HR@10': 60.3223, 'Best_NDCG@10': 41.0498, 'Best_HR@20': 70.4297, 'Best_NDCG@20': 43.6145}
2026/08/20 14:37:11 - __main__ - INFO - 1495 - trainer - {'Best_epoch_HR@5': 15, 'Best_epoch_NDCG@5': 15, 'Best_epoch_HR@10': 15, 'Best_epoch_NDCG@10': 15, 'Best_epoch_HR@20': 15, 'Best_epoch_NDCG@20': 15}
2026/08/20 14:37:11 - __main__ - INFO - 559 - trainer - D2 Rule-based Sequence Regulation
2026/08/20 14:37:11 - __main__ - INFO - 562 - trainer - {'D2': 'Rule-based Target Sequence Regulation', 'State': 'Sequence Popularity', 'Rule': 'ratio > 0.5 -> Regulate', 'p_max': 0.4, 'min_keep': 2, 'popular_items': 4372}
2026/08/20 14:37:11 - __main__ - INFO - 664 - trainer - D2 Sequence Regulation Batch: {'total_samples': 512, 'regulated_samples': 359, 'normal_samples': 153, 'regulated_ratio': 0.7012, 'avg_seq_pop_ratio': 0.694, 'avg_regulated_drop_prob': 0.3402, 'popular_before': 2082, 'popular_dropped': 575}
2026/08/20 14:37:12 - __main__ - INFO - 785 - trainer - Epoch: 0
2026/08/20 14:37:12 - __main__ - INFO - 664 - trainer - D2 Sequence Regulation Batch: {'total_samples': 512, 'regulated_samples': 367, 'normal_samples': 145, 'regulated_ratio': 0.7168, 'avg_seq_pop_ratio': 0.6988, 'avg_regulated_drop_prob': 0.3387, 'popular_before': 2074, 'popular_dropped': 611}
2026/08/20 14:37:12 - __main__ - INFO - 785 - trainer - Epoch: 1
2026/08/20 14:37:12 - __main__ - INFO - 790 - trainer - start predicting: 2026-08-20 14:37:12.896117
2026/08/20 14:37:14 - __main__ - INFO - 827 - trainer - {'Best_HR@5': 6.9336, 'Best_NDCG@5': 3.6351, 'Best_HR@10': 15.0391, 'Best_NDCG@10': 6.2351, 'Best_HR@20': 28.0762, 'Best_NDCG@20': 9.5047}
2026/08/20 14:37:14 - __main__ - INFO - 828 - trainer - {'Best_epoch_HR@5': 1, 'Best_epoch_NDCG@5': 1, 'Best_epoch_HR@10': 1, 'Best_epoch_NDCG@10': 1, 'Best_epoch_HR@20': 1, 'Best_epoch_NDCG@20': 1}
2026/08/20 14:37:14 - __main__ - INFO - 664 - trainer - D2 Sequence Regulation Batch: {'total_samples': 512, 'regulated_samples': 363, 'normal_samples': 149, 'regulated_ratio': 0.709, 'avg_seq_pop_ratio': 0.6964, 'avg_regulated_drop_prob': 0.3366, 'popular_before': 2116, 'popular_dropped': 590}
2026/08/20 14:37:15 - __main__ - INFO - 785 - trainer - Epoch: 2
2026/08/20 14:37:15 - __main__ - INFO - 790 - trainer - start predicting: 2026-08-20 14:37:15.031579
2026/08/20 14:37:16 - __main__ - INFO - 827 - trainer - {'Best_HR@5': 12.3535, 'Best_NDCG@5': 7.5056, 'Best_HR@10': 21.5332, 'Best_NDCG@10': 10.4925, 'Best_HR@20': 38.5254, 'Best_NDCG@20': 14.7854}
2026/08/20 14:37:16 - __main__ - INFO - 828 - trainer - {'Best_epoch_HR@5': 2, 'Best_epoch_NDCG@5': 2, 'Best_epoch_HR@10': 2, 'Best_epoch_NDCG@10': 2, 'Best_epoch_HR@20': 2, 'Best_epoch_NDCG@20': 2}
2026/08/20 14:37:16 - __main__ - INFO - 664 - trainer - D2 Sequence Regulation Batch: {'total_samples': 512, 'regulated_samples': 363, 'normal_samples': 149, 'regulated_ratio': 0.709, 'avg_seq_pop_ratio': 0.6929, 'avg_regulated_drop_prob': 0.3376, 'popular_before': 2110, 'popular_dropped': 623}
2026/08/20 14:37:17 - __main__ - INFO - 785 - trainer - Epoch: 3
2026/08/20 14:37:17 - __main__ - INFO - 790 - trainer - start predicting: 2026-08-20 14:37:17.181964
2026/08/20 14:37:18 - __main__ - INFO - 827 - trainer - {'Best_HR@5': 18.7012, 'Best_NDCG@5': 11.706, 'Best_HR@10': 30.957, 'Best_NDCG@10': 15.6094, 'Best_HR@20': 46.7285, 'Best_NDCG@20': 19.5784}
2026/08/20 14:37:18 - __main__ - INFO - 828 - trainer - {'Best_epoch_HR@5': 3, 'Best_epoch_NDCG@5': 3, 'Best_epoch_HR@10': 3, 'Best_epoch_NDCG@10': 3, 'Best_epoch_HR@20': 3, 'Best_epoch_NDCG@20': 3}
2026/08/20 14:37:18 - __main__ - INFO - 664 - trainer - D2 Sequence Regulation Batch: {'total_samples': 512, 'regulated_samples': 375, 'normal_samples': 137, 'regulated_ratio': 0.7324, 'avg_seq_pop_ratio': 0.7087, 'avg_regulated_drop_prob': 0.3394, 'popular_before': 2101, 'popular_dropped': 594}
2026/08/20 14:37:19 - __main__ - INFO - 785 - trainer - Epoch: 4
2026/08/20 14:37:19 - __main__ - INFO - 790 - trainer - start predicting: 2026-08-20 14:37:19.288322
2026/08/20 14:37:20 - __main__ - INFO - 827 - trainer - {'Best_HR@5': 24.4629, 'Best_NDCG@5': 16.4588, 'Best_HR@10': 35.4492, 'Best_NDCG@10': 20.0354, 'Best_HR@20': 51.1719, 'Best_NDCG@20': 23.984}
2026/08/20 14:37:20 - __main__ - INFO - 828 - trainer - {'Best_epoch_HR@5': 4, 'Best_epoch_NDCG@5': 4, 'Best_epoch_HR@10': 4, 'Best_epoch_NDCG@10': 4, 'Best_epoch_HR@20': 4, 'Best_epoch_NDCG@20': 4}
2026/08/20 14:37:20 - __main__ - INFO - 664 - trainer - D2 Sequence Regulation Batch: {'total_samples': 512, 'regulated_samples': 393, 'normal_samples': 119, 'regulated_ratio': 0.7676, 'avg_seq_pop_ratio': 0.7241, 'avg_regulated_drop_prob': 0.3358, 'popular_before': 2140, 'popular_dropped': 622}
2026/08/20 14:37:21 - __main__ - INFO - 785 - trainer - Epoch: 5
2026/08/20 14:37:21 - __main__ - INFO - 790 - trainer - start predicting: 2026-08-20 14:37:21.518984
2026/08/20 14:37:23 - __main__ - INFO - 827 - trainer - {'Best_HR@5': 27.4902, 'Best_NDCG@5': 19.6698, 'Best_HR@10': 38.2324, 'Best_NDCG@10': 23.1161, 'Best_HR@20': 54.248, 'Best_NDCG@20': 27.1266}
2026/08/20 14:37:23 - __main__ - INFO - 828 - trainer - {'Best_epoch_HR@5': 5, 'Best_epoch_NDCG@5': 5, 'Best_epoch_HR@10': 5, 'Best_epoch_NDCG@10': 5, 'Best_epoch_HR@20': 5, 'Best_epoch_NDCG@20': 5}
2026/08/20 14:37:23 - __main__ - INFO - 664 - trainer - D2 Sequence Regulation Batch: {'total_samples': 512, 'regulated_samples': 386, 'normal_samples': 126, 'regulated_ratio': 0.7539, 'avg_seq_pop_ratio': 0.7175, 'avg_regulated_drop_prob': 0.3398, 'popular_before': 2191, 'popular_dropped': 687}
2026/08/20 14:37:23 - __main__ - INFO - 785 - trainer - Epoch: 6
2026/08/20 14:37:23 - __main__ - INFO - 790 - trainer - start predicting: 2026-08-20 14:37:23.612868
2026/08/20 14:37:25 - __main__ - INFO - 827 - trainer - {'Best_HR@5': 30.5176, 'Best_NDCG@5': 22.3984, 'Best_HR@10': 40.3809, 'Best_NDCG@10': 25.5892, 'Best_HR@20': 56.0547, 'Best_NDCG@20': 29.5274}
2026/08/20 14:37:25 - __main__ - INFO - 828 - trainer - {'Best_epoch_HR@5': 6, 'Best_epoch_NDCG@5': 6, 'Best_epoch_HR@10': 6, 'Best_epoch_NDCG@10': 6, 'Best_epoch_HR@20': 6, 'Best_epoch_NDCG@20': 6}
2026/08/20 14:37:25 - __main__ - INFO - 664 - trainer - D2 Sequence Regulation Batch: {'total_samples': 512, 'regulated_samples': 367, 'normal_samples': 145, 'regulated_ratio': 0.7168, 'avg_seq_pop_ratio': 0.7065, 'avg_regulated_drop_prob': 0.3397, 'popular_before': 2182, 'popular_dropped': 622}
2026/08/20 14:37:25 - __main__ - INFO - 785 - trainer - Epoch: 7
2026/08/20 14:37:25 - __main__ - INFO - 790 - trainer - start predicting: 2026-08-20 14:37:25.676351
2026/08/20 14:37:27 - __main__ - INFO - 827 - trainer - {'Best_HR@5': 31.8848, 'Best_NDCG@5': 23.3935, 'Best_HR@10': 42.5293, 'Best_NDCG@10': 26.8139, 'Best_HR@20': 57.373, 'Best_NDCG@20': 30.5556}
2026/08/20 14:37:27 - __main__ - INFO - 828 - trainer - {'Best_epoch_HR@5': 7, 'Best_epoch_NDCG@5': 7, 'Best_epoch_HR@10': 7, 'Best_epoch_NDCG@10': 7, 'Best_epoch_HR@20': 7, 'Best_epoch_NDCG@20': 7}
2026/08/20 14:37:27 - __main__ - INFO - 664 - trainer - D2 Sequence Regulation Batch: {'total_samples': 512, 'regulated_samples': 348, 'normal_samples': 164, 'regulated_ratio': 0.6797, 'avg_seq_pop_ratio': 0.6757, 'avg_regulated_drop_prob': 0.3346, 'popular_before': 2036, 'popular_dropped': 581}
2026/08/20 14:37:27 - __main__ - INFO - 785 - trainer - Epoch: 8
2026/08/20 14:37:27 - __main__ - INFO - 790 - trainer - start predicting: 2026-08-20 14:37:27.772951
2026/08/20 14:37:29 - __main__ - INFO - 827 - trainer - {'Best_HR@5': 34.375, 'Best_NDCG@5': 25.3251, 'Best_HR@10': 44.2871, 'Best_NDCG@10': 28.513, 'Best_HR@20': 58.4961, 'Best_NDCG@20': 32.1055}
2026/08/20 14:37:29 - __main__ - INFO - 828 - trainer - {'Best_epoch_HR@5': 8, 'Best_epoch_NDCG@5': 8, 'Best_epoch_HR@10': 8, 'Best_epoch_NDCG@10': 8, 'Best_epoch_HR@20': 8, 'Best_epoch_NDCG@20': 8}
2026/08/20 14:37:29 - __main__ - INFO - 664 - trainer - D2 Sequence Regulation Batch: {'total_samples': 512, 'regulated_samples': 378, 'normal_samples': 134, 'regulated_ratio': 0.7383, 'avg_seq_pop_ratio': 0.7113, 'avg_regulated_drop_prob': 0.3434, 'popular_before': 2135, 'popular_dropped': 617}
2026/08/20 14:37:29 - __main__ - INFO - 785 - trainer - Epoch: 9
2026/08/20 14:37:29 - __main__ - INFO - 790 - trainer - start predicting: 2026-08-20 14:37:29.877704
2026/08/20 14:37:31 - __main__ - INFO - 827 - trainer - {'Best_HR@5': 35.5957, 'Best_NDCG@5': 26.2606, 'Best_HR@10': 45.752, 'Best_NDCG@10': 29.5242, 'Best_HR@20': 58.6426, 'Best_NDCG@20': 32.7595}
2026/08/20 14:37:31 - __main__ - INFO - 828 - trainer - {'Best_epoch_HR@5': 9, 'Best_epoch_NDCG@5': 9, 'Best_epoch_HR@10': 9, 'Best_epoch_NDCG@10': 9, 'Best_epoch_HR@20': 9, 'Best_epoch_NDCG@20': 9}
2026/08/20 14:37:31 - __main__ - INFO - 664 - trainer - D2 Sequence Regulation Batch: {'total_samples': 512, 'regulated_samples': 384, 'normal_samples': 128, 'regulated_ratio': 0.75, 'avg_seq_pop_ratio': 0.7228, 'avg_regulated_drop_prob': 0.3414, 'popular_before': 2159, 'popular_dropped': 677}
2026/08/20 14:37:31 - __main__ - INFO - 785 - trainer - Epoch: 10
2026/08/20 14:37:31 - __main__ - INFO - 790 - trainer - start predicting: 2026-08-20 14:37:31.952685
2026/08/20 14:37:33 - __main__ - INFO - 827 - trainer - {'Best_HR@5': 36.377, 'Best_NDCG@5': 27.1889, 'Best_HR@10': 46.582, 'Best_NDCG@10': 30.4862, 'Best_HR@20': 59.5703, 'Best_NDCG@20': 33.7432}
2026/08/20 14:37:33 - __main__ - INFO - 828 - trainer - {'Best_epoch_HR@5': 10, 'Best_epoch_NDCG@5': 10, 'Best_epoch_HR@10': 10, 'Best_epoch_NDCG@10': 10, 'Best_epoch_HR@20': 10, 'Best_epoch_NDCG@20': 10}
2026/08/20 14:37:33 - __main__ - INFO - 664 - trainer - D2 Sequence Regulation Batch: {'total_samples': 512, 'regulated_samples': 380, 'normal_samples': 132, 'regulated_ratio': 0.7422, 'avg_seq_pop_ratio': 0.7071, 'avg_regulated_drop_prob': 0.3385, 'popular_before': 2145, 'popular_dropped': 638}
2026/08/20 14:37:34 - __main__ - INFO - 785 - trainer - Epoch: 11
2026/08/20 14:37:34 - __main__ - INFO - 790 - trainer - start predicting: 2026-08-20 14:37:34.052912
2026/08/20 14:37:35 - __main__ - INFO - 827 - trainer - {'Best_HR@5': 37.3535, 'Best_NDCG@5': 27.7461, 'Best_HR@10': 47.9004, 'Best_NDCG@10': 31.0992, 'Best_HR@20': 59.7656, 'Best_NDCG@20': 34.0585}
2026/08/20 14:37:35 - __main__ - INFO - 828 - trainer - {'Best_epoch_HR@5': 11, 'Best_epoch_NDCG@5': 11, 'Best_epoch_HR@10': 11, 'Best_epoch_NDCG@10': 11, 'Best_epoch_HR@20': 11, 'Best_epoch_NDCG@20': 11}
2026/08/20 14:37:35 - __main__ - INFO - 664 - trainer - D2 Sequence Regulation Batch: {'total_samples': 512, 'regulated_samples': 382, 'normal_samples': 130, 'regulated_ratio': 0.7461, 'avg_seq_pop_ratio': 0.717, 'avg_regulated_drop_prob': 0.3425, 'popular_before': 2183, 'popular_dropped': 635}
2026/08/20 14:37:36 - __main__ - INFO - 785 - trainer - Epoch: 12
2026/08/20 14:37:36 - __main__ - INFO - 790 - trainer - start predicting: 2026-08-20 14:37:36.279240
2026/08/20 14:37:37 - __main__ - INFO - 827 - trainer - {'Best_HR@5': 37.7441, 'Best_NDCG@5': 28.0713, 'Best_HR@10': 48.0957, 'Best_NDCG@10': 31.3996, 'Best_HR@20': 60.5957, 'Best_NDCG@20': 34.5169}
2026/08/20 14:37:37 - __main__ - INFO - 828 - trainer - {'Best_epoch_HR@5': 12, 'Best_epoch_NDCG@5': 12, 'Best_epoch_HR@10': 12, 'Best_epoch_NDCG@10': 12, 'Best_epoch_HR@20': 12, 'Best_epoch_NDCG@20': 12}
2026/08/20 14:37:37 - __main__ - INFO - 664 - trainer - D2 Sequence Regulation Batch: {'total_samples': 512, 'regulated_samples': 375, 'normal_samples': 137, 'regulated_ratio': 0.7324, 'avg_seq_pop_ratio': 0.7165, 'avg_regulated_drop_prob': 0.342, 'popular_before': 2174, 'popular_dropped': 620}
2026/08/20 14:37:38 - __main__ - INFO - 785 - trainer - Epoch: 13
2026/08/20 14:37:38 - __main__ - INFO - 790 - trainer - start predicting: 2026-08-20 14:37:38.406695
2026/08/20 14:37:39 - __main__ - INFO - 827 - trainer - {'Best_HR@5': 37.7441, 'Best_NDCG@5': 28.0713, 'Best_HR@10': 48.0957, 'Best_NDCG@10': 31.3996, 'Best_HR@20': 60.5957, 'Best_NDCG@20': 34.5494}
2026/08/20 14:37:39 - __main__ - INFO - 828 - trainer - {'Best_epoch_HR@5': 12, 'Best_epoch_NDCG@5': 12, 'Best_epoch_HR@10': 12, 'Best_epoch_NDCG@10': 12, 'Best_epoch_HR@20': 12, 'Best_epoch_NDCG@20': 13}
2026/08/20 14:37:39 - __main__ - INFO - 664 - trainer - D2 Sequence Regulation Batch: {'total_samples': 512, 'regulated_samples': 364, 'normal_samples': 148, 'regulated_ratio': 0.7109, 'avg_seq_pop_ratio': 0.6996, 'avg_regulated_drop_prob': 0.3353, 'popular_before': 2056, 'popular_dropped': 612}
2026/08/20 14:37:40 - __main__ - INFO - 785 - trainer - Epoch: 14
2026/08/20 14:37:40 - __main__ - INFO - 790 - trainer - start predicting: 2026-08-20 14:37:40.537613
2026/08/20 14:37:42 - __main__ - INFO - 827 - trainer - {'Best_HR@5': 38.3301, 'Best_NDCG@5': 28.2561, 'Best_HR@10': 48.4863, 'Best_NDCG@10': 31.5383, 'Best_HR@20': 60.5957, 'Best_NDCG@20': 34.5746}
2026/08/20 14:37:42 - __main__ - INFO - 828 - trainer - {'Best_epoch_HR@5': 14, 'Best_epoch_NDCG@5': 14, 'Best_epoch_HR@10': 14, 'Best_epoch_NDCG@10': 14, 'Best_epoch_HR@20': 12, 'Best_epoch_NDCG@20': 14}
2026/08/20 14:37:42 - __main__ - INFO - 664 - trainer - D2 Sequence Regulation Batch: {'total_samples': 512, 'regulated_samples': 367, 'normal_samples': 145, 'regulated_ratio': 0.7168, 'avg_seq_pop_ratio': 0.6986, 'avg_regulated_drop_prob': 0.3391, 'popular_before': 2084, 'popular_dropped': 611}
2026/08/20 14:37:42 - __main__ - INFO - 785 - trainer - Epoch: 15
2026/08/20 14:37:42 - __main__ - INFO - 790 - trainer - start predicting: 2026-08-20 14:37:42.635343
2026/08/20 14:37:44 - __main__ - INFO - 827 - trainer - {'Best_HR@5': 38.623, 'Best_NDCG@5': 28.7142, 'Best_HR@10': 49.0234, 'Best_NDCG@10': 32.0843, 'Best_HR@20': 60.8398, 'Best_NDCG@20': 35.0634}
2026/08/20 14:37:44 - __main__ - INFO - 828 - trainer - {'Best_epoch_HR@5': 15, 'Best_epoch_NDCG@5': 15, 'Best_epoch_HR@10': 15, 'Best_epoch_NDCG@10': 15, 'Best_epoch_HR@20': 15, 'Best_epoch_NDCG@20': 15}
2026/08/20 14:37:44 - __main__ - INFO - 664 - trainer - D2 Sequence Regulation Batch: {'total_samples': 512, 'regulated_samples': 371, 'normal_samples': 141, 'regulated_ratio': 0.7246, 'avg_seq_pop_ratio': 0.7002, 'avg_regulated_drop_prob': 0.3404, 'popular_before': 2098, 'popular_dropped': 641}
2026/08/20 14:37:44 - __main__ - INFO - 785 - trainer - Epoch: 16
2026/08/20 14:37:44 - __main__ - INFO - 790 - trainer - start predicting: 2026-08-20 14:37:44.743935
2026/08/20 14:37:46 - __main__ - INFO - 827 - trainer - {'Best_HR@5': 39.3555, 'Best_NDCG@5': 28.9675, 'Best_HR@10': 49.8047, 'Best_NDCG@10': 32.3331, 'Best_HR@20': 60.8398, 'Best_NDCG@20': 35.0634}
2026/08/20 14:37:46 - __main__ - INFO - 828 - trainer - {'Best_epoch_HR@5': 16, 'Best_epoch_NDCG@5': 16, 'Best_epoch_HR@10': 16, 'Best_epoch_NDCG@10': 16, 'Best_epoch_HR@20': 15, 'Best_epoch_NDCG@20': 15}
2026/08/20 14:37:46 - __main__ - INFO - 664 - trainer - D2 Sequence Regulation Batch: {'total_samples': 512, 'regulated_samples': 363, 'normal_samples': 149, 'regulated_ratio': 0.709, 'avg_seq_pop_ratio': 0.7013, 'avg_regulated_drop_prob': 0.3425, 'popular_before': 2090, 'popular_dropped': 612}
2026/08/20 14:37:46 - __main__ - INFO - 785 - trainer - Epoch: 17
2026/08/20 14:37:46 - __main__ - INFO - 790 - trainer - start predicting: 2026-08-20 14:37:46.933247
2026/08/20 14:37:48 - __main__ - INFO - 827 - trainer - {'Best_HR@5': 39.3555, 'Best_NDCG@5': 28.9675, 'Best_HR@10': 49.8047, 'Best_NDCG@10': 32.3331, 'Best_HR@20': 61.084, 'Best_NDCG@20': 35.2232}
2026/08/20 14:37:48 - __main__ - INFO - 828 - trainer - {'Best_epoch_HR@5': 16, 'Best_epoch_NDCG@5': 16, 'Best_epoch_HR@10': 16, 'Best_epoch_NDCG@10': 16, 'Best_epoch_HR@20': 17, 'Best_epoch_NDCG@20': 17}
2026/08/20 14:37:48 - __main__ - INFO - 664 - trainer - D2 Sequence Regulation Batch: {'total_samples': 512, 'regulated_samples': 383, 'normal_samples': 129, 'regulated_ratio': 0.748, 'avg_seq_pop_ratio': 0.7109, 'avg_regulated_drop_prob': 0.3352, 'popular_before': 2173, 'popular_dropped': 629}
2026/08/20 14:37:49 - __main__ - INFO - 785 - trainer - Epoch: 18
2026/08/20 14:37:49 - __main__ - INFO - 790 - trainer - start predicting: 2026-08-20 14:37:49.030110
2026/08/20 14:37:50 - __main__ - INFO - 827 - trainer - {'Best_HR@5': 39.3555, 'Best_NDCG@5': 28.9675, 'Best_HR@10': 49.8047, 'Best_NDCG@10': 32.3331, 'Best_HR@20': 61.4258, 'Best_NDCG@20': 35.2232}
2026/08/20 14:37:50 - __main__ - INFO - 828 - trainer - {'Best_epoch_HR@5': 16, 'Best_epoch_NDCG@5': 16, 'Best_epoch_HR@10': 16, 'Best_epoch_NDCG@10': 16, 'Best_epoch_HR@20': 18, 'Best_epoch_NDCG@20': 17}
2026/08/20 14:37:50 - __main__ - INFO - 664 - trainer - D2 Sequence Regulation Batch: {'total_samples': 512, 'regulated_samples': 362, 'normal_samples': 150, 'regulated_ratio': 0.707, 'avg_seq_pop_ratio': 0.6927, 'avg_regulated_drop_prob': 0.3369, 'popular_before': 2094, 'popular_dropped': 589}
2026/08/20 14:37:51 - __main__ - INFO - 785 - trainer - Epoch: 19
2026/08/20 14:37:51 - __main__ - INFO - 790 - trainer - start predicting: 2026-08-20 14:37:51.160259
2026/08/20 14:37:52 - __main__ - INFO - 827 - trainer - {'Best_HR@5': 39.3555, 'Best_NDCG@5': 29.023, 'Best_HR@10': 49.8047, 'Best_NDCG@10': 32.3331, 'Best_HR@20': 61.4258, 'Best_NDCG@20': 35.2232}
2026/08/20 14:37:52 - __main__ - INFO - 828 - trainer - {'Best_epoch_HR@5': 16, 'Best_epoch_NDCG@5': 19, 'Best_epoch_HR@10': 16, 'Best_epoch_NDCG@10': 16, 'Best_epoch_HR@20': 18, 'Best_epoch_NDCG@20': 17}
2026/08/20 14:37:52 - __main__ - INFO - 664 - trainer - D2 Sequence Regulation Batch: {'total_samples': 512, 'regulated_samples': 359, 'normal_samples': 153, 'regulated_ratio': 0.7012, 'avg_seq_pop_ratio': 0.6917, 'avg_regulated_drop_prob': 0.3355, 'popular_before': 2045, 'popular_dropped': 573}
2026/08/20 14:37:53 - __main__ - INFO - 785 - trainer - Epoch: 20
2026/08/20 14:37:53 - __main__ - INFO - 790 - trainer - start predicting: 2026-08-20 14:37:53.263862
2026/08/20 14:37:54 - __main__ - INFO - 664 - trainer - D2 Sequence Regulation Batch: {'total_samples': 512, 'regulated_samples': 372, 'normal_samples': 140, 'regulated_ratio': 0.7266, 'avg_seq_pop_ratio': 0.7014, 'avg_regulated_drop_prob': 0.3339, 'popular_before': 2121, 'popular_dropped': 624}
2026/08/20 14:37:55 - __main__ - INFO - 785 - trainer - Epoch: 21
2026/08/20 14:37:55 - __main__ - INFO - 790 - trainer - start predicting: 2026-08-20 14:37:55.392840
2026/08/20 14:37:56 - __main__ - INFO - 827 - trainer - {'Best_HR@5': 39.4531, 'Best_NDCG@5': 29.023, 'Best_HR@10': 49.8047, 'Best_NDCG@10': 32.3331, 'Best_HR@20': 61.4258, 'Best_NDCG@20': 35.2232}
2026/08/20 14:37:56 - __main__ - INFO - 828 - trainer - {'Best_epoch_HR@5': 21, 'Best_epoch_NDCG@5': 19, 'Best_epoch_HR@10': 16, 'Best_epoch_NDCG@10': 16, 'Best_epoch_HR@20': 18, 'Best_epoch_NDCG@20': 17}
2026/08/20 14:37:56 - __main__ - INFO - 664 - trainer - D2 Sequence Regulation Batch: {'total_samples': 512, 'regulated_samples': 367, 'normal_samples': 145, 'regulated_ratio': 0.7168, 'avg_seq_pop_ratio': 0.6959, 'avg_regulated_drop_prob': 0.335, 'popular_before': 2123, 'popular_dropped': 606}
2026/08/20 14:37:57 - __main__ - INFO - 785 - trainer - Epoch: 22
2026/08/20 14:37:57 - __main__ - INFO - 790 - trainer - start predicting: 2026-08-20 14:37:57.497733
2026/08/20 14:37:59 - __main__ - INFO - 827 - trainer - {'Best_HR@5': 39.4531, 'Best_NDCG@5': 29.023, 'Best_HR@10': 50.0, 'Best_NDCG@10': 32.4312, 'Best_HR@20': 61.4258, 'Best_NDCG@20': 35.2347}
2026/08/20 14:37:59 - __main__ - INFO - 828 - trainer - {'Best_epoch_HR@5': 21, 'Best_epoch_NDCG@5': 19, 'Best_epoch_HR@10': 22, 'Best_epoch_NDCG@10': 22, 'Best_epoch_HR@20': 18, 'Best_epoch_NDCG@20': 22}
2026/08/20 14:37:59 - __main__ - INFO - 664 - trainer - D2 Sequence Regulation Batch: {'total_samples': 512, 'regulated_samples': 381, 'normal_samples': 131, 'regulated_ratio': 0.7441, 'avg_seq_pop_ratio': 0.7112, 'avg_regulated_drop_prob': 0.3376, 'popular_before': 2116, 'popular_dropped': 633}
2026/08/20 14:37:59 - __main__ - INFO - 785 - trainer - Epoch: 23
2026/08/20 14:37:59 - __main__ - INFO - 790 - trainer - start predicting: 2026-08-20 14:37:59.656876
2026/08/20 14:38:01 - __main__ - INFO - 827 - trainer - {'Best_HR@5': 39.7949, 'Best_NDCG@5': 29.0859, 'Best_HR@10': 50.0, 'Best_NDCG@10': 32.4312, 'Best_HR@20': 61.4258, 'Best_NDCG@20': 35.2347}
2026/08/20 14:38:01 - __main__ - INFO - 828 - trainer - {'Best_epoch_HR@5': 23, 'Best_epoch_NDCG@5': 23, 'Best_epoch_HR@10': 22, 'Best_epoch_NDCG@10': 22, 'Best_epoch_HR@20': 18, 'Best_epoch_NDCG@20': 22}
2026/08/20 14:38:01 - __main__ - INFO - 664 - trainer - D2 Sequence Regulation Batch: {'total_samples': 512, 'regulated_samples': 351, 'normal_samples': 161, 'regulated_ratio': 0.6855, 'avg_seq_pop_ratio': 0.6804, 'avg_regulated_drop_prob': 0.3381, 'popular_before': 2010, 'popular_dropped': 613}
2026/08/20 14:38:01 - __main__ - INFO - 785 - trainer - Epoch: 24
2026/08/20 14:38:01 - __main__ - INFO - 790 - trainer - start predicting: 2026-08-20 14:38:01.802481
2026/08/20 14:38:03 - __main__ - INFO - 827 - trainer - {'Best_HR@5': 39.7949, 'Best_NDCG@5': 29.1451, 'Best_HR@10': 50.0, 'Best_NDCG@10': 32.4972, 'Best_HR@20': 61.4258, 'Best_NDCG@20': 35.2347}
2026/08/20 14:38:03 - __main__ - INFO - 828 - trainer - {'Best_epoch_HR@5': 23, 'Best_epoch_NDCG@5': 24, 'Best_epoch_HR@10': 22, 'Best_epoch_NDCG@10': 24, 'Best_epoch_HR@20': 18, 'Best_epoch_NDCG@20': 22}
2026/08/20 14:38:03 - __main__ - INFO - 664 - trainer - D2 Sequence Regulation Batch: {'total_samples': 512, 'regulated_samples': 376, 'normal_samples': 136, 'regulated_ratio': 0.7344, 'avg_seq_pop_ratio': 0.7046, 'avg_regulated_drop_prob': 0.3354, 'popular_before': 2193, 'popular_dropped': 663}
2026/08/20 14:38:03 - __main__ - INFO - 785 - trainer - Epoch: 25
2026/08/20 14:38:03 - __main__ - INFO - 790 - trainer - start predicting: 2026-08-20 14:38:03.888820
2026/08/20 14:38:05 - __main__ - INFO - 664 - trainer - D2 Sequence Regulation Batch: {'total_samples': 512, 'regulated_samples': 388, 'normal_samples': 124, 'regulated_ratio': 0.7578, 'avg_seq_pop_ratio': 0.7183, 'avg_regulated_drop_prob': 0.3369, 'popular_before': 2147, 'popular_dropped': 659}
2026/08/20 14:38:05 - __main__ - INFO - 785 - trainer - Epoch: 26
2026/08/20 14:38:05 - __main__ - INFO - 790 - trainer - start predicting: 2026-08-20 14:38:05.971365
2026/08/20 14:38:07 - __main__ - INFO - 827 - trainer - {'Best_HR@5': 39.7949, 'Best_NDCG@5': 29.3617, 'Best_HR@10': 50.293, 'Best_NDCG@10': 32.8532, 'Best_HR@20': 61.4258, 'Best_NDCG@20': 35.5082}
2026/08/20 14:38:07 - __main__ - INFO - 828 - trainer - {'Best_epoch_HR@5': 23, 'Best_epoch_NDCG@5': 26, 'Best_epoch_HR@10': 26, 'Best_epoch_NDCG@10': 26, 'Best_epoch_HR@20': 18, 'Best_epoch_NDCG@20': 26}
2026/08/20 14:38:07 - __main__ - INFO - 664 - trainer - D2 Sequence Regulation Batch: {'total_samples': 512, 'regulated_samples': 372, 'normal_samples': 140, 'regulated_ratio': 0.7266, 'avg_seq_pop_ratio': 0.7131, 'avg_regulated_drop_prob': 0.3397, 'popular_before': 2122, 'popular_dropped': 630}
2026/08/20 14:38:08 - __main__ - INFO - 785 - trainer - Epoch: 27
2026/08/20 14:38:08 - __main__ - INFO - 790 - trainer - start predicting: 2026-08-20 14:38:08.095099
2026/08/20 14:38:09 - __main__ - INFO - 664 - trainer - D2 Sequence Regulation Batch: {'total_samples': 512, 'regulated_samples': 379, 'normal_samples': 133, 'regulated_ratio': 0.7402, 'avg_seq_pop_ratio': 0.706, 'avg_regulated_drop_prob': 0.3381, 'popular_before': 2118, 'popular_dropped': 647}
2026/08/20 14:38:10 - __main__ - INFO - 785 - trainer - Epoch: 28
2026/08/20 14:38:10 - __main__ - INFO - 790 - trainer - start predicting: 2026-08-20 14:38:10.192922
2026/08/20 14:38:11 - __main__ - INFO - 664 - trainer - D2 Sequence Regulation Batch: {'total_samples': 512, 'regulated_samples': 376, 'normal_samples': 136, 'regulated_ratio': 0.7344, 'avg_seq_pop_ratio': 0.7161, 'avg_regulated_drop_prob': 0.3422, 'popular_before': 2120, 'popular_dropped': 675}
2026/08/20 14:38:12 - __main__ - INFO - 785 - trainer - Epoch: 29
2026/08/20 14:38:12 - __main__ - INFO - 790 - trainer - start predicting: 2026-08-20 14:38:12.291993
2026/08/20 14:38:13 - __main__ - INFO - 664 - trainer - D2 Sequence Regulation Batch: {'total_samples': 512, 'regulated_samples': 378, 'normal_samples': 134, 'regulated_ratio': 0.7383, 'avg_seq_pop_ratio': 0.7159, 'avg_regulated_drop_prob': 0.3376, 'popular_before': 2142, 'popular_dropped': 616}
2026/08/20 14:38:14 - __main__ - INFO - 785 - trainer - Epoch: 30
2026/08/20 14:38:14 - __main__ - INFO - 790 - trainer - start predicting: 2026-08-20 14:38:14.459322
2026/08/20 14:38:15 - __main__ - INFO - 664 - trainer - D2 Sequence Regulation Batch: {'total_samples': 512, 'regulated_samples': 362, 'normal_samples': 150, 'regulated_ratio': 0.707, 'avg_seq_pop_ratio': 0.6962, 'avg_regulated_drop_prob': 0.3377, 'popular_before': 2124, 'popular_dropped': 642}
2026/08/20 14:38:16 - __main__ - INFO - 785 - trainer - Epoch: 31
2026/08/20 14:38:16 - __main__ - INFO - 790 - trainer - start predicting: 2026-08-20 14:38:16.584965
2026/08/20 14:38:18 - __main__ - INFO - 837 - trainer - {'Best_HR@5': 39.7949, 'Best_NDCG@5': 29.3617, 'Best_HR@10': 50.293, 'Best_NDCG@10': 32.8532, 'Best_HR@20': 61.4258, 'Best_NDCG@20': 35.5082}
2026/08/20 14:38:18 - __main__ - INFO - 838 - trainer - {'Best_epoch_HR@5': 23, 'Best_epoch_NDCG@5': 26, 'Best_epoch_HR@10': 26, 'Best_epoch_NDCG@10': 26, 'Best_epoch_HR@20': 18, 'Best_epoch_NDCG@20': 26}
2026/08/20 14:38:18 - __main__ - INFO - 944 - trainer - Target Popularity Definition---------------------------------------------
2026/08/20 14:38:18 - __main__ - INFO - 949 - trainer - {'domain': 'Target', 'popular_ratio': 0.2, 'observed_train_items': 21856, 'popular_items': 4372, 'unpopular_seen_items': 17484, 'unseen_items_in_test': 'calculated from test ground truth'}
2026/08/20 14:38:19 - __main__ - INFO - 1225 - trainer - %s Test Overall------------------------------------------------------
2026/08/20 14:38:19 - __main__ - INFO - 1229 - trainer - {'HR@5': 40.0778, 'NDCG@5': 29.2549, 'HR@10': 52.0914, 'NDCG@10': 33.141, 'HR@20': 63.6187, 'NDCG@20': 36.0497}
2026/08/20 14:38:19 - __main__ - INFO - 1320 - trainer - Target Test Group Size----------------------------------------------
2026/08/20 14:38:19 - __main__ - INFO - 1325 - trainer - {'domain': 'Target', 'Overall_test_samples': 2056, 'Popular_test_samples': 1372, 'Unpopular_seen_test_samples': 505, 'Unseen_test_samples': 179, 'Grouped_test_samples': 2056}
2026/08/20 14:38:19 - __main__ - INFO - 1327 - trainer - Target Test Popular Ground Truth-------------------------------------
2026/08/20 14:38:19 - __main__ - INFO - 1332 - trainer - {'HR@5': 58.5277, 'NDCG@5': 43.1338, 'HR@10': 74.0525, 'NDCG@10': 48.179, 'HR@20': 85.7872, 'NDCG@20': 51.1488}
2026/08/20 14:38:19 - __main__ - INFO - 1334 - trainer - Target Test Unpopular-Seen Ground Truth------------------------------
2026/08/20 14:38:19 - __main__ - INFO - 1339 - trainer - {'HR@5': 4.1584, 'NDCG@5': 1.9178, 'HR@10': 10.8911, 'NDCG@10': 4.0323, 'HR@20': 25.9406, 'NDCG@20': 7.8058}
2026/08/20 14:38:19 - __main__ - INFO - 1343 - trainer - Target Test Unseen Ground Truth--------------------------------------
2026/08/20 14:38:19 - __main__ - INFO - 1348 - trainer - {'HR@5': 0.0, 'NDCG@5': 0.0, 'HR@10': 0.0, 'NDCG@10': 0.0, 'HR@20': 0.0, 'NDCG@20': 0.0}
2026/08/20 14:38:19 - __main__ - INFO - 1350 - trainer - Target Recommendation Popularity-------------------------------------
2026/08/20 14:38:19 - __main__ - INFO - 1355 - trainer - {'PopularRatio@5': 91.284, 'PopularRatio@10': 78.677, 'PopularRatio@20': 58.3609}
2026/08/20 14:38:19 - __main__ - INFO - 1491 - trainer - Best Eval---------------------------------------------------------
2026/08/20 14:38:19 - __main__ - INFO - 1494 - trainer - {'Best_HR@5': 39.7949, 'Best_NDCG@5': 29.3617, 'Best_HR@10': 50.293, 'Best_NDCG@10': 32.8532, 'Best_HR@20': 61.4258, 'Best_NDCG@20': 35.5082}
2026/08/20 14:38:19 - __main__ - INFO - 1495 - trainer - {'Best_epoch_HR@5': 23, 'Best_epoch_NDCG@5': 26, 'Best_epoch_HR@10': 26, 'Best_epoch_NDCG@10': 26, 'Best_epoch_HR@20': 18, 'Best_epoch_NDCG@20': 26}
2026/08/20 14:38:19 - __main__ - INFO - 179 - main - Target model saved at: ./saved_model/movie_video/target_model.pth
