2026/09/24 17:23:38 - __main__ - INFO - 98 - main - Namespace(batch_size=512, decay_step=100, description='Diffu_norm_score', device='cuda', diffusion_steps=32, dropout=0.1, e_context_high_threshold=0.75, e_context_low_threshold=0.5, e_context_state='high', emb_dropout=0.3, epochs=100, eval_interval=5, gamma=0.1, group_alignment=1, group_alignment_mode='both', group_context_threshold=0.5, group_pop_weight=1.0, group_tail_weight=1.0, hidden_act='gelu', hidden_size=128, inspect_e_distribution=0, lambda_uncertainty=0.001, log_file='log/', loss_lambda=1, lr=0.001, max_len=8, metric_ks=[5, 10, 20], momentum=None, noise_schedule='trunc_lin', num_blocks=4, num_gpu=1, optimizer='Adam', p=0.3, patience=2, popular_ratio=0.2, random_seed=1997, rescale_timesteps=True, s_dataset='movie', schedule_sampler_name='lossaware', t_dataset='video', tail_aug_probability=1.0, tail_context_regulation=1, tail_drop_probability=0.5, tail_preserve_recent=2, w=1.0, weight_decay=0)
2026/09/24 17:23:42 - __main__ - INFO - 870 - trainer - Group-aware Alignment Definition------------------------------------
2026/09/24 17:23:42 - __main__ - INFO - 874 - trainer - {'group_alignment': True, 'alignment_mode': 'both', 'context_threshold': 0.5, 'popular_weight': 1.0, 'tail_weight': 1.0, 'source_popular_items': 17856, 'target_popular_items': 4372}
2026/09/24 17:23:42 - __main__ - INFO - 1154 - trainer - Group-aware Alignment Batch------------------------------------
2026/09/24 17:23:42 - __main__ - INFO - 1159 - trainer - {'Epoch': 0, 'Source Popular-context': 407, 'Source Tail-context': 75, 'Target Popular-context': 379, 'Target Tail-context': 87}
2026/09/24 17:23:47 - __main__ - INFO - 1170 - trainer - Epoch: 0
2026/09/24 17:23:47 - __main__ - INFO - 1154 - trainer - Group-aware Alignment Batch------------------------------------
2026/09/24 17:23:47 - __main__ - INFO - 1159 - trainer - {'Epoch': 1, 'Source Popular-context': 394, 'Source Tail-context': 77, 'Target Popular-context': 372, 'Target Tail-context': 83}
2026/09/24 17:23:51 - __main__ - INFO - 1170 - trainer - Epoch: 1
2026/09/24 17:23:51 - __main__ - INFO - 1154 - trainer - Group-aware Alignment Batch------------------------------------
2026/09/24 17:23:51 - __main__ - INFO - 1159 - trainer - {'Epoch': 2, 'Source Popular-context': 393, 'Source Tail-context': 73, 'Target Popular-context': 387, 'Target Tail-context': 77}
2026/09/24 17:23:56 - __main__ - INFO - 1170 - trainer - Epoch: 2
2026/09/24 17:23:56 - __main__ - INFO - 1154 - trainer - Group-aware Alignment Batch------------------------------------
2026/09/24 17:23:56 - __main__ - INFO - 1159 - trainer - {'Epoch': 3, 'Source Popular-context': 409, 'Source Tail-context': 56, 'Target Popular-context': 342, 'Target Tail-context': 98}
2026/09/24 17:24:01 - __main__ - INFO - 1170 - trainer - Epoch: 3
2026/09/24 17:24:01 - __main__ - INFO - 1154 - trainer - Group-aware Alignment Batch------------------------------------
2026/09/24 17:24:01 - __main__ - INFO - 1159 - trainer - {'Epoch': 4, 'Source Popular-context': 418, 'Source Tail-context': 59, 'Target Popular-context': 370, 'Target Tail-context': 79}
2026/09/24 17:24:05 - __main__ - INFO - 1170 - trainer - Epoch: 4
2026/09/24 17:24:05 - __main__ - INFO - 1154 - trainer - Group-aware Alignment Batch------------------------------------
2026/09/24 17:24:05 - __main__ - INFO - 1159 - trainer - {'Epoch': 5, 'Source Popular-context': 403, 'Source Tail-context': 59, 'Target Popular-context': 368, 'Target Tail-context': 85}
2026/09/24 17:24:10 - __main__ - INFO - 1170 - trainer - Epoch: 5
2026/09/24 17:24:10 - __main__ - INFO - 1175 - trainer - start predicting: 2026-09-24 17:24:10.393369
2026/09/24 17:24:22 - __main__ - INFO - 1212 - trainer - {'Best_HR@5': 38.7793, 'Best_NDCG@5': 29.9369, 'Best_HR@10': 49.4824, 'Best_NDCG@10': 33.3818, 'Best_HR@20': 62.0313, 'Best_NDCG@20': 36.529}
2026/09/24 17:24:22 - __main__ - INFO - 1213 - trainer - {'Best_epoch_HR@5': 5, 'Best_epoch_NDCG@5': 5, 'Best_epoch_HR@10': 5, 'Best_epoch_NDCG@10': 5, 'Best_epoch_HR@20': 5, 'Best_epoch_NDCG@20': 5}
2026/09/24 17:24:22 - __main__ - INFO - 1154 - trainer - Group-aware Alignment Batch------------------------------------
2026/09/24 17:24:22 - __main__ - INFO - 1159 - trainer - {'Epoch': 6, 'Source Popular-context': 423, 'Source Tail-context': 54, 'Target Popular-context': 362, 'Target Tail-context': 95}
2026/09/24 17:24:27 - __main__ - INFO - 1170 - trainer - Epoch: 6
2026/09/24 17:24:27 - __main__ - INFO - 1154 - trainer - Group-aware Alignment Batch------------------------------------
2026/09/24 17:24:27 - __main__ - INFO - 1159 - trainer - {'Epoch': 7, 'Source Popular-context': 421, 'Source Tail-context': 63, 'Target Popular-context': 375, 'Target Tail-context': 85}
2026/09/24 17:24:32 - __main__ - INFO - 1170 - trainer - Epoch: 7
2026/09/24 17:24:32 - __main__ - INFO - 1154 - trainer - Group-aware Alignment Batch------------------------------------
2026/09/24 17:24:32 - __main__ - INFO - 1159 - trainer - {'Epoch': 8, 'Source Popular-context': 421, 'Source Tail-context': 59, 'Target Popular-context': 368, 'Target Tail-context': 94}
2026/09/24 17:24:36 - __main__ - INFO - 1170 - trainer - Epoch: 8
2026/09/24 17:24:36 - __main__ - INFO - 1154 - trainer - Group-aware Alignment Batch------------------------------------
2026/09/24 17:24:36 - __main__ - INFO - 1159 - trainer - {'Epoch': 9, 'Source Popular-context': 402, 'Source Tail-context': 78, 'Target Popular-context': 378, 'Target Tail-context': 85}
2026/09/24 17:24:41 - __main__ - INFO - 1170 - trainer - Epoch: 9
2026/09/24 17:24:41 - __main__ - INFO - 1154 - trainer - Group-aware Alignment Batch------------------------------------
2026/09/24 17:24:41 - __main__ - INFO - 1159 - trainer - {'Epoch': 10, 'Source Popular-context': 428, 'Source Tail-context': 46, 'Target Popular-context': 374, 'Target Tail-context': 78}
2026/09/24 17:24:46 - __main__ - INFO - 1170 - trainer - Epoch: 10
2026/09/24 17:24:46 - __main__ - INFO - 1175 - trainer - start predicting: 2026-09-24 17:24:46.431140
2026/09/24 17:24:57 - __main__ - INFO - 1212 - trainer - {'Best_HR@5': 48.418, 'Best_NDCG@5': 36.9735, 'Best_HR@10': 58.9648, 'Best_NDCG@10': 40.3781, 'Best_HR@20': 69.5898, 'Best_NDCG@20': 43.0669}
2026/09/24 17:24:57 - __main__ - INFO - 1213 - trainer - {'Best_epoch_HR@5': 10, 'Best_epoch_NDCG@5': 10, 'Best_epoch_HR@10': 10, 'Best_epoch_NDCG@10': 10, 'Best_epoch_HR@20': 10, 'Best_epoch_NDCG@20': 10}
2026/09/24 17:24:58 - __main__ - INFO - 1154 - trainer - Group-aware Alignment Batch------------------------------------
2026/09/24 17:24:58 - __main__ - INFO - 1159 - trainer - {'Epoch': 11, 'Source Popular-context': 413, 'Source Tail-context': 60, 'Target Popular-context': 381, 'Target Tail-context': 85}
2026/09/24 17:25:02 - __main__ - INFO - 1170 - trainer - Epoch: 11
2026/09/24 17:25:02 - __main__ - INFO - 1154 - trainer - Group-aware Alignment Batch------------------------------------
2026/09/24 17:25:02 - __main__ - INFO - 1159 - trainer - {'Epoch': 12, 'Source Popular-context': 424, 'Source Tail-context': 60, 'Target Popular-context': 372, 'Target Tail-context': 80}
2026/09/24 17:25:06 - __main__ - INFO - 1170 - trainer - Epoch: 12
2026/09/24 17:25:06 - __main__ - INFO - 1154 - trainer - Group-aware Alignment Batch------------------------------------
2026/09/24 17:25:06 - __main__ - INFO - 1159 - trainer - {'Epoch': 13, 'Source Popular-context': 411, 'Source Tail-context': 73, 'Target Popular-context': 382, 'Target Tail-context': 79}
2026/09/24 17:25:11 - __main__ - INFO - 1170 - trainer - Epoch: 13
2026/09/24 17:25:11 - __main__ - INFO - 1154 - trainer - Group-aware Alignment Batch------------------------------------
2026/09/24 17:25:11 - __main__ - INFO - 1159 - trainer - {'Epoch': 14, 'Source Popular-context': 423, 'Source Tail-context': 65, 'Target Popular-context': 379, 'Target Tail-context': 94}
2026/09/24 17:25:15 - __main__ - INFO - 1170 - trainer - Epoch: 14
2026/09/24 17:25:15 - __main__ - INFO - 1154 - trainer - Group-aware Alignment Batch------------------------------------
2026/09/24 17:25:15 - __main__ - INFO - 1159 - trainer - {'Epoch': 15, 'Source Popular-context': 422, 'Source Tail-context': 58, 'Target Popular-context': 373, 'Target Tail-context': 98}
2026/09/24 17:25:20 - __main__ - INFO - 1170 - trainer - Epoch: 15
2026/09/24 17:25:20 - __main__ - INFO - 1175 - trainer - start predicting: 2026-09-24 17:25:20.603491
2026/09/24 17:25:32 - __main__ - INFO - 1212 - trainer - {'Best_HR@5': 49.4531, 'Best_NDCG@5': 37.5251, 'Best_HR@10': 60.625, 'Best_NDCG@10': 41.1341, 'Best_HR@20': 70.5859, 'Best_NDCG@20': 43.6558}
2026/09/24 17:25:32 - __main__ - INFO - 1213 - trainer - {'Best_epoch_HR@5': 15, 'Best_epoch_NDCG@5': 15, 'Best_epoch_HR@10': 15, 'Best_epoch_NDCG@10': 15, 'Best_epoch_HR@20': 15, 'Best_epoch_NDCG@20': 15}
2026/09/24 17:25:32 - __main__ - INFO - 1154 - trainer - Group-aware Alignment Batch------------------------------------
2026/09/24 17:25:32 - __main__ - INFO - 1159 - trainer - {'Epoch': 16, 'Source Popular-context': 403, 'Source Tail-context': 65, 'Target Popular-context': 374, 'Target Tail-context': 89}
2026/09/24 17:25:37 - __main__ - INFO - 1170 - trainer - Epoch: 16
2026/09/24 17:25:37 - __main__ - INFO - 1154 - trainer - Group-aware Alignment Batch------------------------------------
2026/09/24 17:25:37 - __main__ - INFO - 1159 - trainer - {'Epoch': 17, 'Source Popular-context': 423, 'Source Tail-context': 52, 'Target Popular-context': 355, 'Target Tail-context': 109}
2026/09/24 17:25:41 - __main__ - INFO - 1170 - trainer - Epoch: 17
2026/09/24 17:25:41 - __main__ - INFO - 1154 - trainer - Group-aware Alignment Batch------------------------------------
2026/09/24 17:25:41 - __main__ - INFO - 1159 - trainer - {'Epoch': 18, 'Source Popular-context': 413, 'Source Tail-context': 63, 'Target Popular-context': 386, 'Target Tail-context': 85}
2026/09/24 17:25:46 - __main__ - INFO - 1170 - trainer - Epoch: 18
2026/09/24 17:25:46 - __main__ - INFO - 1154 - trainer - Group-aware Alignment Batch------------------------------------
2026/09/24 17:25:46 - __main__ - INFO - 1159 - trainer - {'Epoch': 19, 'Source Popular-context': 402, 'Source Tail-context': 63, 'Target Popular-context': 367, 'Target Tail-context': 94}
2026/09/24 17:25:51 - __main__ - INFO - 1170 - trainer - Epoch: 19
2026/09/24 17:25:51 - __main__ - INFO - 1154 - trainer - Group-aware Alignment Batch------------------------------------
2026/09/24 17:25:51 - __main__ - INFO - 1159 - trainer - {'Epoch': 20, 'Source Popular-context': 409, 'Source Tail-context': 62, 'Target Popular-context': 373, 'Target Tail-context': 82}
2026/09/24 17:25:55 - __main__ - INFO - 1170 - trainer - Epoch: 20
2026/09/24 17:25:55 - __main__ - INFO - 1175 - trainer - start predicting: 2026-09-24 17:25:55.802287
2026/09/24 17:26:07 - __main__ - INFO - 1154 - trainer - Group-aware Alignment Batch------------------------------------
2026/09/24 17:26:07 - __main__ - INFO - 1159 - trainer - {'Epoch': 21, 'Source Popular-context': 404, 'Source Tail-context': 63, 'Target Popular-context': 372, 'Target Tail-context': 83}
2026/09/24 17:26:12 - __main__ - INFO - 1170 - trainer - Epoch: 21
2026/09/24 17:26:12 - __main__ - INFO - 1154 - trainer - Group-aware Alignment Batch------------------------------------
2026/09/24 17:26:12 - __main__ - INFO - 1159 - trainer - {'Epoch': 22, 'Source Popular-context': 416, 'Source Tail-context': 59, 'Target Popular-context': 370, 'Target Tail-context': 78}
2026/09/24 17:26:16 - __main__ - INFO - 1170 - trainer - Epoch: 22
2026/09/24 17:26:16 - __main__ - INFO - 1154 - trainer - Group-aware Alignment Batch------------------------------------
2026/09/24 17:26:16 - __main__ - INFO - 1159 - trainer - {'Epoch': 23, 'Source Popular-context': 404, 'Source Tail-context': 69, 'Target Popular-context': 385, 'Target Tail-context': 81}
2026/09/24 17:26:21 - __main__ - INFO - 1170 - trainer - Epoch: 23
2026/09/24 17:26:21 - __main__ - INFO - 1154 - trainer - Group-aware Alignment Batch------------------------------------
2026/09/24 17:26:21 - __main__ - INFO - 1159 - trainer - {'Epoch': 24, 'Source Popular-context': 400, 'Source Tail-context': 74, 'Target Popular-context': 373, 'Target Tail-context': 90}
2026/09/24 17:26:26 - __main__ - INFO - 1170 - trainer - Epoch: 24
2026/09/24 17:26:26 - __main__ - INFO - 1154 - trainer - Group-aware Alignment Batch------------------------------------
2026/09/24 17:26:26 - __main__ - INFO - 1159 - trainer - {'Epoch': 25, 'Source Popular-context': 415, 'Source Tail-context': 50, 'Target Popular-context': 382, 'Target Tail-context': 81}
2026/09/24 17:26:31 - __main__ - INFO - 1170 - trainer - Epoch: 25
2026/09/24 17:26:31 - __main__ - INFO - 1175 - trainer - start predicting: 2026-09-24 17:26:31.512016
2026/09/24 17:26:43 - __main__ - INFO - 1222 - trainer - {'Best_HR@5': 49.4531, 'Best_NDCG@5': 37.5251, 'Best_HR@10': 60.625, 'Best_NDCG@10': 41.1341, 'Best_HR@20': 70.5859, 'Best_NDCG@20': 43.6558}
2026/09/24 17:26:43 - __main__ - INFO - 1223 - trainer - {'Best_epoch_HR@5': 15, 'Best_epoch_NDCG@5': 15, 'Best_epoch_HR@10': 15, 'Best_epoch_NDCG@10': 15, 'Best_epoch_HR@20': 15, 'Best_epoch_NDCG@20': 15}
2026/09/24 17:26:43 - __main__ - INFO - 1329 - trainer - Source Popularity Definition---------------------------------------------
2026/09/24 17:26:43 - __main__ - INFO - 1334 - trainer - {'domain': 'Source', 'popular_ratio': 0.2, 'observed_train_items': 89276, 'popular_items': 17856, 'unpopular_seen_items': 71420, 'unseen_items_in_test': 'calculated from test ground truth'}
2026/09/24 17:26:50 - __main__ - INFO - 1610 - trainer - %s Test Overall------------------------------------------------------
2026/09/24 17:26:50 - __main__ - INFO - 1614 - trainer - {'HR@5': 49.9136, 'NDCG@5': 38.1646, 'HR@10': 60.4586, 'NDCG@10': 41.5905, 'HR@20': 70.3512, 'NDCG@20': 44.1024}
2026/09/24 17:26:50 - __main__ - INFO - 1705 - trainer - Source Test Group Size----------------------------------------------
2026/09/24 17:26:50 - __main__ - INFO - 1710 - trainer - {'domain': 'Source', 'Overall_test_samples': 10422, 'Popular_test_samples': 7854, 'Unpopular_seen_test_samples': 1824, 'Unseen_test_samples': 744, 'Grouped_test_samples': 10422}
2026/09/24 17:26:50 - __main__ - INFO - 1712 - trainer - Source Test Popular Ground Truth-------------------------------------
2026/09/24 17:26:50 - __main__ - INFO - 1717 - trainer - {'HR@5': 65.5844, 'NDCG@5': 50.3352, 'HR@10': 78.1767, 'NDCG@10': 54.4395, 'HR@20': 88.2353, 'NDCG@20': 57.0076}
2026/09/24 17:26:50 - __main__ - INFO - 1719 - trainer - Source Test Unpopular-Seen Ground Truth------------------------------
2026/09/24 17:26:50 - __main__ - INFO - 1724 - trainer - {'HR@5': 2.7961, 'NDCG@5': 1.326, 'HR@10': 8.8268, 'NDCG@10': 3.2279, 'HR@20': 22.0395, 'NDCG@20': 6.5224}
2026/09/24 17:26:50 - __main__ - INFO - 1728 - trainer - Source Test Unseen Ground Truth--------------------------------------
2026/09/24 17:26:50 - __main__ - INFO - 1733 - trainer - {'HR@5': 0.0, 'NDCG@5': 0.0, 'HR@10': 0.0, 'NDCG@10': 0.0, 'HR@20': 0.0, 'NDCG@20': 0.0}
2026/09/24 17:26:50 - __main__ - INFO - 1735 - trainer - Source Recommendation Popularity-------------------------------------
2026/09/24 17:26:50 - __main__ - INFO - 1740 - trainer - {'PopularRatio@5': 93.6461, 'PopularRatio@10': 82.2894, 'PopularRatio@20': 61.8269}
2026/09/24 17:26:50 - __main__ - INFO - 1743 - trainer - Best Eval---------------------------------------------------------
2026/09/24 17:26:50 - __main__ - INFO - 1746 - trainer - {'Best_HR@5': 49.4531, 'Best_NDCG@5': 37.5251, 'Best_HR@10': 60.625, 'Best_NDCG@10': 41.1341, 'Best_HR@20': 70.5859, 'Best_NDCG@20': 43.6558}
2026/09/24 17:26:50 - __main__ - INFO - 1747 - trainer - {'Best_epoch_HR@5': 15, 'Best_epoch_NDCG@5': 15, 'Best_epoch_HR@10': 15, 'Best_epoch_NDCG@10': 15, 'Best_epoch_HR@20': 15, 'Best_epoch_NDCG@20': 15}
2026/09/24 17:26:50 - __main__ - INFO - 956 - trainer - D2 Tail-target Context Regulation
2026/09/24 17:26:50 - __main__ - INFO - 960 - trainer - {'Experiment': 'E-v2', 'Mechanism': 'M2 Representation Dominance', 'Action': 'D2 Popularity-aware Sequence Regulation', 'Decision_input': 'Sequence Popularity Only', 'Next_condition': 'None', 'Context_state': 'high', 'Low': 'SeqPopRatio < 0.5', 'Medium': '0.5 <= SeqPopRatio < 0.75', 'High': 'SeqPopRatio >= 0.75', 'augmentation_probability': 1.0, 'popular_drop_probability': 0.5, 'preserve_recent': 2, 'popular_items': 4372}
2026/09/24 17:26:50 - __main__ - INFO - 1042 - trainer - D2 Context Regulation Batch Check
2026/09/24 17:26:50 - __main__ - INFO - 1046 - trainer - {'batch_size': 512, 'experiment_e_state': 'high', 'low_threshold': 0.5, 'high_threshold': 0.75, 'drop_probability': 0.5, 'eligible_samples': 302, 'augmented_samples': 302, 'eligible_ratio': 0.5898, 'augmentation_ratio_among_eligible': 1.0, 'avg_eligible_sequence_pop_ratio': 0.8919, 'dropped_popular_items': 488}
2026/09/24 17:26:50 - __main__ - INFO - 1042 - trainer - D2 Context Regulation Batch Check
2026/09/24 17:26:50 - __main__ - INFO - 1046 - trainer - {'batch_size': 512, 'experiment_e_state': 'high', 'low_threshold': 0.5, 'high_threshold': 0.75, 'drop_probability': 0.5, 'eligible_samples': 307, 'augmented_samples': 307, 'eligible_ratio': 0.5996, 'augmentation_ratio_among_eligible': 1.0, 'avg_eligible_sequence_pop_ratio': 0.9053, 'dropped_popular_items': 557}
2026/09/24 17:26:50 - __main__ - INFO - 1042 - trainer - D2 Context Regulation Batch Check
2026/09/24 17:26:50 - __main__ - INFO - 1046 - trainer - {'batch_size': 512, 'experiment_e_state': 'high', 'low_threshold': 0.5, 'high_threshold': 0.75, 'drop_probability': 0.5, 'eligible_samples': 301, 'augmented_samples': 301, 'eligible_ratio': 0.5879, 'augmentation_ratio_among_eligible': 1.0, 'avg_eligible_sequence_pop_ratio': 0.903, 'dropped_popular_items': 531}
2026/09/24 17:26:51 - __main__ - INFO - 1170 - trainer - Epoch: 0
2026/09/24 17:26:52 - __main__ - INFO - 1170 - trainer - Epoch: 1
2026/09/24 17:26:52 - __main__ - INFO - 1175 - trainer - start predicting: 2026-09-24 17:26:52.674111
2026/09/24 17:26:54 - __main__ - INFO - 1212 - trainer - {'Best_HR@5': 7.7637, 'Best_NDCG@5': 4.2726, 'Best_HR@10': 14.6973, 'Best_NDCG@10': 6.4608, 'Best_HR@20': 28.1738, 'Best_NDCG@20': 9.828}
2026/09/24 17:26:54 - __main__ - INFO - 1213 - trainer - {'Best_epoch_HR@5': 1, 'Best_epoch_NDCG@5': 1, 'Best_epoch_HR@10': 1, 'Best_epoch_NDCG@10': 1, 'Best_epoch_HR@20': 1, 'Best_epoch_NDCG@20': 1}
2026/09/24 17:26:55 - __main__ - INFO - 1170 - trainer - Epoch: 2
2026/09/24 17:26:55 - __main__ - INFO - 1175 - trainer - start predicting: 2026-09-24 17:26:55.227932
2026/09/24 17:26:56 - __main__ - INFO - 1212 - trainer - {'Best_HR@5': 12.207, 'Best_NDCG@5': 7.5804, 'Best_HR@10': 21.1914, 'Best_NDCG@10': 10.4626, 'Best_HR@20': 36.7676, 'Best_NDCG@20': 14.3909}
2026/09/24 17:26:56 - __main__ - INFO - 1213 - trainer - {'Best_epoch_HR@5': 2, 'Best_epoch_NDCG@5': 2, 'Best_epoch_HR@10': 2, 'Best_epoch_NDCG@10': 2, 'Best_epoch_HR@20': 2, 'Best_epoch_NDCG@20': 2}
2026/09/24 17:26:57 - __main__ - INFO - 1170 - trainer - Epoch: 3
2026/09/24 17:26:57 - __main__ - INFO - 1175 - trainer - start predicting: 2026-09-24 17:26:57.895558
2026/09/24 17:26:59 - __main__ - INFO - 1212 - trainer - {'Best_HR@5': 17.9688, 'Best_NDCG@5': 11.7994, 'Best_HR@10': 29.9805, 'Best_NDCG@10': 15.6435, 'Best_HR@20': 45.5078, 'Best_NDCG@20': 19.5533}
2026/09/24 17:26:59 - __main__ - INFO - 1213 - trainer - {'Best_epoch_HR@5': 3, 'Best_epoch_NDCG@5': 3, 'Best_epoch_HR@10': 3, 'Best_epoch_NDCG@10': 3, 'Best_epoch_HR@20': 3, 'Best_epoch_NDCG@20': 3}
2026/09/24 17:27:00 - __main__ - INFO - 1170 - trainer - Epoch: 4
2026/09/24 17:27:00 - __main__ - INFO - 1175 - trainer - start predicting: 2026-09-24 17:27:00.495278
2026/09/24 17:27:02 - __main__ - INFO - 1212 - trainer - {'Best_HR@5': 23.5352, 'Best_NDCG@5': 15.8013, 'Best_HR@10': 35.4004, 'Best_NDCG@10': 19.6016, 'Best_HR@20': 51.123, 'Best_NDCG@20': 23.5601}
2026/09/24 17:27:02 - __main__ - INFO - 1213 - trainer - {'Best_epoch_HR@5': 4, 'Best_epoch_NDCG@5': 4, 'Best_epoch_HR@10': 4, 'Best_epoch_NDCG@10': 4, 'Best_epoch_HR@20': 4, 'Best_epoch_NDCG@20': 4}
2026/09/24 17:27:03 - __main__ - INFO - 1170 - trainer - Epoch: 5
2026/09/24 17:27:03 - __main__ - INFO - 1175 - trainer - start predicting: 2026-09-24 17:27:03.093904
2026/09/24 17:27:04 - __main__ - INFO - 1212 - trainer - {'Best_HR@5': 27.6367, 'Best_NDCG@5': 19.1147, 'Best_HR@10': 39.1602, 'Best_NDCG@10': 22.8048, 'Best_HR@20': 54.0039, 'Best_NDCG@20': 26.5293}
2026/09/24 17:27:04 - __main__ - INFO - 1213 - trainer - {'Best_epoch_HR@5': 5, 'Best_epoch_NDCG@5': 5, 'Best_epoch_HR@10': 5, 'Best_epoch_NDCG@10': 5, 'Best_epoch_HR@20': 5, 'Best_epoch_NDCG@20': 5}
2026/09/24 17:27:05 - __main__ - INFO - 1170 - trainer - Epoch: 6
2026/09/24 17:27:05 - __main__ - INFO - 1175 - trainer - start predicting: 2026-09-24 17:27:05.620558
2026/09/24 17:27:07 - __main__ - INFO - 1212 - trainer - {'Best_HR@5': 29.7852, 'Best_NDCG@5': 21.4851, 'Best_HR@10': 41.5039, 'Best_NDCG@10': 25.2212, 'Best_HR@20': 56.8359, 'Best_NDCG@20': 29.0513}
2026/09/24 17:27:07 - __main__ - INFO - 1213 - trainer - {'Best_epoch_HR@5': 6, 'Best_epoch_NDCG@5': 6, 'Best_epoch_HR@10': 6, 'Best_epoch_NDCG@10': 6, 'Best_epoch_HR@20': 6, 'Best_epoch_NDCG@20': 6}
2026/09/24 17:27:08 - __main__ - INFO - 1170 - trainer - Epoch: 7
2026/09/24 17:27:08 - __main__ - INFO - 1175 - trainer - start predicting: 2026-09-24 17:27:08.194070
2026/09/24 17:27:09 - __main__ - INFO - 1212 - trainer - {'Best_HR@5': 32.373, 'Best_NDCG@5': 23.3932, 'Best_HR@10': 42.7246, 'Best_NDCG@10': 26.732, 'Best_HR@20': 57.4219, 'Best_NDCG@20': 30.402}
2026/09/24 17:27:09 - __main__ - INFO - 1213 - trainer - {'Best_epoch_HR@5': 7, 'Best_epoch_NDCG@5': 7, 'Best_epoch_HR@10': 7, 'Best_epoch_NDCG@10': 7, 'Best_epoch_HR@20': 7, 'Best_epoch_NDCG@20': 7}
2026/09/24 17:27:10 - __main__ - INFO - 1170 - trainer - Epoch: 8
2026/09/24 17:27:10 - __main__ - INFO - 1175 - trainer - start predicting: 2026-09-24 17:27:10.784514
2026/09/24 17:27:12 - __main__ - INFO - 1212 - trainer - {'Best_HR@5': 34.1797, 'Best_NDCG@5': 25.2876, 'Best_HR@10': 44.4824, 'Best_NDCG@10': 28.6098, 'Best_HR@20': 58.3008, 'Best_NDCG@20': 32.0894}
2026/09/24 17:27:12 - __main__ - INFO - 1213 - trainer - {'Best_epoch_HR@5': 8, 'Best_epoch_NDCG@5': 8, 'Best_epoch_HR@10': 8, 'Best_epoch_NDCG@10': 8, 'Best_epoch_HR@20': 8, 'Best_epoch_NDCG@20': 8}
2026/09/24 17:27:13 - __main__ - INFO - 1170 - trainer - Epoch: 9
2026/09/24 17:27:13 - __main__ - INFO - 1175 - trainer - start predicting: 2026-09-24 17:27:13.382372
2026/09/24 17:27:14 - __main__ - INFO - 1212 - trainer - {'Best_HR@5': 35.0098, 'Best_NDCG@5': 26.1821, 'Best_HR@10': 45.2637, 'Best_NDCG@10': 29.4755, 'Best_HR@20': 58.6914, 'Best_NDCG@20': 32.8698}
2026/09/24 17:27:14 - __main__ - INFO - 1213 - trainer - {'Best_epoch_HR@5': 9, 'Best_epoch_NDCG@5': 9, 'Best_epoch_HR@10': 9, 'Best_epoch_NDCG@10': 9, 'Best_epoch_HR@20': 9, 'Best_epoch_NDCG@20': 9}
2026/09/24 17:27:15 - __main__ - INFO - 1170 - trainer - Epoch: 10
2026/09/24 17:27:15 - __main__ - INFO - 1175 - trainer - start predicting: 2026-09-24 17:27:15.904674
2026/09/24 17:27:17 - __main__ - INFO - 1212 - trainer - {'Best_HR@5': 35.9375, 'Best_NDCG@5': 26.8207, 'Best_HR@10': 46.4355, 'Best_NDCG@10': 30.2222, 'Best_HR@20': 59.1797, 'Best_NDCG@20': 33.4353}
2026/09/24 17:27:17 - __main__ - INFO - 1213 - trainer - {'Best_epoch_HR@5': 10, 'Best_epoch_NDCG@5': 10, 'Best_epoch_HR@10': 10, 'Best_epoch_NDCG@10': 10, 'Best_epoch_HR@20': 10, 'Best_epoch_NDCG@20': 10}
2026/09/24 17:27:18 - __main__ - INFO - 1170 - trainer - Epoch: 11
2026/09/24 17:27:18 - __main__ - INFO - 1175 - trainer - start predicting: 2026-09-24 17:27:18.450408
2026/09/24 17:27:20 - __main__ - INFO - 1212 - trainer - {'Best_HR@5': 35.9375, 'Best_NDCG@5': 27.0721, 'Best_HR@10': 46.8262, 'Best_NDCG@10': 30.6278, 'Best_HR@20': 59.7168, 'Best_NDCG@20': 33.8583}
2026/09/24 17:27:20 - __main__ - INFO - 1213 - trainer - {'Best_epoch_HR@5': 10, 'Best_epoch_NDCG@5': 11, 'Best_epoch_HR@10': 11, 'Best_epoch_NDCG@10': 11, 'Best_epoch_HR@20': 11, 'Best_epoch_NDCG@20': 11}
2026/09/24 17:27:21 - __main__ - INFO - 1170 - trainer - Epoch: 12
2026/09/24 17:27:21 - __main__ - INFO - 1175 - trainer - start predicting: 2026-09-24 17:27:21.002245
2026/09/24 17:27:22 - __main__ - INFO - 1212 - trainer - {'Best_HR@5': 36.9629, 'Best_NDCG@5': 27.4316, 'Best_HR@10': 47.4121, 'Best_NDCG@10': 30.8286, 'Best_HR@20': 59.7656, 'Best_NDCG@20': 33.9446}
2026/09/24 17:27:22 - __main__ - INFO - 1213 - trainer - {'Best_epoch_HR@5': 12, 'Best_epoch_NDCG@5': 12, 'Best_epoch_HR@10': 12, 'Best_epoch_NDCG@10': 12, 'Best_epoch_HR@20': 12, 'Best_epoch_NDCG@20': 12}
2026/09/24 17:27:23 - __main__ - INFO - 1170 - trainer - Epoch: 13
2026/09/24 17:27:23 - __main__ - INFO - 1175 - trainer - start predicting: 2026-09-24 17:27:23.605646
2026/09/24 17:27:25 - __main__ - INFO - 1212 - trainer - {'Best_HR@5': 37.6953, 'Best_NDCG@5': 27.6363, 'Best_HR@10': 47.4121, 'Best_NDCG@10': 30.8286, 'Best_HR@20': 59.8145, 'Best_NDCG@20': 33.9446}
2026/09/24 17:27:25 - __main__ - INFO - 1213 - trainer - {'Best_epoch_HR@5': 13, 'Best_epoch_NDCG@5': 13, 'Best_epoch_HR@10': 12, 'Best_epoch_NDCG@10': 12, 'Best_epoch_HR@20': 13, 'Best_epoch_NDCG@20': 12}
2026/09/24 17:27:26 - __main__ - INFO - 1170 - trainer - Epoch: 14
2026/09/24 17:27:26 - __main__ - INFO - 1175 - trainer - start predicting: 2026-09-24 17:27:26.137356
2026/09/24 17:27:27 - __main__ - INFO - 1212 - trainer - {'Best_HR@5': 38.3301, 'Best_NDCG@5': 28.2157, 'Best_HR@10': 48.8281, 'Best_NDCG@10': 31.5852, 'Best_HR@20': 60.3516, 'Best_NDCG@20': 34.4922}
2026/09/24 17:27:27 - __main__ - INFO - 1213 - trainer - {'Best_epoch_HR@5': 14, 'Best_epoch_NDCG@5': 14, 'Best_epoch_HR@10': 14, 'Best_epoch_NDCG@10': 14, 'Best_epoch_HR@20': 14, 'Best_epoch_NDCG@20': 14}
2026/09/24 17:27:28 - __main__ - INFO - 1170 - trainer - Epoch: 15
2026/09/24 17:27:28 - __main__ - INFO - 1175 - trainer - start predicting: 2026-09-24 17:27:28.725741
2026/09/24 17:27:30 - __main__ - INFO - 1212 - trainer - {'Best_HR@5': 38.3301, 'Best_NDCG@5': 28.3109, 'Best_HR@10': 48.8281, 'Best_NDCG@10': 31.6974, 'Best_HR@20': 61.084, 'Best_NDCG@20': 34.88}
2026/09/24 17:27:30 - __main__ - INFO - 1213 - trainer - {'Best_epoch_HR@5': 14, 'Best_epoch_NDCG@5': 15, 'Best_epoch_HR@10': 14, 'Best_epoch_NDCG@10': 15, 'Best_epoch_HR@20': 15, 'Best_epoch_NDCG@20': 15}
2026/09/24 17:27:31 - __main__ - INFO - 1170 - trainer - Epoch: 16
2026/09/24 17:27:31 - __main__ - INFO - 1175 - trainer - start predicting: 2026-09-24 17:27:31.308329
2026/09/24 17:27:33 - __main__ - INFO - 1170 - trainer - Epoch: 17
2026/09/24 17:27:33 - __main__ - INFO - 1175 - trainer - start predicting: 2026-09-24 17:27:33.909770
2026/09/24 17:27:36 - __main__ - INFO - 1170 - trainer - Epoch: 18
2026/09/24 17:27:36 - __main__ - INFO - 1175 - trainer - start predicting: 2026-09-24 17:27:36.478357
2026/09/24 17:27:38 - __main__ - INFO - 1212 - trainer - {'Best_HR@5': 38.3301, 'Best_NDCG@5': 28.3109, 'Best_HR@10': 48.9258, 'Best_NDCG@10': 31.6974, 'Best_HR@20': 61.377, 'Best_NDCG@20': 34.88}
2026/09/24 17:27:38 - __main__ - INFO - 1213 - trainer - {'Best_epoch_HR@5': 14, 'Best_epoch_NDCG@5': 15, 'Best_epoch_HR@10': 18, 'Best_epoch_NDCG@10': 15, 'Best_epoch_HR@20': 18, 'Best_epoch_NDCG@20': 15}
2026/09/24 17:27:39 - __main__ - INFO - 1170 - trainer - Epoch: 19
2026/09/24 17:27:39 - __main__ - INFO - 1175 - trainer - start predicting: 2026-09-24 17:27:39.025742
2026/09/24 17:27:40 - __main__ - INFO - 1212 - trainer - {'Best_HR@5': 38.3301, 'Best_NDCG@5': 28.3109, 'Best_HR@10': 49.6582, 'Best_NDCG@10': 31.7094, 'Best_HR@20': 61.4746, 'Best_NDCG@20': 34.88}
2026/09/24 17:27:40 - __main__ - INFO - 1213 - trainer - {'Best_epoch_HR@5': 14, 'Best_epoch_NDCG@5': 15, 'Best_epoch_HR@10': 19, 'Best_epoch_NDCG@10': 19, 'Best_epoch_HR@20': 19, 'Best_epoch_NDCG@20': 15}
2026/09/24 17:27:41 - __main__ - INFO - 1170 - trainer - Epoch: 20
2026/09/24 17:27:41 - __main__ - INFO - 1175 - trainer - start predicting: 2026-09-24 17:27:41.622436
2026/09/24 17:27:43 - __main__ - INFO - 1212 - trainer - {'Best_HR@5': 38.4766, 'Best_NDCG@5': 28.4706, 'Best_HR@10': 49.6582, 'Best_NDCG@10': 31.9152, 'Best_HR@20': 61.4746, 'Best_NDCG@20': 34.9709}
2026/09/24 17:27:43 - __main__ - INFO - 1213 - trainer - {'Best_epoch_HR@5': 20, 'Best_epoch_NDCG@5': 20, 'Best_epoch_HR@10': 19, 'Best_epoch_NDCG@10': 20, 'Best_epoch_HR@20': 19, 'Best_epoch_NDCG@20': 20}
2026/09/24 17:27:44 - __main__ - INFO - 1170 - trainer - Epoch: 21
2026/09/24 17:27:44 - __main__ - INFO - 1175 - trainer - start predicting: 2026-09-24 17:27:44.145024
2026/09/24 17:27:46 - __main__ - INFO - 1170 - trainer - Epoch: 22
2026/09/24 17:27:46 - __main__ - INFO - 1175 - trainer - start predicting: 2026-09-24 17:27:46.734799
2026/09/24 17:27:48 - __main__ - INFO - 1212 - trainer - {'Best_HR@5': 38.4766, 'Best_NDCG@5': 28.4706, 'Best_HR@10': 49.6582, 'Best_NDCG@10': 31.9152, 'Best_HR@20': 61.8652, 'Best_NDCG@20': 34.9709}
2026/09/24 17:27:48 - __main__ - INFO - 1213 - trainer - {'Best_epoch_HR@5': 20, 'Best_epoch_NDCG@5': 20, 'Best_epoch_HR@10': 19, 'Best_epoch_NDCG@10': 20, 'Best_epoch_HR@20': 22, 'Best_epoch_NDCG@20': 20}
2026/09/24 17:27:49 - __main__ - INFO - 1170 - trainer - Epoch: 23
2026/09/24 17:27:49 - __main__ - INFO - 1175 - trainer - start predicting: 2026-09-24 17:27:49.370530
2026/09/24 17:27:51 - __main__ - INFO - 1170 - trainer - Epoch: 24
2026/09/24 17:27:51 - __main__ - INFO - 1175 - trainer - start predicting: 2026-09-24 17:27:51.948647
2026/09/24 17:27:54 - __main__ - INFO - 1170 - trainer - Epoch: 25
2026/09/24 17:27:54 - __main__ - INFO - 1175 - trainer - start predicting: 2026-09-24 17:27:54.509551
2026/09/24 17:27:57 - __main__ - INFO - 1170 - trainer - Epoch: 26
2026/09/24 17:27:57 - __main__ - INFO - 1175 - trainer - start predicting: 2026-09-24 17:27:57.054103
2026/09/24 17:27:59 - __main__ - INFO - 1170 - trainer - Epoch: 27
2026/09/24 17:27:59 - __main__ - INFO - 1175 - trainer - start predicting: 2026-09-24 17:27:59.625633
2026/09/24 17:28:01 - __main__ - INFO - 1222 - trainer - {'Best_HR@5': 38.4766, 'Best_NDCG@5': 28.4706, 'Best_HR@10': 49.6582, 'Best_NDCG@10': 31.9152, 'Best_HR@20': 61.8652, 'Best_NDCG@20': 34.9709}
2026/09/24 17:28:01 - __main__ - INFO - 1223 - trainer - {'Best_epoch_HR@5': 20, 'Best_epoch_NDCG@5': 20, 'Best_epoch_HR@10': 19, 'Best_epoch_NDCG@10': 20, 'Best_epoch_HR@20': 22, 'Best_epoch_NDCG@20': 20}
2026/09/24 17:28:01 - __main__ - INFO - 1329 - trainer - Target Popularity Definition---------------------------------------------
2026/09/24 17:28:01 - __main__ - INFO - 1334 - trainer - {'domain': 'Target', 'popular_ratio': 0.2, 'observed_train_items': 21856, 'popular_items': 4372, 'unpopular_seen_items': 17484, 'unseen_items_in_test': 'calculated from test ground truth'}
2026/09/24 17:28:02 - __main__ - INFO - 1610 - trainer - %s Test Overall------------------------------------------------------
2026/09/24 17:28:02 - __main__ - INFO - 1614 - trainer - {'HR@5': 38.6187, 'NDCG@5': 28.4472, 'HR@10': 50.4864, 'NDCG@10': 32.3123, 'HR@20': 62.1109, 'NDCG@20': 35.245}
2026/09/24 17:28:02 - __main__ - INFO - 1705 - trainer - Target Test Group Size----------------------------------------------
2026/09/24 17:28:02 - __main__ - INFO - 1710 - trainer - {'domain': 'Target', 'Overall_test_samples': 2056, 'Popular_test_samples': 1372, 'Unpopular_seen_test_samples': 505, 'Unseen_test_samples': 179, 'Grouped_test_samples': 2056}
2026/09/24 17:28:02 - __main__ - INFO - 1712 - trainer - Target Test Popular Ground Truth-------------------------------------
2026/09/24 17:28:02 - __main__ - INFO - 1717 - trainer - {'HR@5': 56.7055, 'NDCG@5': 42.1178, 'HR@10': 71.6472, 'NDCG@10': 46.9991, 'HR@20': 83.2362, 'NDCG@20': 49.9423}
2026/09/24 17:28:02 - __main__ - INFO - 1719 - trainer - Target Test Unpopular-Seen Ground Truth------------------------------
2026/09/24 17:28:02 - __main__ - INFO - 1724 - trainer - {'HR@5': 3.1683, 'NDCG@5': 1.3897, 'HR@10': 10.8911, 'NDCG@10': 3.8638, 'HR@20': 26.7327, 'NDCG@20': 7.8077}
2026/09/24 17:28:02 - __main__ - INFO - 1728 - trainer - Target Test Unseen Ground Truth--------------------------------------
2026/09/24 17:28:02 - __main__ - INFO - 1733 - trainer - {'HR@5': 0.0, 'NDCG@5': 0.0, 'HR@10': 0.0, 'NDCG@10': 0.0, 'HR@20': 0.0, 'NDCG@20': 0.0}
2026/09/24 17:28:02 - __main__ - INFO - 1735 - trainer - Target Recommendation Popularity-------------------------------------
2026/09/24 17:28:02 - __main__ - INFO - 1740 - trainer - {'PopularRatio@5': 87.5292, 'PopularRatio@10': 74.4261, 'PopularRatio@20': 57.0331}
2026/09/24 17:28:02 - __main__ - INFO - 1743 - trainer - Best Eval---------------------------------------------------------
2026/09/24 17:28:02 - __main__ - INFO - 1746 - trainer - {'Best_HR@5': 38.4766, 'Best_NDCG@5': 28.4706, 'Best_HR@10': 49.6582, 'Best_NDCG@10': 31.9152, 'Best_HR@20': 61.8652, 'Best_NDCG@20': 34.9709}
2026/09/24 17:28:02 - __main__ - INFO - 1747 - trainer - {'Best_epoch_HR@5': 20, 'Best_epoch_NDCG@5': 20, 'Best_epoch_HR@10': 19, 'Best_epoch_NDCG@10': 20, 'Best_epoch_HR@20': 22, 'Best_epoch_NDCG@20': 20}
2026/09/24 17:28:03 - __main__ - INFO - 209 - main - Target model saved at: ./saved_model/movie_video/target_model.pth
