2026/08/25 15:11:30 - __main__ - INFO - 93 - main - Namespace(batch_size=512, decay_step=100, description='Diffu_norm_score', device='cuda', diffusion_steps=32, dropout=0.1, emb_dropout=0.3, epochs=100, eval_interval=5, gamma=0.1, group_alignment=1, group_alignment_mode='both', group_context_threshold=0.5, group_pop_weight=1.0, group_tail_weight=1.0, hidden_act='gelu', hidden_size=128, lambda_uncertainty=0.001, log_file='log/', loss_lambda=1, lr=0.001, max_len=8, metric_ks=[5, 10, 20], momentum=None, noise_schedule='trunc_lin', num_blocks=4, num_gpu=1, optimizer='Adam', p=0.3, patience=2, popular_ratio=0.2, random_seed=1997, rescale_timesteps=True, s_dataset='movie', schedule_sampler_name='lossaware', t_dataset='video', target_next_focus_bin='low', target_next_reweight_alpha=0.1, target_next_rule_reweight=1, w=1.0, weight_decay=0)
2026/08/25 15:11:33 - __main__ - INFO - 562 - trainer - Group-aware Alignment Definition------------------------------------
2026/08/25 15:11:33 - __main__ - INFO - 566 - trainer - {'group_alignment': True, 'alignment_mode': 'both', 'context_threshold': 0.5, 'popular_weight': 1.0, 'tail_weight': 1.0, 'source_popular_items': 17856, 'target_popular_items': 4372}
2026/08/25 15:11:33 - __main__ - INFO - 698 - trainer - Group-aware Alignment Batch------------------------------------
2026/08/25 15:11:33 - __main__ - INFO - 703 - trainer - {'Epoch': 0, 'Source Popular-context': 407, 'Source Tail-context': 75, 'Target Popular-context': 379, 'Target Tail-context': 87}
2026/08/25 15:11:38 - __main__ - INFO - 714 - trainer - Epoch: 0
2026/08/25 15:11:38 - __main__ - INFO - 698 - trainer - Group-aware Alignment Batch------------------------------------
2026/08/25 15:11:38 - __main__ - INFO - 703 - trainer - {'Epoch': 1, 'Source Popular-context': 394, 'Source Tail-context': 77, 'Target Popular-context': 372, 'Target Tail-context': 83}
2026/08/25 15:11:43 - __main__ - INFO - 714 - trainer - Epoch: 1
2026/08/25 15:11:43 - __main__ - INFO - 698 - trainer - Group-aware Alignment Batch------------------------------------
2026/08/25 15:11:43 - __main__ - INFO - 703 - trainer - {'Epoch': 2, 'Source Popular-context': 393, 'Source Tail-context': 73, 'Target Popular-context': 387, 'Target Tail-context': 77}
2026/08/25 15:11:47 - __main__ - INFO - 714 - trainer - Epoch: 2
2026/08/25 15:11:47 - __main__ - INFO - 698 - trainer - Group-aware Alignment Batch------------------------------------
2026/08/25 15:11:47 - __main__ - INFO - 703 - trainer - {'Epoch': 3, 'Source Popular-context': 409, 'Source Tail-context': 56, 'Target Popular-context': 342, 'Target Tail-context': 98}
2026/08/25 15:11:52 - __main__ - INFO - 714 - trainer - Epoch: 3
2026/08/25 15:11:52 - __main__ - INFO - 698 - trainer - Group-aware Alignment Batch------------------------------------
2026/08/25 15:11:52 - __main__ - INFO - 703 - trainer - {'Epoch': 4, 'Source Popular-context': 418, 'Source Tail-context': 59, 'Target Popular-context': 370, 'Target Tail-context': 79}
2026/08/25 15:11:56 - __main__ - INFO - 714 - trainer - Epoch: 4
2026/08/25 15:11:56 - __main__ - INFO - 698 - trainer - Group-aware Alignment Batch------------------------------------
2026/08/25 15:11:56 - __main__ - INFO - 703 - trainer - {'Epoch': 5, 'Source Popular-context': 403, 'Source Tail-context': 59, 'Target Popular-context': 368, 'Target Tail-context': 85}
2026/08/25 15:12:01 - __main__ - INFO - 714 - trainer - Epoch: 5
2026/08/25 15:12:01 - __main__ - INFO - 719 - trainer - start predicting: 2026-08-25 15:12:01.012153
2026/08/25 15:12:12 - __main__ - INFO - 756 - trainer - {'Best_HR@5': 38.6621, 'Best_NDCG@5': 29.8305, 'Best_HR@10': 49.1016, 'Best_NDCG@10': 33.2054, 'Best_HR@20': 61.8359, 'Best_NDCG@20': 36.4132}
2026/08/25 15:12:12 - __main__ - INFO - 757 - trainer - {'Best_epoch_HR@5': 5, 'Best_epoch_NDCG@5': 5, 'Best_epoch_HR@10': 5, 'Best_epoch_NDCG@10': 5, 'Best_epoch_HR@20': 5, 'Best_epoch_NDCG@20': 5}
2026/08/25 15:12:13 - __main__ - INFO - 698 - trainer - Group-aware Alignment Batch------------------------------------
2026/08/25 15:12:13 - __main__ - INFO - 703 - trainer - {'Epoch': 6, 'Source Popular-context': 423, 'Source Tail-context': 54, 'Target Popular-context': 362, 'Target Tail-context': 95}
2026/08/25 15:12:17 - __main__ - INFO - 714 - trainer - Epoch: 6
2026/08/25 15:12:17 - __main__ - INFO - 698 - trainer - Group-aware Alignment Batch------------------------------------
2026/08/25 15:12:17 - __main__ - INFO - 703 - trainer - {'Epoch': 7, 'Source Popular-context': 421, 'Source Tail-context': 63, 'Target Popular-context': 375, 'Target Tail-context': 85}
2026/08/25 15:12:21 - __main__ - INFO - 714 - trainer - Epoch: 7
2026/08/25 15:12:21 - __main__ - INFO - 698 - trainer - Group-aware Alignment Batch------------------------------------
2026/08/25 15:12:21 - __main__ - INFO - 703 - trainer - {'Epoch': 8, 'Source Popular-context': 421, 'Source Tail-context': 59, 'Target Popular-context': 368, 'Target Tail-context': 94}
2026/08/25 15:12:26 - __main__ - INFO - 714 - trainer - Epoch: 8
2026/08/25 15:12:26 - __main__ - INFO - 698 - trainer - Group-aware Alignment Batch------------------------------------
2026/08/25 15:12:26 - __main__ - INFO - 703 - trainer - {'Epoch': 9, 'Source Popular-context': 402, 'Source Tail-context': 78, 'Target Popular-context': 378, 'Target Tail-context': 85}
2026/08/25 15:12:30 - __main__ - INFO - 714 - trainer - Epoch: 9
2026/08/25 15:12:30 - __main__ - INFO - 698 - trainer - Group-aware Alignment Batch------------------------------------
2026/08/25 15:12:30 - __main__ - INFO - 703 - trainer - {'Epoch': 10, 'Source Popular-context': 428, 'Source Tail-context': 46, 'Target Popular-context': 374, 'Target Tail-context': 78}
2026/08/25 15:12:34 - __main__ - INFO - 714 - trainer - Epoch: 10
2026/08/25 15:12:34 - __main__ - INFO - 719 - trainer - start predicting: 2026-08-25 15:12:34.630999
2026/08/25 15:12:46 - __main__ - INFO - 756 - trainer - {'Best_HR@5': 48.2227, 'Best_NDCG@5': 36.8793, 'Best_HR@10': 58.877, 'Best_NDCG@10': 40.3294, 'Best_HR@20': 69.4629, 'Best_NDCG@20': 43.0071}
2026/08/25 15:12:46 - __main__ - INFO - 757 - trainer - {'Best_epoch_HR@5': 10, 'Best_epoch_NDCG@5': 10, 'Best_epoch_HR@10': 10, 'Best_epoch_NDCG@10': 10, 'Best_epoch_HR@20': 10, 'Best_epoch_NDCG@20': 10}
2026/08/25 15:12:46 - __main__ - INFO - 698 - trainer - Group-aware Alignment Batch------------------------------------
2026/08/25 15:12:46 - __main__ - INFO - 703 - trainer - {'Epoch': 11, 'Source Popular-context': 413, 'Source Tail-context': 60, 'Target Popular-context': 381, 'Target Tail-context': 85}
2026/08/25 15:12:51 - __main__ - INFO - 714 - trainer - Epoch: 11
2026/08/25 15:12:51 - __main__ - INFO - 698 - trainer - Group-aware Alignment Batch------------------------------------
2026/08/25 15:12:51 - __main__ - INFO - 703 - trainer - {'Epoch': 12, 'Source Popular-context': 424, 'Source Tail-context': 60, 'Target Popular-context': 372, 'Target Tail-context': 80}
2026/08/25 15:12:55 - __main__ - INFO - 714 - trainer - Epoch: 12
2026/08/25 15:12:55 - __main__ - INFO - 698 - trainer - Group-aware Alignment Batch------------------------------------
2026/08/25 15:12:55 - __main__ - INFO - 703 - trainer - {'Epoch': 13, 'Source Popular-context': 411, 'Source Tail-context': 73, 'Target Popular-context': 382, 'Target Tail-context': 79}
2026/08/25 15:13:00 - __main__ - INFO - 714 - trainer - Epoch: 13
2026/08/25 15:13:00 - __main__ - INFO - 698 - trainer - Group-aware Alignment Batch------------------------------------
2026/08/25 15:13:00 - __main__ - INFO - 703 - trainer - {'Epoch': 14, 'Source Popular-context': 423, 'Source Tail-context': 65, 'Target Popular-context': 379, 'Target Tail-context': 94}
2026/08/25 15:13:04 - __main__ - INFO - 714 - trainer - Epoch: 14
2026/08/25 15:13:04 - __main__ - INFO - 698 - trainer - Group-aware Alignment Batch------------------------------------
2026/08/25 15:13:04 - __main__ - INFO - 703 - trainer - {'Epoch': 15, 'Source Popular-context': 422, 'Source Tail-context': 58, 'Target Popular-context': 373, 'Target Tail-context': 98}
2026/08/25 15:13:08 - __main__ - INFO - 714 - trainer - Epoch: 15
2026/08/25 15:13:08 - __main__ - INFO - 719 - trainer - start predicting: 2026-08-25 15:13:08.652341
2026/08/25 15:13:20 - __main__ - INFO - 756 - trainer - {'Best_HR@5': 49.1797, 'Best_NDCG@5': 37.4333, 'Best_HR@10': 60.3223, 'Best_NDCG@10': 41.0498, 'Best_HR@20': 70.4297, 'Best_NDCG@20': 43.6145}
2026/08/25 15:13:20 - __main__ - INFO - 757 - trainer - {'Best_epoch_HR@5': 15, 'Best_epoch_NDCG@5': 15, 'Best_epoch_HR@10': 15, 'Best_epoch_NDCG@10': 15, 'Best_epoch_HR@20': 15, 'Best_epoch_NDCG@20': 15}
2026/08/25 15:13:20 - __main__ - INFO - 698 - trainer - Group-aware Alignment Batch------------------------------------
2026/08/25 15:13:20 - __main__ - INFO - 703 - trainer - {'Epoch': 16, 'Source Popular-context': 403, 'Source Tail-context': 65, 'Target Popular-context': 374, 'Target Tail-context': 89}
2026/08/25 15:13:25 - __main__ - INFO - 714 - trainer - Epoch: 16
2026/08/25 15:13:25 - __main__ - INFO - 698 - trainer - Group-aware Alignment Batch------------------------------------
2026/08/25 15:13:25 - __main__ - INFO - 703 - trainer - {'Epoch': 17, 'Source Popular-context': 423, 'Source Tail-context': 52, 'Target Popular-context': 355, 'Target Tail-context': 109}
2026/08/25 15:13:29 - __main__ - INFO - 714 - trainer - Epoch: 17
2026/08/25 15:13:29 - __main__ - INFO - 698 - trainer - Group-aware Alignment Batch------------------------------------
2026/08/25 15:13:29 - __main__ - INFO - 703 - trainer - {'Epoch': 18, 'Source Popular-context': 413, 'Source Tail-context': 63, 'Target Popular-context': 386, 'Target Tail-context': 85}
2026/08/25 15:13:33 - __main__ - INFO - 714 - trainer - Epoch: 18
2026/08/25 15:13:33 - __main__ - INFO - 698 - trainer - Group-aware Alignment Batch------------------------------------
2026/08/25 15:13:33 - __main__ - INFO - 703 - trainer - {'Epoch': 19, 'Source Popular-context': 402, 'Source Tail-context': 63, 'Target Popular-context': 367, 'Target Tail-context': 94}
2026/08/25 15:13:38 - __main__ - INFO - 714 - trainer - Epoch: 19
2026/08/25 15:13:38 - __main__ - INFO - 698 - trainer - Group-aware Alignment Batch------------------------------------
2026/08/25 15:13:38 - __main__ - INFO - 703 - trainer - {'Epoch': 20, 'Source Popular-context': 409, 'Source Tail-context': 62, 'Target Popular-context': 373, 'Target Tail-context': 82}
2026/08/25 15:13:43 - __main__ - INFO - 714 - trainer - Epoch: 20
2026/08/25 15:13:43 - __main__ - INFO - 719 - trainer - start predicting: 2026-08-25 15:13:43.137828
2026/08/25 15:13:54 - __main__ - INFO - 698 - trainer - Group-aware Alignment Batch------------------------------------
2026/08/25 15:13:54 - __main__ - INFO - 703 - trainer - {'Epoch': 21, 'Source Popular-context': 404, 'Source Tail-context': 63, 'Target Popular-context': 372, 'Target Tail-context': 83}
2026/08/25 15:13:59 - __main__ - INFO - 714 - trainer - Epoch: 21
2026/08/25 15:13:59 - __main__ - INFO - 698 - trainer - Group-aware Alignment Batch------------------------------------
2026/08/25 15:13:59 - __main__ - INFO - 703 - trainer - {'Epoch': 22, 'Source Popular-context': 416, 'Source Tail-context': 59, 'Target Popular-context': 370, 'Target Tail-context': 78}
2026/08/25 15:14:03 - __main__ - INFO - 714 - trainer - Epoch: 22
2026/08/25 15:14:03 - __main__ - INFO - 698 - trainer - Group-aware Alignment Batch------------------------------------
2026/08/25 15:14:03 - __main__ - INFO - 703 - trainer - {'Epoch': 23, 'Source Popular-context': 404, 'Source Tail-context': 69, 'Target Popular-context': 385, 'Target Tail-context': 81}
2026/08/25 15:14:08 - __main__ - INFO - 714 - trainer - Epoch: 23
2026/08/25 15:14:08 - __main__ - INFO - 698 - trainer - Group-aware Alignment Batch------------------------------------
2026/08/25 15:14:08 - __main__ - INFO - 703 - trainer - {'Epoch': 24, 'Source Popular-context': 400, 'Source Tail-context': 74, 'Target Popular-context': 373, 'Target Tail-context': 90}
2026/08/25 15:14:12 - __main__ - INFO - 714 - trainer - Epoch: 24
2026/08/25 15:14:12 - __main__ - INFO - 698 - trainer - Group-aware Alignment Batch------------------------------------
2026/08/25 15:14:12 - __main__ - INFO - 703 - trainer - {'Epoch': 25, 'Source Popular-context': 415, 'Source Tail-context': 50, 'Target Popular-context': 382, 'Target Tail-context': 81}
2026/08/25 15:14:17 - __main__ - INFO - 714 - trainer - Epoch: 25
2026/08/25 15:14:17 - __main__ - INFO - 719 - trainer - start predicting: 2026-08-25 15:14:17.127336
2026/08/25 15:14:28 - __main__ - INFO - 766 - trainer - {'Best_HR@5': 49.1797, 'Best_NDCG@5': 37.4333, 'Best_HR@10': 60.3223, 'Best_NDCG@10': 41.0498, 'Best_HR@20': 70.4297, 'Best_NDCG@20': 43.6145}
2026/08/25 15:14:28 - __main__ - INFO - 767 - trainer - {'Best_epoch_HR@5': 15, 'Best_epoch_NDCG@5': 15, 'Best_epoch_HR@10': 15, 'Best_epoch_NDCG@10': 15, 'Best_epoch_HR@20': 15, 'Best_epoch_NDCG@20': 15}
2026/08/25 15:14:28 - __main__ - INFO - 873 - trainer - Source Popularity Definition---------------------------------------------
2026/08/25 15:14:28 - __main__ - INFO - 878 - trainer - {'domain': 'Source', 'popular_ratio': 0.2, 'observed_train_items': 89276, 'popular_items': 17856, 'unpopular_seen_items': 71420, 'unseen_items_in_test': 'calculated from test ground truth'}
2026/08/25 15:14:35 - __main__ - INFO - 1154 - trainer - %s Test Overall------------------------------------------------------
2026/08/25 15:14:35 - __main__ - INFO - 1158 - trainer - {'HR@5': 49.8753, 'NDCG@5': 38.1821, 'HR@10': 60.4107, 'NDCG@10': 41.608, 'HR@20': 70.1785, 'NDCG@20': 44.0883}
2026/08/25 15:14:35 - __main__ - INFO - 1249 - trainer - Source Test Group Size----------------------------------------------
2026/08/25 15:14:35 - __main__ - INFO - 1254 - trainer - {'domain': 'Source', 'Overall_test_samples': 10422, 'Popular_test_samples': 7854, 'Unpopular_seen_test_samples': 1824, 'Unseen_test_samples': 744, 'Grouped_test_samples': 10422}
2026/08/25 15:14:35 - __main__ - INFO - 1256 - trainer - Source Test Popular Ground Truth-------------------------------------
2026/08/25 15:14:35 - __main__ - INFO - 1261 - trainer - {'HR@5': 65.4826, 'NDCG@5': 50.336, 'HR@10': 78.2022, 'NDCG@10': 54.4832, 'HR@20': 87.9297, 'NDCG@20': 56.9665}
2026/08/25 15:14:35 - __main__ - INFO - 1263 - trainer - Source Test Unpopular-Seen Ground Truth------------------------------
2026/08/25 15:14:35 - __main__ - INFO - 1268 - trainer - {'HR@5': 3.0154, 'NDCG@5': 1.4225, 'HR@10': 8.443, 'NDCG@10': 3.1399, 'HR@20': 22.3684, 'NDCG@20': 6.6193}
2026/08/25 15:14:35 - __main__ - INFO - 1272 - trainer - Source Test Unseen Ground Truth--------------------------------------
2026/08/25 15:14:35 - __main__ - INFO - 1277 - trainer - {'HR@5': 0.0, 'NDCG@5': 0.0, 'HR@10': 0.0, 'NDCG@10': 0.0, 'HR@20': 0.0, 'NDCG@20': 0.0}
2026/08/25 15:14:35 - __main__ - INFO - 1279 - trainer - Source Recommendation Popularity-------------------------------------
2026/08/25 15:14:35 - __main__ - INFO - 1284 - trainer - {'PopularRatio@5': 93.5483, 'PopularRatio@10': 82.1061, 'PopularRatio@20': 61.7319}
2026/08/25 15:14:35 - __main__ - INFO - 1287 - trainer - Best Eval---------------------------------------------------------
2026/08/25 15:14:35 - __main__ - INFO - 1290 - trainer - {'Best_HR@5': 49.1797, 'Best_NDCG@5': 37.4333, 'Best_HR@10': 60.3223, 'Best_NDCG@10': 41.0498, 'Best_HR@20': 70.4297, 'Best_NDCG@20': 43.6145}
2026/08/25 15:14:35 - __main__ - INFO - 1291 - trainer - {'Best_epoch_HR@5': 15, 'Best_epoch_NDCG@5': 15, 'Best_epoch_HR@10': 15, 'Best_epoch_NDCG@10': 15, 'Best_epoch_HR@20': 15, 'Best_epoch_NDCG@20': 15}
2026/08/25 15:14:35 - __main__ - INFO - 505 - trainer - D1 Sample-wise Target Next Regulation
2026/08/25 15:14:35 - __main__ - INFO - 508 - trainer - {'D1': 'Sample-wise Target Next Regulation', 'Popular Next Action': 'Normal', 'Unpopular Next Action': 'Reweight', 'Popular Next Samples': 11526, 'Unpopular Next Samples': 4912, 'Alpha': 0.1, 'Mean Unpopular Raw Weight': 1.025}
2026/08/25 15:14:35 - __main__ - INFO - 714 - trainer - Epoch: 0
2026/08/25 15:14:36 - __main__ - INFO - 714 - trainer - Epoch: 1
2026/08/25 15:14:36 - __main__ - INFO - 719 - trainer - start predicting: 2026-08-25 15:14:36.466672
2026/08/25 15:14:38 - __main__ - INFO - 756 - trainer - {'Best_HR@5': 7.8613, 'Best_NDCG@5': 4.2973, 'Best_HR@10': 14.7461, 'Best_NDCG@10': 6.4804, 'Best_HR@20': 30.1758, 'Best_NDCG@20': 10.3362}
2026/08/25 15:14:38 - __main__ - INFO - 757 - trainer - {'Best_epoch_HR@5': 1, 'Best_epoch_NDCG@5': 1, 'Best_epoch_HR@10': 1, 'Best_epoch_NDCG@10': 1, 'Best_epoch_HR@20': 1, 'Best_epoch_NDCG@20': 1}
2026/08/25 15:14:38 - __main__ - INFO - 714 - trainer - Epoch: 2
2026/08/25 15:14:38 - __main__ - INFO - 719 - trainer - start predicting: 2026-08-25 15:14:38.593586
2026/08/25 15:14:40 - __main__ - INFO - 756 - trainer - {'Best_HR@5': 12.793, 'Best_NDCG@5': 8.0779, 'Best_HR@10': 22.8516, 'Best_NDCG@10': 11.2923, 'Best_HR@20': 37.793, 'Best_NDCG@20': 15.042}
2026/08/25 15:14:40 - __main__ - INFO - 757 - trainer - {'Best_epoch_HR@5': 2, 'Best_epoch_NDCG@5': 2, 'Best_epoch_HR@10': 2, 'Best_epoch_NDCG@10': 2, 'Best_epoch_HR@20': 2, 'Best_epoch_NDCG@20': 2}
2026/08/25 15:14:40 - __main__ - INFO - 714 - trainer - Epoch: 3
2026/08/25 15:14:40 - __main__ - INFO - 719 - trainer - start predicting: 2026-08-25 15:14:40.724694
2026/08/25 15:14:42 - __main__ - INFO - 756 - trainer - {'Best_HR@5': 18.75, 'Best_NDCG@5': 12.056, 'Best_HR@10': 29.1992, 'Best_NDCG@10': 15.403, 'Best_HR@20': 45.6543, 'Best_NDCG@20': 19.5588}
2026/08/25 15:14:42 - __main__ - INFO - 757 - trainer - {'Best_epoch_HR@5': 3, 'Best_epoch_NDCG@5': 3, 'Best_epoch_HR@10': 3, 'Best_epoch_NDCG@10': 3, 'Best_epoch_HR@20': 3, 'Best_epoch_NDCG@20': 3}
2026/08/25 15:14:42 - __main__ - INFO - 714 - trainer - Epoch: 4
2026/08/25 15:14:42 - __main__ - INFO - 719 - trainer - start predicting: 2026-08-25 15:14:42.846869
2026/08/25 15:14:44 - __main__ - INFO - 756 - trainer - {'Best_HR@5': 23.7793, 'Best_NDCG@5': 15.8575, 'Best_HR@10': 35.1562, 'Best_NDCG@10': 19.4898, 'Best_HR@20': 50.0, 'Best_NDCG@20': 23.2306}
2026/08/25 15:14:44 - __main__ - INFO - 757 - trainer - {'Best_epoch_HR@5': 4, 'Best_epoch_NDCG@5': 4, 'Best_epoch_HR@10': 4, 'Best_epoch_NDCG@10': 4, 'Best_epoch_HR@20': 4, 'Best_epoch_NDCG@20': 4}
2026/08/25 15:14:44 - __main__ - INFO - 714 - trainer - Epoch: 5
2026/08/25 15:14:44 - __main__ - INFO - 719 - trainer - start predicting: 2026-08-25 15:14:44.964143
2026/08/25 15:14:46 - __main__ - INFO - 756 - trainer - {'Best_HR@5': 25.5859, 'Best_NDCG@5': 17.7726, 'Best_HR@10': 38.1836, 'Best_NDCG@10': 21.8528, 'Best_HR@20': 53.0762, 'Best_NDCG@20': 25.5859}
2026/08/25 15:14:46 - __main__ - INFO - 757 - trainer - {'Best_epoch_HR@5': 5, 'Best_epoch_NDCG@5': 5, 'Best_epoch_HR@10': 5, 'Best_epoch_NDCG@10': 5, 'Best_epoch_HR@20': 5, 'Best_epoch_NDCG@20': 5}
2026/08/25 15:14:47 - __main__ - INFO - 714 - trainer - Epoch: 6
2026/08/25 15:14:47 - __main__ - INFO - 719 - trainer - start predicting: 2026-08-25 15:14:47.165927
2026/08/25 15:14:48 - __main__ - INFO - 756 - trainer - {'Best_HR@5': 29.3945, 'Best_NDCG@5': 20.7743, 'Best_HR@10': 40.4785, 'Best_NDCG@10': 24.3498, 'Best_HR@20': 55.4199, 'Best_NDCG@20': 28.095}
2026/08/25 15:14:48 - __main__ - INFO - 757 - trainer - {'Best_epoch_HR@5': 6, 'Best_epoch_NDCG@5': 6, 'Best_epoch_HR@10': 6, 'Best_epoch_NDCG@10': 6, 'Best_epoch_HR@20': 6, 'Best_epoch_NDCG@20': 6}
2026/08/25 15:14:49 - __main__ - INFO - 714 - trainer - Epoch: 7
2026/08/25 15:14:49 - __main__ - INFO - 719 - trainer - start predicting: 2026-08-25 15:14:49.245618
2026/08/25 15:14:50 - __main__ - INFO - 756 - trainer - {'Best_HR@5': 32.1289, 'Best_NDCG@5': 22.987, 'Best_HR@10': 41.7969, 'Best_NDCG@10': 26.1136, 'Best_HR@20': 56.3965, 'Best_NDCG@20': 29.7693}
2026/08/25 15:14:50 - __main__ - INFO - 757 - trainer - {'Best_epoch_HR@5': 7, 'Best_epoch_NDCG@5': 7, 'Best_epoch_HR@10': 7, 'Best_epoch_NDCG@10': 7, 'Best_epoch_HR@20': 7, 'Best_epoch_NDCG@20': 7}
2026/08/25 15:14:51 - __main__ - INFO - 714 - trainer - Epoch: 8
2026/08/25 15:14:51 - __main__ - INFO - 719 - trainer - start predicting: 2026-08-25 15:14:51.303757
2026/08/25 15:14:52 - __main__ - INFO - 756 - trainer - {'Best_HR@5': 33.0078, 'Best_NDCG@5': 24.8229, 'Best_HR@10': 43.3594, 'Best_NDCG@10': 28.159, 'Best_HR@20': 57.4707, 'Best_NDCG@20': 31.715}
2026/08/25 15:14:52 - __main__ - INFO - 757 - trainer - {'Best_epoch_HR@5': 8, 'Best_epoch_NDCG@5': 8, 'Best_epoch_HR@10': 8, 'Best_epoch_NDCG@10': 8, 'Best_epoch_HR@20': 8, 'Best_epoch_NDCG@20': 8}
2026/08/25 15:14:53 - __main__ - INFO - 714 - trainer - Epoch: 9
2026/08/25 15:14:53 - __main__ - INFO - 719 - trainer - start predicting: 2026-08-25 15:14:53.330650
2026/08/25 15:14:54 - __main__ - INFO - 756 - trainer - {'Best_HR@5': 34.1797, 'Best_NDCG@5': 25.5111, 'Best_HR@10': 43.9941, 'Best_NDCG@10': 28.7164, 'Best_HR@20': 57.4707, 'Best_NDCG@20': 32.1016}
2026/08/25 15:14:54 - __main__ - INFO - 757 - trainer - {'Best_epoch_HR@5': 9, 'Best_epoch_NDCG@5': 9, 'Best_epoch_HR@10': 9, 'Best_epoch_NDCG@10': 9, 'Best_epoch_HR@20': 8, 'Best_epoch_NDCG@20': 9}
2026/08/25 15:14:55 - __main__ - INFO - 714 - trainer - Epoch: 10
2026/08/25 15:14:55 - __main__ - INFO - 719 - trainer - start predicting: 2026-08-25 15:14:55.388648
2026/08/25 15:14:56 - __main__ - INFO - 756 - trainer - {'Best_HR@5': 35.498, 'Best_NDCG@5': 26.6147, 'Best_HR@10': 45.7031, 'Best_NDCG@10': 29.8804, 'Best_HR@20': 58.5449, 'Best_NDCG@20': 33.1026}
2026/08/25 15:14:56 - __main__ - INFO - 757 - trainer - {'Best_epoch_HR@5': 10, 'Best_epoch_NDCG@5': 10, 'Best_epoch_HR@10': 10, 'Best_epoch_NDCG@10': 10, 'Best_epoch_HR@20': 10, 'Best_epoch_NDCG@20': 10}
2026/08/25 15:14:57 - __main__ - INFO - 714 - trainer - Epoch: 11
2026/08/25 15:14:57 - __main__ - INFO - 719 - trainer - start predicting: 2026-08-25 15:14:57.443654
2026/08/25 15:14:58 - __main__ - INFO - 756 - trainer - {'Best_HR@5': 35.8398, 'Best_NDCG@5': 26.81, 'Best_HR@10': 46.2402, 'Best_NDCG@10': 30.1789, 'Best_HR@20': 59.5215, 'Best_NDCG@20': 33.5318}
2026/08/25 15:14:58 - __main__ - INFO - 757 - trainer - {'Best_epoch_HR@5': 11, 'Best_epoch_NDCG@5': 11, 'Best_epoch_HR@10': 11, 'Best_epoch_NDCG@10': 11, 'Best_epoch_HR@20': 11, 'Best_epoch_NDCG@20': 11}
2026/08/25 15:14:59 - __main__ - INFO - 714 - trainer - Epoch: 12
2026/08/25 15:14:59 - __main__ - INFO - 719 - trainer - start predicting: 2026-08-25 15:14:59.543849
2026/08/25 15:15:01 - __main__ - INFO - 756 - trainer - {'Best_HR@5': 36.4746, 'Best_NDCG@5': 26.9117, 'Best_HR@10': 47.4121, 'Best_NDCG@10': 30.4463, 'Best_HR@20': 59.668, 'Best_NDCG@20': 33.5438}
2026/08/25 15:15:01 - __main__ - INFO - 757 - trainer - {'Best_epoch_HR@5': 12, 'Best_epoch_NDCG@5': 12, 'Best_epoch_HR@10': 12, 'Best_epoch_NDCG@10': 12, 'Best_epoch_HR@20': 12, 'Best_epoch_NDCG@20': 12}
2026/08/25 15:15:01 - __main__ - INFO - 714 - trainer - Epoch: 13
2026/08/25 15:15:01 - __main__ - INFO - 719 - trainer - start predicting: 2026-08-25 15:15:01.721068
2026/08/25 15:15:03 - __main__ - INFO - 756 - trainer - {'Best_HR@5': 37.207, 'Best_NDCG@5': 27.4468, 'Best_HR@10': 47.4121, 'Best_NDCG@10': 30.6615, 'Best_HR@20': 59.668, 'Best_NDCG@20': 33.7822}
2026/08/25 15:15:03 - __main__ - INFO - 757 - trainer - {'Best_epoch_HR@5': 13, 'Best_epoch_NDCG@5': 13, 'Best_epoch_HR@10': 12, 'Best_epoch_NDCG@10': 13, 'Best_epoch_HR@20': 12, 'Best_epoch_NDCG@20': 13}
2026/08/25 15:15:03 - __main__ - INFO - 714 - trainer - Epoch: 14
2026/08/25 15:15:03 - __main__ - INFO - 719 - trainer - start predicting: 2026-08-25 15:15:03.786180
2026/08/25 15:15:05 - __main__ - INFO - 756 - trainer - {'Best_HR@5': 37.793, 'Best_NDCG@5': 27.6617, 'Best_HR@10': 47.4121, 'Best_NDCG@10': 30.7577, 'Best_HR@20': 60.0098, 'Best_NDCG@20': 33.9461}
2026/08/25 15:15:05 - __main__ - INFO - 757 - trainer - {'Best_epoch_HR@5': 14, 'Best_epoch_NDCG@5': 14, 'Best_epoch_HR@10': 12, 'Best_epoch_NDCG@10': 14, 'Best_epoch_HR@20': 14, 'Best_epoch_NDCG@20': 14}
2026/08/25 15:15:05 - __main__ - INFO - 714 - trainer - Epoch: 15
2026/08/25 15:15:05 - __main__ - INFO - 719 - trainer - start predicting: 2026-08-25 15:15:05.876195
2026/08/25 15:15:07 - __main__ - INFO - 756 - trainer - {'Best_HR@5': 37.793, 'Best_NDCG@5': 27.8166, 'Best_HR@10': 47.8027, 'Best_NDCG@10': 31.0989, 'Best_HR@20': 60.0098, 'Best_NDCG@20': 34.1584}
2026/08/25 15:15:07 - __main__ - INFO - 757 - trainer - {'Best_epoch_HR@5': 14, 'Best_epoch_NDCG@5': 15, 'Best_epoch_HR@10': 15, 'Best_epoch_NDCG@10': 15, 'Best_epoch_HR@20': 14, 'Best_epoch_NDCG@20': 15}
2026/08/25 15:15:07 - __main__ - INFO - 714 - trainer - Epoch: 16
2026/08/25 15:15:07 - __main__ - INFO - 719 - trainer - start predicting: 2026-08-25 15:15:07.917581
2026/08/25 15:15:09 - __main__ - INFO - 756 - trainer - {'Best_HR@5': 37.793, 'Best_NDCG@5': 27.8439, 'Best_HR@10': 47.8027, 'Best_NDCG@10': 31.1443, 'Best_HR@20': 60.3027, 'Best_NDCG@20': 34.317}
2026/08/25 15:15:09 - __main__ - INFO - 757 - trainer - {'Best_epoch_HR@5': 14, 'Best_epoch_NDCG@5': 16, 'Best_epoch_HR@10': 15, 'Best_epoch_NDCG@10': 16, 'Best_epoch_HR@20': 16, 'Best_epoch_NDCG@20': 16}
2026/08/25 15:15:10 - __main__ - INFO - 714 - trainer - Epoch: 17
2026/08/25 15:15:10 - __main__ - INFO - 719 - trainer - start predicting: 2026-08-25 15:15:10.105996
2026/08/25 15:15:11 - __main__ - INFO - 756 - trainer - {'Best_HR@5': 37.793, 'Best_NDCG@5': 27.8439, 'Best_HR@10': 48.1934, 'Best_NDCG@10': 31.1443, 'Best_HR@20': 60.3027, 'Best_NDCG@20': 34.317}
2026/08/25 15:15:11 - __main__ - INFO - 757 - trainer - {'Best_epoch_HR@5': 14, 'Best_epoch_NDCG@5': 16, 'Best_epoch_HR@10': 17, 'Best_epoch_NDCG@10': 16, 'Best_epoch_HR@20': 16, 'Best_epoch_NDCG@20': 16}
2026/08/25 15:15:12 - __main__ - INFO - 714 - trainer - Epoch: 18
2026/08/25 15:15:12 - __main__ - INFO - 719 - trainer - start predicting: 2026-08-25 15:15:12.394889
2026/08/25 15:15:13 - __main__ - INFO - 756 - trainer - {'Best_HR@5': 38.3301, 'Best_NDCG@5': 27.979, 'Best_HR@10': 48.1934, 'Best_NDCG@10': 31.1443, 'Best_HR@20': 60.3027, 'Best_NDCG@20': 34.317}
2026/08/25 15:15:13 - __main__ - INFO - 757 - trainer - {'Best_epoch_HR@5': 18, 'Best_epoch_NDCG@5': 18, 'Best_epoch_HR@10': 17, 'Best_epoch_NDCG@10': 16, 'Best_epoch_HR@20': 16, 'Best_epoch_NDCG@20': 16}
2026/08/25 15:15:14 - __main__ - INFO - 714 - trainer - Epoch: 19
2026/08/25 15:15:14 - __main__ - INFO - 719 - trainer - start predicting: 2026-08-25 15:15:14.518324
2026/08/25 15:15:16 - __main__ - INFO - 756 - trainer - {'Best_HR@5': 38.3301, 'Best_NDCG@5': 27.979, 'Best_HR@10': 48.1934, 'Best_NDCG@10': 31.2809, 'Best_HR@20': 60.3027, 'Best_NDCG@20': 34.32}
2026/08/25 15:15:16 - __main__ - INFO - 757 - trainer - {'Best_epoch_HR@5': 18, 'Best_epoch_NDCG@5': 18, 'Best_epoch_HR@10': 17, 'Best_epoch_NDCG@10': 19, 'Best_epoch_HR@20': 16, 'Best_epoch_NDCG@20': 19}
2026/08/25 15:15:16 - __main__ - INFO - 714 - trainer - Epoch: 20
2026/08/25 15:15:16 - __main__ - INFO - 719 - trainer - start predicting: 2026-08-25 15:15:16.643340
2026/08/25 15:15:18 - __main__ - INFO - 756 - trainer - {'Best_HR@5': 38.3301, 'Best_NDCG@5': 27.979, 'Best_HR@10': 48.6816, 'Best_NDCG@10': 31.2809, 'Best_HR@20': 60.3516, 'Best_NDCG@20': 34.32}
2026/08/25 15:15:18 - __main__ - INFO - 757 - trainer - {'Best_epoch_HR@5': 18, 'Best_epoch_NDCG@5': 18, 'Best_epoch_HR@10': 20, 'Best_epoch_NDCG@10': 19, 'Best_epoch_HR@20': 20, 'Best_epoch_NDCG@20': 19}
2026/08/25 15:15:18 - __main__ - INFO - 714 - trainer - Epoch: 21
2026/08/25 15:15:18 - __main__ - INFO - 719 - trainer - start predicting: 2026-08-25 15:15:18.721672
2026/08/25 15:15:20 - __main__ - INFO - 756 - trainer - {'Best_HR@5': 38.3301, 'Best_NDCG@5': 27.979, 'Best_HR@10': 48.6816, 'Best_NDCG@10': 31.2809, 'Best_HR@20': 60.7422, 'Best_NDCG@20': 34.32}
2026/08/25 15:15:20 - __main__ - INFO - 757 - trainer - {'Best_epoch_HR@5': 18, 'Best_epoch_NDCG@5': 18, 'Best_epoch_HR@10': 20, 'Best_epoch_NDCG@10': 19, 'Best_epoch_HR@20': 21, 'Best_epoch_NDCG@20': 19}
2026/08/25 15:15:20 - __main__ - INFO - 714 - trainer - Epoch: 22
2026/08/25 15:15:20 - __main__ - INFO - 719 - trainer - start predicting: 2026-08-25 15:15:20.822647
2026/08/25 15:15:22 - __main__ - INFO - 714 - trainer - Epoch: 23
2026/08/25 15:15:22 - __main__ - INFO - 719 - trainer - start predicting: 2026-08-25 15:15:22.912588
2026/08/25 15:15:25 - __main__ - INFO - 714 - trainer - Epoch: 24
2026/08/25 15:15:25 - __main__ - INFO - 719 - trainer - start predicting: 2026-08-25 15:15:25.013164
2026/08/25 15:15:27 - __main__ - INFO - 714 - trainer - Epoch: 25
2026/08/25 15:15:27 - __main__ - INFO - 719 - trainer - start predicting: 2026-08-25 15:15:27.078198
2026/08/25 15:15:29 - __main__ - INFO - 714 - trainer - Epoch: 26
2026/08/25 15:15:29 - __main__ - INFO - 719 - trainer - start predicting: 2026-08-25 15:15:29.174172
2026/08/25 15:15:30 - __main__ - INFO - 766 - trainer - {'Best_HR@5': 38.3301, 'Best_NDCG@5': 27.979, 'Best_HR@10': 48.6816, 'Best_NDCG@10': 31.2809, 'Best_HR@20': 60.7422, 'Best_NDCG@20': 34.32}
2026/08/25 15:15:30 - __main__ - INFO - 767 - trainer - {'Best_epoch_HR@5': 18, 'Best_epoch_NDCG@5': 18, 'Best_epoch_HR@10': 20, 'Best_epoch_NDCG@10': 19, 'Best_epoch_HR@20': 21, 'Best_epoch_NDCG@20': 19}
2026/08/25 15:15:30 - __main__ - INFO - 873 - trainer - Target Popularity Definition---------------------------------------------
2026/08/25 15:15:30 - __main__ - INFO - 878 - trainer - {'domain': 'Target', 'popular_ratio': 0.2, 'observed_train_items': 21856, 'popular_items': 4372, 'unpopular_seen_items': 17484, 'unseen_items_in_test': 'calculated from test ground truth'}
2026/08/25 15:15:32 - __main__ - INFO - 1154 - trainer - %s Test Overall------------------------------------------------------
2026/08/25 15:15:32 - __main__ - INFO - 1158 - trainer - {'HR@5': 39.3482, 'NDCG@5': 28.8025, 'HR@10': 50.3891, 'NDCG@10': 32.372, 'HR@20': 62.4514, 'NDCG@20': 35.4071}
2026/08/25 15:15:32 - __main__ - INFO - 1249 - trainer - Target Test Group Size----------------------------------------------
2026/08/25 15:15:32 - __main__ - INFO - 1254 - trainer - {'domain': 'Target', 'Overall_test_samples': 2056, 'Popular_test_samples': 1372, 'Unpopular_seen_test_samples': 505, 'Unseen_test_samples': 179, 'Grouped_test_samples': 2056}
2026/08/25 15:15:32 - __main__ - INFO - 1256 - trainer - Target Test Popular Ground Truth-------------------------------------
2026/08/25 15:15:32 - __main__ - INFO - 1261 - trainer - {'HR@5': 56.9971, 'NDCG@5': 42.1342, 'HR@10': 71.2099, 'NDCG@10': 46.7564, 'HR@20': 83.8192, 'NDCG@20': 49.9326}
2026/08/25 15:15:32 - __main__ - INFO - 1263 - trainer - Target Test Unpopular-Seen Ground Truth------------------------------
2026/08/25 15:15:32 - __main__ - INFO - 1268 - trainer - {'HR@5': 5.3465, 'NDCG@5': 2.7916, 'HR@10': 11.6832, 'NDCG@10': 4.7666, 'HR@20': 26.5347, 'NDCG@20': 8.4942}
2026/08/25 15:15:32 - __main__ - INFO - 1272 - trainer - Target Test Unseen Ground Truth--------------------------------------
2026/08/25 15:15:32 - __main__ - INFO - 1277 - trainer - {'HR@5': 0.0, 'NDCG@5': 0.0, 'HR@10': 0.0, 'NDCG@10': 0.0, 'HR@20': 0.0, 'NDCG@20': 0.0}
2026/08/25 15:15:32 - __main__ - INFO - 1279 - trainer - Target Recommendation Popularity-------------------------------------
2026/08/25 15:15:32 - __main__ - INFO - 1284 - trainer - {'PopularRatio@5': 88.1226, 'PopularRatio@10': 74.5963, 'PopularRatio@20': 56.7729}
2026/08/25 15:15:32 - __main__ - INFO - 1287 - trainer - Best Eval---------------------------------------------------------
2026/08/25 15:15:32 - __main__ - INFO - 1290 - trainer - {'Best_HR@5': 38.3301, 'Best_NDCG@5': 27.979, 'Best_HR@10': 48.6816, 'Best_NDCG@10': 31.2809, 'Best_HR@20': 60.7422, 'Best_NDCG@20': 34.32}
2026/08/25 15:15:32 - __main__ - INFO - 1291 - trainer - {'Best_epoch_HR@5': 18, 'Best_epoch_NDCG@5': 18, 'Best_epoch_HR@10': 20, 'Best_epoch_NDCG@10': 19, 'Best_epoch_HR@20': 21, 'Best_epoch_NDCG@20': 19}
2026/08/25 15:15:32 - __main__ - INFO - 179 - main - Target model saved at: ./saved_model/movie_video/target_model.pth
