2026/08/25 15:59:32 - __main__ - INFO - 93 - main - Namespace(batch_size=512, decay_step=100, description='Diffu_norm_score', device='cuda', diffusion_steps=32, dropout=0.1, emb_dropout=0.3, epochs=100, eval_interval=5, gamma=0.1, group_alignment=1, group_alignment_mode='both', group_context_threshold=0.5, group_pop_weight=1.0, group_tail_weight=1.0, hidden_act='gelu', hidden_size=128, lambda_uncertainty=0.001, log_file='log/', loss_lambda=1, lr=0.001, max_len=8, metric_ks=[5, 10, 20], momentum=None, noise_schedule='trunc_lin', num_blocks=4, num_gpu=1, optimizer='Adam', p=0.3, patience=2, popular_ratio=0.2, random_seed=1997, rescale_timesteps=True, s_dataset='movie', schedule_sampler_name='lossaware', t_dataset='video', target_next_focus_bin='high', target_next_reweight_alpha=0.4, target_next_rule_reweight=1, w=1.0, weight_decay=0)
2026/08/25 15:59:36 - __main__ - INFO - 562 - trainer - Group-aware Alignment Definition------------------------------------
2026/08/25 15:59:36 - __main__ - INFO - 566 - trainer - {'group_alignment': True, 'alignment_mode': 'both', 'context_threshold': 0.5, 'popular_weight': 1.0, 'tail_weight': 1.0, 'source_popular_items': 17856, 'target_popular_items': 4372}
2026/08/25 15:59:36 - __main__ - INFO - 698 - trainer - Group-aware Alignment Batch------------------------------------
2026/08/25 15:59:36 - __main__ - INFO - 703 - trainer - {'Epoch': 0, 'Source Popular-context': 407, 'Source Tail-context': 75, 'Target Popular-context': 379, 'Target Tail-context': 87}
2026/08/25 15:59:41 - __main__ - INFO - 714 - trainer - Epoch: 0
2026/08/25 15:59:41 - __main__ - INFO - 698 - trainer - Group-aware Alignment Batch------------------------------------
2026/08/25 15:59:41 - __main__ - INFO - 703 - trainer - {'Epoch': 1, 'Source Popular-context': 394, 'Source Tail-context': 77, 'Target Popular-context': 372, 'Target Tail-context': 83}
2026/08/25 15:59:45 - __main__ - INFO - 714 - trainer - Epoch: 1
2026/08/25 15:59:45 - __main__ - INFO - 698 - trainer - Group-aware Alignment Batch------------------------------------
2026/08/25 15:59:45 - __main__ - INFO - 703 - trainer - {'Epoch': 2, 'Source Popular-context': 393, 'Source Tail-context': 73, 'Target Popular-context': 387, 'Target Tail-context': 77}
2026/08/25 15:59:50 - __main__ - INFO - 714 - trainer - Epoch: 2
2026/08/25 15:59:50 - __main__ - INFO - 698 - trainer - Group-aware Alignment Batch------------------------------------
2026/08/25 15:59:50 - __main__ - INFO - 703 - trainer - {'Epoch': 3, 'Source Popular-context': 409, 'Source Tail-context': 56, 'Target Popular-context': 342, 'Target Tail-context': 98}
2026/08/25 15:59:54 - __main__ - INFO - 714 - trainer - Epoch: 3
2026/08/25 15:59:54 - __main__ - INFO - 698 - trainer - Group-aware Alignment Batch------------------------------------
2026/08/25 15:59:54 - __main__ - INFO - 703 - trainer - {'Epoch': 4, 'Source Popular-context': 418, 'Source Tail-context': 59, 'Target Popular-context': 370, 'Target Tail-context': 79}
2026/08/25 15:59:59 - __main__ - INFO - 714 - trainer - Epoch: 4
2026/08/25 15:59:59 - __main__ - INFO - 698 - trainer - Group-aware Alignment Batch------------------------------------
2026/08/25 15:59:59 - __main__ - INFO - 703 - trainer - {'Epoch': 5, 'Source Popular-context': 403, 'Source Tail-context': 59, 'Target Popular-context': 368, 'Target Tail-context': 85}
2026/08/25 16:00:03 - __main__ - INFO - 714 - trainer - Epoch: 5
2026/08/25 16:00:03 - __main__ - INFO - 719 - trainer - start predicting: 2026-08-25 16:00:03.841992
2026/08/25 16:00:15 - __main__ - INFO - 756 - trainer - {'Best_HR@5': 38.6621, 'Best_NDCG@5': 29.8305, 'Best_HR@10': 49.1016, 'Best_NDCG@10': 33.2054, 'Best_HR@20': 61.8359, 'Best_NDCG@20': 36.4132}
2026/08/25 16:00:15 - __main__ - INFO - 757 - trainer - {'Best_epoch_HR@5': 5, 'Best_epoch_NDCG@5': 5, 'Best_epoch_HR@10': 5, 'Best_epoch_NDCG@10': 5, 'Best_epoch_HR@20': 5, 'Best_epoch_NDCG@20': 5}
2026/08/25 16:00:16 - __main__ - INFO - 698 - trainer - Group-aware Alignment Batch------------------------------------
2026/08/25 16:00:16 - __main__ - INFO - 703 - trainer - {'Epoch': 6, 'Source Popular-context': 423, 'Source Tail-context': 54, 'Target Popular-context': 362, 'Target Tail-context': 95}
2026/08/25 16:00:20 - __main__ - INFO - 714 - trainer - Epoch: 6
2026/08/25 16:00:20 - __main__ - INFO - 698 - trainer - Group-aware Alignment Batch------------------------------------
2026/08/25 16:00:20 - __main__ - INFO - 703 - trainer - {'Epoch': 7, 'Source Popular-context': 421, 'Source Tail-context': 63, 'Target Popular-context': 375, 'Target Tail-context': 85}
2026/08/25 16:00:25 - __main__ - INFO - 714 - trainer - Epoch: 7
2026/08/25 16:00:25 - __main__ - INFO - 698 - trainer - Group-aware Alignment Batch------------------------------------
2026/08/25 16:00:25 - __main__ - INFO - 703 - trainer - {'Epoch': 8, 'Source Popular-context': 421, 'Source Tail-context': 59, 'Target Popular-context': 368, 'Target Tail-context': 94}
2026/08/25 16:00:29 - __main__ - INFO - 714 - trainer - Epoch: 8
2026/08/25 16:00:29 - __main__ - INFO - 698 - trainer - Group-aware Alignment Batch------------------------------------
2026/08/25 16:00:29 - __main__ - INFO - 703 - trainer - {'Epoch': 9, 'Source Popular-context': 402, 'Source Tail-context': 78, 'Target Popular-context': 378, 'Target Tail-context': 85}
2026/08/25 16:00:34 - __main__ - INFO - 714 - trainer - Epoch: 9
2026/08/25 16:00:34 - __main__ - INFO - 698 - trainer - Group-aware Alignment Batch------------------------------------
2026/08/25 16:00:34 - __main__ - INFO - 703 - trainer - {'Epoch': 10, 'Source Popular-context': 428, 'Source Tail-context': 46, 'Target Popular-context': 374, 'Target Tail-context': 78}
2026/08/25 16:00:38 - __main__ - INFO - 714 - trainer - Epoch: 10
2026/08/25 16:00:38 - __main__ - INFO - 719 - trainer - start predicting: 2026-08-25 16:00:38.875948
2026/08/25 16:00:50 - __main__ - INFO - 756 - trainer - {'Best_HR@5': 48.2227, 'Best_NDCG@5': 36.8793, 'Best_HR@10': 58.877, 'Best_NDCG@10': 40.3294, 'Best_HR@20': 69.4629, 'Best_NDCG@20': 43.0071}
2026/08/25 16:00:50 - __main__ - INFO - 757 - trainer - {'Best_epoch_HR@5': 10, 'Best_epoch_NDCG@5': 10, 'Best_epoch_HR@10': 10, 'Best_epoch_NDCG@10': 10, 'Best_epoch_HR@20': 10, 'Best_epoch_NDCG@20': 10}
2026/08/25 16:00:50 - __main__ - INFO - 698 - trainer - Group-aware Alignment Batch------------------------------------
2026/08/25 16:00:50 - __main__ - INFO - 703 - trainer - {'Epoch': 11, 'Source Popular-context': 413, 'Source Tail-context': 60, 'Target Popular-context': 381, 'Target Tail-context': 85}
2026/08/25 16:00:55 - __main__ - INFO - 714 - trainer - Epoch: 11
2026/08/25 16:00:55 - __main__ - INFO - 698 - trainer - Group-aware Alignment Batch------------------------------------
2026/08/25 16:00:55 - __main__ - INFO - 703 - trainer - {'Epoch': 12, 'Source Popular-context': 424, 'Source Tail-context': 60, 'Target Popular-context': 372, 'Target Tail-context': 80}
2026/08/25 16:01:00 - __main__ - INFO - 714 - trainer - Epoch: 12
2026/08/25 16:01:00 - __main__ - INFO - 698 - trainer - Group-aware Alignment Batch------------------------------------
2026/08/25 16:01:00 - __main__ - INFO - 703 - trainer - {'Epoch': 13, 'Source Popular-context': 411, 'Source Tail-context': 73, 'Target Popular-context': 382, 'Target Tail-context': 79}
2026/08/25 16:01:04 - __main__ - INFO - 714 - trainer - Epoch: 13
2026/08/25 16:01:04 - __main__ - INFO - 698 - trainer - Group-aware Alignment Batch------------------------------------
2026/08/25 16:01:04 - __main__ - INFO - 703 - trainer - {'Epoch': 14, 'Source Popular-context': 423, 'Source Tail-context': 65, 'Target Popular-context': 379, 'Target Tail-context': 94}
2026/08/25 16:01:09 - __main__ - INFO - 714 - trainer - Epoch: 14
2026/08/25 16:01:09 - __main__ - INFO - 698 - trainer - Group-aware Alignment Batch------------------------------------
2026/08/25 16:01:09 - __main__ - INFO - 703 - trainer - {'Epoch': 15, 'Source Popular-context': 422, 'Source Tail-context': 58, 'Target Popular-context': 373, 'Target Tail-context': 98}
2026/08/25 16:01:13 - __main__ - INFO - 714 - trainer - Epoch: 15
2026/08/25 16:01:13 - __main__ - INFO - 719 - trainer - start predicting: 2026-08-25 16:01:13.976218
2026/08/25 16:01:25 - __main__ - INFO - 756 - trainer - {'Best_HR@5': 49.1797, 'Best_NDCG@5': 37.4333, 'Best_HR@10': 60.3223, 'Best_NDCG@10': 41.0498, 'Best_HR@20': 70.4297, 'Best_NDCG@20': 43.6145}
2026/08/25 16:01:25 - __main__ - INFO - 757 - trainer - {'Best_epoch_HR@5': 15, 'Best_epoch_NDCG@5': 15, 'Best_epoch_HR@10': 15, 'Best_epoch_NDCG@10': 15, 'Best_epoch_HR@20': 15, 'Best_epoch_NDCG@20': 15}
2026/08/25 16:01:26 - __main__ - INFO - 698 - trainer - Group-aware Alignment Batch------------------------------------
2026/08/25 16:01:26 - __main__ - INFO - 703 - trainer - {'Epoch': 16, 'Source Popular-context': 403, 'Source Tail-context': 65, 'Target Popular-context': 374, 'Target Tail-context': 89}
2026/08/25 16:01:30 - __main__ - INFO - 714 - trainer - Epoch: 16
2026/08/25 16:01:30 - __main__ - INFO - 698 - trainer - Group-aware Alignment Batch------------------------------------
2026/08/25 16:01:30 - __main__ - INFO - 703 - trainer - {'Epoch': 17, 'Source Popular-context': 423, 'Source Tail-context': 52, 'Target Popular-context': 355, 'Target Tail-context': 109}
2026/08/25 16:01:34 - __main__ - INFO - 714 - trainer - Epoch: 17
2026/08/25 16:01:34 - __main__ - INFO - 698 - trainer - Group-aware Alignment Batch------------------------------------
2026/08/25 16:01:34 - __main__ - INFO - 703 - trainer - {'Epoch': 18, 'Source Popular-context': 413, 'Source Tail-context': 63, 'Target Popular-context': 386, 'Target Tail-context': 85}
2026/08/25 16:01:39 - __main__ - INFO - 714 - trainer - Epoch: 18
2026/08/25 16:01:39 - __main__ - INFO - 698 - trainer - Group-aware Alignment Batch------------------------------------
2026/08/25 16:01:39 - __main__ - INFO - 703 - trainer - {'Epoch': 19, 'Source Popular-context': 402, 'Source Tail-context': 63, 'Target Popular-context': 367, 'Target Tail-context': 94}
2026/08/25 16:01:44 - __main__ - INFO - 714 - trainer - Epoch: 19
2026/08/25 16:01:44 - __main__ - INFO - 698 - trainer - Group-aware Alignment Batch------------------------------------
2026/08/25 16:01:44 - __main__ - INFO - 703 - trainer - {'Epoch': 20, 'Source Popular-context': 409, 'Source Tail-context': 62, 'Target Popular-context': 373, 'Target Tail-context': 82}
2026/08/25 16:01:48 - __main__ - INFO - 714 - trainer - Epoch: 20
2026/08/25 16:01:48 - __main__ - INFO - 719 - trainer - start predicting: 2026-08-25 16:01:48.430217
2026/08/25 16:02:00 - __main__ - INFO - 698 - trainer - Group-aware Alignment Batch------------------------------------
2026/08/25 16:02:00 - __main__ - INFO - 703 - trainer - {'Epoch': 21, 'Source Popular-context': 404, 'Source Tail-context': 63, 'Target Popular-context': 372, 'Target Tail-context': 83}
2026/08/25 16:02:04 - __main__ - INFO - 714 - trainer - Epoch: 21
2026/08/25 16:02:04 - __main__ - INFO - 698 - trainer - Group-aware Alignment Batch------------------------------------
2026/08/25 16:02:04 - __main__ - INFO - 703 - trainer - {'Epoch': 22, 'Source Popular-context': 416, 'Source Tail-context': 59, 'Target Popular-context': 370, 'Target Tail-context': 78}
2026/08/25 16:02:09 - __main__ - INFO - 714 - trainer - Epoch: 22
2026/08/25 16:02:09 - __main__ - INFO - 698 - trainer - Group-aware Alignment Batch------------------------------------
2026/08/25 16:02:09 - __main__ - INFO - 703 - trainer - {'Epoch': 23, 'Source Popular-context': 404, 'Source Tail-context': 69, 'Target Popular-context': 385, 'Target Tail-context': 81}
2026/08/25 16:02:13 - __main__ - INFO - 714 - trainer - Epoch: 23
2026/08/25 16:02:13 - __main__ - INFO - 698 - trainer - Group-aware Alignment Batch------------------------------------
2026/08/25 16:02:13 - __main__ - INFO - 703 - trainer - {'Epoch': 24, 'Source Popular-context': 400, 'Source Tail-context': 74, 'Target Popular-context': 373, 'Target Tail-context': 90}
2026/08/25 16:02:18 - __main__ - INFO - 714 - trainer - Epoch: 24
2026/08/25 16:02:18 - __main__ - INFO - 698 - trainer - Group-aware Alignment Batch------------------------------------
2026/08/25 16:02:18 - __main__ - INFO - 703 - trainer - {'Epoch': 25, 'Source Popular-context': 415, 'Source Tail-context': 50, 'Target Popular-context': 382, 'Target Tail-context': 81}
2026/08/25 16:02:22 - __main__ - INFO - 714 - trainer - Epoch: 25
2026/08/25 16:02:22 - __main__ - INFO - 719 - trainer - start predicting: 2026-08-25 16:02:22.340602
2026/08/25 16:02:34 - __main__ - INFO - 766 - trainer - {'Best_HR@5': 49.1797, 'Best_NDCG@5': 37.4333, 'Best_HR@10': 60.3223, 'Best_NDCG@10': 41.0498, 'Best_HR@20': 70.4297, 'Best_NDCG@20': 43.6145}
2026/08/25 16:02:34 - __main__ - INFO - 767 - trainer - {'Best_epoch_HR@5': 15, 'Best_epoch_NDCG@5': 15, 'Best_epoch_HR@10': 15, 'Best_epoch_NDCG@10': 15, 'Best_epoch_HR@20': 15, 'Best_epoch_NDCG@20': 15}
2026/08/25 16:02:34 - __main__ - INFO - 873 - trainer - Source Popularity Definition---------------------------------------------
2026/08/25 16:02:34 - __main__ - INFO - 878 - trainer - {'domain': 'Source', 'popular_ratio': 0.2, 'observed_train_items': 89276, 'popular_items': 17856, 'unpopular_seen_items': 71420, 'unseen_items_in_test': 'calculated from test ground truth'}
2026/08/25 16:02:41 - __main__ - INFO - 1154 - trainer - %s Test Overall------------------------------------------------------
2026/08/25 16:02:41 - __main__ - INFO - 1158 - trainer - {'HR@5': 49.8753, 'NDCG@5': 38.1821, 'HR@10': 60.4107, 'NDCG@10': 41.608, 'HR@20': 70.1785, 'NDCG@20': 44.0883}
2026/08/25 16:02:41 - __main__ - INFO - 1249 - trainer - Source Test Group Size----------------------------------------------
2026/08/25 16:02:41 - __main__ - INFO - 1254 - trainer - {'domain': 'Source', 'Overall_test_samples': 10422, 'Popular_test_samples': 7854, 'Unpopular_seen_test_samples': 1824, 'Unseen_test_samples': 744, 'Grouped_test_samples': 10422}
2026/08/25 16:02:41 - __main__ - INFO - 1256 - trainer - Source Test Popular Ground Truth-------------------------------------
2026/08/25 16:02:41 - __main__ - INFO - 1261 - trainer - {'HR@5': 65.4826, 'NDCG@5': 50.336, 'HR@10': 78.2022, 'NDCG@10': 54.4832, 'HR@20': 87.9297, 'NDCG@20': 56.9665}
2026/08/25 16:02:41 - __main__ - INFO - 1263 - trainer - Source Test Unpopular-Seen Ground Truth------------------------------
2026/08/25 16:02:41 - __main__ - INFO - 1268 - trainer - {'HR@5': 3.0154, 'NDCG@5': 1.4225, 'HR@10': 8.443, 'NDCG@10': 3.1399, 'HR@20': 22.3684, 'NDCG@20': 6.6193}
2026/08/25 16:02:41 - __main__ - INFO - 1272 - trainer - Source Test Unseen Ground Truth--------------------------------------
2026/08/25 16:02:41 - __main__ - INFO - 1277 - trainer - {'HR@5': 0.0, 'NDCG@5': 0.0, 'HR@10': 0.0, 'NDCG@10': 0.0, 'HR@20': 0.0, 'NDCG@20': 0.0}
2026/08/25 16:02:41 - __main__ - INFO - 1279 - trainer - Source Recommendation Popularity-------------------------------------
2026/08/25 16:02:41 - __main__ - INFO - 1284 - trainer - {'PopularRatio@5': 93.5483, 'PopularRatio@10': 82.1061, 'PopularRatio@20': 61.7319}
2026/08/25 16:02:41 - __main__ - INFO - 1287 - trainer - Best Eval---------------------------------------------------------
2026/08/25 16:02:41 - __main__ - INFO - 1290 - trainer - {'Best_HR@5': 49.1797, 'Best_NDCG@5': 37.4333, 'Best_HR@10': 60.3223, 'Best_NDCG@10': 41.0498, 'Best_HR@20': 70.4297, 'Best_NDCG@20': 43.6145}
2026/08/25 16:02:41 - __main__ - INFO - 1291 - trainer - {'Best_epoch_HR@5': 15, 'Best_epoch_NDCG@5': 15, 'Best_epoch_HR@10': 15, 'Best_epoch_NDCG@10': 15, 'Best_epoch_HR@20': 15, 'Best_epoch_NDCG@20': 15}
2026/08/25 16:02:41 - __main__ - INFO - 505 - trainer - D1 Sample-wise Target Next Regulation
2026/08/25 16:02:41 - __main__ - INFO - 508 - trainer - {'D1': 'Sample-wise Target Next Regulation', 'Popular Next Action': 'Normal', 'Unpopular Next Action': 'Reweight', 'Popular Next Samples': 11526, 'Unpopular Next Samples': 4912, 'Alpha': 0.4, 'Mean Unpopular Raw Weight': 1.1}
2026/08/25 16:02:41 - __main__ - INFO - 714 - trainer - Epoch: 0
2026/08/25 16:02:42 - __main__ - INFO - 714 - trainer - Epoch: 1
2026/08/25 16:02:42 - __main__ - INFO - 719 - trainer - start predicting: 2026-08-25 16:02:42.290468
2026/08/25 16:02:43 - __main__ - INFO - 756 - trainer - {'Best_HR@5': 6.5918, 'Best_NDCG@5': 3.3639, 'Best_HR@10': 14.6484, 'Best_NDCG@10': 5.9291, 'Best_HR@20': 29.0039, 'Best_NDCG@20': 9.5325}
2026/08/25 16:02:43 - __main__ - INFO - 757 - trainer - {'Best_epoch_HR@5': 1, 'Best_epoch_NDCG@5': 1, 'Best_epoch_HR@10': 1, 'Best_epoch_NDCG@10': 1, 'Best_epoch_HR@20': 1, 'Best_epoch_NDCG@20': 1}
2026/08/25 16:02:44 - __main__ - INFO - 714 - trainer - Epoch: 2
2026/08/25 16:02:44 - __main__ - INFO - 719 - trainer - start predicting: 2026-08-25 16:02:44.481653
2026/08/25 16:02:46 - __main__ - INFO - 756 - trainer - {'Best_HR@5': 12.8418, 'Best_NDCG@5': 7.6885, 'Best_HR@10': 20.9473, 'Best_NDCG@10': 10.3016, 'Best_HR@20': 37.0117, 'Best_NDCG@20': 14.3344}
2026/08/25 16:02:46 - __main__ - INFO - 757 - trainer - {'Best_epoch_HR@5': 2, 'Best_epoch_NDCG@5': 2, 'Best_epoch_HR@10': 2, 'Best_epoch_NDCG@10': 2, 'Best_epoch_HR@20': 2, 'Best_epoch_NDCG@20': 2}
2026/08/25 16:02:46 - __main__ - INFO - 714 - trainer - Epoch: 3
2026/08/25 16:02:46 - __main__ - INFO - 719 - trainer - start predicting: 2026-08-25 16:02:46.592800
2026/08/25 16:02:48 - __main__ - INFO - 756 - trainer - {'Best_HR@5': 18.0664, 'Best_NDCG@5': 11.653, 'Best_HR@10': 29.9316, 'Best_NDCG@10': 15.4445, 'Best_HR@20': 45.0684, 'Best_NDCG@20': 19.2533}
2026/08/25 16:02:48 - __main__ - INFO - 757 - trainer - {'Best_epoch_HR@5': 3, 'Best_epoch_NDCG@5': 3, 'Best_epoch_HR@10': 3, 'Best_epoch_NDCG@10': 3, 'Best_epoch_HR@20': 3, 'Best_epoch_NDCG@20': 3}
2026/08/25 16:02:48 - __main__ - INFO - 714 - trainer - Epoch: 4
2026/08/25 16:02:48 - __main__ - INFO - 719 - trainer - start predicting: 2026-08-25 16:02:48.691919
2026/08/25 16:02:50 - __main__ - INFO - 756 - trainer - {'Best_HR@5': 23.1934, 'Best_NDCG@5': 15.7226, 'Best_HR@10': 35.0586, 'Best_NDCG@10': 19.5491, 'Best_HR@20': 50.8301, 'Best_NDCG@20': 23.5163}
2026/08/25 16:02:50 - __main__ - INFO - 757 - trainer - {'Best_epoch_HR@5': 4, 'Best_epoch_NDCG@5': 4, 'Best_epoch_HR@10': 4, 'Best_epoch_NDCG@10': 4, 'Best_epoch_HR@20': 4, 'Best_epoch_NDCG@20': 4}
2026/08/25 16:02:50 - __main__ - INFO - 714 - trainer - Epoch: 5
2026/08/25 16:02:50 - __main__ - INFO - 719 - trainer - start predicting: 2026-08-25 16:02:50.819832
2026/08/25 16:02:52 - __main__ - INFO - 756 - trainer - {'Best_HR@5': 27.002, 'Best_NDCG@5': 18.6662, 'Best_HR@10': 37.9883, 'Best_NDCG@10': 22.2089, 'Best_HR@20': 53.6621, 'Best_NDCG@20': 26.1345}
2026/08/25 16:02:52 - __main__ - INFO - 757 - trainer - {'Best_epoch_HR@5': 5, 'Best_epoch_NDCG@5': 5, 'Best_epoch_HR@10': 5, 'Best_epoch_NDCG@10': 5, 'Best_epoch_HR@20': 5, 'Best_epoch_NDCG@20': 5}
2026/08/25 16:02:52 - __main__ - INFO - 714 - trainer - Epoch: 6
2026/08/25 16:02:52 - __main__ - INFO - 719 - trainer - start predicting: 2026-08-25 16:02:52.945679
2026/08/25 16:02:54 - __main__ - INFO - 756 - trainer - {'Best_HR@5': 29.834, 'Best_NDCG@5': 21.119, 'Best_HR@10': 40.4297, 'Best_NDCG@10': 24.5363, 'Best_HR@20': 56.1035, 'Best_NDCG@20': 28.4703}
2026/08/25 16:02:54 - __main__ - INFO - 757 - trainer - {'Best_epoch_HR@5': 6, 'Best_epoch_NDCG@5': 6, 'Best_epoch_HR@10': 6, 'Best_epoch_NDCG@10': 6, 'Best_epoch_HR@20': 6, 'Best_epoch_NDCG@20': 6}
2026/08/25 16:02:55 - __main__ - INFO - 714 - trainer - Epoch: 7
2026/08/25 16:02:55 - __main__ - INFO - 719 - trainer - start predicting: 2026-08-25 16:02:55.045830
2026/08/25 16:02:56 - __main__ - INFO - 756 - trainer - {'Best_HR@5': 31.6406, 'Best_NDCG@5': 22.9542, 'Best_HR@10': 41.9434, 'Best_NDCG@10': 26.2775, 'Best_HR@20': 56.8359, 'Best_NDCG@20': 29.998}
2026/08/25 16:02:56 - __main__ - INFO - 757 - trainer - {'Best_epoch_HR@5': 7, 'Best_epoch_NDCG@5': 7, 'Best_epoch_HR@10': 7, 'Best_epoch_NDCG@10': 7, 'Best_epoch_HR@20': 7, 'Best_epoch_NDCG@20': 7}
2026/08/25 16:02:57 - __main__ - INFO - 714 - trainer - Epoch: 8
2026/08/25 16:02:57 - __main__ - INFO - 719 - trainer - start predicting: 2026-08-25 16:02:57.164172
2026/08/25 16:02:58 - __main__ - INFO - 756 - trainer - {'Best_HR@5': 33.252, 'Best_NDCG@5': 24.7224, 'Best_HR@10': 43.1641, 'Best_NDCG@10': 27.9124, 'Best_HR@20': 57.9102, 'Best_NDCG@20': 31.6206}
2026/08/25 16:02:58 - __main__ - INFO - 757 - trainer - {'Best_epoch_HR@5': 8, 'Best_epoch_NDCG@5': 8, 'Best_epoch_HR@10': 8, 'Best_epoch_NDCG@10': 8, 'Best_epoch_HR@20': 8, 'Best_epoch_NDCG@20': 8}
2026/08/25 16:02:59 - __main__ - INFO - 714 - trainer - Epoch: 9
2026/08/25 16:02:59 - __main__ - INFO - 719 - trainer - start predicting: 2026-08-25 16:02:59.268335
2026/08/25 16:03:00 - __main__ - INFO - 756 - trainer - {'Best_HR@5': 34.6191, 'Best_NDCG@5': 25.5954, 'Best_HR@10': 44.2871, 'Best_NDCG@10': 28.7014, 'Best_HR@20': 58.1055, 'Best_NDCG@20': 32.1717}
2026/08/25 16:03:00 - __main__ - INFO - 757 - trainer - {'Best_epoch_HR@5': 9, 'Best_epoch_NDCG@5': 9, 'Best_epoch_HR@10': 9, 'Best_epoch_NDCG@10': 9, 'Best_epoch_HR@20': 9, 'Best_epoch_NDCG@20': 9}
2026/08/25 16:03:01 - __main__ - INFO - 714 - trainer - Epoch: 10
2026/08/25 16:03:01 - __main__ - INFO - 719 - trainer - start predicting: 2026-08-25 16:03:01.378780
2026/08/25 16:03:02 - __main__ - INFO - 756 - trainer - {'Best_HR@5': 35.4004, 'Best_NDCG@5': 26.4374, 'Best_HR@10': 45.5566, 'Best_NDCG@10': 29.7178, 'Best_HR@20': 59.3262, 'Best_NDCG@20': 33.1825}
2026/08/25 16:03:02 - __main__ - INFO - 757 - trainer - {'Best_epoch_HR@5': 10, 'Best_epoch_NDCG@5': 10, 'Best_epoch_HR@10': 10, 'Best_epoch_NDCG@10': 10, 'Best_epoch_HR@20': 10, 'Best_epoch_NDCG@20': 10}
2026/08/25 16:03:03 - __main__ - INFO - 714 - trainer - Epoch: 11
2026/08/25 16:03:03 - __main__ - INFO - 719 - trainer - start predicting: 2026-08-25 16:03:03.435437
2026/08/25 16:03:04 - __main__ - INFO - 756 - trainer - {'Best_HR@5': 36.377, 'Best_NDCG@5': 26.8592, 'Best_HR@10': 46.9727, 'Best_NDCG@10': 30.3036, 'Best_HR@20': 59.668, 'Best_NDCG@20': 33.4976}
2026/08/25 16:03:04 - __main__ - INFO - 757 - trainer - {'Best_epoch_HR@5': 11, 'Best_epoch_NDCG@5': 11, 'Best_epoch_HR@10': 11, 'Best_epoch_NDCG@10': 11, 'Best_epoch_HR@20': 11, 'Best_epoch_NDCG@20': 11}
2026/08/25 16:03:05 - __main__ - INFO - 714 - trainer - Epoch: 12
2026/08/25 16:03:05 - __main__ - INFO - 719 - trainer - start predicting: 2026-08-25 16:03:05.522574
2026/08/25 16:03:07 - __main__ - INFO - 756 - trainer - {'Best_HR@5': 36.5723, 'Best_NDCG@5': 27.0492, 'Best_HR@10': 47.7539, 'Best_NDCG@10': 30.6646, 'Best_HR@20': 59.668, 'Best_NDCG@20': 33.657}
2026/08/25 16:03:07 - __main__ - INFO - 757 - trainer - {'Best_epoch_HR@5': 12, 'Best_epoch_NDCG@5': 12, 'Best_epoch_HR@10': 12, 'Best_epoch_NDCG@10': 12, 'Best_epoch_HR@20': 11, 'Best_epoch_NDCG@20': 12}
2026/08/25 16:03:07 - __main__ - INFO - 714 - trainer - Epoch: 13
2026/08/25 16:03:07 - __main__ - INFO - 719 - trainer - start predicting: 2026-08-25 16:03:07.629337
2026/08/25 16:03:09 - __main__ - INFO - 756 - trainer - {'Best_HR@5': 36.9629, 'Best_NDCG@5': 27.5059, 'Best_HR@10': 48.0469, 'Best_NDCG@10': 31.0794, 'Best_HR@20': 59.8145, 'Best_NDCG@20': 34.0322}
2026/08/25 16:03:09 - __main__ - INFO - 757 - trainer - {'Best_epoch_HR@5': 13, 'Best_epoch_NDCG@5': 13, 'Best_epoch_HR@10': 13, 'Best_epoch_NDCG@10': 13, 'Best_epoch_HR@20': 13, 'Best_epoch_NDCG@20': 13}
2026/08/25 16:03:09 - __main__ - INFO - 714 - trainer - Epoch: 14
2026/08/25 16:03:09 - __main__ - INFO - 719 - trainer - start predicting: 2026-08-25 16:03:09.725783
2026/08/25 16:03:11 - __main__ - INFO - 756 - trainer - {'Best_HR@5': 36.9629, 'Best_NDCG@5': 27.6939, 'Best_HR@10': 48.0469, 'Best_NDCG@10': 31.2402, 'Best_HR@20': 60.1562, 'Best_NDCG@20': 34.317}
2026/08/25 16:03:11 - __main__ - INFO - 757 - trainer - {'Best_epoch_HR@5': 13, 'Best_epoch_NDCG@5': 14, 'Best_epoch_HR@10': 13, 'Best_epoch_NDCG@10': 14, 'Best_epoch_HR@20': 14, 'Best_epoch_NDCG@20': 14}
2026/08/25 16:03:11 - __main__ - INFO - 714 - trainer - Epoch: 15
2026/08/25 16:03:11 - __main__ - INFO - 719 - trainer - start predicting: 2026-08-25 16:03:11.867651
2026/08/25 16:03:13 - __main__ - INFO - 756 - trainer - {'Best_HR@5': 37.3047, 'Best_NDCG@5': 27.727, 'Best_HR@10': 48.584, 'Best_NDCG@10': 31.343, 'Best_HR@20': 60.498, 'Best_NDCG@20': 34.3524}
2026/08/25 16:03:13 - __main__ - INFO - 757 - trainer - {'Best_epoch_HR@5': 15, 'Best_epoch_NDCG@5': 15, 'Best_epoch_HR@10': 15, 'Best_epoch_NDCG@10': 15, 'Best_epoch_HR@20': 15, 'Best_epoch_NDCG@20': 15}
2026/08/25 16:03:13 - __main__ - INFO - 714 - trainer - Epoch: 16
2026/08/25 16:03:13 - __main__ - INFO - 719 - trainer - start predicting: 2026-08-25 16:03:13.950599
2026/08/25 16:03:15 - __main__ - INFO - 756 - trainer - {'Best_HR@5': 37.3535, 'Best_NDCG@5': 27.962, 'Best_HR@10': 48.584, 'Best_NDCG@10': 31.4939, 'Best_HR@20': 60.8398, 'Best_NDCG@20': 34.6412}
2026/08/25 16:03:15 - __main__ - INFO - 757 - trainer - {'Best_epoch_HR@5': 16, 'Best_epoch_NDCG@5': 16, 'Best_epoch_HR@10': 15, 'Best_epoch_NDCG@10': 16, 'Best_epoch_HR@20': 16, 'Best_epoch_NDCG@20': 16}
2026/08/25 16:03:16 - __main__ - INFO - 714 - trainer - Epoch: 17
2026/08/25 16:03:16 - __main__ - INFO - 719 - trainer - start predicting: 2026-08-25 16:03:16.149506
2026/08/25 16:03:17 - __main__ - INFO - 756 - trainer - {'Best_HR@5': 37.3535, 'Best_NDCG@5': 27.962, 'Best_HR@10': 48.8281, 'Best_NDCG@10': 31.5479, 'Best_HR@20': 60.8398, 'Best_NDCG@20': 34.6412}
2026/08/25 16:03:17 - __main__ - INFO - 757 - trainer - {'Best_epoch_HR@5': 16, 'Best_epoch_NDCG@5': 16, 'Best_epoch_HR@10': 17, 'Best_epoch_NDCG@10': 17, 'Best_epoch_HR@20': 16, 'Best_epoch_NDCG@20': 16}
2026/08/25 16:03:18 - __main__ - INFO - 714 - trainer - Epoch: 18
2026/08/25 16:03:18 - __main__ - INFO - 719 - trainer - start predicting: 2026-08-25 16:03:18.248017
2026/08/25 16:03:19 - __main__ - INFO - 756 - trainer - {'Best_HR@5': 38.0859, 'Best_NDCG@5': 27.962, 'Best_HR@10': 49.1211, 'Best_NDCG@10': 31.5479, 'Best_HR@20': 60.8398, 'Best_NDCG@20': 34.6412}
2026/08/25 16:03:19 - __main__ - INFO - 757 - trainer - {'Best_epoch_HR@5': 18, 'Best_epoch_NDCG@5': 16, 'Best_epoch_HR@10': 18, 'Best_epoch_NDCG@10': 17, 'Best_epoch_HR@20': 16, 'Best_epoch_NDCG@20': 16}
2026/08/25 16:03:20 - __main__ - INFO - 714 - trainer - Epoch: 19
2026/08/25 16:03:20 - __main__ - INFO - 719 - trainer - start predicting: 2026-08-25 16:03:20.387625
2026/08/25 16:03:21 - __main__ - INFO - 756 - trainer - {'Best_HR@5': 38.0859, 'Best_NDCG@5': 28.2255, 'Best_HR@10': 49.2676, 'Best_NDCG@10': 31.9013, 'Best_HR@20': 60.8398, 'Best_NDCG@20': 34.7301}
2026/08/25 16:03:21 - __main__ - INFO - 757 - trainer - {'Best_epoch_HR@5': 18, 'Best_epoch_NDCG@5': 19, 'Best_epoch_HR@10': 19, 'Best_epoch_NDCG@10': 19, 'Best_epoch_HR@20': 16, 'Best_epoch_NDCG@20': 19}
2026/08/25 16:03:22 - __main__ - INFO - 714 - trainer - Epoch: 20
2026/08/25 16:03:22 - __main__ - INFO - 719 - trainer - start predicting: 2026-08-25 16:03:22.522673
2026/08/25 16:03:24 - __main__ - INFO - 756 - trainer - {'Best_HR@5': 38.3301, 'Best_NDCG@5': 28.5261, 'Best_HR@10': 49.2676, 'Best_NDCG@10': 31.9589, 'Best_HR@20': 60.8398, 'Best_NDCG@20': 34.9527}
2026/08/25 16:03:24 - __main__ - INFO - 757 - trainer - {'Best_epoch_HR@5': 20, 'Best_epoch_NDCG@5': 20, 'Best_epoch_HR@10': 19, 'Best_epoch_NDCG@10': 20, 'Best_epoch_HR@20': 16, 'Best_epoch_NDCG@20': 20}
2026/08/25 16:03:24 - __main__ - INFO - 714 - trainer - Epoch: 21
2026/08/25 16:03:24 - __main__ - INFO - 719 - trainer - start predicting: 2026-08-25 16:03:24.656236
2026/08/25 16:03:26 - __main__ - INFO - 756 - trainer - {'Best_HR@5': 38.6719, 'Best_NDCG@5': 28.5261, 'Best_HR@10': 49.4629, 'Best_NDCG@10': 31.9589, 'Best_HR@20': 60.8398, 'Best_NDCG@20': 34.9527}
2026/08/25 16:03:26 - __main__ - INFO - 757 - trainer - {'Best_epoch_HR@5': 21, 'Best_epoch_NDCG@5': 20, 'Best_epoch_HR@10': 21, 'Best_epoch_NDCG@10': 20, 'Best_epoch_HR@20': 16, 'Best_epoch_NDCG@20': 20}
2026/08/25 16:03:26 - __main__ - INFO - 714 - trainer - Epoch: 22
2026/08/25 16:03:26 - __main__ - INFO - 719 - trainer - start predicting: 2026-08-25 16:03:26.754485
2026/08/25 16:03:28 - __main__ - INFO - 714 - trainer - Epoch: 23
2026/08/25 16:03:28 - __main__ - INFO - 719 - trainer - start predicting: 2026-08-25 16:03:28.830414
2026/08/25 16:03:30 - __main__ - INFO - 714 - trainer - Epoch: 24
2026/08/25 16:03:30 - __main__ - INFO - 719 - trainer - start predicting: 2026-08-25 16:03:30.906768
2026/08/25 16:03:32 - __main__ - INFO - 714 - trainer - Epoch: 25
2026/08/25 16:03:33 - __main__ - INFO - 719 - trainer - start predicting: 2026-08-25 16:03:33.000086
2026/08/25 16:03:35 - __main__ - INFO - 714 - trainer - Epoch: 26
2026/08/25 16:03:35 - __main__ - INFO - 719 - trainer - start predicting: 2026-08-25 16:03:35.063747
2026/08/25 16:03:36 - __main__ - INFO - 766 - trainer - {'Best_HR@5': 38.6719, 'Best_NDCG@5': 28.5261, 'Best_HR@10': 49.4629, 'Best_NDCG@10': 31.9589, 'Best_HR@20': 60.8398, 'Best_NDCG@20': 34.9527}
2026/08/25 16:03:36 - __main__ - INFO - 767 - trainer - {'Best_epoch_HR@5': 21, 'Best_epoch_NDCG@5': 20, 'Best_epoch_HR@10': 21, 'Best_epoch_NDCG@10': 20, 'Best_epoch_HR@20': 16, 'Best_epoch_NDCG@20': 20}
2026/08/25 16:03:36 - __main__ - INFO - 873 - trainer - Target Popularity Definition---------------------------------------------
2026/08/25 16:03:36 - __main__ - INFO - 878 - trainer - {'domain': 'Target', 'popular_ratio': 0.2, 'observed_train_items': 21856, 'popular_items': 4372, 'unpopular_seen_items': 17484, 'unseen_items_in_test': 'calculated from test ground truth'}
2026/08/25 16:03:38 - __main__ - INFO - 1154 - trainer - %s Test Overall------------------------------------------------------
2026/08/25 16:03:38 - __main__ - INFO - 1158 - trainer - {'HR@5': 39.2023, 'NDCG@5': 28.9652, 'HR@10': 50.8268, 'NDCG@10': 32.6968, 'HR@20': 62.1109, 'NDCG@20': 35.5367}
2026/08/25 16:03:38 - __main__ - INFO - 1249 - trainer - Target Test Group Size----------------------------------------------
2026/08/25 16:03:38 - __main__ - INFO - 1254 - trainer - {'domain': 'Target', 'Overall_test_samples': 2056, 'Popular_test_samples': 1372, 'Unpopular_seen_test_samples': 505, 'Unseen_test_samples': 179, 'Grouped_test_samples': 2056}
2026/08/25 16:03:38 - __main__ - INFO - 1256 - trainer - Target Test Popular Ground Truth-------------------------------------
2026/08/25 16:03:38 - __main__ - INFO - 1261 - trainer - {'HR@5': 56.5598, 'NDCG@5': 42.3377, 'HR@10': 71.3557, 'NDCG@10': 47.0995, 'HR@20': 83.7464, 'NDCG@20': 50.2352}
2026/08/25 16:03:38 - __main__ - INFO - 1263 - trainer - Target Test Unpopular-Seen Ground Truth------------------------------
2026/08/25 16:03:38 - __main__ - INFO - 1268 - trainer - {'HR@5': 5.9406, 'NDCG@5': 2.9012, 'HR@10': 13.0693, 'NDCG@10': 5.1565, 'HR@20': 25.3465, 'NDCG@20': 8.1996}
2026/08/25 16:03:38 - __main__ - INFO - 1272 - trainer - Target Test Unseen Ground Truth--------------------------------------
2026/08/25 16:03:38 - __main__ - INFO - 1277 - trainer - {'HR@5': 0.0, 'NDCG@5': 0.0, 'HR@10': 0.0, 'NDCG@10': 0.0, 'HR@20': 0.0, 'NDCG@20': 0.0}
2026/08/25 16:03:38 - __main__ - INFO - 1279 - trainer - Target Recommendation Popularity-------------------------------------
2026/08/25 16:03:38 - __main__ - INFO - 1284 - trainer - {'PopularRatio@5': 84.4942, 'PopularRatio@10': 74.0418, 'PopularRatio@20': 56.9431}
2026/08/25 16:03:38 - __main__ - INFO - 1287 - trainer - Best Eval---------------------------------------------------------
2026/08/25 16:03:38 - __main__ - INFO - 1290 - trainer - {'Best_HR@5': 38.6719, 'Best_NDCG@5': 28.5261, 'Best_HR@10': 49.4629, 'Best_NDCG@10': 31.9589, 'Best_HR@20': 60.8398, 'Best_NDCG@20': 34.9527}
2026/08/25 16:03:38 - __main__ - INFO - 1291 - trainer - {'Best_epoch_HR@5': 21, 'Best_epoch_NDCG@5': 20, 'Best_epoch_HR@10': 21, 'Best_epoch_NDCG@10': 20, 'Best_epoch_HR@20': 16, 'Best_epoch_NDCG@20': 20}
2026/08/25 16:03:38 - __main__ - INFO - 179 - main - Target model saved at: ./saved_model/movie_video/target_model.pth
