2026/08/25 15:53:15 - __main__ - INFO - 93 - main - Namespace(batch_size=512, decay_step=100, description='Diffu_norm_score', device='cuda', diffusion_steps=32, dropout=0.1, emb_dropout=0.3, epochs=100, eval_interval=5, gamma=0.1, group_alignment=1, group_alignment_mode='both', group_context_threshold=0.5, group_pop_weight=1.0, group_tail_weight=1.0, hidden_act='gelu', hidden_size=128, lambda_uncertainty=0.001, log_file='log/', loss_lambda=1, lr=0.001, max_len=8, metric_ks=[5, 10, 20], momentum=None, noise_schedule='trunc_lin', num_blocks=4, num_gpu=1, optimizer='Adam', p=0.3, patience=2, popular_ratio=0.2, random_seed=1997, rescale_timesteps=True, s_dataset='movie', schedule_sampler_name='lossaware', t_dataset='video', target_next_focus_bin='high', target_next_reweight_alpha=0.25, target_next_rule_reweight=1, w=1.0, weight_decay=0)
2026/08/25 15:53:18 - __main__ - INFO - 562 - trainer - Group-aware Alignment Definition------------------------------------
2026/08/25 15:53:18 - __main__ - INFO - 566 - trainer - {'group_alignment': True, 'alignment_mode': 'both', 'context_threshold': 0.5, 'popular_weight': 1.0, 'tail_weight': 1.0, 'source_popular_items': 17856, 'target_popular_items': 4372}
2026/08/25 15:53:18 - __main__ - INFO - 698 - trainer - Group-aware Alignment Batch------------------------------------
2026/08/25 15:53:18 - __main__ - INFO - 703 - trainer - {'Epoch': 0, 'Source Popular-context': 407, 'Source Tail-context': 75, 'Target Popular-context': 379, 'Target Tail-context': 87}
2026/08/25 15:53:23 - __main__ - INFO - 714 - trainer - Epoch: 0
2026/08/25 15:53:23 - __main__ - INFO - 698 - trainer - Group-aware Alignment Batch------------------------------------
2026/08/25 15:53:23 - __main__ - INFO - 703 - trainer - {'Epoch': 1, 'Source Popular-context': 394, 'Source Tail-context': 77, 'Target Popular-context': 372, 'Target Tail-context': 83}
2026/08/25 15:53:28 - __main__ - INFO - 714 - trainer - Epoch: 1
2026/08/25 15:53:28 - __main__ - INFO - 698 - trainer - Group-aware Alignment Batch------------------------------------
2026/08/25 15:53:28 - __main__ - INFO - 703 - trainer - {'Epoch': 2, 'Source Popular-context': 393, 'Source Tail-context': 73, 'Target Popular-context': 387, 'Target Tail-context': 77}
2026/08/25 15:53:32 - __main__ - INFO - 714 - trainer - Epoch: 2
2026/08/25 15:53:32 - __main__ - INFO - 698 - trainer - Group-aware Alignment Batch------------------------------------
2026/08/25 15:53:32 - __main__ - INFO - 703 - trainer - {'Epoch': 3, 'Source Popular-context': 409, 'Source Tail-context': 56, 'Target Popular-context': 342, 'Target Tail-context': 98}
2026/08/25 15:53:37 - __main__ - INFO - 714 - trainer - Epoch: 3
2026/08/25 15:53:37 - __main__ - INFO - 698 - trainer - Group-aware Alignment Batch------------------------------------
2026/08/25 15:53:37 - __main__ - INFO - 703 - trainer - {'Epoch': 4, 'Source Popular-context': 418, 'Source Tail-context': 59, 'Target Popular-context': 370, 'Target Tail-context': 79}
2026/08/25 15:53:41 - __main__ - INFO - 714 - trainer - Epoch: 4
2026/08/25 15:53:41 - __main__ - INFO - 698 - trainer - Group-aware Alignment Batch------------------------------------
2026/08/25 15:53:41 - __main__ - INFO - 703 - trainer - {'Epoch': 5, 'Source Popular-context': 403, 'Source Tail-context': 59, 'Target Popular-context': 368, 'Target Tail-context': 85}
2026/08/25 15:53:45 - __main__ - INFO - 714 - trainer - Epoch: 5
2026/08/25 15:53:45 - __main__ - INFO - 719 - trainer - start predicting: 2026-08-25 15:53:45.866940
2026/08/25 15:53:57 - __main__ - INFO - 756 - trainer - {'Best_HR@5': 38.6621, 'Best_NDCG@5': 29.8305, 'Best_HR@10': 49.1016, 'Best_NDCG@10': 33.2054, 'Best_HR@20': 61.8359, 'Best_NDCG@20': 36.4132}
2026/08/25 15:53:57 - __main__ - INFO - 757 - trainer - {'Best_epoch_HR@5': 5, 'Best_epoch_NDCG@5': 5, 'Best_epoch_HR@10': 5, 'Best_epoch_NDCG@10': 5, 'Best_epoch_HR@20': 5, 'Best_epoch_NDCG@20': 5}
2026/08/25 15:53:57 - __main__ - INFO - 698 - trainer - Group-aware Alignment Batch------------------------------------
2026/08/25 15:53:57 - __main__ - INFO - 703 - trainer - {'Epoch': 6, 'Source Popular-context': 423, 'Source Tail-context': 54, 'Target Popular-context': 362, 'Target Tail-context': 95}
2026/08/25 15:54:02 - __main__ - INFO - 714 - trainer - Epoch: 6
2026/08/25 15:54:02 - __main__ - INFO - 698 - trainer - Group-aware Alignment Batch------------------------------------
2026/08/25 15:54:02 - __main__ - INFO - 703 - trainer - {'Epoch': 7, 'Source Popular-context': 421, 'Source Tail-context': 63, 'Target Popular-context': 375, 'Target Tail-context': 85}
2026/08/25 15:54:06 - __main__ - INFO - 714 - trainer - Epoch: 7
2026/08/25 15:54:06 - __main__ - INFO - 698 - trainer - Group-aware Alignment Batch------------------------------------
2026/08/25 15:54:06 - __main__ - INFO - 703 - trainer - {'Epoch': 8, 'Source Popular-context': 421, 'Source Tail-context': 59, 'Target Popular-context': 368, 'Target Tail-context': 94}
2026/08/25 15:54:10 - __main__ - INFO - 714 - trainer - Epoch: 8
2026/08/25 15:54:10 - __main__ - INFO - 698 - trainer - Group-aware Alignment Batch------------------------------------
2026/08/25 15:54:10 - __main__ - INFO - 703 - trainer - {'Epoch': 9, 'Source Popular-context': 402, 'Source Tail-context': 78, 'Target Popular-context': 378, 'Target Tail-context': 85}
2026/08/25 15:54:15 - __main__ - INFO - 714 - trainer - Epoch: 9
2026/08/25 15:54:15 - __main__ - INFO - 698 - trainer - Group-aware Alignment Batch------------------------------------
2026/08/25 15:54:15 - __main__ - INFO - 703 - trainer - {'Epoch': 10, 'Source Popular-context': 428, 'Source Tail-context': 46, 'Target Popular-context': 374, 'Target Tail-context': 78}
2026/08/25 15:54:19 - __main__ - INFO - 714 - trainer - Epoch: 10
2026/08/25 15:54:19 - __main__ - INFO - 719 - trainer - start predicting: 2026-08-25 15:54:19.984539
2026/08/25 15:54:31 - __main__ - INFO - 756 - trainer - {'Best_HR@5': 48.2227, 'Best_NDCG@5': 36.8793, 'Best_HR@10': 58.877, 'Best_NDCG@10': 40.3294, 'Best_HR@20': 69.4629, 'Best_NDCG@20': 43.0071}
2026/08/25 15:54:31 - __main__ - INFO - 757 - trainer - {'Best_epoch_HR@5': 10, 'Best_epoch_NDCG@5': 10, 'Best_epoch_HR@10': 10, 'Best_epoch_NDCG@10': 10, 'Best_epoch_HR@20': 10, 'Best_epoch_NDCG@20': 10}
2026/08/25 15:54:31 - __main__ - INFO - 698 - trainer - Group-aware Alignment Batch------------------------------------
2026/08/25 15:54:31 - __main__ - INFO - 703 - trainer - {'Epoch': 11, 'Source Popular-context': 413, 'Source Tail-context': 60, 'Target Popular-context': 381, 'Target Tail-context': 85}
2026/08/25 15:54:36 - __main__ - INFO - 714 - trainer - Epoch: 11
2026/08/25 15:54:36 - __main__ - INFO - 698 - trainer - Group-aware Alignment Batch------------------------------------
2026/08/25 15:54:36 - __main__ - INFO - 703 - trainer - {'Epoch': 12, 'Source Popular-context': 424, 'Source Tail-context': 60, 'Target Popular-context': 372, 'Target Tail-context': 80}
2026/08/25 15:54:40 - __main__ - INFO - 714 - trainer - Epoch: 12
2026/08/25 15:54:40 - __main__ - INFO - 698 - trainer - Group-aware Alignment Batch------------------------------------
2026/08/25 15:54:40 - __main__ - INFO - 703 - trainer - {'Epoch': 13, 'Source Popular-context': 411, 'Source Tail-context': 73, 'Target Popular-context': 382, 'Target Tail-context': 79}
2026/08/25 15:54:45 - __main__ - INFO - 714 - trainer - Epoch: 13
2026/08/25 15:54:45 - __main__ - INFO - 698 - trainer - Group-aware Alignment Batch------------------------------------
2026/08/25 15:54:45 - __main__ - INFO - 703 - trainer - {'Epoch': 14, 'Source Popular-context': 423, 'Source Tail-context': 65, 'Target Popular-context': 379, 'Target Tail-context': 94}
2026/08/25 15:54:49 - __main__ - INFO - 714 - trainer - Epoch: 14
2026/08/25 15:54:49 - __main__ - INFO - 698 - trainer - Group-aware Alignment Batch------------------------------------
2026/08/25 15:54:49 - __main__ - INFO - 703 - trainer - {'Epoch': 15, 'Source Popular-context': 422, 'Source Tail-context': 58, 'Target Popular-context': 373, 'Target Tail-context': 98}
2026/08/25 15:54:54 - __main__ - INFO - 714 - trainer - Epoch: 15
2026/08/25 15:54:54 - __main__ - INFO - 719 - trainer - start predicting: 2026-08-25 15:54:54.004992
2026/08/25 15:55:05 - __main__ - INFO - 756 - trainer - {'Best_HR@5': 49.1797, 'Best_NDCG@5': 37.4333, 'Best_HR@10': 60.3223, 'Best_NDCG@10': 41.0498, 'Best_HR@20': 70.4297, 'Best_NDCG@20': 43.6145}
2026/08/25 15:55:05 - __main__ - INFO - 757 - trainer - {'Best_epoch_HR@5': 15, 'Best_epoch_NDCG@5': 15, 'Best_epoch_HR@10': 15, 'Best_epoch_NDCG@10': 15, 'Best_epoch_HR@20': 15, 'Best_epoch_NDCG@20': 15}
2026/08/25 15:55:05 - __main__ - INFO - 698 - trainer - Group-aware Alignment Batch------------------------------------
2026/08/25 15:55:05 - __main__ - INFO - 703 - trainer - {'Epoch': 16, 'Source Popular-context': 403, 'Source Tail-context': 65, 'Target Popular-context': 374, 'Target Tail-context': 89}
2026/08/25 15:55:10 - __main__ - INFO - 714 - trainer - Epoch: 16
2026/08/25 15:55:10 - __main__ - INFO - 698 - trainer - Group-aware Alignment Batch------------------------------------
2026/08/25 15:55:10 - __main__ - INFO - 703 - trainer - {'Epoch': 17, 'Source Popular-context': 423, 'Source Tail-context': 52, 'Target Popular-context': 355, 'Target Tail-context': 109}
2026/08/25 15:55:14 - __main__ - INFO - 714 - trainer - Epoch: 17
2026/08/25 15:55:14 - __main__ - INFO - 698 - trainer - Group-aware Alignment Batch------------------------------------
2026/08/25 15:55:14 - __main__ - INFO - 703 - trainer - {'Epoch': 18, 'Source Popular-context': 413, 'Source Tail-context': 63, 'Target Popular-context': 386, 'Target Tail-context': 85}
2026/08/25 15:55:19 - __main__ - INFO - 714 - trainer - Epoch: 18
2026/08/25 15:55:19 - __main__ - INFO - 698 - trainer - Group-aware Alignment Batch------------------------------------
2026/08/25 15:55:19 - __main__ - INFO - 703 - trainer - {'Epoch': 19, 'Source Popular-context': 402, 'Source Tail-context': 63, 'Target Popular-context': 367, 'Target Tail-context': 94}
2026/08/25 15:55:23 - __main__ - INFO - 714 - trainer - Epoch: 19
2026/08/25 15:55:23 - __main__ - INFO - 698 - trainer - Group-aware Alignment Batch------------------------------------
2026/08/25 15:55:23 - __main__ - INFO - 703 - trainer - {'Epoch': 20, 'Source Popular-context': 409, 'Source Tail-context': 62, 'Target Popular-context': 373, 'Target Tail-context': 82}
2026/08/25 15:55:28 - __main__ - INFO - 714 - trainer - Epoch: 20
2026/08/25 15:55:28 - __main__ - INFO - 719 - trainer - start predicting: 2026-08-25 15:55:28.583838
2026/08/25 15:55:39 - __main__ - INFO - 698 - trainer - Group-aware Alignment Batch------------------------------------
2026/08/25 15:55:39 - __main__ - INFO - 703 - trainer - {'Epoch': 21, 'Source Popular-context': 404, 'Source Tail-context': 63, 'Target Popular-context': 372, 'Target Tail-context': 83}
2026/08/25 15:55:44 - __main__ - INFO - 714 - trainer - Epoch: 21
2026/08/25 15:55:44 - __main__ - INFO - 698 - trainer - Group-aware Alignment Batch------------------------------------
2026/08/25 15:55:44 - __main__ - INFO - 703 - trainer - {'Epoch': 22, 'Source Popular-context': 416, 'Source Tail-context': 59, 'Target Popular-context': 370, 'Target Tail-context': 78}
2026/08/25 15:55:48 - __main__ - INFO - 714 - trainer - Epoch: 22
2026/08/25 15:55:48 - __main__ - INFO - 698 - trainer - Group-aware Alignment Batch------------------------------------
2026/08/25 15:55:48 - __main__ - INFO - 703 - trainer - {'Epoch': 23, 'Source Popular-context': 404, 'Source Tail-context': 69, 'Target Popular-context': 385, 'Target Tail-context': 81}
2026/08/25 15:55:53 - __main__ - INFO - 714 - trainer - Epoch: 23
2026/08/25 15:55:53 - __main__ - INFO - 698 - trainer - Group-aware Alignment Batch------------------------------------
2026/08/25 15:55:53 - __main__ - INFO - 703 - trainer - {'Epoch': 24, 'Source Popular-context': 400, 'Source Tail-context': 74, 'Target Popular-context': 373, 'Target Tail-context': 90}
2026/08/25 15:55:57 - __main__ - INFO - 714 - trainer - Epoch: 24
2026/08/25 15:55:57 - __main__ - INFO - 698 - trainer - Group-aware Alignment Batch------------------------------------
2026/08/25 15:55:57 - __main__ - INFO - 703 - trainer - {'Epoch': 25, 'Source Popular-context': 415, 'Source Tail-context': 50, 'Target Popular-context': 382, 'Target Tail-context': 81}
2026/08/25 15:56:02 - __main__ - INFO - 714 - trainer - Epoch: 25
2026/08/25 15:56:02 - __main__ - INFO - 719 - trainer - start predicting: 2026-08-25 15:56:02.240247
2026/08/25 15:56:14 - __main__ - INFO - 766 - trainer - {'Best_HR@5': 49.1797, 'Best_NDCG@5': 37.4333, 'Best_HR@10': 60.3223, 'Best_NDCG@10': 41.0498, 'Best_HR@20': 70.4297, 'Best_NDCG@20': 43.6145}
2026/08/25 15:56:14 - __main__ - INFO - 767 - trainer - {'Best_epoch_HR@5': 15, 'Best_epoch_NDCG@5': 15, 'Best_epoch_HR@10': 15, 'Best_epoch_NDCG@10': 15, 'Best_epoch_HR@20': 15, 'Best_epoch_NDCG@20': 15}
2026/08/25 15:56:14 - __main__ - INFO - 873 - trainer - Source Popularity Definition---------------------------------------------
2026/08/25 15:56:14 - __main__ - INFO - 878 - trainer - {'domain': 'Source', 'popular_ratio': 0.2, 'observed_train_items': 89276, 'popular_items': 17856, 'unpopular_seen_items': 71420, 'unseen_items_in_test': 'calculated from test ground truth'}
2026/08/25 15:56:21 - __main__ - INFO - 1154 - trainer - %s Test Overall------------------------------------------------------
2026/08/25 15:56:21 - __main__ - INFO - 1158 - trainer - {'HR@5': 49.8753, 'NDCG@5': 38.1821, 'HR@10': 60.4107, 'NDCG@10': 41.608, 'HR@20': 70.1785, 'NDCG@20': 44.0883}
2026/08/25 15:56:21 - __main__ - INFO - 1249 - trainer - Source Test Group Size----------------------------------------------
2026/08/25 15:56:21 - __main__ - INFO - 1254 - trainer - {'domain': 'Source', 'Overall_test_samples': 10422, 'Popular_test_samples': 7854, 'Unpopular_seen_test_samples': 1824, 'Unseen_test_samples': 744, 'Grouped_test_samples': 10422}
2026/08/25 15:56:21 - __main__ - INFO - 1256 - trainer - Source Test Popular Ground Truth-------------------------------------
2026/08/25 15:56:21 - __main__ - INFO - 1261 - trainer - {'HR@5': 65.4826, 'NDCG@5': 50.336, 'HR@10': 78.2022, 'NDCG@10': 54.4832, 'HR@20': 87.9297, 'NDCG@20': 56.9665}
2026/08/25 15:56:21 - __main__ - INFO - 1263 - trainer - Source Test Unpopular-Seen Ground Truth------------------------------
2026/08/25 15:56:21 - __main__ - INFO - 1268 - trainer - {'HR@5': 3.0154, 'NDCG@5': 1.4225, 'HR@10': 8.443, 'NDCG@10': 3.1399, 'HR@20': 22.3684, 'NDCG@20': 6.6193}
2026/08/25 15:56:21 - __main__ - INFO - 1272 - trainer - Source Test Unseen Ground Truth--------------------------------------
2026/08/25 15:56:21 - __main__ - INFO - 1277 - trainer - {'HR@5': 0.0, 'NDCG@5': 0.0, 'HR@10': 0.0, 'NDCG@10': 0.0, 'HR@20': 0.0, 'NDCG@20': 0.0}
2026/08/25 15:56:21 - __main__ - INFO - 1279 - trainer - Source Recommendation Popularity-------------------------------------
2026/08/25 15:56:21 - __main__ - INFO - 1284 - trainer - {'PopularRatio@5': 93.5483, 'PopularRatio@10': 82.1061, 'PopularRatio@20': 61.7319}
2026/08/25 15:56:21 - __main__ - INFO - 1287 - trainer - Best Eval---------------------------------------------------------
2026/08/25 15:56:21 - __main__ - INFO - 1290 - trainer - {'Best_HR@5': 49.1797, 'Best_NDCG@5': 37.4333, 'Best_HR@10': 60.3223, 'Best_NDCG@10': 41.0498, 'Best_HR@20': 70.4297, 'Best_NDCG@20': 43.6145}
2026/08/25 15:56:21 - __main__ - INFO - 1291 - trainer - {'Best_epoch_HR@5': 15, 'Best_epoch_NDCG@5': 15, 'Best_epoch_HR@10': 15, 'Best_epoch_NDCG@10': 15, 'Best_epoch_HR@20': 15, 'Best_epoch_NDCG@20': 15}
2026/08/25 15:56:21 - __main__ - INFO - 505 - trainer - D1 Sample-wise Target Next Regulation
2026/08/25 15:56:21 - __main__ - INFO - 508 - trainer - {'D1': 'Sample-wise Target Next Regulation', 'Popular Next Action': 'Normal', 'Unpopular Next Action': 'Reweight', 'Popular Next Samples': 11526, 'Unpopular Next Samples': 4912, 'Alpha': 0.25, 'Mean Unpopular Raw Weight': 1.0625}
2026/08/25 15:56:21 - __main__ - INFO - 714 - trainer - Epoch: 0
2026/08/25 15:56:22 - __main__ - INFO - 714 - trainer - Epoch: 1
2026/08/25 15:56:22 - __main__ - INFO - 719 - trainer - start predicting: 2026-08-25 15:56:22.245616
2026/08/25 15:56:23 - __main__ - INFO - 756 - trainer - {'Best_HR@5': 7.3242, 'Best_NDCG@5': 4.1427, 'Best_HR@10': 14.1113, 'Best_NDCG@10': 6.3153, 'Best_HR@20': 30.0293, 'Best_NDCG@20': 10.2965}
2026/08/25 15:56:23 - __main__ - INFO - 757 - trainer - {'Best_epoch_HR@5': 1, 'Best_epoch_NDCG@5': 1, 'Best_epoch_HR@10': 1, 'Best_epoch_NDCG@10': 1, 'Best_epoch_HR@20': 1, 'Best_epoch_NDCG@20': 1}
2026/08/25 15:56:24 - __main__ - INFO - 714 - trainer - Epoch: 2
2026/08/25 15:56:24 - __main__ - INFO - 719 - trainer - start predicting: 2026-08-25 15:56:24.379789
2026/08/25 15:56:25 - __main__ - INFO - 756 - trainer - {'Best_HR@5': 12.9883, 'Best_NDCG@5': 8.0608, 'Best_HR@10': 22.3145, 'Best_NDCG@10': 11.0285, 'Best_HR@20': 38.2324, 'Best_NDCG@20': 15.0204}
2026/08/25 15:56:25 - __main__ - INFO - 757 - trainer - {'Best_epoch_HR@5': 2, 'Best_epoch_NDCG@5': 2, 'Best_epoch_HR@10': 2, 'Best_epoch_NDCG@10': 2, 'Best_epoch_HR@20': 2, 'Best_epoch_NDCG@20': 2}
2026/08/25 15:56:26 - __main__ - INFO - 714 - trainer - Epoch: 3
2026/08/25 15:56:26 - __main__ - INFO - 719 - trainer - start predicting: 2026-08-25 15:56:26.451131
2026/08/25 15:56:28 - __main__ - INFO - 756 - trainer - {'Best_HR@5': 18.75, 'Best_NDCG@5': 12.0776, 'Best_HR@10': 29.4922, 'Best_NDCG@10': 15.4945, 'Best_HR@20': 45.9961, 'Best_NDCG@20': 19.647}
2026/08/25 15:56:28 - __main__ - INFO - 757 - trainer - {'Best_epoch_HR@5': 3, 'Best_epoch_NDCG@5': 3, 'Best_epoch_HR@10': 3, 'Best_epoch_NDCG@10': 3, 'Best_epoch_HR@20': 3, 'Best_epoch_NDCG@20': 3}
2026/08/25 15:56:28 - __main__ - INFO - 714 - trainer - Epoch: 4
2026/08/25 15:56:28 - __main__ - INFO - 719 - trainer - start predicting: 2026-08-25 15:56:28.536984
2026/08/25 15:56:30 - __main__ - INFO - 756 - trainer - {'Best_HR@5': 24.3164, 'Best_NDCG@5': 16.0589, 'Best_HR@10': 35.1562, 'Best_NDCG@10': 19.502, 'Best_HR@20': 50.293, 'Best_NDCG@20': 23.3109}
2026/08/25 15:56:30 - __main__ - INFO - 757 - trainer - {'Best_epoch_HR@5': 4, 'Best_epoch_NDCG@5': 4, 'Best_epoch_HR@10': 4, 'Best_epoch_NDCG@10': 4, 'Best_epoch_HR@20': 4, 'Best_epoch_NDCG@20': 4}
2026/08/25 15:56:30 - __main__ - INFO - 714 - trainer - Epoch: 5
2026/08/25 15:56:30 - __main__ - INFO - 719 - trainer - start predicting: 2026-08-25 15:56:30.599577
2026/08/25 15:56:32 - __main__ - INFO - 756 - trainer - {'Best_HR@5': 25.4883, 'Best_NDCG@5': 17.7696, 'Best_HR@10': 37.5488, 'Best_NDCG@10': 21.6943, 'Best_HR@20': 53.0762, 'Best_NDCG@20': 25.5923}
2026/08/25 15:56:32 - __main__ - INFO - 757 - trainer - {'Best_epoch_HR@5': 5, 'Best_epoch_NDCG@5': 5, 'Best_epoch_HR@10': 5, 'Best_epoch_NDCG@10': 5, 'Best_epoch_HR@20': 5, 'Best_epoch_NDCG@20': 5}
2026/08/25 15:56:32 - __main__ - INFO - 714 - trainer - Epoch: 6
2026/08/25 15:56:32 - __main__ - INFO - 719 - trainer - start predicting: 2026-08-25 15:56:32.694020
2026/08/25 15:56:34 - __main__ - INFO - 756 - trainer - {'Best_HR@5': 29.248, 'Best_NDCG@5': 20.5691, 'Best_HR@10': 40.0879, 'Best_NDCG@10': 24.0841, 'Best_HR@20': 55.127, 'Best_NDCG@20': 27.8724}
2026/08/25 15:56:34 - __main__ - INFO - 757 - trainer - {'Best_epoch_HR@5': 6, 'Best_epoch_NDCG@5': 6, 'Best_epoch_HR@10': 6, 'Best_epoch_NDCG@10': 6, 'Best_epoch_HR@20': 6, 'Best_epoch_NDCG@20': 6}
2026/08/25 15:56:34 - __main__ - INFO - 714 - trainer - Epoch: 7
2026/08/25 15:56:34 - __main__ - INFO - 719 - trainer - start predicting: 2026-08-25 15:56:34.842508
2026/08/25 15:56:36 - __main__ - INFO - 756 - trainer - {'Best_HR@5': 31.5918, 'Best_NDCG@5': 22.7157, 'Best_HR@10': 41.7969, 'Best_NDCG@10': 26.0271, 'Best_HR@20': 56.1523, 'Best_NDCG@20': 29.6195}
2026/08/25 15:56:36 - __main__ - INFO - 757 - trainer - {'Best_epoch_HR@5': 7, 'Best_epoch_NDCG@5': 7, 'Best_epoch_HR@10': 7, 'Best_epoch_NDCG@10': 7, 'Best_epoch_HR@20': 7, 'Best_epoch_NDCG@20': 7}
2026/08/25 15:56:36 - __main__ - INFO - 714 - trainer - Epoch: 8
2026/08/25 15:56:36 - __main__ - INFO - 719 - trainer - start predicting: 2026-08-25 15:56:36.917889
2026/08/25 15:56:38 - __main__ - INFO - 756 - trainer - {'Best_HR@5': 32.7637, 'Best_NDCG@5': 24.4958, 'Best_HR@10': 43.5547, 'Best_NDCG@10': 27.9665, 'Best_HR@20': 57.3242, 'Best_NDCG@20': 31.4213}
2026/08/25 15:56:38 - __main__ - INFO - 757 - trainer - {'Best_epoch_HR@5': 8, 'Best_epoch_NDCG@5': 8, 'Best_epoch_HR@10': 8, 'Best_epoch_NDCG@10': 8, 'Best_epoch_HR@20': 8, 'Best_epoch_NDCG@20': 8}
2026/08/25 15:56:38 - __main__ - INFO - 714 - trainer - Epoch: 9
2026/08/25 15:56:38 - __main__ - INFO - 719 - trainer - start predicting: 2026-08-25 15:56:38.973124
2026/08/25 15:56:40 - __main__ - INFO - 756 - trainer - {'Best_HR@5': 34.5215, 'Best_NDCG@5': 25.4912, 'Best_HR@10': 44.4336, 'Best_NDCG@10': 28.6944, 'Best_HR@20': 57.373, 'Best_NDCG@20': 31.9553}
2026/08/25 15:56:40 - __main__ - INFO - 757 - trainer - {'Best_epoch_HR@5': 9, 'Best_epoch_NDCG@5': 9, 'Best_epoch_HR@10': 9, 'Best_epoch_NDCG@10': 9, 'Best_epoch_HR@20': 9, 'Best_epoch_NDCG@20': 9}
2026/08/25 15:56:41 - __main__ - INFO - 714 - trainer - Epoch: 10
2026/08/25 15:56:41 - __main__ - INFO - 719 - trainer - start predicting: 2026-08-25 15:56:41.105077
2026/08/25 15:56:42 - __main__ - INFO - 756 - trainer - {'Best_HR@5': 35.5957, 'Best_NDCG@5': 26.6457, 'Best_HR@10': 46.1914, 'Best_NDCG@10': 30.0305, 'Best_HR@20': 58.4473, 'Best_NDCG@20': 33.0937}
2026/08/25 15:56:42 - __main__ - INFO - 757 - trainer - {'Best_epoch_HR@5': 10, 'Best_epoch_NDCG@5': 10, 'Best_epoch_HR@10': 10, 'Best_epoch_NDCG@10': 10, 'Best_epoch_HR@20': 10, 'Best_epoch_NDCG@20': 10}
2026/08/25 15:56:43 - __main__ - INFO - 714 - trainer - Epoch: 11
2026/08/25 15:56:43 - __main__ - INFO - 719 - trainer - start predicting: 2026-08-25 15:56:43.221267
2026/08/25 15:56:44 - __main__ - INFO - 756 - trainer - {'Best_HR@5': 36.1816, 'Best_NDCG@5': 26.9085, 'Best_HR@10': 46.3867, 'Best_NDCG@10': 30.2089, 'Best_HR@20': 59.375, 'Best_NDCG@20': 33.4827}
2026/08/25 15:56:44 - __main__ - INFO - 757 - trainer - {'Best_epoch_HR@5': 11, 'Best_epoch_NDCG@5': 11, 'Best_epoch_HR@10': 11, 'Best_epoch_NDCG@10': 11, 'Best_epoch_HR@20': 11, 'Best_epoch_NDCG@20': 11}
2026/08/25 15:56:45 - __main__ - INFO - 714 - trainer - Epoch: 12
2026/08/25 15:56:45 - __main__ - INFO - 719 - trainer - start predicting: 2026-08-25 15:56:45.313772
2026/08/25 15:56:46 - __main__ - INFO - 756 - trainer - {'Best_HR@5': 36.2305, 'Best_NDCG@5': 27.0147, 'Best_HR@10': 47.6074, 'Best_NDCG@10': 30.6935, 'Best_HR@20': 59.375, 'Best_NDCG@20': 33.626}
2026/08/25 15:56:46 - __main__ - INFO - 757 - trainer - {'Best_epoch_HR@5': 12, 'Best_epoch_NDCG@5': 12, 'Best_epoch_HR@10': 12, 'Best_epoch_NDCG@10': 12, 'Best_epoch_HR@20': 11, 'Best_epoch_NDCG@20': 12}
2026/08/25 15:56:47 - __main__ - INFO - 714 - trainer - Epoch: 13
2026/08/25 15:56:47 - __main__ - INFO - 719 - trainer - start predicting: 2026-08-25 15:56:47.434324
2026/08/25 15:56:49 - __main__ - INFO - 714 - trainer - Epoch: 14
2026/08/25 15:56:49 - __main__ - INFO - 719 - trainer - start predicting: 2026-08-25 15:56:49.531037
2026/08/25 15:56:51 - __main__ - INFO - 756 - trainer - {'Best_HR@5': 37.6465, 'Best_NDCG@5': 27.6458, 'Best_HR@10': 47.6074, 'Best_NDCG@10': 30.7638, 'Best_HR@20': 59.6191, 'Best_NDCG@20': 33.8549}
2026/08/25 15:56:51 - __main__ - INFO - 757 - trainer - {'Best_epoch_HR@5': 14, 'Best_epoch_NDCG@5': 14, 'Best_epoch_HR@10': 12, 'Best_epoch_NDCG@10': 14, 'Best_epoch_HR@20': 14, 'Best_epoch_NDCG@20': 14}
2026/08/25 15:56:51 - __main__ - INFO - 714 - trainer - Epoch: 15
2026/08/25 15:56:51 - __main__ - INFO - 719 - trainer - start predicting: 2026-08-25 15:56:51.617884
2026/08/25 15:56:53 - __main__ - INFO - 756 - trainer - {'Best_HR@5': 38.0859, 'Best_NDCG@5': 28.1233, 'Best_HR@10': 47.8027, 'Best_NDCG@10': 31.2352, 'Best_HR@20': 60.1074, 'Best_NDCG@20': 34.3451}
2026/08/25 15:56:53 - __main__ - INFO - 757 - trainer - {'Best_epoch_HR@5': 15, 'Best_epoch_NDCG@5': 15, 'Best_epoch_HR@10': 15, 'Best_epoch_NDCG@10': 15, 'Best_epoch_HR@20': 15, 'Best_epoch_NDCG@20': 15}
2026/08/25 15:56:53 - __main__ - INFO - 714 - trainer - Epoch: 16
2026/08/25 15:56:53 - __main__ - INFO - 719 - trainer - start predicting: 2026-08-25 15:56:53.720986
2026/08/25 15:56:55 - __main__ - INFO - 756 - trainer - {'Best_HR@5': 38.0859, 'Best_NDCG@5': 28.1233, 'Best_HR@10': 47.9492, 'Best_NDCG@10': 31.2352, 'Best_HR@20': 60.2539, 'Best_NDCG@20': 34.3451}
2026/08/25 15:56:55 - __main__ - INFO - 757 - trainer - {'Best_epoch_HR@5': 15, 'Best_epoch_NDCG@5': 15, 'Best_epoch_HR@10': 16, 'Best_epoch_NDCG@10': 15, 'Best_epoch_HR@20': 16, 'Best_epoch_NDCG@20': 15}
2026/08/25 15:56:55 - __main__ - INFO - 714 - trainer - Epoch: 17
2026/08/25 15:56:55 - __main__ - INFO - 719 - trainer - start predicting: 2026-08-25 15:56:55.878080
2026/08/25 15:56:57 - __main__ - INFO - 756 - trainer - {'Best_HR@5': 38.0859, 'Best_NDCG@5': 28.1233, 'Best_HR@10': 48.0469, 'Best_NDCG@10': 31.2352, 'Best_HR@20': 60.2539, 'Best_NDCG@20': 34.3451}
2026/08/25 15:56:57 - __main__ - INFO - 757 - trainer - {'Best_epoch_HR@5': 15, 'Best_epoch_NDCG@5': 15, 'Best_epoch_HR@10': 17, 'Best_epoch_NDCG@10': 15, 'Best_epoch_HR@20': 16, 'Best_epoch_NDCG@20': 15}
2026/08/25 15:56:57 - __main__ - INFO - 714 - trainer - Epoch: 18
2026/08/25 15:56:57 - __main__ - INFO - 719 - trainer - start predicting: 2026-08-25 15:56:57.987793
2026/08/25 15:57:00 - __main__ - INFO - 714 - trainer - Epoch: 19
2026/08/25 15:57:00 - __main__ - INFO - 719 - trainer - start predicting: 2026-08-25 15:57:00.084889
2026/08/25 15:57:01 - __main__ - INFO - 756 - trainer - {'Best_HR@5': 38.0859, 'Best_NDCG@5': 28.1233, 'Best_HR@10': 48.4375, 'Best_NDCG@10': 31.3987, 'Best_HR@20': 60.3027, 'Best_NDCG@20': 34.3806}
2026/08/25 15:57:01 - __main__ - INFO - 757 - trainer - {'Best_epoch_HR@5': 15, 'Best_epoch_NDCG@5': 15, 'Best_epoch_HR@10': 19, 'Best_epoch_NDCG@10': 19, 'Best_epoch_HR@20': 19, 'Best_epoch_NDCG@20': 19}
2026/08/25 15:57:02 - __main__ - INFO - 714 - trainer - Epoch: 20
2026/08/25 15:57:02 - __main__ - INFO - 719 - trainer - start predicting: 2026-08-25 15:57:02.193481
2026/08/25 15:57:03 - __main__ - INFO - 756 - trainer - {'Best_HR@5': 38.0859, 'Best_NDCG@5': 28.1233, 'Best_HR@10': 48.5352, 'Best_NDCG@10': 31.3987, 'Best_HR@20': 60.3027, 'Best_NDCG@20': 34.3806}
2026/08/25 15:57:03 - __main__ - INFO - 757 - trainer - {'Best_epoch_HR@5': 15, 'Best_epoch_NDCG@5': 15, 'Best_epoch_HR@10': 20, 'Best_epoch_NDCG@10': 19, 'Best_epoch_HR@20': 19, 'Best_epoch_NDCG@20': 19}
2026/08/25 15:57:04 - __main__ - INFO - 714 - trainer - Epoch: 21
2026/08/25 15:57:04 - __main__ - INFO - 719 - trainer - start predicting: 2026-08-25 15:57:04.303702
2026/08/25 15:57:05 - __main__ - INFO - 756 - trainer - {'Best_HR@5': 38.0859, 'Best_NDCG@5': 28.1233, 'Best_HR@10': 48.5352, 'Best_NDCG@10': 31.3987, 'Best_HR@20': 60.3516, 'Best_NDCG@20': 34.3806}
2026/08/25 15:57:05 - __main__ - INFO - 757 - trainer - {'Best_epoch_HR@5': 15, 'Best_epoch_NDCG@5': 15, 'Best_epoch_HR@10': 20, 'Best_epoch_NDCG@10': 19, 'Best_epoch_HR@20': 21, 'Best_epoch_NDCG@20': 19}
2026/08/25 15:57:06 - __main__ - INFO - 714 - trainer - Epoch: 22
2026/08/25 15:57:06 - __main__ - INFO - 719 - trainer - start predicting: 2026-08-25 15:57:06.415842
2026/08/25 15:57:08 - __main__ - INFO - 714 - trainer - Epoch: 23
2026/08/25 15:57:08 - __main__ - INFO - 719 - trainer - start predicting: 2026-08-25 15:57:08.516583
2026/08/25 15:57:10 - __main__ - INFO - 714 - trainer - Epoch: 24
2026/08/25 15:57:10 - __main__ - INFO - 719 - trainer - start predicting: 2026-08-25 15:57:10.575682
2026/08/25 15:57:12 - __main__ - INFO - 714 - trainer - Epoch: 25
2026/08/25 15:57:12 - __main__ - INFO - 719 - trainer - start predicting: 2026-08-25 15:57:12.677319
2026/08/25 15:57:14 - __main__ - INFO - 714 - trainer - Epoch: 26
2026/08/25 15:57:14 - __main__ - INFO - 719 - trainer - start predicting: 2026-08-25 15:57:14.755658
2026/08/25 15:57:16 - __main__ - INFO - 766 - trainer - {'Best_HR@5': 38.0859, 'Best_NDCG@5': 28.1233, 'Best_HR@10': 48.5352, 'Best_NDCG@10': 31.3987, 'Best_HR@20': 60.3516, 'Best_NDCG@20': 34.3806}
2026/08/25 15:57:16 - __main__ - INFO - 767 - trainer - {'Best_epoch_HR@5': 15, 'Best_epoch_NDCG@5': 15, 'Best_epoch_HR@10': 20, 'Best_epoch_NDCG@10': 19, 'Best_epoch_HR@20': 21, 'Best_epoch_NDCG@20': 19}
2026/08/25 15:57:16 - __main__ - INFO - 873 - trainer - Target Popularity Definition---------------------------------------------
2026/08/25 15:57:16 - __main__ - INFO - 878 - trainer - {'domain': 'Target', 'popular_ratio': 0.2, 'observed_train_items': 21856, 'popular_items': 4372, 'unpopular_seen_items': 17484, 'unseen_items_in_test': 'calculated from test ground truth'}
2026/08/25 15:57:17 - __main__ - INFO - 1154 - trainer - %s Test Overall------------------------------------------------------
2026/08/25 15:57:17 - __main__ - INFO - 1158 - trainer - {'HR@5': 38.6187, 'NDCG@5': 28.3305, 'HR@10': 49.5623, 'NDCG@10': 31.8704, 'HR@20': 62.0136, 'NDCG@20': 35.0194}
2026/08/25 15:57:17 - __main__ - INFO - 1249 - trainer - Target Test Group Size----------------------------------------------
2026/08/25 15:57:17 - __main__ - INFO - 1254 - trainer - {'domain': 'Target', 'Overall_test_samples': 2056, 'Popular_test_samples': 1372, 'Unpopular_seen_test_samples': 505, 'Unseen_test_samples': 179, 'Grouped_test_samples': 2056}
2026/08/25 15:57:17 - __main__ - INFO - 1256 - trainer - Target Test Popular Ground Truth-------------------------------------
2026/08/25 15:57:17 - __main__ - INFO - 1261 - trainer - {'HR@5': 55.758, 'NDCG@5': 41.2731, 'HR@10': 69.8251, 'NDCG@10': 45.8307, 'HR@20': 83.5277, 'NDCG@20': 49.3116}
2026/08/25 15:57:17 - __main__ - INFO - 1263 - trainer - Target Test Unpopular-Seen Ground Truth------------------------------
2026/08/25 15:57:17 - __main__ - INFO - 1268 - trainer - {'HR@5': 5.7426, 'NDCG@5': 3.2096, 'HR@10': 12.0792, 'NDCG@10': 5.2395, 'HR@20': 25.5446, 'NDCG@20': 8.6029}
2026/08/25 15:57:17 - __main__ - INFO - 1272 - trainer - Target Test Unseen Ground Truth--------------------------------------
2026/08/25 15:57:17 - __main__ - INFO - 1277 - trainer - {'HR@5': 0.0, 'NDCG@5': 0.0, 'HR@10': 0.0, 'NDCG@10': 0.0, 'HR@20': 0.0, 'NDCG@20': 0.0}
2026/08/25 15:57:17 - __main__ - INFO - 1279 - trainer - Target Recommendation Popularity-------------------------------------
2026/08/25 15:57:17 - __main__ - INFO - 1284 - trainer - {'PopularRatio@5': 84.4553, 'PopularRatio@10': 72.3103, 'PopularRatio@20': 56.4835}
2026/08/25 15:57:17 - __main__ - INFO - 1287 - trainer - Best Eval---------------------------------------------------------
2026/08/25 15:57:17 - __main__ - INFO - 1290 - trainer - {'Best_HR@5': 38.0859, 'Best_NDCG@5': 28.1233, 'Best_HR@10': 48.5352, 'Best_NDCG@10': 31.3987, 'Best_HR@20': 60.3516, 'Best_NDCG@20': 34.3806}
2026/08/25 15:57:17 - __main__ - INFO - 1291 - trainer - {'Best_epoch_HR@5': 15, 'Best_epoch_NDCG@5': 15, 'Best_epoch_HR@10': 20, 'Best_epoch_NDCG@10': 19, 'Best_epoch_HR@20': 21, 'Best_epoch_NDCG@20': 19}
2026/08/25 15:57:18 - __main__ - INFO - 179 - main - Target model saved at: ./saved_model/movie_video/target_model.pth
