2026/10/01 15:11:56 - __main__ - INFO - 92 - main - Namespace(batch_size=512, decay_step=100, description='Diffu_norm_score', device='cuda', diffusion_steps=32, dropout=0.1, emb_dropout=0.3, epochs=100, eval_interval=5, gamma=0.1, group_alignment=0, group_alignment_mode='both', group_context_threshold=0.5, group_pop_weight=1.0, group_tail_weight=1.0, hidden_act='gelu', hidden_size=128, lambda_uncertainty=0.001, log_file='log/', loss_lambda=1, lr=0.001, max_len=8, metric_ks=[5, 10, 20], momentum=None, noise_schedule='trunc_lin', num_blocks=4, num_gpu=1, optimizer='Adam', p=0.3, patience=2, popular_ratio=0.2, random_seed=1997, rescale_timesteps=True, s_dataset='movie', schedule_sampler_name='lossaware', t_dataset='video', target_next_reweight_alpha=0.25, target_next_rule_reweight=0, w=1.0, weight_decay=0)
2026/10/01 15:12:04 - __main__ - INFO - 648 - trainer - Epoch: 0
2026/10/01 15:12:08 - __main__ - INFO - 648 - trainer - Epoch: 1
2026/10/01 15:12:12 - __main__ - INFO - 648 - trainer - Epoch: 2
2026/10/01 15:12:16 - __main__ - INFO - 648 - trainer - Epoch: 3
2026/10/01 15:12:20 - __main__ - INFO - 648 - trainer - Epoch: 4
2026/10/01 15:12:24 - __main__ - INFO - 648 - trainer - Epoch: 5
2026/10/01 15:12:24 - __main__ - INFO - 653 - trainer - start predicting: 2026-10-01 15:12:24.528449
2026/10/01 15:12:36 - __main__ - INFO - 690 - trainer - {'Best_HR@5': 40.3418, 'Best_NDCG@5': 30.9865, 'Best_HR@10': 51.0938, 'Best_NDCG@10': 34.4443, 'Best_HR@20': 64.1406, 'Best_NDCG@20': 37.7249}
2026/10/01 15:12:36 - __main__ - INFO - 691 - trainer - {'Best_epoch_HR@5': 5, 'Best_epoch_NDCG@5': 5, 'Best_epoch_HR@10': 5, 'Best_epoch_NDCG@10': 5, 'Best_epoch_HR@20': 5, 'Best_epoch_NDCG@20': 5}
2026/10/01 15:12:40 - __main__ - INFO - 648 - trainer - Epoch: 6
2026/10/01 15:12:44 - __main__ - INFO - 648 - trainer - Epoch: 7
2026/10/01 15:12:48 - __main__ - INFO - 648 - trainer - Epoch: 8
2026/10/01 15:12:52 - __main__ - INFO - 648 - trainer - Epoch: 9
2026/10/01 15:12:56 - __main__ - INFO - 648 - trainer - Epoch: 10
2026/10/01 15:12:56 - __main__ - INFO - 653 - trainer - start predicting: 2026-10-01 15:12:56.224525
2026/10/01 15:13:07 - __main__ - INFO - 690 - trainer - {'Best_HR@5': 48.4277, 'Best_NDCG@5': 36.9372, 'Best_HR@10': 59.0527, 'Best_NDCG@10': 40.3759, 'Best_HR@20': 69.7461, 'Best_NDCG@20': 43.0779}
2026/10/01 15:13:07 - __main__ - INFO - 691 - trainer - {'Best_epoch_HR@5': 10, 'Best_epoch_NDCG@5': 10, 'Best_epoch_HR@10': 10, 'Best_epoch_NDCG@10': 10, 'Best_epoch_HR@20': 10, 'Best_epoch_NDCG@20': 10}
2026/10/01 15:13:11 - __main__ - INFO - 648 - trainer - Epoch: 11
2026/10/01 15:13:15 - __main__ - INFO - 648 - trainer - Epoch: 12
2026/10/01 15:13:19 - __main__ - INFO - 648 - trainer - Epoch: 13
2026/10/01 15:13:23 - __main__ - INFO - 648 - trainer - Epoch: 14
2026/10/01 15:13:27 - __main__ - INFO - 648 - trainer - Epoch: 15
2026/10/01 15:13:27 - __main__ - INFO - 653 - trainer - start predicting: 2026-10-01 15:13:27.513869
2026/10/01 15:13:38 - __main__ - INFO - 690 - trainer - {'Best_HR@5': 49.2188, 'Best_NDCG@5': 37.4011, 'Best_HR@10': 60.3809, 'Best_NDCG@10': 41.0124, 'Best_HR@20': 70.6055, 'Best_NDCG@20': 43.5987}
2026/10/01 15:13:38 - __main__ - INFO - 691 - trainer - {'Best_epoch_HR@5': 15, 'Best_epoch_NDCG@5': 15, 'Best_epoch_HR@10': 15, 'Best_epoch_NDCG@10': 15, 'Best_epoch_HR@20': 15, 'Best_epoch_NDCG@20': 15}
2026/10/01 15:13:43 - __main__ - INFO - 648 - trainer - Epoch: 16
2026/10/01 15:13:47 - __main__ - INFO - 648 - trainer - Epoch: 17
2026/10/01 15:13:51 - __main__ - INFO - 648 - trainer - Epoch: 18
2026/10/01 15:13:55 - __main__ - INFO - 648 - trainer - Epoch: 19
2026/10/01 15:13:59 - __main__ - INFO - 648 - trainer - Epoch: 20
2026/10/01 15:13:59 - __main__ - INFO - 653 - trainer - start predicting: 2026-10-01 15:13:59.315691
2026/10/01 15:14:14 - __main__ - INFO - 648 - trainer - Epoch: 21
2026/10/01 15:14:18 - __main__ - INFO - 648 - trainer - Epoch: 22
2026/10/01 15:14:22 - __main__ - INFO - 648 - trainer - Epoch: 23
2026/10/01 15:14:26 - __main__ - INFO - 648 - trainer - Epoch: 24
2026/10/01 15:14:30 - __main__ - INFO - 648 - trainer - Epoch: 25
2026/10/01 15:14:30 - __main__ - INFO - 653 - trainer - start predicting: 2026-10-01 15:14:30.694131
2026/10/01 15:14:42 - __main__ - INFO - 700 - trainer - {'Best_HR@5': 49.2188, 'Best_NDCG@5': 37.4011, 'Best_HR@10': 60.3809, 'Best_NDCG@10': 41.0124, 'Best_HR@20': 70.6055, 'Best_NDCG@20': 43.5987}
2026/10/01 15:14:42 - __main__ - INFO - 701 - trainer - {'Best_epoch_HR@5': 15, 'Best_epoch_NDCG@5': 15, 'Best_epoch_HR@10': 15, 'Best_epoch_NDCG@10': 15, 'Best_epoch_HR@20': 15, 'Best_epoch_NDCG@20': 15}
2026/10/01 15:14:42 - __main__ - INFO - 807 - trainer - Source Popularity Definition---------------------------------------------
2026/10/01 15:14:42 - __main__ - INFO - 812 - trainer - {'domain': 'Source', 'popular_ratio': 0.2, 'observed_train_items': 89276, 'popular_items': 17856, 'unpopular_seen_items': 71420, 'unseen_items_in_test': 'calculated from test ground truth'}
2026/10/01 15:14:49 - __main__ - INFO - 1088 - trainer - %s Test Overall------------------------------------------------------
2026/10/01 15:14:49 - __main__ - INFO - 1092 - trainer - {'HR@5': 49.7409, 'NDCG@5': 38.1149, 'HR@10': 60.497, 'NDCG@10': 41.6093, 'HR@20': 70.4088, 'NDCG@20': 44.1179}
2026/10/01 15:14:49 - __main__ - INFO - 1183 - trainer - Source Test Group Size----------------------------------------------
2026/10/01 15:14:49 - __main__ - INFO - 1188 - trainer - {'domain': 'Source', 'Overall_test_samples': 10422, 'Popular_test_samples': 7854, 'Unpopular_seen_test_samples': 1824, 'Unseen_test_samples': 744, 'Grouped_test_samples': 10422}
2026/10/01 15:14:49 - __main__ - INFO - 1190 - trainer - Source Test Popular Ground Truth-------------------------------------
2026/10/01 15:14:49 - __main__ - INFO - 1195 - trainer - {'HR@5': 65.2788, 'NDCG@5': 50.2371, 'HR@10': 78.2404, 'NDCG@10': 54.4613, 'HR@20': 88.2862, 'NDCG@20': 57.0117}
2026/10/01 15:14:49 - __main__ - INFO - 1197 - trainer - Source Test Unpopular-Seen Ground Truth------------------------------
2026/10/01 15:14:49 - __main__ - INFO - 1202 - trainer - {'HR@5': 3.125, 'NDCG@5': 1.4642, 'HR@10': 8.7719, 'NDCG@10': 3.2417, 'HR@20': 22.0943, 'NDCG@20': 6.5808}
2026/10/01 15:14:49 - __main__ - INFO - 1206 - trainer - Source Test Unseen Ground Truth--------------------------------------
2026/10/01 15:14:49 - __main__ - INFO - 1211 - trainer - {'HR@5': 0.0, 'NDCG@5': 0.0, 'HR@10': 0.0, 'NDCG@10': 0.0, 'HR@20': 0.1344, 'NDCG@20': 0.0316}
2026/10/01 15:14:49 - __main__ - INFO - 1213 - trainer - Source Recommendation Popularity-------------------------------------
2026/10/01 15:14:49 - __main__ - INFO - 1218 - trainer - {'PopularRatio@5': 93.3525, 'PopularRatio@10': 81.9516, 'PopularRatio@20': 61.7665}
2026/10/01 15:14:49 - __main__ - INFO - 1221 - trainer - Best Eval---------------------------------------------------------
2026/10/01 15:14:49 - __main__ - INFO - 1224 - trainer - {'Best_HR@5': 49.2188, 'Best_NDCG@5': 37.4011, 'Best_HR@10': 60.3809, 'Best_NDCG@10': 41.0124, 'Best_HR@20': 70.6055, 'Best_NDCG@20': 43.5987}
2026/10/01 15:14:49 - __main__ - INFO - 1225 - trainer - {'Best_epoch_HR@5': 15, 'Best_epoch_NDCG@5': 15, 'Best_epoch_HR@10': 15, 'Best_epoch_NDCG@10': 15, 'Best_epoch_HR@20': 15, 'Best_epoch_NDCG@20': 15}
2026/10/01 15:14:50 - __main__ - INFO - 648 - trainer - Epoch: 0
2026/10/01 15:14:50 - __main__ - INFO - 648 - trainer - Epoch: 1
2026/10/01 15:14:50 - __main__ - INFO - 653 - trainer - start predicting: 2026-10-01 15:14:50.662704
2026/10/01 15:14:52 - __main__ - INFO - 690 - trainer - {'Best_HR@5': 7.2754, 'Best_NDCG@5': 3.894, 'Best_HR@10': 13.7695, 'Best_NDCG@10': 5.9614, 'Best_HR@20': 29.834, 'Best_NDCG@20': 9.9726}
2026/10/01 15:14:52 - __main__ - INFO - 691 - trainer - {'Best_epoch_HR@5': 1, 'Best_epoch_NDCG@5': 1, 'Best_epoch_HR@10': 1, 'Best_epoch_NDCG@10': 1, 'Best_epoch_HR@20': 1, 'Best_epoch_NDCG@20': 1}
2026/10/01 15:14:52 - __main__ - INFO - 648 - trainer - Epoch: 2
2026/10/01 15:14:52 - __main__ - INFO - 653 - trainer - start predicting: 2026-10-01 15:14:52.833978
2026/10/01 15:14:54 - __main__ - INFO - 690 - trainer - {'Best_HR@5': 12.793, 'Best_NDCG@5': 8.1239, 'Best_HR@10': 21.875, 'Best_NDCG@10': 11.017, 'Best_HR@20': 38.2812, 'Best_NDCG@20': 15.1225}
2026/10/01 15:14:54 - __main__ - INFO - 691 - trainer - {'Best_epoch_HR@5': 2, 'Best_epoch_NDCG@5': 2, 'Best_epoch_HR@10': 2, 'Best_epoch_NDCG@10': 2, 'Best_epoch_HR@20': 2, 'Best_epoch_NDCG@20': 2}
2026/10/01 15:14:55 - __main__ - INFO - 648 - trainer - Epoch: 3
2026/10/01 15:14:55 - __main__ - INFO - 653 - trainer - start predicting: 2026-10-01 15:14:55.002571
2026/10/01 15:14:56 - __main__ - INFO - 690 - trainer - {'Best_HR@5': 19.1895, 'Best_NDCG@5': 12.8277, 'Best_HR@10': 30.2734, 'Best_NDCG@10': 16.3919, 'Best_HR@20': 45.6543, 'Best_NDCG@20': 20.2812}
2026/10/01 15:14:56 - __main__ - INFO - 691 - trainer - {'Best_epoch_HR@5': 3, 'Best_epoch_NDCG@5': 3, 'Best_epoch_HR@10': 3, 'Best_epoch_NDCG@10': 3, 'Best_epoch_HR@20': 3, 'Best_epoch_NDCG@20': 3}
2026/10/01 15:14:57 - __main__ - INFO - 648 - trainer - Epoch: 4
2026/10/01 15:14:57 - __main__ - INFO - 653 - trainer - start predicting: 2026-10-01 15:14:57.121860
2026/10/01 15:14:58 - __main__ - INFO - 690 - trainer - {'Best_HR@5': 23.4375, 'Best_NDCG@5': 16.024, 'Best_HR@10': 36.1328, 'Best_NDCG@10': 20.1095, 'Best_HR@20': 51.0742, 'Best_NDCG@20': 23.8578}
2026/10/01 15:14:58 - __main__ - INFO - 691 - trainer - {'Best_epoch_HR@5': 4, 'Best_epoch_NDCG@5': 4, 'Best_epoch_HR@10': 4, 'Best_epoch_NDCG@10': 4, 'Best_epoch_HR@20': 4, 'Best_epoch_NDCG@20': 4}
2026/10/01 15:14:59 - __main__ - INFO - 648 - trainer - Epoch: 5
2026/10/01 15:14:59 - __main__ - INFO - 653 - trainer - start predicting: 2026-10-01 15:14:59.218153
2026/10/01 15:15:00 - __main__ - INFO - 690 - trainer - {'Best_HR@5': 27.9785, 'Best_NDCG@5': 19.5794, 'Best_HR@10': 39.3555, 'Best_NDCG@10': 23.2408, 'Best_HR@20': 54.1504, 'Best_NDCG@20': 26.9587}
2026/10/01 15:15:00 - __main__ - INFO - 691 - trainer - {'Best_epoch_HR@5': 5, 'Best_epoch_NDCG@5': 5, 'Best_epoch_HR@10': 5, 'Best_epoch_NDCG@10': 5, 'Best_epoch_HR@20': 5, 'Best_epoch_NDCG@20': 5}
2026/10/01 15:15:01 - __main__ - INFO - 648 - trainer - Epoch: 6
2026/10/01 15:15:01 - __main__ - INFO - 653 - trainer - start predicting: 2026-10-01 15:15:01.325349
2026/10/01 15:15:02 - __main__ - INFO - 690 - trainer - {'Best_HR@5': 29.8828, 'Best_NDCG@5': 21.6751, 'Best_HR@10': 41.8457, 'Best_NDCG@10': 25.5322, 'Best_HR@20': 56.1523, 'Best_NDCG@20': 29.114}
2026/10/01 15:15:02 - __main__ - INFO - 691 - trainer - {'Best_epoch_HR@5': 6, 'Best_epoch_NDCG@5': 6, 'Best_epoch_HR@10': 6, 'Best_epoch_NDCG@10': 6, 'Best_epoch_HR@20': 6, 'Best_epoch_NDCG@20': 6}
2026/10/01 15:15:03 - __main__ - INFO - 648 - trainer - Epoch: 7
2026/10/01 15:15:03 - __main__ - INFO - 653 - trainer - start predicting: 2026-10-01 15:15:03.444024
2026/10/01 15:15:05 - __main__ - INFO - 690 - trainer - {'Best_HR@5': 32.1777, 'Best_NDCG@5': 23.3717, 'Best_HR@10': 43.2129, 'Best_NDCG@10': 26.9333, 'Best_HR@20': 56.9336, 'Best_NDCG@20': 30.3683}
2026/10/01 15:15:05 - __main__ - INFO - 691 - trainer - {'Best_epoch_HR@5': 7, 'Best_epoch_NDCG@5': 7, 'Best_epoch_HR@10': 7, 'Best_epoch_NDCG@10': 7, 'Best_epoch_HR@20': 7, 'Best_epoch_NDCG@20': 7}
2026/10/01 15:15:05 - __main__ - INFO - 648 - trainer - Epoch: 8
2026/10/01 15:15:05 - __main__ - INFO - 653 - trainer - start predicting: 2026-10-01 15:15:05.550345
2026/10/01 15:15:07 - __main__ - INFO - 690 - trainer - {'Best_HR@5': 33.9844, 'Best_NDCG@5': 25.1497, 'Best_HR@10': 44.873, 'Best_NDCG@10': 28.6751, 'Best_HR@20': 58.5449, 'Best_NDCG@20': 32.1094}
2026/10/01 15:15:07 - __main__ - INFO - 691 - trainer - {'Best_epoch_HR@5': 8, 'Best_epoch_NDCG@5': 8, 'Best_epoch_HR@10': 8, 'Best_epoch_NDCG@10': 8, 'Best_epoch_HR@20': 8, 'Best_epoch_NDCG@20': 8}
2026/10/01 15:15:07 - __main__ - INFO - 648 - trainer - Epoch: 9
2026/10/01 15:15:07 - __main__ - INFO - 653 - trainer - start predicting: 2026-10-01 15:15:07.662066
2026/10/01 15:15:09 - __main__ - INFO - 690 - trainer - {'Best_HR@5': 35.3516, 'Best_NDCG@5': 26.3017, 'Best_HR@10': 45.2148, 'Best_NDCG@10': 29.47, 'Best_HR@20': 58.7402, 'Best_NDCG@20': 32.8877}
2026/10/01 15:15:09 - __main__ - INFO - 691 - trainer - {'Best_epoch_HR@5': 9, 'Best_epoch_NDCG@5': 9, 'Best_epoch_HR@10': 9, 'Best_epoch_NDCG@10': 9, 'Best_epoch_HR@20': 9, 'Best_epoch_NDCG@20': 9}
2026/10/01 15:15:09 - __main__ - INFO - 648 - trainer - Epoch: 10
2026/10/01 15:15:09 - __main__ - INFO - 653 - trainer - start predicting: 2026-10-01 15:15:09.763784
2026/10/01 15:15:11 - __main__ - INFO - 690 - trainer - {'Best_HR@5': 35.3516, 'Best_NDCG@5': 26.4922, 'Best_HR@10': 47.1191, 'Best_NDCG@10': 30.3271, 'Best_HR@20': 59.668, 'Best_NDCG@20': 33.472}
2026/10/01 15:15:11 - __main__ - INFO - 691 - trainer - {'Best_epoch_HR@5': 9, 'Best_epoch_NDCG@5': 10, 'Best_epoch_HR@10': 10, 'Best_epoch_NDCG@10': 10, 'Best_epoch_HR@20': 10, 'Best_epoch_NDCG@20': 10}
2026/10/01 15:15:11 - __main__ - INFO - 648 - trainer - Epoch: 11
2026/10/01 15:15:11 - __main__ - INFO - 653 - trainer - start predicting: 2026-10-01 15:15:11.874440
2026/10/01 15:15:13 - __main__ - INFO - 690 - trainer - {'Best_HR@5': 36.6699, 'Best_NDCG@5': 27.081, 'Best_HR@10': 47.998, 'Best_NDCG@10': 30.7395, 'Best_HR@20': 60.0586, 'Best_NDCG@20': 33.7396}
2026/10/01 15:15:13 - __main__ - INFO - 691 - trainer - {'Best_epoch_HR@5': 11, 'Best_epoch_NDCG@5': 11, 'Best_epoch_HR@10': 11, 'Best_epoch_NDCG@10': 11, 'Best_epoch_HR@20': 11, 'Best_epoch_NDCG@20': 11}
2026/10/01 15:15:14 - __main__ - INFO - 648 - trainer - Epoch: 12
2026/10/01 15:15:14 - __main__ - INFO - 653 - trainer - start predicting: 2026-10-01 15:15:14.046135
2026/10/01 15:15:15 - __main__ - INFO - 690 - trainer - {'Best_HR@5': 37.1094, 'Best_NDCG@5': 27.4702, 'Best_HR@10': 48.0469, 'Best_NDCG@10': 31.004, 'Best_HR@20': 60.0586, 'Best_NDCG@20': 33.9476}
2026/10/01 15:15:15 - __main__ - INFO - 691 - trainer - {'Best_epoch_HR@5': 12, 'Best_epoch_NDCG@5': 12, 'Best_epoch_HR@10': 12, 'Best_epoch_NDCG@10': 12, 'Best_epoch_HR@20': 11, 'Best_epoch_NDCG@20': 12}
2026/10/01 15:15:16 - __main__ - INFO - 648 - trainer - Epoch: 13
2026/10/01 15:15:16 - __main__ - INFO - 653 - trainer - start predicting: 2026-10-01 15:15:16.142148
2026/10/01 15:15:17 - __main__ - INFO - 690 - trainer - {'Best_HR@5': 38.1348, 'Best_NDCG@5': 27.8499, 'Best_HR@10': 48.5352, 'Best_NDCG@10': 31.2376, 'Best_HR@20': 60.0586, 'Best_NDCG@20': 34.1286}
2026/10/01 15:15:17 - __main__ - INFO - 691 - trainer - {'Best_epoch_HR@5': 13, 'Best_epoch_NDCG@5': 13, 'Best_epoch_HR@10': 13, 'Best_epoch_NDCG@10': 13, 'Best_epoch_HR@20': 11, 'Best_epoch_NDCG@20': 13}
2026/10/01 15:15:18 - __main__ - INFO - 648 - trainer - Epoch: 14
2026/10/01 15:15:18 - __main__ - INFO - 653 - trainer - start predicting: 2026-10-01 15:15:18.273966
2026/10/01 15:15:19 - __main__ - INFO - 690 - trainer - {'Best_HR@5': 38.3789, 'Best_NDCG@5': 28.1939, 'Best_HR@10': 48.6328, 'Best_NDCG@10': 31.5027, 'Best_HR@20': 60.2539, 'Best_NDCG@20': 34.4337}
2026/10/01 15:15:19 - __main__ - INFO - 691 - trainer - {'Best_epoch_HR@5': 14, 'Best_epoch_NDCG@5': 14, 'Best_epoch_HR@10': 14, 'Best_epoch_NDCG@10': 14, 'Best_epoch_HR@20': 14, 'Best_epoch_NDCG@20': 14}
2026/10/01 15:15:20 - __main__ - INFO - 648 - trainer - Epoch: 15
2026/10/01 15:15:20 - __main__ - INFO - 653 - trainer - start predicting: 2026-10-01 15:15:20.412463
2026/10/01 15:15:22 - __main__ - INFO - 690 - trainer - {'Best_HR@5': 38.5742, 'Best_NDCG@5': 28.4743, 'Best_HR@10': 48.877, 'Best_NDCG@10': 31.7883, 'Best_HR@20': 60.8398, 'Best_NDCG@20': 34.7786}
2026/10/01 15:15:22 - __main__ - INFO - 691 - trainer - {'Best_epoch_HR@5': 15, 'Best_epoch_NDCG@5': 15, 'Best_epoch_HR@10': 15, 'Best_epoch_NDCG@10': 15, 'Best_epoch_HR@20': 15, 'Best_epoch_NDCG@20': 15}
2026/10/01 15:15:22 - __main__ - INFO - 648 - trainer - Epoch: 16
2026/10/01 15:15:22 - __main__ - INFO - 653 - trainer - start predicting: 2026-10-01 15:15:22.525869
2026/10/01 15:15:24 - __main__ - INFO - 690 - trainer - {'Best_HR@5': 38.5742, 'Best_NDCG@5': 28.4743, 'Best_HR@10': 48.9746, 'Best_NDCG@10': 31.8389, 'Best_HR@20': 60.8398, 'Best_NDCG@20': 34.7786}
2026/10/01 15:15:24 - __main__ - INFO - 691 - trainer - {'Best_epoch_HR@5': 15, 'Best_epoch_NDCG@5': 15, 'Best_epoch_HR@10': 16, 'Best_epoch_NDCG@10': 16, 'Best_epoch_HR@20': 15, 'Best_epoch_NDCG@20': 15}
2026/10/01 15:15:24 - __main__ - INFO - 648 - trainer - Epoch: 17
2026/10/01 15:15:24 - __main__ - INFO - 653 - trainer - start predicting: 2026-10-01 15:15:24.624140
2026/10/01 15:15:26 - __main__ - INFO - 690 - trainer - {'Best_HR@5': 38.5742, 'Best_NDCG@5': 28.4743, 'Best_HR@10': 49.0234, 'Best_NDCG@10': 31.8389, 'Best_HR@20': 60.8398, 'Best_NDCG@20': 34.7786}
2026/10/01 15:15:26 - __main__ - INFO - 691 - trainer - {'Best_epoch_HR@5': 15, 'Best_epoch_NDCG@5': 15, 'Best_epoch_HR@10': 17, 'Best_epoch_NDCG@10': 16, 'Best_epoch_HR@20': 15, 'Best_epoch_NDCG@20': 15}
2026/10/01 15:15:26 - __main__ - INFO - 648 - trainer - Epoch: 18
2026/10/01 15:15:26 - __main__ - INFO - 653 - trainer - start predicting: 2026-10-01 15:15:26.754565
2026/10/01 15:15:28 - __main__ - INFO - 690 - trainer - {'Best_HR@5': 38.6719, 'Best_NDCG@5': 28.4743, 'Best_HR@10': 49.3164, 'Best_NDCG@10': 31.8897, 'Best_HR@20': 60.8398, 'Best_NDCG@20': 34.7786}
2026/10/01 15:15:28 - __main__ - INFO - 691 - trainer - {'Best_epoch_HR@5': 18, 'Best_epoch_NDCG@5': 15, 'Best_epoch_HR@10': 18, 'Best_epoch_NDCG@10': 18, 'Best_epoch_HR@20': 15, 'Best_epoch_NDCG@20': 15}
2026/10/01 15:15:28 - __main__ - INFO - 648 - trainer - Epoch: 19
2026/10/01 15:15:28 - __main__ - INFO - 653 - trainer - start predicting: 2026-10-01 15:15:28.908561
2026/10/01 15:15:30 - __main__ - INFO - 690 - trainer - {'Best_HR@5': 38.6719, 'Best_NDCG@5': 28.5392, 'Best_HR@10': 49.3164, 'Best_NDCG@10': 32.0306, 'Best_HR@20': 60.8398, 'Best_NDCG@20': 34.9753}
2026/10/01 15:15:30 - __main__ - INFO - 691 - trainer - {'Best_epoch_HR@5': 18, 'Best_epoch_NDCG@5': 19, 'Best_epoch_HR@10': 18, 'Best_epoch_NDCG@10': 19, 'Best_epoch_HR@20': 15, 'Best_epoch_NDCG@20': 19}
2026/10/01 15:15:31 - __main__ - INFO - 648 - trainer - Epoch: 20
2026/10/01 15:15:31 - __main__ - INFO - 653 - trainer - start predicting: 2026-10-01 15:15:31.157057
2026/10/01 15:15:32 - __main__ - INFO - 690 - trainer - {'Best_HR@5': 38.8184, 'Best_NDCG@5': 28.6627, 'Best_HR@10': 49.3164, 'Best_NDCG@10': 32.0306, 'Best_HR@20': 61.2305, 'Best_NDCG@20': 35.0418}
2026/10/01 15:15:32 - __main__ - INFO - 691 - trainer - {'Best_epoch_HR@5': 20, 'Best_epoch_NDCG@5': 20, 'Best_epoch_HR@10': 18, 'Best_epoch_NDCG@10': 19, 'Best_epoch_HR@20': 20, 'Best_epoch_NDCG@20': 20}
2026/10/01 15:15:33 - __main__ - INFO - 648 - trainer - Epoch: 21
2026/10/01 15:15:33 - __main__ - INFO - 653 - trainer - start predicting: 2026-10-01 15:15:33.317326
2026/10/01 15:15:34 - __main__ - INFO - 690 - trainer - {'Best_HR@5': 38.8184, 'Best_NDCG@5': 28.6627, 'Best_HR@10': 49.3164, 'Best_NDCG@10': 32.0306, 'Best_HR@20': 61.4746, 'Best_NDCG@20': 35.0418}
2026/10/01 15:15:34 - __main__ - INFO - 691 - trainer - {'Best_epoch_HR@5': 20, 'Best_epoch_NDCG@5': 20, 'Best_epoch_HR@10': 18, 'Best_epoch_NDCG@10': 19, 'Best_epoch_HR@20': 21, 'Best_epoch_NDCG@20': 20}
2026/10/01 15:15:35 - __main__ - INFO - 648 - trainer - Epoch: 22
2026/10/01 15:15:35 - __main__ - INFO - 653 - trainer - start predicting: 2026-10-01 15:15:35.419521
2026/10/01 15:15:37 - __main__ - INFO - 648 - trainer - Epoch: 23
2026/10/01 15:15:37 - __main__ - INFO - 653 - trainer - start predicting: 2026-10-01 15:15:37.556885
2026/10/01 15:15:39 - __main__ - INFO - 648 - trainer - Epoch: 24
2026/10/01 15:15:39 - __main__ - INFO - 653 - trainer - start predicting: 2026-10-01 15:15:39.676232
2026/10/01 15:15:41 - __main__ - INFO - 648 - trainer - Epoch: 25
2026/10/01 15:15:41 - __main__ - INFO - 653 - trainer - start predicting: 2026-10-01 15:15:41.795031
2026/10/01 15:15:43 - __main__ - INFO - 648 - trainer - Epoch: 26
2026/10/01 15:15:43 - __main__ - INFO - 653 - trainer - start predicting: 2026-10-01 15:15:43.943386
2026/10/01 15:15:45 - __main__ - INFO - 700 - trainer - {'Best_HR@5': 38.8184, 'Best_NDCG@5': 28.6627, 'Best_HR@10': 49.3164, 'Best_NDCG@10': 32.0306, 'Best_HR@20': 61.4746, 'Best_NDCG@20': 35.0418}
2026/10/01 15:15:45 - __main__ - INFO - 701 - trainer - {'Best_epoch_HR@5': 20, 'Best_epoch_NDCG@5': 20, 'Best_epoch_HR@10': 18, 'Best_epoch_NDCG@10': 19, 'Best_epoch_HR@20': 21, 'Best_epoch_NDCG@20': 20}
2026/10/01 15:15:45 - __main__ - INFO - 807 - trainer - Target Popularity Definition---------------------------------------------
2026/10/01 15:15:45 - __main__ - INFO - 812 - trainer - {'domain': 'Target', 'popular_ratio': 0.2, 'observed_train_items': 21856, 'popular_items': 4372, 'unpopular_seen_items': 17484, 'unseen_items_in_test': 'calculated from test ground truth'}
2026/10/01 15:15:47 - __main__ - INFO - 1088 - trainer - %s Test Overall------------------------------------------------------
2026/10/01 15:15:47 - __main__ - INFO - 1092 - trainer - {'HR@5': 39.3969, 'NDCG@5': 28.8908, 'HR@10': 50.535, 'NDCG@10': 32.5032, 'HR@20': 61.7218, 'NDCG@20': 35.3351}
2026/10/01 15:15:47 - __main__ - INFO - 1183 - trainer - Target Test Group Size----------------------------------------------
2026/10/01 15:15:47 - __main__ - INFO - 1188 - trainer - {'domain': 'Target', 'Overall_test_samples': 2056, 'Popular_test_samples': 1372, 'Unpopular_seen_test_samples': 505, 'Unseen_test_samples': 179, 'Grouped_test_samples': 2056}
2026/10/01 15:15:47 - __main__ - INFO - 1190 - trainer - Target Test Popular Ground Truth-------------------------------------
2026/10/01 15:15:47 - __main__ - INFO - 1195 - trainer - {'HR@5': 57.2886, 'NDCG@5': 42.5296, 'HR@10': 71.9388, 'NDCG@10': 47.3013, 'HR@20': 83.309, 'NDCG@20': 50.1794}
2026/10/01 15:15:47 - __main__ - INFO - 1197 - trainer - Target Test Unpopular-Seen Ground Truth------------------------------
2026/10/01 15:15:47 - __main__ - INFO - 1202 - trainer - {'HR@5': 4.7525, 'NDCG@5': 2.0769, 'HR@10': 10.297, 'NDCG@10': 3.8203, 'HR@20': 24.9505, 'NDCG@20': 7.5304}
2026/10/01 15:15:47 - __main__ - INFO - 1206 - trainer - Target Test Unseen Ground Truth--------------------------------------
2026/10/01 15:15:47 - __main__ - INFO - 1211 - trainer - {'HR@5': 0.0, 'NDCG@5': 0.0, 'HR@10': 0.0, 'NDCG@10': 0.0, 'HR@20': 0.0, 'NDCG@20': 0.0}
2026/10/01 15:15:47 - __main__ - INFO - 1213 - trainer - Target Recommendation Popularity-------------------------------------
2026/10/01 15:15:47 - __main__ - INFO - 1218 - trainer - {'PopularRatio@5': 88.356, 'PopularRatio@10': 75.3502, 'PopularRatio@20': 57.179}
2026/10/01 15:15:47 - __main__ - INFO - 1221 - trainer - Best Eval---------------------------------------------------------
2026/10/01 15:15:47 - __main__ - INFO - 1224 - trainer - {'Best_HR@5': 38.8184, 'Best_NDCG@5': 28.6627, 'Best_HR@10': 49.3164, 'Best_NDCG@10': 32.0306, 'Best_HR@20': 61.4746, 'Best_NDCG@20': 35.0418}
2026/10/01 15:15:47 - __main__ - INFO - 1225 - trainer - {'Best_epoch_HR@5': 20, 'Best_epoch_NDCG@5': 20, 'Best_epoch_HR@10': 18, 'Best_epoch_NDCG@10': 19, 'Best_epoch_HR@20': 21, 'Best_epoch_NDCG@20': 20}
2026/10/01 15:15:47 - __main__ - INFO - 178 - main - Target model saved at: ./saved_model/movie_video/target_model.pth
